data/retail_2products.csv
Store_id;SKU_id;Date;Promo;Demand;Regular_Price;Promo_Price
2;1;01.01.2015;;22;171.93;
2;1;02.01.2015;;72;171.93;
2;1;03.01.2015;;85;171.93;
2;1;04.01.2015;;85;171.93;
2;1;05.01.2015;;85;171.93;
2;1;06.01.2015;;141;171.93;
2;1;07.01.2015;;47;171.93;
2;1;08.01.2015;;138;171.93;
2;1;09.01.2015;;135;171.93;
2;1;10.01.2015;;101;171.93;
2;1;11.01.2015;;104;171.93;
2;1;12.01.2015;;97;171.93;
2;1;13.01.2015;;91;171.93;
2;1;14.01.2015;;79;176.82;
2;1;15.01.2015;;85;176.82;
2;1;16.01.2015;;119;176.82;
2;1;17.01.2015;;135;176.82;
2;1;18.01.2015;;170;176.82;
2;1;19.01.2015;;119;176.82;
2;1;20.01.2015;;217;176.82;
2;1;21.01.2015;;113;176.82;
2;1;22.01.2015;;138;176.82;
2;1;23.01.2015;;91;168.4;
2;1;24.01.2015;;148;168.4;
2;1;25.01.2015;;148;168.4;
2;1;26.01.2015;;104;168.4;
2;1;27.01.2015;;132;168.4;
2;1;28.01.2015;;289;154.26;
2;1;29.01.2015;;261;154.26;
2;1;30.01.2015;;210;154.26;
2;1;31.01.2015;;236;154.26;
2;1;01.02.2015;;245;154.26;
2;1;02.02.2015;;110;154.26;
2;1;03.02.2015;;210;154.26;
2;1;04.02.2015;;261;154.26;
2;1;05.02.2015;;248;154.26;
2;1;06.02.2015;;207;154.26;
2;1;07.02.2015;;254;154.26;
2;1;08.02.2015;;270;154.26;
2;1;09.02.2015;;214;154.26;
2;1;10.02.2015;;305;154.26;
2;1;11.02.2015;;295;154.26;
2;1;12.02.2015;;254;154.26;
2;1;13.02.2015;;223;156.98;
2;1;14.02.2015;;229;156.98;
2;1;15.02.2015;;267;156.98;
2;1;16.02.2015;;173;156.98;
2;1;17.02.2015;1;1178;156.98;143.8
2;1;18.02.2015;1;952;156.98;135.64
2;1;19.02.2015;1;1627;156.98;135.64
2;1;20.02.2015;1;1505;156.98;135.64
2;1;21.02.2015;1;1740;156.98;135.64
2;1;22.02.2015;1;1385;156.98;135.64
2;1;23.02.2015;1;594;156.98;135.64
2;1;24.02.2015;;185;156.98;
2;1;25.02.2015;;119;156.98;
2;1;26.02.2015;;236;156.98;
2;1;27.02.2015;;220;151.27;
2;1;28.02.2015;;562;151.27;
2;1;01.03.2015;;597;151.27;
2;1;02.03.2015;;364;151.27;
2;1;03.03.2015;1;578;151.27;138.36
2;1;04.03.2015;1;452;151.27;135.64
2;1;05.03.2015;1;924;145.56;135.64
2;1;06.03.2015;1;547;145.56;135.64
2;1;07.03.2015;1;745;145.56;135.64
2;1;08.03.2015;1;408;145.56;135.64
2;1;09.03.2015;;195;147.74;
2;1;10.03.2015;;214;147.74;
2;1;11.03.2015;;198;147.74;
2;1;12.03.2015;;239;147.74;
2;1;13.03.2015;;248;147.74;
2;1;14.03.2015;;254;147.74;
2;1;15.03.2015;;305;147.74;
2;1;16.03.2015;;204;147.74;
2;1;17.03.2015;1;2256;147.74;127.49
2;1;18.03.2015;1;2287;147.74;127.49
2;1;19.03.2015;1;2699;147.74;127.49
2;1;20.03.2015;1;1455;147.74;127.49
2;1;21.03.2015;1;2007;147.74;127.49
2;1;22.03.2015;1;1624;147.74;127.49
2;1;23.03.2015;1;745;147.74;127.49
2;1;24.03.2015;;226;147.74;
2;1;25.03.2015;;173;147.74;
2;1;26.03.2015;;427;131.97;
2;1;27.03.2015;;286;131.97;
2;1;28.03.2015;;390;131.97;
2;1;29.03.2015;;446;131.97;
2;1;30.03.2015;;276;131.97;
2;1;31.03.2015;;308;131.97;
2;1;01.04.2015;;179;133.33;
2;1;02.04.2015;;295;133.33;
2;1;03.04.2015;;283;133.33;
2;1;04.04.2015;;374;133.33;
2;1;05.04.2015;;402;133.33;
2;1;06.04.2015;;327;133.33;
2;1;07.04.2015;1;1929;133.33;119.33
2;1;08.04.2015;1;1929;133.33;119.33
2;1;09.04.2015;1;2199;133.33;119.33
2;1;10.04.2015;1;1696;133.33;119.33
2;1;11.04.2015;1;1514;133.33;119.33
2;1;12.04.2015;1;374;133.33;119.33
2;1;13.04.2015;1;572;133.33;119.33
2;1;14.04.2015;;236;130.34;
2;1;15.04.2015;;207;130.34;
2;1;16.04.2015;;207;130.34;
2;1;17.04.2015;;163;138.5;
2;1;18.04.2015;;245;138.5;
2;1;19.04.2015;;239;138.5;
2;1;20.04.2015;;204;138.5;
2;1;21.04.2015;;173;138.5;
2;1;22.04.2015;;339;128.98;
2;1;23.04.2015;;317;128.98;
2;1;24.04.2015;;264;128.98;
2;1;25.04.2015;;352;128.98;
2;1;26.04.2015;;471;128.98;
2;1;27.04.2015;;302;128.98;
2;1;28.04.2015;;245;128.98;
2;1;29.04.2015;;210;131.7;
2;1;30.04.2015;;393;131.7;
2;1;01.05.2015;;383;131.7;
2;1;02.05.2015;;311;131.7;
2;1;03.05.2015;;295;131.7;
2;1;04.05.2015;;333;131.7;
2;1;05.05.2015;;320;131.7;
2;1;06.05.2015;;302;131.7;
2;1;07.05.2015;;298;131.7;
2;1;08.05.2015;;355;131.7;
2;1;09.05.2015;;192;131.7;
2;1;10.05.2015;;258;131.7;
2;1;11.05.2015;;242;131.7;
2;1;12.05.2015;;217;131.7;
2;1;13.05.2015;;232;131.7;
2;1;14.05.2015;;471;131.7;
2;1;15.05.2015;;386;131.7;
2;1;16.05.2015;;405;131.7;
2;1;17.05.2015;;525;131.7;
2;1;18.05.2015;;427;131.7;
2;1;19.05.2015;1;1706;131.7;119.33
2;1;20.05.2015;1;1571;131.7;119.33
2;1;21.05.2015;1;1775;131.7;119.33
2;1;22.05.2015;1;1539;131.7;119.33
2;1;23.05.2015;1;1316;131.7;119.33
2;1;24.05.2015;1;1612;131.7;119.33
2;1;25.05.2015;1;1109;131.7;119.33
2;1;26.05.2015;;245;131.7;
2;1;27.05.2015;;342;129.25;
2;1;28.05.2015;;229;129.25;
2;1;29.05.2015;;276;129.25;
2;1;30.05.2015;;229;129.25;
2;1;31.05.2015;;289;129.25;
2;1;01.06.2015;;236;129.25;
2;1;02.06.2015;;188;129.25;
2;1;03.06.2015;;386;129.25;
2;1;04.06.2015;;368;129.25;
2;1;05.06.2015;;308;129.25;
2;1;06.06.2015;;386;131.7;
2;1;07.06.2015;;434;131.7;
2;1;08.06.2015;;251;131.7;
2;1;09.06.2015;1;1068;131.7;119.33
2;1;10.06.2015;1;955;131.7;119.33
2;1;11.06.2015;1;1294;131.7;119.33
2;1;12.06.2015;1;964;131.7;119.33
2;1;13.06.2015;1;1043;131.7;119.33
2;1;14.06.2015;1;1197;131.7;119.33
2;1;15.06.2015;1;1156;131.7;119.33
2;1;16.06.2015;;276;131.7;
2;1;17.06.2015;;324;131.7;
2;1;18.06.2015;;317;128.17;
2;1;19.06.2015;;427;128.17;
2;1;20.06.2015;;324;128.17;
2;1;21.06.2015;;572;128.17;
2;1;22.06.2015;;374;128.17;
2;1;23.06.2015;;393;128.17;
2;1;24.06.2015;;358;128.17;
2;1;25.06.2015;;386;128.17;
2;1;26.06.2015;;437;128.17;
2;1;27.06.2015;;396;128.17;
2;1;28.06.2015;;1162;130.34;
2;1;29.06.2015;;462;130.34;
2;1;30.06.2015;1;1304;130.34;119.33
2;1;01.07.2015;1;1627;130.34;119.33
2;1;02.07.2015;1;2554;130.34;119.33
2;1;03.07.2015;1;2067;130.34;119.33
2;1;04.07.2015;1;1769;130.34;119.33
2;1;05.07.2015;1;518;130.34;119.33
2;1;06.07.2015;1;1392;130.34;119.33
2;1;07.07.2015;;308;130.34;
2;1;08.07.2015;;280;130.34;
2;1;09.07.2015;;723;121.64;
2;1;10.07.2015;;631;121.64;
2;1;11.07.2015;;675;123.55;
2;1;12.07.2015;;807;123.55;
2;1;13.07.2015;;817;123.55;
2;1;14.07.2015;;936;123.55;
2;1;15.07.2015;;820;125.45;
2;1;16.07.2015;;1235;125.45;
2;1;17.07.2015;;1310;125.45;
2;1;18.07.2015;;829;127.62;
2;1;19.07.2015;;1175;127.62;
2;1;20.07.2015;;1169;127.62;
2;1;21.07.2015;;1621;127.62;
2;1;22.07.2015;;1191;127.62;
2;1;23.07.2015;;1565;127.62;
2;1;24.07.2015;;999;127.62;
2;1;25.07.2015;;1037;127.62;
2;1;26.07.2015;;2165;130.07;
2;1;27.07.2015;;1219;130.07;
2;1;28.07.2015;1;1640;130.07;124.77
2;1;29.07.2015;1;1238;130.07;124.77
2;1;30.07.2015;1;1238;130.07;124.77
2;1;31.07.2015;1;1172;130.07;124.77
2;1;01.08.2015;1;2297;130.07;124.77
2;1;02.08.2015;1;185;130.07;124.77
2;1;03.08.2015;1;1621;130.07;124.77
2;1;04.08.2015;;412;138.5;
2;1;05.08.2015;;440;138.5;
2;1;06.08.2015;;704;138.5;
2;1;07.08.2015;;371;138.5;
2;1;08.08.2015;;509;141.21;
2;1;09.08.2015;;493;141.21;
2;1;10.08.2015;;342;141.21;
2;1;11.08.2015;;292;141.21;
2;1;12.08.2015;;305;142.85;
2;1;13.08.2015;;408;142.85;
2;1;14.08.2015;;459;142.85;
2;1;15.08.2015;;352;142.85;
2;1;16.08.2015;;631;142.85;
2;1;17.08.2015;;487;142.85;
2;1;18.08.2015;;478;142.85;
2;1;19.08.2015;;478;142.85;
2;1;20.08.2015;;515;142.85;
2;1;21.08.2015;;606;142.85;
2;1;22.08.2015;;562;142.85;
2;1;23.08.2015;;581;142.85;
2;1;24.08.2015;;434;142.85;
2;1;25.08.2015;;619;142.85;
2;1;26.08.2015;;606;142.85;
2;1;27.08.2015;;836;137.68;
2;1;28.08.2015;;622;137.68;
2;1;29.08.2015;;666;137.68;
2;1;30.08.2015;;807;137.68;
2;1;31.08.2015;;556;137.68;
2;1;01.09.2015;;565;137.68;
2;1;02.09.2015;;895;135.78;
2;1;03.09.2015;;829;135.78;
2;1;04.09.2015;;745;135.78;
2;1;05.09.2015;;625;133.6;
2;1;06.09.2015;;1012;133.6;
2;1;07.09.2015;;657;133.6;
2;1;08.09.2015;;578;133.6;
2;1;09.09.2015;;616;135.51;
2;1;10.09.2015;;660;135.51;
2;1;11.09.2015;;701;135.51;
2;1;12.09.2015;;694;135.51;
2;1;13.09.2015;;562;135.51;
2;1;14.09.2015;;675;135.51;
2;1;15.09.2015;;550;135.51;
2;1;16.09.2015;;402;138.5;
2;1;17.09.2015;;496;138.5;
2;1;18.09.2015;;575;138.5;
2;1;19.09.2015;;531;138.5;
2;1;20.09.2015;;459;138.5;
2;1;21.09.2015;;459;138.5;
2;1;22.09.2015;;459;138.5;
2;1;23.09.2015;;412;141.21;
2;1;24.09.2015;;402;141.21;
2;1;25.09.2015;;374;141.21;
2;1;26.09.2015;;355;141.21;
2;1;27.09.2015;;405;141.21;
2;1;28.09.2015;;286;141.21;
2;1;29.09.2015;;273;141.21;
2;1;30.09.2015;;424;141.21;
2;1;01.10.2015;;333;141.21;
2;1;02.10.2015;;245;141.21;
2;1;03.10.2015;;336;141.21;
2;1;04.10.2015;;320;141.21;
2;1;05.10.2015;;314;141.21;
2;1;06.10.2015;1;716;141.21;132.92
2;1;07.10.2015;1;701;141.21;130.21
2;1;08.10.2015;1;1313;141.11;130.21
2;1;09.10.2015;1;968;141.21;130.21
2;1;10.10.2015;1;1188;141.21;130.21
2;1;11.10.2015;1;848;141.21;130.21
2;1;12.10.2015;1;657;141.21;130.21
2;1;13.10.2015;;226;141.21;
2;1;14.10.2015;;251;141.21;
2;1;15.10.2015;;223;142.57;
2;1;16.10.2015;;201;142.57;
2;1;17.10.2015;;258;142.57;
2;1;18.10.2015;;264;142.57;
2;1;19.10.2015;;179;142.57;
2;1;20.10.2015;;223;142.57;
2;1;21.10.2015;;569;130.34;
2;1;22.10.2015;;836;130.34;
2;1;23.10.2015;;892;130.34;
2;1;24.10.2015;;622;130.34;
2;1;25.10.2015;;902;130.34;
2;1;26.10.2015;;311;130.34;
2;1;27.10.2015;1;1206;130.34;122.32
2;1;28.10.2015;1;1084;130.34;124.77
2;1;29.10.2015;1;1178;130.34;124.77
2;1;30.10.2015;1;958;130.34;124.77
2;1;31.10.2015;1;898;130.34;124.77
2;1;01.11.2015;1;1150;130.34;124.77
2;1;02.11.2015;1;606;130.34;124.77
2;1;03.11.2015;;317;130.34;
2;1;04.11.2015;;333;134.69;
2;1;05.11.2015;;251;134.69;
2;1;06.11.2015;;239;134.69;
2;1;07.11.2015;;302;134.69;
2;1;08.11.2015;;286;134.69;
2;1;09.11.2015;;207;134.69;
2;1;10.11.2015;;198;134.69;
2;1;11.11.2015;;286;130.34;
2;1;12.11.2015;;496;130.34;
2;1;13.11.2015;;402;130.34;
2;1;14.11.2015;;660;130.34;
2;1;15.11.2015;;421;130.34;
2;1;16.11.2015;;349;130.34;
2;1;17.11.2015;;380;130.34;
2;1;18.11.2015;;380;130.34;
2;1;19.11.2015;;528;130.34;
2;1;20.11.2015;;280;130.34;
2;1;21.11.2015;;371;130.34;
2;1;22.11.2015;;528;130.34;
2;1;23.11.2015;;295;130.34;
2;1;24.11.2015;1;2488;130.34;116.61
2;1;25.11.2015;1;2743;130.34;116.61
2;1;26.11.2015;1;1150;130.34;116.61
2;1;27.11.2015;1;2328;130.34;116.61
2;1;28.11.2015;1;2174;130.34;116.61
2;1;29.11.2015;1;3453;130.34;116.61
2;1;30.11.2015;1;2124;130.34;116.61
2;1;01.12.2015;;371;130.34;
2;1;02.12.2015;;264;130.34;
2;1;03.12.2015;;405;130.34;
2;1;04.12.2015;;427;130.34;
2;1;05.12.2015;1;1392;130.34;116.61
2;1;06.12.2015;1;1838;130.34;116.61
2;1;07.12.2015;1;1137;130.34;116.61
2;1;08.12.2015;;440;130.34;
2;1;09.12.2015;;440;130.34;
2;1;10.12.2015;;320;130.34;
2;1;11.12.2015;;267;130.34;
2;1;12.12.2015;;295;130.34;
2;1;13.12.2015;;569;130.34;
2;1;14.12.2015;;302;130.34;
2;1;15.12.2015;;355;130.34;
2;1;16.12.2015;;330;130.34;
2;1;17.12.2015;;459;130.34;
2;1;18.12.2015;;393;130.34;
2;1;19.12.2015;;443;130.34;
2;1;20.12.2015;;437;130.34;
2;1;21.12.2015;;361;130.34;
2;1;22.12.2015;;302;130.34;
2;1;23.12.2015;;292;130.34;
2;1;24.12.2015;;474;126.54;
2;1;25.12.2015;;308;126.54;
2;1;26.12.2015;;402;126.54;
2;1;27.12.2015;;537;126.54;
2;1;28.12.2015;;298;126.54;
2;1;29.12.2015;;682;126.54;
2;1;30.12.2015;;553;126.54;
2;1;31.12.2015;;518;126.54;
2;1;01.01.2016;;69;126.54;
2;1;02.01.2016;;258;126.54;
2;1;03.01.2016;;512;126.54;
2;1;04.01.2016;;368;126.54;
2;1;05.01.2016;;452;126.54;
2;1;06.01.2016;;701;126.54;
2;1;07.01.2016;;320;126.54;
2;1;08.01.2016;;374;126.54;
2;1;09.01.2016;;631;126.54;
2;1;10.01.2016;;500;126.54;
2;1;11.01.2016;;515;126.54;
2;1;12.01.2016;;471;126.54;
2;1;13.01.2016;;719;126.54;
2;1;14.01.2016;;660;126.54;
2;1;15.01.2016;;691;126.54;
2;1;16.01.2016;;1071;126.54;
2;1;17.01.2016;;1156;126.54;
2;1;18.01.2016;;653;126.54;
2;1;19.01.2016;;540;126.54;
2;1;20.01.2016;;650;126.54;
2;1;21.01.2016;;785;127.9;
2;1;22.01.2016;;594;127.9;
2;1;23.01.2016;;537;127.9;
2;1;24.01.2016;;880;127.9;
2;1;25.01.2016;;613;127.9;
2;1;26.01.2016;;512;127.9;
2;1;27.01.2016;;522;127.9;
2;1;28.01.2016;;820;127.9;
2;1;29.01.2016;;569;127.9;
2;1;30.01.2016;;694;127.9;
2;1;31.01.2016;;845;127.9;
2;1;01.02.2016;;465;130.34;
2;1;02.02.2016;;587;130.34;
2;1;03.02.2016;;572;130.34;
2;1;04.02.2016;;653;133.06;
2;1;05.02.2016;;600;133.06;
2;1;06.02.2016;;707;133.06;
2;1;07.02.2016;;405;141.76;
2;1;08.02.2016;;289;141.76;
2;1;09.02.2016;1;898;141.76;130.75
2;1;10.02.2016;1;1005;141.76;130.75
2;1;11.02.2016;1;1156;141.76;130.75
2;1;12.02.2016;1;927;141.76;130.75
2;1;13.02.2016;1;1260;141.76;130.75
2;1;14.02.2016;1;1172;141.76;130.75
2;1;15.02.2016;1;836;141.76;130.75
2;1;16.02.2016;1;920;141.76;130.75
2;1;17.02.2016;1;920;141.76;130.75
2;1;18.02.2016;;374;141.76;
2;1;19.02.2016;;364;141.76;
2;1;20.02.2016;;383;141.76;
2;1;21.02.2016;;465;141.76;
2;1;22.02.2016;;314;141.76;
2;1;23.02.2016;;276;141.76;
2;1;24.02.2016;;229;141.76;
2;1;25.02.2016;;440;141.76;
2;1;26.02.2016;;330;141.76;
2;1;27.02.2016;;386;141.76;
2;1;28.02.2016;;427;141.76;
2;1;29.02.2016;;324;141.76;
2;1;01.03.2016;;412;141.76;
2;1;02.03.2016;;261;141.76;
2;1;03.03.2016;;434;141.76;
2;1;04.03.2016;;427;141.76;
2;1;05.03.2016;;525;141.21;
2;1;06.03.2016;;553;141.21;
2;1;07.03.2016;;380;141.21;
2;1;08.03.2016;1;490;141.21;132.92
2;1;09.03.2016;1;738;141.21;132.92
2;1;10.03.2016;1;1203;141.21;132.92
2;1;11.03.2016;1;1043;141.21;132.92
2;1;12.03.2016;1;958;141.21;132.92
2;1;13.03.2016;1;785;141.21;132.92
2;1;14.03.2016;1;826;141.21;132.92
2;1;15.03.2016;1;986;141.21;130.21
2;1;16.03.2016;1;1288;141.21;130.21
2;1;17.03.2016;1;1467;141.21;130.21
2;1;18.03.2016;1;1521;141.21;130.21
2;1;19.03.2016;1;1257;141.21;130.21
2;1;20.03.2016;1;465;141.21;130.21
2;1;21.03.2016;;324;141.21;
2;1;22.03.2016;;283;141.21;
2;1;23.03.2016;;292;141.21;
2;1;24.03.2016;;298;141.21;
2;1;25.03.2016;;276;141.21;
2;1;26.03.2016;;368;141.21;
2;1;27.03.2016;;327;141.21;
2;1;28.03.2016;;251;141.21;
2;1;29.03.2016;;248;141.21;
2;1;30.03.2016;;305;141.21;
2;1;31.03.2016;;320;141.21;
2;1;01.04.2016;;229;141.21;
2;1;02.04.2016;;336;141.21;
2;1;03.04.2016;;377;141.21;
2;1;04.04.2016;;254;141.21;
2;1;05.04.2016;;346;141.21;
2;1;06.04.2016;;352;141.21;
2;1;07.04.2016;;245;141.21;
2;1;08.04.2016;;361;141.21;
2;1;09.04.2016;;399;141.21;
2;1;10.04.2016;;368;141.21;
2;1;11.04.2016;;242;141.21;
2;1;12.04.2016;;220;141.21;
2;1;13.04.2016;;286;141.21;
2;1;14.04.2016;;424;135.78;
2;1;15.04.2016;;503;135.78;
2;1;16.04.2016;;500;135.78;
2;1;17.04.2016;;779;135.78;
2;1;18.04.2016;;390;135.78;
2;1;19.04.2016;1;3500;135.78;122.32
2;1;20.04.2016;1;2196;135.78;122.32
2;1;21.04.2016;1;2089;135.78;122.32
2;1;22.04.2016;1;870;135.78;122.32
2;1;23.04.2016;1;1376;135.78;122.32
2;1;24.04.2016;1;1376;135.78;122.32
2;1;25.04.2016;1;1301;135.78;122.32
2;1;26.04.2016;;361;135.78;
2;1;27.04.2016;;302;135.78;
2;1;28.04.2016;;226;135.78;
2;1;29.04.2016;;346;131.16;
2;1;30.04.2016;;512;131.16;
2;1;01.05.2016;;97;131.16;
2;1;02.05.2016;;214;131.16;
2;1;03.05.2016;;195;131.16;
2;1;04.05.2016;;371;131.16;
2;1;05.05.2016;;358;131.16;
2;1;06.05.2016;;380;131.16;
2;1;07.05.2016;;361;131.16;
2;1;08.05.2016;;364;131.16;
2;1;09.05.2016;;104;131.16;
2;1;10.05.2016;;311;131.16;
2;1;11.05.2016;;223;131.16;
2;1;12.05.2016;;434;131.16;
2;1;13.05.2016;;393;128.98;
2;1;14.05.2016;;622;128.98;
2;1;15.05.2016;;707;128.98;
2;1;16.05.2016;;358;128.98;
2;1;17.05.2016;1;1995;128.98;119.6
2;1;18.05.2016;1;1973;128.98;119.6
2;1;19.05.2016;1;1819;128.98;119.6
2;1;20.05.2016;1;1885;128.98;119.6
2;1;21.05.2016;1;792;128.98;119.6
2;1;22.05.2016;1;1458;128.98;119.6
