data/retail_2products.csv
Store_id;SKU_id;Date;Promo;Demand;Regular_Price;Promo_Price
4;1;01.01.2015;;3;163.78;
4;1;02.01.2015;;47;163.78;
4;1;03.01.2015;;31;163.78;
4;1;04.01.2015;;31;163.78;
4;1;05.01.2015;;110;163.78;
4;1;06.01.2015;;47;163.78;
4;1;07.01.2015;;104;163.78;
4;1;08.01.2015;;41;163.78;
4;1;09.01.2015;;88;163.78;
4;1;10.01.2015;;104;163.78;
4;1;11.01.2015;;123;163.78;
4;1;12.01.2015;;126;163.78;
4;1;13.01.2015;;101;163.78;
4;1;14.01.2015;;107;168.4;
4;1;15.01.2015;;94;168.4;
4;1;16.01.2015;;123;168.4;
4;1;17.01.2015;;145;168.4;
4;1;18.01.2015;;60;168.4;
4;1;19.01.2015;;75;168.4;
4;1;20.01.2015;;63;168.4;
4;1;21.01.2015;;53;168.4;
4;1;22.01.2015;;63;168.4;
4;1;23.01.2015;;107;160.24;
4;1;24.01.2015;;104;160.24;
4;1;25.01.2015;;97;160.24;
4;1;26.01.2015;;53;160.24;
4;1;27.01.2015;;57;160.24;
4;1;28.01.2015;;129;146.92;
4;1;29.01.2015;;141;146.92;
4;1;30.01.2015;;82;146.92;
4;1;31.01.2015;;214;146.92;
4;1;01.02.2015;;176;146.92;
4;1;02.02.2015;;88;146.92;
4;1;03.02.2015;;226;146.92;
4;1;04.02.2015;;126;146.92;
4;1;05.02.2015;;185;146.92;
4;1;06.02.2015;;182;146.92;
4;1;07.02.2015;;286;146.92;
4;1;08.02.2015;;148;146.92;
4;1;09.02.2015;;141;146.92;
4;1;10.02.2015;;248;146.92;
4;1;11.02.2015;;254;146.92;
4;1;12.02.2015;;242;146.92;
4;1;13.02.2015;;258;149.37;
4;1;14.02.2015;;201;149.37;
4;1;15.02.2015;;242;149.37;
4;1;16.02.2015;;185;149.37;
4;1;17.02.2015;1;594;149.37;143.8
4;1;18.02.2015;1;446;149.37;135.64
4;1;19.02.2015;1;512;149.37;135.64
4;1;20.02.2015;1;682;149.37;135.64
4;1;21.02.2015;1;625;149.37;135.64
4;1;22.02.2015;1;496;149.37;135.64
4;1;23.02.2015;1;336;149.37;135.64
4;1;24.02.2015;;129;149.37;
4;1;25.02.2015;;157;149.37;
4;1;26.02.2015;;129;149.37;
4;1;27.02.2015;;157;143.93;
4;1;28.02.2015;;330;143.93;
4;1;01.03.2015;;418;143.93;
4;1;02.03.2015;;157;143.93;
4;1;03.03.2015;1;261;143.93;138.36
4;1;04.03.2015;1;220;143.93;135.64
4;1;05.03.2015;1;377;138.5;135.64
4;1;06.03.2015;1;509;138.5;135.64
4;1;07.03.2015;1;481;138.5;135.64
4;1;08.03.2015;1;223;138.5;135.64
4;1;09.03.2015;;116;140.67;
4;1;10.03.2015;;248;140.67;
4;1;11.03.2015;;295;140.67;
4;1;12.03.2015;;192;140.67;
4;1;13.03.2015;;217;140.67;
4;1;14.03.2015;;283;140.67;
4;1;15.03.2015;;185;140.67;
4;1;16.03.2015;;292;140.67;
4;1;17.03.2015;1;4521;140.67;127.49
4;1;18.03.2015;1;3000;140.67;127.49
4;1;19.03.2015;1;2171;140.67;127.49
4;1;20.03.2015;1;754;140.67;127.49
4;1;21.03.2015;1;160;140.67;127.49
4;1;22.03.2015;1;964;140.67;127.49
4;1;23.03.2015;1;930;140.67;127.49
4;1;24.03.2015;;148;140.67;
4;1;25.03.2015;;286;140.67;
4;1;26.03.2015;;204;131.97;
4;1;27.03.2015;;295;131.97;
4;1;28.03.2015;;408;131.97;
4;1;29.03.2015;;176;131.97;
4;1;30.03.2015;;226;131.97;
4;1;31.03.2015;;229;131.97;
4;1;01.04.2015;;167;133.33;
4;1;02.04.2015;;110;133.33;
4;1;03.04.2015;;254;133.33;
4;1;04.04.2015;;267;133.33;
4;1;05.04.2015;;138;133.33;
4;1;06.04.2015;;104;133.33;
4;1;07.04.2015;1;2630;133.33;119.33
4;1;08.04.2015;1;3475;133.33;119.33
4;1;09.04.2015;1;1357;133.33;119.33
4;1;10.04.2015;1;1379;133.33;119.33
4;1;11.04.2015;1;1345;133.33;119.33
4;1;12.04.2015;1;1310;133.33;119.33
4;1;13.04.2015;1;424;133.33;119.33
4;1;14.04.2015;;201;130.34;
4;1;15.04.2015;;220;130.34;
4;1;16.04.2015;;170;130.34;
4;1;17.04.2015;;101;138.5;
4;1;18.04.2015;;129;138.5;
4;1;19.04.2015;;57;138.5;
4;1;20.04.2015;;57;138.5;
4;1;21.04.2015;;82;138.5;
4;1;22.04.2015;;75;128.98;
4;1;23.04.2015;;160;128.98;
4;1;24.04.2015;;201;128.98;
4;1;25.04.2015;;239;128.98;
4;1;26.04.2015;;79;128.98;
4;1;27.04.2015;;116;128.98;
4;1;28.04.2015;;207;128.98;
4;1;29.04.2015;;69;131.7;
4;1;30.04.2015;;145;131.7;
4;1;01.05.2015;;110;131.7;
4;1;02.05.2015;;129;131.7;
4;1;03.05.2015;;104;131.7;
4;1;04.05.2015;;163;131.7;
4;1;05.05.2015;;170;131.7;
4;1;06.05.2015;;101;131.7;
4;1;07.05.2015;;94;131.7;
4;1;08.05.2015;;113;131.7;
4;1;09.05.2015;;79;131.7;
4;1;10.05.2015;;91;131.7;
4;1;11.05.2015;;75;131.7;
4;1;12.05.2015;;185;131.7;
4;1;13.05.2015;;182;131.7;
4;1;14.05.2015;;154;131.7;
4;1;15.05.2015;;204;131.7;
4;1;16.05.2015;;204;131.7;
4;1;17.05.2015;;104;131.7;
4;1;18.05.2015;;204;131.7;
4;1;19.05.2015;1;2265;131.7;119.33
4;1;20.05.2015;1;1338;131.7;119.33
4;1;21.05.2015;1;968;131.7;119.33
4;1;22.05.2015;1;823;131.7;119.33
4;1;23.05.2015;1;958;131.7;119.33
4;1;24.05.2015;1;958;131.7;119.33
4;1;25.05.2015;1;961;131.7;119.33
4;1;26.05.2015;;129;131.7;
4;1;27.05.2015;;123;129.25;
4;1;28.05.2015;;110;129.25;
4;1;29.05.2015;;160;129.25;
4;1;30.05.2015;;151;129.25;
4;1;31.05.2015;;148;129.25;
4;1;01.06.2015;;101;129.25;
4;1;02.06.2015;;66;129.25;
4;1;03.06.2015;;94;129.25;
4;1;04.06.2015;;170;129.25;
4;1;05.06.2015;;185;129.25;
4;1;06.06.2015;;198;131.7;
4;1;07.06.2015;;160;131.7;
4;1;08.06.2015;;132;131.7;
4;1;09.06.2015;1;1451;131.7;119.33
4;1;10.06.2015;1;1376;131.7;119.33
4;1;11.06.2015;1;1602;131.7;119.33
4;1;12.06.2015;1;562;131.7;119.33
4;1;13.06.2015;1;682;131.7;119.33
4;1;14.06.2015;1;402;131.7;119.33
4;1;15.06.2015;1;581;131.7;119.33
4;1;16.06.2015;;264;131.7;
4;1;17.06.2015;;251;131.7;
4;1;18.06.2015;;276;128.17;
4;1;19.06.2015;;355;128.17;
4;1;20.06.2015;;236;128.17;
4;1;21.06.2015;;204;128.17;
4;1;22.06.2015;;204;128.17;
4;1;23.06.2015;;358;128.17;
4;1;24.06.2015;;490;128.17;
4;1;25.06.2015;;543;128.17;
4;1;26.06.2015;;267;128.17;
4;1;27.06.2015;;430;128.17;
4;1;28.06.2015;;220;130.34;
4;1;29.06.2015;;289;130.34;
4;1;30.06.2015;1;487;130.34;119.33
4;1;01.07.2015;1;707;130.34;119.33
4;1;02.07.2015;1;1263;130.34;119.33
4;1;03.07.2015;1;789;130.34;119.33
4;1;04.07.2015;1;594;130.34;119.33
4;1;05.07.2015;1;694;130.34;119.33
4;1;06.07.2015;1;418;130.34;119.33
4;1;07.07.2015;;163;130.34;
4;1;08.07.2015;;160;130.34;
4;1;09.07.2015;;484;121.64;
4;1;10.07.2015;;622;121.64;
4;1;11.07.2015;;763;123.55;
4;1;12.07.2015;;185;123.55;
4;1;13.07.2015;;361;123.55;
4;1;14.07.2015;;506;123.55;
4;1;15.07.2015;;974;125.45;
4;1;16.07.2015;;543;125.45;
4;1;17.07.2015;;374;125.45;
4;1;18.07.2015;;336;127.62;
4;1;19.07.2015;;500;127.62;
4;1;20.07.2015;;650;127.62;
4;1;21.07.2015;;405;127.62;
4;1;22.07.2015;;540;127.62;
4;1;23.07.2015;;484;127.62;
4;1;24.07.2015;;1052;127.62;
4;1;25.07.2015;;653;127.62;
4;1;26.07.2015;;782;130.07;
4;1;27.07.2015;;801;130.07;
4;1;28.07.2015;1;2551;130.07;124.77
4;1;29.07.2015;1;1876;130.07;124.77
4;1;30.07.2015;1;1486;130.07;124.77
4;1;31.07.2015;1;1527;130.07;124.77
4;1;01.08.2015;1;1687;130.07;124.77
4;1;02.08.2015;1;1046;130.07;124.77
4;1;03.08.2015;1;1005;130.07;124.77
4;1;04.08.2015;;207;138.5;
4;1;05.08.2015;;314;138.5;
4;1;06.08.2015;;346;138.5;
4;1;07.08.2015;;298;138.5;
4;1;08.08.2015;;141;141.21;
4;1;09.08.2015;;129;141.21;
4;1;10.08.2015;;380;141.21;
4;1;11.08.2015;;465;141.21;
4;1;12.08.2015;;308;142.85;
4;1;13.08.2015;;254;142.85;
4;1;14.08.2015;;339;142.85;
4;1;15.08.2015;;207;142.85;
4;1;16.08.2015;;258;142.85;
4;1;17.08.2015;;283;142.85;
4;1;18.08.2015;;302;142.85;
4;1;19.08.2015;;242;142.85;
4;1;20.08.2015;;465;142.85;
4;1;21.08.2015;;493;142.85;
4;1;22.08.2015;;349;142.85;
4;1;23.08.2015;;292;142.85;
4;1;24.08.2015;;562;142.85;
4;1;25.08.2015;;317;142.85;
4;1;26.08.2015;;412;142.85;
4;1;27.08.2015;;594;137.68;
4;1;28.08.2015;;697;137.68;
4;1;29.08.2015;;308;137.68;
4;1;30.08.2015;;468;137.68;
4;1;31.08.2015;;223;137.68;
4;1;01.09.2015;;251;137.68;
4;1;02.09.2015;;390;135.78;
4;1;03.09.2015;;355;135.78;
4;1;04.09.2015;;355;135.78;
4;1;05.09.2015;;320;133.6;
4;1;06.09.2015;;320;133.6;
4;1;07.09.2015;;320;133.6;
4;1;08.09.2015;;320;133.6;
4;1;09.09.2015;;320;135.51;
4;1;10.09.2015;;320;135.51;
4;1;11.09.2015;;320;135.51;
4;1;12.09.2015;;320;135.51;
4;1;13.09.2015;;320;135.51;
4;1;14.09.2015;;320;135.51;
4;1;15.09.2015;;320;135.51;
4;1;16.09.2015;;320;138.5;
4;1;17.09.2015;;320;138.5;
4;1;18.09.2015;;613;138.5;
4;1;19.09.2015;;283;138.5;
4;1;20.09.2015;;308;138.5;
4;1;21.09.2015;;229;138.5;
4;1;22.09.2015;;254;138.5;
4;1;23.09.2015;;154;141.21;
4;1;24.09.2015;;176;141.21;
4;1;25.09.2015;;324;141.21;
4;1;26.09.2015;;201;141.21;
4;1;27.09.2015;;280;141.21;
4;1;28.09.2015;;283;141.21;
4;1;29.09.2015;;160;141.21;
4;1;30.09.2015;;280;141.21;
4;1;01.10.2015;;210;141.21;
4;1;02.10.2015;;214;141.21;
4;1;03.10.2015;;195;141.21;
4;1;04.10.2015;;141;141.21;
4;1;05.10.2015;;245;141.21;
4;1;06.10.2015;1;817;141.21;122.32
4;1;07.10.2015;1;694;141.21;122.32
4;1;08.10.2015;1;751;141.11;122.32
4;1;09.10.2015;1;889;141.21;122.32
4;1;10.10.2015;1;870;141.21;122.32
4;1;11.10.2015;1;540;141.21;122.32
4;1;12.10.2015;1;741;141.21;122.32
4;1;13.10.2015;;145;141.21;
4;1;14.10.2015;;113;141.21;
4;1;15.10.2015;;157;142.57;
4;1;16.10.2015;;198;142.57;
4;1;17.10.2015;;72;142.57;
4;1;18.10.2015;;148;142.57;
4;1;19.10.2015;;91;142.57;
4;1;20.10.2015;;138;142.57;
4;1;21.10.2015;;575;130.34;
4;1;22.10.2015;;829;130.34;
4;1;23.10.2015;;129;130.34;
4;1;24.10.2015;;53;130.34;
4;1;25.10.2015;;267;130.34;
4;1;26.10.2015;;220;130.34;
4;1;27.10.2015;1;1913;130.34;122.32
4;1;28.10.2015;1;1191;130.34;122.32
4;1;29.10.2015;1;1109;130.34;122.32
4;1;30.10.2015;1;616;130.34;122.32
4;1;31.10.2015;1;609;130.34;122.32
4;1;01.11.2015;1;386;130.34;122.32
4;1;02.11.2015;1;292;130.34;122.32
4;1;03.11.2015;;151;130.34;
4;1;04.11.2015;;141;134.69;
4;1;05.11.2015;;129;134.69;
4;1;06.11.2015;;129;134.69;
4;1;07.11.2015;;157;134.69;
4;1;08.11.2015;;53;134.69;
4;1;09.11.2015;;229;134.69;
4;1;10.11.2015;;173;134.69;
4;1;11.11.2015;;280;130.34;
4;1;12.11.2015;;223;130.34;
4;1;13.11.2015;;207;130.34;
4;1;14.11.2015;;267;130.34;
4;1;15.11.2015;;273;130.34;
4;1;16.11.2015;;242;130.34;
4;1;17.11.2015;;204;130.34;
4;1;18.11.2015;;160;130.34;
4;1;19.11.2015;;223;130.34;
4;1;20.11.2015;;163;130.34;
4;1;21.11.2015;;129;130.34;
4;1;22.11.2015;;141;130.34;
4;1;23.11.2015;;195;130.34;
4;1;24.11.2015;1;6905;130.34;116.61
4;1;25.11.2015;1;2658;130.34;116.61
4;1;26.11.2015;1;1338;130.34;116.61
4;1;27.11.2015;1;1275;130.34;116.61
4;1;28.11.2015;1;1222;130.34;116.61
4;1;29.11.2015;1;1703;130.34;116.61
4;1;30.11.2015;1;2070;130.34;116.61
4;1;01.12.2015;;198;130.34;
4;1;02.12.2015;;110;130.34;
4;1;03.12.2015;;188;130.34;
4;1;04.12.2015;;151;130.34;
4;1;05.12.2015;1;1313;130.34;116.61
4;1;06.12.2015;1;845;130.34;116.61
4;1;07.12.2015;1;1297;130.34;116.61
4;1;08.12.2015;;176;130.34;
4;1;09.12.2015;;167;130.34;
4;1;10.12.2015;;223;130.34;
4;1;11.12.2015;;148;130.34;
4;1;12.12.2015;;163;130.34;
4;1;13.12.2015;;104;130.34;
4;1;14.12.2015;;129;130.34;
4;1;15.12.2015;;173;130.34;
4;1;16.12.2015;;91;130.34;
4;1;17.12.2015;;204;130.34;
4;1;18.12.2015;;251;130.34;
4;1;19.12.2015;;129;130.34;
4;1;20.12.2015;;163;130.34;
4;1;21.12.2015;;107;130.34;
4;1;22.12.2015;;232;130.34;
4;1;23.12.2015;;104;130.34;
4;1;24.12.2015;;85;126.54;
4;1;25.12.2015;;198;126.54;
4;1;26.12.2015;;138;126.54;
4;1;27.12.2015;;60;126.54;
4;1;28.12.2015;;113;126.54;
4;1;29.12.2015;;173;126.54;
4;1;30.12.2015;;217;126.54;
4;1;31.12.2015;;72;126.54;
4;1;01.01.2016;;19;126.54;
4;1;02.01.2016;;41;126.54;
4;1;03.01.2016;;79;126.54;
4;1;04.01.2016;;110;126.54;
4;1;05.01.2016;;101;126.54;
4;1;06.01.2016;;135;126.54;
4;1;07.01.2016;;104;126.54;
4;1;08.01.2016;;110;126.54;
4;1;09.01.2016;;258;126.54;
4;1;10.01.2016;;113;126.54;
4;1;11.01.2016;;342;126.54;
4;1;12.01.2016;;358;126.54;
4;1;13.01.2016;;320;126.54;
4;1;14.01.2016;;478;126.54;
4;1;15.01.2016;;437;126.54;
4;1;16.01.2016;;327;126.54;
4;1;17.01.2016;;358;126.54;
4;1;18.01.2016;;393;126.54;
4;1;19.01.2016;;188;126.54;
4;1;20.01.2016;;459;126.54;
4;1;21.01.2016;;358;127.9;
4;1;22.01.2016;;833;127.9;
4;1;23.01.2016;;534;127.9;
4;1;24.01.2016;;214;127.9;
4;1;25.01.2016;;336;127.9;
4;1;26.01.2016;;364;127.9;
4;1;27.01.2016;;361;127.9;
4;1;28.01.2016;;352;127.9;
4;1;29.01.2016;;311;127.9;
4;1;30.01.2016;;330;127.9;
4;1;31.01.2016;;273;127.9;
4;1;01.02.2016;;361;130.34;
4;1;02.02.2016;;242;130.34;
4;1;03.02.2016;;270;130.34;
4;1;04.02.2016;;182;133.06;
4;1;05.02.2016;;170;133.06;
4;1;06.02.2016;;339;133.06;
4;1;07.02.2016;;286;141.76;
4;1;08.02.2016;;185;141.76;
4;1;09.02.2016;1;804;141.76;130.75
4;1;10.02.2016;1;675;141.76;130.75
4;1;11.02.2016;1;701;141.76;130.75
4;1;12.02.2016;1;559;141.76;130.75
4;1;13.02.2016;1;704;141.76;130.75
4;1;14.02.2016;1;336;141.76;130.75
4;1;15.02.2016;1;798;141.76;130.75
4;1;16.02.2016;1;509;141.76;130.75
4;1;17.02.2016;1;528;141.76;130.75
4;1;18.02.2016;;176;141.76;
4;1;19.02.2016;;154;141.76;
4;1;20.02.2016;;135;141.76;
4;1;21.02.2016;;97;141.76;
4;1;22.02.2016;;232;141.76;
4;1;23.02.2016;;116;141.76;
4;1;24.02.2016;;207;141.76;
4;1;25.02.2016;;154;141.76;
4;1;26.02.2016;;229;141.76;
4;1;27.02.2016;;126;141.76;
4;1;28.02.2016;;138;141.76;
4;1;29.02.2016;;163;141.76;
4;1;01.03.2016;;154;141.76;
4;1;02.03.2016;;101;141.76;
4;1;03.03.2016;;157;141.76;
4;1;04.03.2016;;126;141.76;
4;1;05.03.2016;;198;141.21;
4;1;06.03.2016;;119;141.21;
4;1;07.03.2016;;154;141.21;
4;1;08.03.2016;1;204;141.21;132.92
4;1;09.03.2016;1;707;141.21;132.92
4;1;10.03.2016;1;641;141.21;132.92
4;1;11.03.2016;1;619;141.21;132.92
4;1;12.03.2016;1;427;141.21;132.92
4;1;13.03.2016;1;302;141.21;132.92
4;1;14.03.2016;1;434;141.21;132.92
4;1;15.03.2016;1;716;141.21;130.21
4;1;16.03.2016;1;697;141.21;130.21
4;1;17.03.2016;1;719;141.21;130.21
4;1;18.03.2016;1;930;141.21;130.21
4;1;19.03.2016;1;726;141.21;130.21
4;1;20.03.2016;1;176;141.21;130.21
4;1;21.03.2016;;101;141.21;
4;1;22.03.2016;;119;141.21;
4;1;23.03.2016;;151;141.21;
4;1;24.03.2016;;107;141.21;
4;1;25.03.2016;;201;141.21;
4;1;26.03.2016;;182;141.21;
4;1;27.03.2016;;182;141.21;
4;1;28.03.2016;;179;141.21;
4;1;29.03.2016;;188;141.21;
4;1;30.03.2016;;126;141.21;
4;1;31.03.2016;;129;141.21;
4;1;01.04.2016;;151;141.21;
4;1;02.04.2016;;173;141.21;
4;1;03.04.2016;;132;141.21;
4;1;04.04.2016;;157;141.21;
4;1;05.04.2016;;176;141.21;
4;1;06.04.2016;;173;141.21;
4;1;07.04.2016;;132;141.21;
4;1;08.04.2016;;210;141.21;
4;1;09.04.2016;;336;141.21;
4;1;10.04.2016;;110;141.21;
4;1;11.04.2016;;188;141.21;
4;1;12.04.2016;;163;141.21;
4;1;13.04.2016;;157;141.21;
4;1;14.04.2016;;421;135.78;
4;1;15.04.2016;;562;135.78;
4;1;16.04.2016;;223;135.78;
4;1;17.04.2016;;295;135.78;
4;1;18.04.2016;;204;135.78;
4;1;19.04.2016;1;5721;135.78;122.32
4;1;20.04.2016;1;251;135.78;122.32
4;1;21.04.2016;1;694;135.78;122.32
4;1;22.04.2016;1;889;135.78;122.32
4;1;23.04.2016;1;848;135.78;122.32
4;1;24.04.2016;1;817;135.78;122.32
4;1;25.04.2016;1;905;135.78;122.32
4;1;26.04.2016;;364;135.78;
4;1;27.04.2016;;339;135.78;
4;1;28.04.2016;;179;135.78;
4;1;29.04.2016;;229;131.16;
4;1;30.04.2016;;336;131.16;
4;1;01.05.2016;;107;131.16;
4;1;02.05.2016;;85;131.16;
4;1;03.05.2016;;113;131.16;
4;1;04.05.2016;;264;131.16;
4;1;05.05.2016;;195;131.16;
4;1;06.05.2016;;173;131.16;
4;1;07.05.2016;;148;131.16;
4;1;08.05.2016;;141;131.16;
4;1;09.05.2016;;116;131.16;
4;1;10.05.2016;;126;131.16;
4;1;11.05.2016;;217;131.16;
4;1;12.05.2016;;251;131.16;
4;1;13.05.2016;;324;128.98;
4;1;14.05.2016;;308;128.98;
4;1;15.05.2016;;289;128.98;
4;1;16.05.2016;;324;128.98;
4;1;17.05.2016;1;2425;128.98;119.6
4;1;18.05.2016;1;1304;128.98;119.6
4;1;19.05.2016;1;1963;128.98;119.6
4;1;20.05.2016;1;789;128.98;119.6
4;1;21.05.2016;1;1074;128.98;119.6
4;1;22.05.2016;1;1021;128.98;119.6
