data/retail_2products.csv
Store_id;SKU_id;Date;Promo;Demand;Regular_Price;Promo_Price
5;1;01.01.2015;;22;163.78;
5;1;02.01.2015;;44;163.78;
5;1;03.01.2015;;38;163.78;
5;1;04.01.2015;;47;163.78;
5;1;05.01.2015;;72;163.78;
5;1;06.01.2015;;85;163.78;
5;1;07.01.2015;;82;163.78;
5;1;08.01.2015;;91;163.78;
5;1;09.01.2015;;63;163.78;
5;1;10.01.2015;;101;163.78;
5;1;11.01.2015;;116;163.78;
5;1;12.01.2015;;126;163.78;
5;1;13.01.2015;;116;163.78;
5;1;14.01.2015;;75;168.4;
5;1;15.01.2015;;88;168.4;
5;1;16.01.2015;;88;168.4;
5;1;17.01.2015;;101;168.4;
5;1;18.01.2015;;88;168.4;
5;1;19.01.2015;;94;168.4;
5;1;20.01.2015;;75;168.4;
5;1;21.01.2015;;79;168.4;
5;1;22.01.2015;;91;168.4;
5;1;23.01.2015;;75;160.24;
5;1;24.01.2015;;129;160.24;
5;1;25.01.2015;;167;160.24;
5;1;26.01.2015;;107;160.24;
5;1;27.01.2015;;123;160.24;
5;1;28.01.2015;;220;146.92;
5;1;29.01.2015;;204;146.92;
5;1;30.01.2015;;276;146.92;
5;1;31.01.2015;;358;146.92;
5;1;01.02.2015;;280;146.92;
5;1;02.02.2015;;217;146.92;
5;1;03.02.2015;;258;146.92;
5;1;04.02.2015;;361;146.92;
5;1;05.02.2015;;280;146.92;
5;1;06.02.2015;;493;146.92;
5;1;07.02.2015;;349;146.92;
5;1;08.02.2015;;283;146.92;
5;1;09.02.2015;;217;146.92;
5;1;10.02.2015;;346;146.92;
5;1;11.02.2015;;434;146.92;
5;1;12.02.2015;;273;146.92;
5;1;13.02.2015;;261;149.37;
5;1;14.02.2015;;280;149.37;
5;1;15.02.2015;;239;149.37;
5;1;16.02.2015;;192;149.37;
5;1;17.02.2015;1;609;149.37;143.8
5;1;18.02.2015;1;958;149.37;135.64
5;1;19.02.2015;1;1913;149.37;135.64
5;1;20.02.2015;1;1464;149.37;135.64
5;1;21.02.2015;1;1027;149.37;135.64
5;1;22.02.2015;1;691;149.37;135.64
5;1;23.02.2015;1;478;149.37;135.64
5;1;24.02.2015;;185;149.37;
5;1;25.02.2015;;210;149.37;
5;1;26.02.2015;;207;149.37;
5;1;27.02.2015;;295;143.93;
5;1;28.02.2015;;707;143.93;
5;1;01.03.2015;;415;143.93;
5;1;02.03.2015;;525;143.93;
5;1;03.03.2015;1;490;143.93;138.36
5;1;04.03.2015;1;232;143.93;135.64
5;1;05.03.2015;1;1049;138.5;135.64
5;1;06.03.2015;1;914;138.5;135.64
5;1;07.03.2015;1;776;138.5;135.64
5;1;08.03.2015;1;641;138.5;135.64
5;1;09.03.2015;;31;140.67;
5;1;10.03.2015;;364;140.67;
5;1;11.03.2015;;471;140.67;
5;1;12.03.2015;;342;140.67;
5;1;13.03.2015;;490;140.67;
5;1;14.03.2015;;393;140.67;
5;1;15.03.2015;;383;140.67;
5;1;16.03.2015;;408;140.67;
5;1;17.03.2015;1;5287;140.67;127.49
5;1;18.03.2015;1;2937;140.67;127.49
5;1;19.03.2015;1;2375;140.67;127.49
5;1;20.03.2015;1;2102;140.67;127.49
5;1;21.03.2015;1;198;140.67;127.49
5;1;22.03.2015;1;1056;140.67;127.49
5;1;23.03.2015;1;192;140.67;127.49
5;1;24.03.2015;;330;140.67;
5;1;25.03.2015;;305;140.67;
5;1;26.03.2015;;415;131.97;
5;1;27.03.2015;;430;131.97;
5;1;28.03.2015;;342;131.97;
5;1;29.03.2015;;358;131.97;
5;1;30.03.2015;;308;131.97;
5;1;31.03.2015;;258;131.97;
5;1;01.04.2015;;214;133.33;
5;1;02.04.2015;;226;133.33;
5;1;03.04.2015;;273;133.33;
5;1;04.04.2015;;273;133.33;
5;1;05.04.2015;;195;133.33;
5;1;06.04.2015;;201;133.33;
5;1;07.04.2015;1;3016;133.33;119.33
5;1;08.04.2015;1;3217;133.33;119.33
5;1;09.04.2015;1;2598;133.33;119.33
5;1;10.04.2015;1;1577;133.33;119.33
5;1;11.04.2015;1;1577;133.33;119.33
5;1;12.04.2015;1;1577;133.33;119.33
5;1;13.04.2015;1;1577;133.33;119.33
5;1;14.04.2015;;123;130.34;
5;1;15.04.2015;;239;130.34;
5;1;16.04.2015;;251;130.34;
5;1;17.04.2015;;204;138.5;
5;1;18.04.2015;;170;138.5;
5;1;19.04.2015;;160;138.5;
5;1;20.04.2015;;163;138.5;
5;1;21.04.2015;;160;138.5;
5;1;22.04.2015;;273;128.98;
5;1;23.04.2015;;264;128.98;
5;1;24.04.2015;;292;128.98;
5;1;25.04.2015;;308;128.98;
5;1;26.04.2015;;273;128.98;
5;1;27.04.2015;;276;128.98;
5;1;28.04.2015;;204;128.98;
5;1;29.04.2015;;185;131.7;
5;1;30.04.2015;;248;131.7;
5;1;01.05.2015;;201;131.7;
5;1;02.05.2015;;173;131.7;
5;1;03.05.2015;;204;131.7;
5;1;04.05.2015;;289;131.7;
5;1;05.05.2015;;267;131.7;
5;1;06.05.2015;;207;131.7;
5;1;07.05.2015;;176;131.7;
5;1;08.05.2015;;386;131.7;
5;1;09.05.2015;;267;131.7;
5;1;10.05.2015;;245;131.7;
5;1;11.05.2015;;204;131.7;
5;1;12.05.2015;;236;131.7;
5;1;13.05.2015;;201;131.7;
5;1;14.05.2015;;210;131.7;
5;1;15.05.2015;;390;131.7;
5;1;16.05.2015;;305;131.7;
5;1;17.05.2015;;314;131.7;
5;1;18.05.2015;;264;131.7;
5;1;19.05.2015;1;2479;131.7;119.33
5;1;20.05.2015;1;1945;131.7;119.33
5;1;21.05.2015;1;1920;131.7;119.33
5;1;22.05.2015;1;1649;131.7;119.33
5;1;23.05.2015;1;1074;131.7;119.33
5;1;24.05.2015;1;864;131.7;119.33
5;1;25.05.2015;1;782;131.7;119.33
5;1;26.05.2015;;248;131.7;
5;1;27.05.2015;;336;129.25;
5;1;28.05.2015;;302;129.25;
5;1;29.05.2015;;204;129.25;
5;1;30.05.2015;;210;129.25;
5;1;31.05.2015;;182;129.25;
5;1;01.06.2015;;415;129.25;
5;1;02.06.2015;;185;129.25;
5;1;03.06.2015;;192;129.25;
5;1;04.06.2015;;176;129.25;
5;1;05.06.2015;;220;129.25;
5;1;06.06.2015;;223;131.7;
5;1;07.06.2015;;232;131.7;
5;1;08.06.2015;;311;131.7;
5;1;09.06.2015;1;1910;131.7;119.33
5;1;10.06.2015;1;2322;131.7;119.33
5;1;11.06.2015;1;1913;131.7;119.33
5;1;12.06.2015;1;983;131.7;119.33
5;1;13.06.2015;1;666;131.7;119.33
5;1;14.06.2015;1;952;131.7;119.33
5;1;15.06.2015;1;609;131.7;119.33
5;1;16.06.2015;;204;131.7;
5;1;17.06.2015;;245;131.7;
5;1;18.06.2015;;261;128.17;
5;1;19.06.2015;;242;128.17;
5;1;20.06.2015;;182;128.17;
5;1;21.06.2015;;308;128.17;
5;1;22.06.2015;;302;128.17;
5;1;23.06.2015;;298;128.17;
5;1;24.06.2015;;361;128.17;
5;1;25.06.2015;;603;128.17;
5;1;26.06.2015;;396;128.17;
5;1;27.06.2015;;298;128.17;
5;1;28.06.2015;;358;130.34;
5;1;29.06.2015;;349;130.34;
5;1;30.06.2015;1;807;130.34;119.33
5;1;01.07.2015;1;1090;130.34;119.33
5;1;02.07.2015;1;1084;130.34;119.33
5;1;03.07.2015;1;1483;130.34;119.33
5;1;04.07.2015;1;933;130.34;119.33
5;1;05.07.2015;1;1084;130.34;119.33
5;1;06.07.2015;1;1037;130.34;119.33
5;1;07.07.2015;;151;130.34;
5;1;08.07.2015;;283;130.34;
5;1;09.07.2015;;493;121.64;
5;1;10.07.2015;;628;121.64;
5;1;11.07.2015;;515;123.55;
5;1;12.07.2015;;540;123.55;
5;1;13.07.2015;;547;123.55;
5;1;14.07.2015;;741;123.55;
5;1;15.07.2015;;553;125.45;
5;1;16.07.2015;;487;125.45;
5;1;17.07.2015;;459;125.45;
5;1;18.07.2015;;204;127.62;
5;1;19.07.2015;;371;127.62;
5;1;20.07.2015;;528;127.62;
5;1;21.07.2015;;430;127.62;
5;1;22.07.2015;;478;127.62;
5;1;23.07.2015;;487;127.62;
5;1;24.07.2015;;613;127.62;
5;1;25.07.2015;;657;127.62;
5;1;26.07.2015;;1068;130.07;
5;1;27.07.2015;;1112;130.07;
5;1;28.07.2015;1;1087;130.07;124.77
5;1;29.07.2015;1;2353;130.07;124.77
5;1;30.07.2015;1;459;130.07;124.77
5;1;31.07.2015;1;977;130.07;124.77
5;1;01.08.2015;1;531;130.07;124.77
5;1;02.08.2015;1;1448;130.07;124.77
5;1;03.08.2015;1;1891;130.07;124.77
5;1;04.08.2015;;368;138.5;
5;1;05.08.2015;;352;138.5;
5;1;06.08.2015;;342;138.5;
5;1;07.08.2015;;484;138.5;
5;1;08.08.2015;;248;141.21;
5;1;09.08.2015;;292;141.21;
5;1;10.08.2015;;352;141.21;
5;1;11.08.2015;;336;141.21;
5;1;12.08.2015;;320;142.85;
5;1;13.08.2015;;569;142.85;
5;1;14.08.2015;;298;142.85;
5;1;15.08.2015;;330;142.85;
5;1;16.08.2015;;710;142.85;
5;1;17.08.2015;;509;142.85;
5;1;18.08.2015;;547;142.85;
5;1;19.08.2015;;569;142.85;
5;1;20.08.2015;;531;142.85;
5;1;21.08.2015;;405;142.85;
5;1;22.08.2015;;553;142.85;
5;1;23.08.2015;;405;142.85;
5;1;24.08.2015;;484;142.85;
5;1;25.08.2015;;418;142.85;
5;1;26.08.2015;;380;142.85;
5;1;27.08.2015;;578;137.68;
5;1;28.08.2015;;490;137.68;
5;1;29.08.2015;;732;137.68;
5;1;30.08.2015;;581;137.68;
5;1;31.08.2015;;603;137.68;
5;1;01.09.2015;;584;137.68;
5;1;02.09.2015;;635;135.78;
5;1;03.09.2015;;682;135.78;
5;1;04.09.2015;;798;135.78;
5;1;05.09.2015;;911;133.6;
5;1;06.09.2015;;631;133.6;
5;1;07.09.2015;;606;133.6;
5;1;08.09.2015;;889;133.6;
5;1;09.09.2015;;587;135.51;
5;1;10.09.2015;;902;135.51;
5;1;11.09.2015;;864;135.51;
5;1;12.09.2015;;619;135.51;
5;1;13.09.2015;;412;135.51;
5;1;14.09.2015;;584;135.51;
5;1;15.09.2015;;540;135.51;
5;1;16.09.2015;;386;138.5;
5;1;17.09.2015;;324;138.5;
5;1;18.09.2015;;418;138.5;
5;1;19.09.2015;;537;138.5;
5;1;20.09.2015;;415;138.5;
5;1;21.09.2015;;386;138.5;
5;1;22.09.2015;;352;138.5;
5;1;23.09.2015;;317;141.21;
5;1;24.09.2015;;239;141.21;
5;1;25.09.2015;;229;141.21;
5;1;26.09.2015;;336;141.21;
5;1;27.09.2015;;311;141.21;
5;1;28.09.2015;;314;141.21;
5;1;29.09.2015;;383;141.21;
5;1;30.09.2015;;393;141.21;
5;1;01.10.2015;;248;141.21;
5;1;02.10.2015;;336;141.21;
5;1;03.10.2015;;295;141.21;
5;1;04.10.2015;;355;141.21;
5;1;05.10.2015;;214;141.21;
5;1;06.10.2015;1;522;141.21;132.92
5;1;07.10.2015;1;694;141.21;130.21
5;1;08.10.2015;1;1678;141.11;130.21
5;1;09.10.2015;1;908;141.21;130.21
5;1;10.10.2015;1;1008;141.21;130.21
5;1;11.10.2015;1;594;141.21;130.21
5;1;12.10.2015;1;556;141.21;130.21
5;1;13.10.2015;;308;141.21;
5;1;14.10.2015;;214;141.21;
5;1;15.10.2015;;170;142.57;
5;1;16.10.2015;;229;142.57;
5;1;17.10.2015;;248;142.57;
5;1;18.10.2015;;198;142.57;
5;1;19.10.2015;;198;142.57;
5;1;20.10.2015;;223;142.57;
5;1;21.10.2015;;877;130.34;
5;1;22.10.2015;;738;130.34;
5;1;23.10.2015;;682;130.34;
5;1;24.10.2015;;597;130.34;
5;1;25.10.2015;;625;130.34;
5;1;26.10.2015;;628;130.34;
5;1;27.10.2015;1;2391;130.34;122.32
5;1;28.10.2015;1;1819;130.34;124.77
5;1;29.10.2015;1;1436;130.34;124.77
5;1;30.10.2015;1;804;130.34;124.77
5;1;31.10.2015;1;785;130.34;124.77
5;1;01.11.2015;1;525;130.34;124.77
5;1;02.11.2015;1;562;130.34;124.77
5;1;03.11.2015;;383;130.34;
5;1;04.11.2015;;229;134.69;
5;1;05.11.2015;;207;134.69;
5;1;06.11.2015;;210;134.69;
5;1;07.11.2015;;157;134.69;
5;1;08.11.2015;;226;134.69;
5;1;09.11.2015;;254;134.69;
5;1;10.11.2015;;214;134.69;
5;1;11.11.2015;;415;130.34;
5;1;12.11.2015;;390;130.34;
5;1;13.11.2015;;251;130.34;
5;1;14.11.2015;;298;130.34;
5;1;15.11.2015;;289;130.34;
5;1;16.11.2015;;276;130.34;
5;1;17.11.2015;;289;130.34;
5;1;18.11.2015;;229;130.34;
5;1;19.11.2015;;377;130.34;
5;1;20.11.2015;;314;130.34;
5;1;21.11.2015;;393;130.34;
5;1;22.11.2015;;289;130.34;
5;1;23.11.2015;;267;130.34;
5;1;24.11.2015;1;6732;130.34;116.61
5;1;25.11.2015;1;1012;130.34;116.61
5;1;26.11.2015;1;1370;130.34;116.61
5;1;27.11.2015;1;2934;130.34;116.61
5;1;28.11.2015;1;2614;130.34;116.61
5;1;29.11.2015;1;2403;130.34;116.61
5;1;30.11.2015;1;2944;130.34;116.61
5;1;01.12.2015;;236;130.34;
5;1;02.12.2015;;176;130.34;
5;1;03.12.2015;;226;130.34;
5;1;04.12.2015;;214;130.34;
5;1;05.12.2015;1;2108;130.34;116.61
5;1;06.12.2015;1;1608;130.34;116.61
5;1;07.12.2015;1;2143;130.34;116.61
5;1;08.12.2015;;226;130.34;
5;1;09.12.2015;;251;130.34;
5;1;10.12.2015;;232;130.34;
5;1;11.12.2015;;298;130.34;
5;1;12.12.2015;;276;130.34;
5;1;13.12.2015;;210;130.34;
5;1;14.12.2015;;204;130.34;
5;1;15.12.2015;;283;130.34;
5;1;16.12.2015;;298;130.34;
5;1;17.12.2015;;239;130.34;
5;1;18.12.2015;;286;130.34;
5;1;19.12.2015;;276;130.34;
5;1;20.12.2015;;245;130.34;
5;1;21.12.2015;;220;130.34;
5;1;22.12.2015;;204;130.34;
5;1;23.12.2015;;160;130.34;
5;1;24.12.2015;;236;126.54;
5;1;25.12.2015;;327;126.54;
5;1;26.12.2015;;333;126.54;
5;1;27.12.2015;;305;126.54;
5;1;28.12.2015;;396;126.54;
5;1;29.12.2015;;302;126.54;
5;1;30.12.2015;;368;126.54;
5;1;31.12.2015;;254;126.54;
5;1;01.01.2016;;22;126.54;
5;1;02.01.2016;;163;126.54;
5;1;03.01.2016;;242;126.54;
5;1;04.01.2016;;229;126.54;
5;1;05.01.2016;;286;126.54;
5;1;06.01.2016;;399;126.54;
5;1;07.01.2016;;264;126.54;
5;1;08.01.2016;;396;126.54;
5;1;09.01.2016;;390;126.54;
5;1;10.01.2016;;509;126.54;
5;1;11.01.2016;;534;126.54;
5;1;12.01.2016;;559;126.54;
5;1;13.01.2016;;553;126.54;
5;1;14.01.2016;;487;126.54;
5;1;15.01.2016;;540;126.54;
5;1;16.01.2016;;578;126.54;
5;1;17.01.2016;;408;126.54;
5;1;18.01.2016;;622;126.54;
5;1;19.01.2016;;408;126.54;
5;1;20.01.2016;;619;126.54;
5;1;21.01.2016;;418;127.9;
5;1;22.01.2016;;509;127.9;
5;1;23.01.2016;;754;127.9;
5;1;24.01.2016;;581;127.9;
5;1;25.01.2016;;833;127.9;
5;1;26.01.2016;;443;127.9;
5;1;27.01.2016;;534;127.9;
5;1;28.01.2016;;547;127.9;
5;1;29.01.2016;;537;127.9;
5;1;30.01.2016;;412;127.9;
5;1;31.01.2016;;471;127.9;
5;1;01.02.2016;;437;130.34;
5;1;02.02.2016;;569;130.34;
5;1;03.02.2016;;437;130.34;
5;1;04.02.2016;;352;133.06;
5;1;05.02.2016;;320;133.06;
5;1;06.02.2016;;500;133.06;
5;1;07.02.2016;;418;141.76;
5;1;08.02.2016;;446;141.76;
5;1;09.02.2016;1;848;141.76;130.75
5;1;10.02.2016;1;801;141.76;130.75
5;1;11.02.2016;1;729;141.76;130.75
5;1;12.02.2016;1;512;141.76;130.75
5;1;13.02.2016;1;845;141.76;130.75
5;1;14.02.2016;1;858;141.76;130.75
5;1;15.02.2016;1;873;141.76;130.75
5;1;16.02.2016;1;594;141.76;130.75
5;1;17.02.2016;1;547;141.76;130.75
5;1;18.02.2016;;245;141.76;
5;1;19.02.2016;;371;141.76;
5;1;20.02.2016;;192;141.76;
5;1;21.02.2016;;333;141.76;
5;1;22.02.2016;;336;141.76;
5;1;23.02.2016;;245;141.76;
5;1;24.02.2016;;220;141.76;
5;1;25.02.2016;;261;141.76;
5;1;26.02.2016;;254;141.76;
5;1;27.02.2016;;371;141.76;
5;1;28.02.2016;;280;141.76;
5;1;29.02.2016;;390;141.76;
5;1;01.03.2016;;236;141.76;
5;1;02.03.2016;;207;141.76;
5;1;03.03.2016;;280;141.76;
5;1;04.03.2016;;270;141.76;
5;1;05.03.2016;;273;141.21;
5;1;06.03.2016;;305;141.21;
5;1;07.03.2016;;305;141.21;
5;1;08.03.2016;1;675;141.21;132.92
5;1;09.03.2016;1;1235;141.21;132.92
5;1;10.03.2016;1;1341;141.21;132.92
5;1;11.03.2016;1;1621;141.21;132.92
5;1;12.03.2016;1;1093;141.21;132.92
5;1;13.03.2016;1;858;141.21;132.92
5;1;14.03.2016;1;820;141.21;132.92
5;1;15.03.2016;1;1065;141.21;130.21
5;1;16.03.2016;1;1175;141.21;130.21
5;1;17.03.2016;1;1429;141.21;130.21
5;1;18.03.2016;1;1250;141.21;130.21
5;1;19.03.2016;1;1043;141.21;130.21
5;1;20.03.2016;1;386;141.21;130.21
5;1;21.03.2016;;324;141.21;
5;1;22.03.2016;;185;141.21;
5;1;23.03.2016;;220;141.21;
5;1;24.03.2016;;308;141.21;
5;1;25.03.2016;;298;141.21;
5;1;26.03.2016;;298;141.21;
5;1;27.03.2016;;276;141.21;
5;1;28.03.2016;;192;141.21;
5;1;29.03.2016;;251;141.21;
5;1;30.03.2016;;232;141.21;
5;1;31.03.2016;;258;141.21;
5;1;01.04.2016;;220;141.21;
5;1;02.04.2016;;258;141.21;
5;1;03.04.2016;;355;141.21;
5;1;04.04.2016;;188;141.21;
5;1;05.04.2016;;273;141.21;
5;1;06.04.2016;;207;141.21;
5;1;07.04.2016;;192;141.21;
5;1;08.04.2016;;314;141.21;
5;1;09.04.2016;;308;141.21;
5;1;10.04.2016;;245;141.21;
5;1;11.04.2016;;248;141.21;
5;1;12.04.2016;;229;141.21;
5;1;13.04.2016;;154;141.21;
5;1;14.04.2016;;336;135.78;
5;1;15.04.2016;;462;135.78;
5;1;16.04.2016;;314;135.78;
5;1;17.04.2016;;342;135.78;
5;1;18.04.2016;;468;135.78;
5;1;19.04.2016;1;3044;135.78;122.32
5;1;20.04.2016;1;2890;135.78;122.32
5;1;21.04.2016;1;1458;135.78;122.32
5;1;22.04.2016;1;1294;135.78;122.32
5;1;23.04.2016;1;1178;135.78;122.32
5;1;24.04.2016;1;1103;135.78;122.32
5;1;25.04.2016;1;1341;135.78;122.32
5;1;26.04.2016;;220;135.78;
5;1;27.04.2016;;368;135.78;
5;1;28.04.2016;;220;135.78;
5;1;29.04.2016;;393;131.16;
5;1;30.04.2016;;330;131.16;
5;1;01.05.2016;;101;131.16;
5;1;02.05.2016;;173;131.16;
5;1;03.05.2016;;188;131.16;
5;1;04.05.2016;;229;131.16;
5;1;05.05.2016;;201;131.16;
5;1;06.05.2016;;327;131.16;
5;1;07.05.2016;;286;131.16;
5;1;08.05.2016;;167;131.16;
5;1;09.05.2016;;163;131.16;
5;1;10.05.2016;;217;131.16;
5;1;11.05.2016;;229;131.16;
5;1;12.05.2016;;276;131.16;
5;1;13.05.2016;;314;128.98;
5;1;14.05.2016;;220;128.98;
5;1;15.05.2016;;342;128.98;
5;1;16.05.2016;;430;128.98;
5;1;17.05.2016;1;2633;128.98;119.6
5;1;18.05.2016;1;2011;128.98;119.6
5;1;19.05.2016;1;1533;128.98;119.6
5;1;20.05.2016;1;1219;128.98;119.6
5;1;21.05.2016;1;933;128.98;119.6
5;1;22.05.2016;1;939;128.98;119.6
