data/retail_2products.csv
Store_id;SKU_id;Date;Promo;Demand;Regular_Price;Promo_Price
6;1;01.01.2015;;35;152.36;
6;1;02.01.2015;;113;152.36;
6;1;03.01.2015;;229;152.36;
6;1;04.01.2015;;440;152.36;
6;1;05.01.2015;;182;152.36;
6;1;06.01.2015;;210;152.36;
6;1;07.01.2015;;145;152.36;
6;1;08.01.2015;;280;152.36;
6;1;09.01.2015;;280;152.36;
6;1;10.01.2015;;280;152.36;
6;1;11.01.2015;;280;152.36;
6;1;12.01.2015;;280;152.36;
6;1;13.01.2015;;280;152.36;
6;1;14.01.2015;;280;152.36;
6;1;15.01.2015;;280;152.36;
6;1;16.01.2015;;280;152.36;
6;1;17.01.2015;;280;152.36;
6;1;18.01.2015;;280;152.36;
6;1;19.01.2015;;280;152.36;
6;1;20.01.2015;;280;152.36;
6;1;21.01.2015;;280;168.4;
6;1;22.01.2015;;280;168.4;
6;1;23.01.2015;;320;168.4;
6;1;24.01.2015;;258;168.4;
6;1;25.01.2015;;195;168.4;
6;1;26.01.2015;;132;168.4;
6;1;27.01.2015;;148;168.4;
6;1;28.01.2015;;148;168.4;
6;1;29.01.2015;;119;168.4;
6;1;30.01.2015;;104;168.4;
6;1;31.01.2015;;154;168.4;
6;1;01.02.2015;;116;168.4;
6;1;02.02.2015;;88;168.4;
6;1;03.02.2015;;97;168.4;
6;1;04.02.2015;;151;168.4;
6;1;05.02.2015;;236;144.2;
6;1;06.02.2015;;280;144.2;
6;1;07.02.2015;;223;144.2;
6;1;08.02.2015;;437;144.2;
6;1;09.02.2015;;273;144.2;
6;1;10.02.2015;;245;144.2;
6;1;11.02.2015;;333;144.2;
6;1;12.02.2015;;305;144.2;
6;1;13.02.2015;;327;144.2;
6;1;14.02.2015;;352;144.2;
6;1;15.02.2015;;525;144.2;
6;1;16.02.2015;;298;144.2;
6;1;17.02.2015;1;418;144.2;143.8
6;1;18.02.2015;1;675;144.2;135.64
6;1;19.02.2015;1;1517;144.2;135.64
6;1;20.02.2015;1;1253;144.2;135.64
6;1;21.02.2015;1;1291;144.2;135.64
6;1;22.02.2015;1;572;144.2;135.64
6;1;23.02.2015;1;763;144.2;135.64
6;1;24.02.2015;;305;144.2;
6;1;25.02.2015;;236;144.2;
6;1;26.02.2015;;298;144.2;
6;1;27.02.2015;;295;144.2;
6;1;28.02.2015;;364;144.2;
6;1;01.03.2015;;481;144.2;
6;1;02.03.2015;;239;144.2;
6;1;03.03.2015;1;317;144.2;138.36
6;1;04.03.2015;1;427;144.2;135.64
6;1;05.03.2015;1;503;144.2;135.64
6;1;06.03.2015;1;440;144.2;135.64
6;1;07.03.2015;1;317;144.2;135.64
6;1;08.03.2015;1;349;144.2;135.64
6;1;09.03.2015;;135;144.2;
6;1;10.03.2015;;245;144.2;
6;1;11.03.2015;;179;144.2;
6;1;12.03.2015;;298;144.2;
6;1;13.03.2015;;386;144.2;
6;1;14.03.2015;;713;144.2;
6;1;15.03.2015;;399;144.2;
6;1;16.03.2015;;336;144.2;
6;1;17.03.2015;1;2466;144.2;127.49
6;1;18.03.2015;1;2209;144.2;127.49
6;1;19.03.2015;1;1159;144.2;127.49
6;1;20.03.2015;1;1762;144.2;127.49
6;1;21.03.2015;1;1304;140.67;127.49
6;1;22.03.2015;1;1376;140.67;127.49
6;1;23.03.2015;1;961;140.67;127.49
6;1;24.03.2015;;311;140.67;
6;1;25.03.2015;;292;140.67;
6;1;26.03.2015;;270;131.97;
6;1;27.03.2015;;245;131.97;
6;1;28.03.2015;;229;131.97;
6;1;29.03.2015;;468;131.97;
6;1;30.03.2015;;427;131.97;
6;1;31.03.2015;;333;131.97;
6;1;01.04.2015;;302;133.33;
6;1;02.04.2015;;462;133.33;
6;1;03.04.2015;;289;133.33;
6;1;04.04.2015;;289;133.33;
6;1;05.04.2015;;355;133.33;
6;1;06.04.2015;;317;133.33;
6;1;07.04.2015;1;2708;133.33;119.33
6;1;08.04.2015;1;2614;133.33;119.33
6;1;09.04.2015;1;1835;133.33;119.33
6;1;10.04.2015;1;1200;133.33;119.33
6;1;11.04.2015;1;958;133.33;119.33
6;1;12.04.2015;1;377;133.33;119.33
6;1;13.04.2015;1;597;133.33;119.33
6;1;14.04.2015;;176;130.34;
6;1;15.04.2015;;176;130.34;
6;1;16.04.2015;;148;130.34;
6;1;17.04.2015;;195;138.5;
6;1;18.04.2015;;210;138.5;
6;1;19.04.2015;;119;138.5;
6;1;20.04.2015;;145;138.5;
6;1;21.04.2015;;135;138.5;
6;1;22.04.2015;;232;128.98;
6;1;23.04.2015;;188;128.98;
6;1;24.04.2015;;311;128.98;
6;1;25.04.2015;;280;128.98;
6;1;26.04.2015;;185;128.98;
6;1;27.04.2015;;126;128.98;
6;1;28.04.2015;;173;128.98;
6;1;29.04.2015;;163;131.7;
6;1;30.04.2015;;157;131.7;
6;1;01.05.2015;;113;131.7;
6;1;02.05.2015;;116;131.7;
6;1;03.05.2015;;374;131.7;
6;1;04.05.2015;;126;131.7;
6;1;05.05.2015;;210;131.7;
6;1;06.05.2015;;179;131.7;
6;1;07.05.2015;;141;131.7;
6;1;08.05.2015;;204;131.7;
6;1;09.05.2015;;154;131.7;
6;1;10.05.2015;;217;131.7;
6;1;11.05.2015;;126;131.7;
6;1;12.05.2015;;176;131.7;
6;1;13.05.2015;;173;131.7;
6;1;14.05.2015;;182;131.7;
6;1;15.05.2015;;380;131.7;
6;1;16.05.2015;;327;131.7;
6;1;17.05.2015;;399;131.7;
6;1;18.05.2015;;160;131.7;
6;1;19.05.2015;1;895;131.7;119.33
6;1;20.05.2015;1;1191;131.7;119.33
6;1;21.05.2015;1;996;131.7;119.33
6;1;22.05.2015;1;1398;131.7;119.33
6;1;23.05.2015;1;1090;131.7;119.33
6;1;24.05.2015;1;584;131.7;119.33
6;1;25.05.2015;1;1232;131.7;119.33
6;1;26.05.2015;;361;131.7;
6;1;27.05.2015;;129;129.25;
6;1;28.05.2015;;160;129.25;
6;1;29.05.2015;;210;129.25;
6;1;30.05.2015;;286;129.25;
6;1;31.05.2015;;179;129.25;
6;1;01.06.2015;;220;129.25;
6;1;02.06.2015;;198;128.98;
6;1;03.06.2015;;210;128.98;
6;1;04.06.2015;;330;128.98;
6;1;05.06.2015;;402;128.98;
6;1;06.06.2015;;289;128.98;
6;1;07.06.2015;;402;128.98;
6;1;08.06.2015;;383;128.98;
6;1;09.06.2015;1;1473;128.98;119.33
6;1;10.06.2015;1;1247;128.98;119.33
6;1;11.06.2015;1;1891;128.98;119.33
6;1;12.06.2015;1;1200;128.98;119.33
6;1;13.06.2015;1;123;128.98;119.33
6;1;14.06.2015;1;996;128.98;119.33
6;1;15.06.2015;1;999;128.98;119.33
6;1;16.06.2015;;408;128.98;
6;1;17.06.2015;;210;128.98;
6;1;18.06.2015;;145;128.98;
6;1;19.06.2015;;443;128.98;
6;1;20.06.2015;;374;128.98;
6;1;21.06.2015;;789;128.98;
6;1;22.06.2015;;653;128.98;
6;1;23.06.2015;;474;128.98;
6;1;24.06.2015;;572;128.98;
6;1;25.06.2015;;427;128.98;
6;1;26.06.2015;;597;128.98;
6;1;27.06.2015;;785;128.98;
6;1;28.06.2015;;814;128.98;
6;1;29.06.2015;;804;128.98;
6;1;30.06.2015;1;1555;128.98;119.33
6;1;01.07.2015;1;2073;128.98;119.33
6;1;02.07.2015;1;1253;128.98;119.33
6;1;03.07.2015;1;1052;128.98;119.33
6;1;04.07.2015;1;977;128.98;119.33
6;1;05.07.2015;1;933;128.98;119.33
6;1;06.07.2015;1;1115;128.98;119.33
6;1;07.07.2015;;267;128.98;
6;1;08.07.2015;;261;128.98;
6;1;09.07.2015;;245;128.98;
6;1;10.07.2015;;251;128.98;
6;1;11.07.2015;;242;128.98;
6;1;12.07.2015;;245;128.98;
6;1;13.07.2015;;314;128.98;
6;1;14.07.2015;;245;128.98;
6;1;15.07.2015;;210;128.98;
6;1;16.07.2015;;242;128.98;
6;1;17.07.2015;;776;128.98;
6;1;18.07.2015;;751;128.98;
6;1;19.07.2015;;1194;128.98;
6;1;20.07.2015;;1030;128.98;
6;1;21.07.2015;;946;128.98;
6;1;22.07.2015;;1307;128.98;
6;1;23.07.2015;;1282;128.98;
6;1;24.07.2015;;1461;128.98;
6;1;25.07.2015;;1778;128.98;
6;1;26.07.2015;;1539;128.98;
6;1;27.07.2015;;1225;128.98;
6;1;28.07.2015;1;2724;128.98;124.77
6;1;29.07.2015;1;1027;128.98;124.77
6;1;30.07.2015;1;870;128.98;124.77
6;1;31.07.2015;1;782;128.98;124.77
6;1;01.08.2015;1;2143;128.98;124.77
6;1;02.08.2015;1;927;128.98;124.77
6;1;03.08.2015;1;2780;128.98;124.77
6;1;04.08.2015;;1913;128.98;
6;1;05.08.2015;;1024;128.98;
6;1;06.08.2015;;1257;128.98;
6;1;07.08.2015;;1486;128.98;
6;1;08.08.2015;;1156;128.98;
6;1;09.08.2015;;1087;128.98;
6;1;10.08.2015;;1188;128.98;
6;1;11.08.2015;;811;128.98;
6;1;12.08.2015;;729;128.98;
6;1;13.08.2015;;1590;128.98;
6;1;14.08.2015;;569;128.98;
6;1;15.08.2015;;792;128.98;
6;1;16.08.2015;;1543;128.98;
6;1;17.08.2015;;1376;128.98;
6;1;18.08.2015;;2454;128.98;
6;1;19.08.2015;;1015;128.98;
6;1;20.08.2015;;1696;128.98;
6;1;21.08.2015;;1561;128.98;
6;1;22.08.2015;;1100;128.98;
6;1;23.08.2015;;1417;128.98;
6;1;24.08.2015;;1093;128.98;
6;1;25.08.2015;;1640;128.98;
6;1;26.08.2015;;1172;128.98;
6;1;27.08.2015;;1517;128.98;
6;1;28.08.2015;;1266;128.98;
6;1;29.08.2015;;1404;128.98;
6;1;30.08.2015;;1630;128.98;
6;1;31.08.2015;;1332;128.98;
6;1;01.09.2015;;1429;128.98;
6;1;02.09.2015;;1216;128.98;
6;1;03.09.2015;;1307;128.98;
6;1;04.09.2015;;1436;128.98;
6;1;05.09.2015;;1354;128.98;
6;1;06.09.2015;;1238;128.98;
6;1;07.09.2015;;1445;128.98;
6;1;08.09.2015;;1458;128.98;
6;1;09.09.2015;;1696;128.98;
6;1;10.09.2015;;1565;128.98;
6;1;11.09.2015;;1093;128.98;
6;1;12.09.2015;;1301;128.98;
6;1;13.09.2015;;1122;128.98;
6;1;14.09.2015;;1106;128.98;
6;1;15.09.2015;;1018;128.98;
6;1;16.09.2015;;814;128.98;
6;1;17.09.2015;;789;128.98;
6;1;18.09.2015;;776;128.98;
6;1;19.09.2015;;996;128.98;
6;1;20.09.2015;;971;128.98;
6;1;21.09.2015;;983;128.98;
6;1;22.09.2015;;789;128.98;
6;1;23.09.2015;;1012;128.98;
6;1;24.09.2015;;1505;128.98;
6;1;25.09.2015;;939;128.98;
6;1;26.09.2015;;971;128.98;
6;1;27.09.2015;;864;128.98;
6;1;28.09.2015;;845;128.98;
6;1;29.09.2015;;1059;128.98;
6;1;30.09.2015;;638;128.98;
6;1;01.10.2015;;522;128.98;
6;1;02.10.2015;;823;128.98;
6;1;03.10.2015;;390;141.21;
6;1;04.10.2015;;471;141.21;
6;1;05.10.2015;;383;141.21;
6;1;06.10.2015;1;594;141.21;132.92
6;1;07.10.2015;1;500;141.21;130.21
6;1;08.10.2015;1;773;141.11;130.21
6;1;09.10.2015;1;735;141.21;130.21
6;1;10.10.2015;1;613;141.21;130.21
6;1;11.10.2015;1;540;141.21;130.21
6;1;12.10.2015;1;525;141.21;130.21
6;1;13.10.2015;;352;141.21;
6;1;14.10.2015;;305;141.21;
6;1;15.10.2015;;302;142.57;
6;1;16.10.2015;;251;142.57;
6;1;17.10.2015;;226;142.57;
6;1;18.10.2015;;185;142.57;
6;1;19.10.2015;;261;142.57;
6;1;20.10.2015;;261;142.57;
6;1;21.10.2015;;481;130.34;
6;1;22.10.2015;;368;130.34;
6;1;23.10.2015;;349;130.34;
6;1;24.10.2015;;251;130.34;
6;1;25.10.2015;;515;130.34;
6;1;26.10.2015;;280;130.34;
6;1;27.10.2015;1;383;130.34;122.32
6;1;28.10.2015;1;946;130.34;124.77
6;1;29.10.2015;1;635;130.34;124.77
6;1;30.10.2015;1;556;130.34;124.77
6;1;31.10.2015;1;412;130.34;124.77
6;1;01.11.2015;1;289;130.34;124.77
6;1;02.11.2015;1;518;130.34;124.77
6;1;03.11.2015;;412;130.34;
6;1;04.11.2015;;386;134.69;
6;1;05.11.2015;;248;134.69;
6;1;06.11.2015;;390;134.69;
6;1;07.11.2015;;289;134.69;
6;1;08.11.2015;;368;134.69;
6;1;09.11.2015;;145;134.69;
6;1;10.11.2015;;308;134.69;
6;1;11.11.2015;;151;130.34;
6;1;12.11.2015;;377;130.34;
6;1;13.11.2015;;258;130.34;
6;1;14.11.2015;;506;130.34;
6;1;15.11.2015;;280;130.34;
6;1;16.11.2015;;236;130.34;
6;1;17.11.2015;;195;130.34;
6;1;18.11.2015;;270;130.34;
6;1;19.11.2015;;324;130.34;
6;1;20.11.2015;;386;130.34;
6;1;21.11.2015;;355;130.34;
6;1;22.11.2015;;305;130.34;
6;1;23.11.2015;;276;130.34;
6;1;24.11.2015;1;2457;130.34;116.61
6;1;25.11.2015;1;2215;130.34;116.61
6;1;26.11.2015;1;2209;130.34;116.61
6;1;27.11.2015;1;1718;130.34;116.61
6;1;28.11.2015;1;462;130.34;116.61
6;1;29.11.2015;1;952;130.34;116.61
6;1;30.11.2015;1;1898;130.34;116.61
6;1;01.12.2015;;280;130.34;
6;1;02.12.2015;;339;130.34;
6;1;03.12.2015;;481;130.34;
6;1;04.12.2015;;292;130.34;
6;1;05.12.2015;1;1819;130.34;116.61
6;1;06.12.2015;1;1078;130.34;116.61
6;1;07.12.2015;1;1335;130.34;116.61
6;1;08.12.2015;;336;130.34;
6;1;09.12.2015;;292;130.34;
6;1;10.12.2015;;276;130.34;
6;1;11.12.2015;;50;130.34;
6;1;12.12.2015;;248;130.34;
6;1;13.12.2015;;226;130.34;
6;1;14.12.2015;;393;130.34;
6;1;15.12.2015;;443;130.34;
6;1;16.12.2015;;449;130.34;
6;1;17.12.2015;;320;130.34;
6;1;18.12.2015;;355;130.34;
6;1;19.12.2015;;383;130.34;
6;1;20.12.2015;;371;130.34;
6;1;21.12.2015;;342;130.34;
6;1;22.12.2015;;270;130.34;
6;1;23.12.2015;;302;130.34;
6;1;24.12.2015;;380;126.54;
6;1;25.12.2015;;402;126.54;
6;1;26.12.2015;;336;126.54;
6;1;27.12.2015;;352;126.54;
6;1;28.12.2015;;399;126.54;
6;1;29.12.2015;;276;126.54;
6;1;30.12.2015;;449;126.54;
6;1;31.12.2015;;289;126.54;
6;1;01.01.2016;;57;126.54;
6;1;02.01.2016;;226;126.54;
6;1;03.01.2016;;148;126.54;
6;1;04.01.2016;;311;126.54;
6;1;05.01.2016;;280;126.54;
6;1;06.01.2016;;236;126.54;
6;1;07.01.2016;;223;126.54;
6;1;08.01.2016;;245;126.54;
6;1;09.01.2016;;349;126.54;
6;1;10.01.2016;;327;126.54;
6;1;11.01.2016;;352;126.54;
6;1;12.01.2016;;298;126.54;
6;1;13.01.2016;;242;126.54;
6;1;14.01.2016;;302;126.54;
6;1;15.01.2016;;424;126.54;
6;1;16.01.2016;;261;126.54;
6;1;17.01.2016;;478;126.54;
6;1;18.01.2016;;405;126.54;
6;1;19.01.2016;;276;126.54;
6;1;20.01.2016;;393;126.54;
6;1;21.01.2016;;349;127.9;
6;1;22.01.2016;;336;127.9;
6;1;23.01.2016;;336;127.9;
6;1;24.01.2016;;317;127.9;
6;1;25.01.2016;;217;127.9;
6;1;26.01.2016;;349;127.9;
6;1;27.01.2016;;317;127.9;
6;1;28.01.2016;;487;127.9;
6;1;29.01.2016;;383;127.9;
6;1;30.01.2016;;434;127.9;
6;1;31.01.2016;;336;127.9;
6;1;01.02.2016;;264;130.34;
6;1;02.02.2016;;295;130.34;
6;1;03.02.2016;;371;130.34;
6;1;04.02.2016;;587;133.06;
6;1;05.02.2016;;594;133.06;
6;1;06.02.2016;;402;133.06;
6;1;07.02.2016;;317;141.76;
6;1;08.02.2016;;261;141.76;
6;1;09.02.2016;1;553;141.76;130.75
6;1;10.02.2016;1;622;141.76;130.75
6;1;11.02.2016;1;500;141.76;130.75
6;1;12.02.2016;1;933;141.76;130.75
6;1;13.02.2016;1;704;141.76;130.75
6;1;14.02.2016;1;600;141.76;130.75
6;1;15.02.2016;1;308;141.76;130.75
6;1;16.02.2016;1;503;141.76;130.75
6;1;17.02.2016;1;481;141.76;130.75
6;1;18.02.2016;;220;141.76;
6;1;19.02.2016;;157;141.76;
6;1;20.02.2016;;295;141.76;
6;1;21.02.2016;;364;141.76;
6;1;22.02.2016;;229;141.76;
6;1;23.02.2016;;119;141.76;
6;1;24.02.2016;;245;141.76;
6;1;25.02.2016;;248;141.76;
6;1;26.02.2016;;173;141.76;
6;1;27.02.2016;;251;141.76;
6;1;28.02.2016;;298;141.76;
6;1;29.02.2016;;264;141.76;
6;1;01.03.2016;;154;141.76;
6;1;02.03.2016;;207;141.76;
6;1;03.03.2016;;170;141.76;
6;1;04.03.2016;;452;141.76;
6;1;05.03.2016;;393;141.21;
6;1;06.03.2016;;465;141.21;
6;1;07.03.2016;;361;141.21;
6;1;08.03.2016;1;603;141.21;132.92
6;1;09.03.2016;1;559;141.21;132.92
6;1;10.03.2016;1;522;141.21;132.92
6;1;11.03.2016;1;723;141.21;132.92
6;1;12.03.2016;1;776;141.21;132.92
6;1;13.03.2016;1;518;141.21;132.92
6;1;14.03.2016;1;628;141.21;132.92
6;1;15.03.2016;1;870;141.21;130.21
6;1;16.03.2016;1;1043;141.21;130.21
6;1;17.03.2016;1;710;141.21;130.21
6;1;18.03.2016;1;1100;141.21;130.21
6;1;19.03.2016;1;905;141.21;130.21
6;1;20.03.2016;;242;141.21;
6;1;21.03.2016;;154;141.21;
6;1;22.03.2016;;251;141.21;
6;1;23.03.2016;;176;141.21;
6;1;24.03.2016;;157;141.21;
6;1;25.03.2016;;210;141.21;
6;1;26.03.2016;;198;141.21;
6;1;27.03.2016;;261;141.21;
6;1;28.03.2016;;173;141.21;
6;1;29.03.2016;;254;141.21;
6;1;30.03.2016;;167;141.21;
6;1;31.03.2016;;132;141.21;
6;1;01.04.2016;;170;141.21;
6;1;02.04.2016;;176;141.21;
6;1;03.04.2016;;214;141.21;
6;1;04.04.2016;;151;141.21;
6;1;05.04.2016;;195;141.21;
6;1;06.04.2016;;126;141.21;
6;1;07.04.2016;;217;141.21;
6;1;08.04.2016;;349;141.21;
6;1;09.04.2016;;198;141.21;
6;1;10.04.2016;;264;141.21;
6;1;11.04.2016;;226;141.21;
6;1;12.04.2016;;182;141.21;
6;1;13.04.2016;;179;141.21;
6;1;14.04.2016;;336;135.78;
6;1;15.04.2016;;324;135.78;
6;1;16.04.2016;;377;135.78;
6;1;17.04.2016;;308;135.78;
6;1;18.04.2016;;320;135.78;
6;1;19.04.2016;1;920;135.78;122.32
6;1;20.04.2016;1;1464;135.78;122.32
6;1;21.04.2016;1;1458;135.78;122.32
6;1;22.04.2016;1;1002;135.78;122.32
6;1;23.04.2016;1;839;135.78;122.32
6;1;24.04.2016;1;1222;135.78;122.32
6;1;25.04.2016;1;823;135.78;122.32
6;1;26.04.2016;;371;135.78;
6;1;27.04.2016;;264;135.78;
6;1;28.04.2016;;311;135.78;
6;1;29.04.2016;;509;131.16;
6;1;30.04.2016;;390;131.16;
6;1;01.05.2016;;119;131.16;
6;1;02.05.2016;;198;131.16;
6;1;03.05.2016;;119;131.16;
6;1;04.05.2016;;229;131.16;
6;1;05.05.2016;;176;131.16;
6;1;06.05.2016;;547;131.16;
6;1;07.05.2016;;339;131.16;
6;1;08.05.2016;;449;131.16;
6;1;09.05.2016;;195;131.16;
6;1;10.05.2016;;261;131.16;
6;1;11.05.2016;;267;131.16;
6;1;12.05.2016;;198;131.16;
6;1;13.05.2016;;226;128.98;
6;1;14.05.2016;;302;128.98;
6;1;15.05.2016;;286;128.98;
6;1;16.05.2016;;273;128.98;
6;1;17.05.2016;1;986;128.98;119.6
6;1;18.05.2016;1;1514;128.98;119.6
6;1;19.05.2016;1;1247;128.98;119.6
6;1;20.05.2016;1;1169;128.98;119.6
6;1;21.05.2016;1;1232;128.98;119.6
6;1;22.05.2016;1;1225;128.98;119.6
