data/retail_2products.csv
Store_id;SKU_id;Date;Promo;Demand;Regular_Price;Promo_Price
7;1;01.01.2015;;28;152.36;
7;1;02.01.2015;;60;152.36;
7;1;03.01.2015;;82;152.36;
7;1;04.01.2015;;63;152.36;
7;1;05.01.2015;;145;152.36;
7;1;06.01.2015;;217;152.36;
7;1;07.01.2015;;60;152.36;
7;1;08.01.2015;;210;152.36;
7;1;09.01.2015;;173;152.36;
7;1;10.01.2015;;179;152.36;
7;1;11.01.2015;;220;152.36;
7;1;12.01.2015;;509;152.36;
7;1;13.01.2015;;402;152.36;
7;1;14.01.2015;;506;152.36;
7;1;15.01.2015;;333;152.36;
7;1;16.01.2015;;305;168.4;
7;1;17.01.2015;;261;168.4;
7;1;18.01.2015;;126;168.4;
7;1;19.01.2015;;239;168.4;
7;1;20.01.2015;;267;168.4;
7;1;21.01.2015;;223;168.4;
7;1;22.01.2015;;135;168.4;
7;1;23.01.2015;;195;168.4;
7;1;24.01.2015;;210;168.4;
7;1;25.01.2015;;317;168.4;
7;1;26.01.2015;;226;168.4;
7;1;27.01.2015;;188;168.4;
7;1;28.01.2015;;167;168.4;
7;1;29.01.2015;;201;168.4;
7;1;30.01.2015;;126;168.4;
7;1;31.01.2015;;91;168.4;
7;1;01.02.2015;;188;168.4;
7;1;02.02.2015;;101;168.4;
7;1;03.02.2015;;119;168.4;
7;1;04.02.2015;;75;168.4;
7;1;05.02.2015;;412;144.2;
7;1;06.02.2015;;333;144.2;
7;1;07.02.2015;;330;144.2;
7;1;08.02.2015;;267;144.2;
7;1;09.02.2015;;248;144.2;
7;1;10.02.2015;;324;144.2;
7;1;11.02.2015;;157;144.2;
7;1;12.02.2015;;207;144.2;
7;1;13.02.2015;;289;144.2;
7;1;14.02.2015;;245;144.2;
7;1;15.02.2015;;173;144.2;
7;1;16.02.2015;;302;144.2;
7;1;17.02.2015;1;314;144.2;143.8
7;1;18.02.2015;1;503;144.2;135.64
7;1;19.02.2015;1;606;144.2;135.64
7;1;20.02.2015;1;666;144.2;135.64
7;1;21.02.2015;1;462;144.2;135.64
7;1;22.02.2015;1;292;144.2;135.64
7;1;23.02.2015;1;386;144.2;135.64
7;1;24.02.2015;;201;144.2;
7;1;25.02.2015;;295;144.2;
7;1;26.02.2015;;245;144.2;
7;1;27.02.2015;;267;144.2;
7;1;28.02.2015;;421;144.2;
7;1;01.03.2015;;418;144.2;
7;1;02.03.2015;;418;144.2;
7;1;03.03.2015;1;132;144.2;138.36
7;1;04.03.2015;1;474;144.2;135.64
7;1;05.03.2015;1;101;144.2;135.64
7;1;06.03.2015;1;270;144.2;135.64
7;1;07.03.2015;1;679;144.2;135.64
7;1;08.03.2015;1;352;144.2;135.64
7;1;09.03.2015;;170;144.2;
7;1;10.03.2015;;160;144.2;
7;1;11.03.2015;;217;144.2;
7;1;12.03.2015;;198;144.2;
7;1;13.03.2015;;308;144.2;
7;1;14.03.2015;;214;144.2;
7;1;15.03.2015;;173;144.2;
7;1;16.03.2015;;179;144.2;
7;1;17.03.2015;1;1137;144.2;127.49
7;1;18.03.2015;1;1932;144.2;127.49
7;1;19.03.2015;1;1291;144.2;127.49
7;1;20.03.2015;1;1495;144.2;127.49
7;1;21.03.2015;1;905;140.67;127.49
7;1;22.03.2015;1;779;140.67;127.49
7;1;23.03.2015;1;682;140.67;127.49
7;1;24.03.2015;;192;140.67;
7;1;25.03.2015;;204;140.67;
7;1;26.03.2015;;377;131.97;
7;1;27.03.2015;;383;131.97;
7;1;28.03.2015;;330;131.97;
7;1;29.03.2015;;258;131.97;
7;1;30.03.2015;;258;131.97;
7;1;31.03.2015;;352;131.97;
7;1;01.04.2015;;223;133.33;
7;1;02.04.2015;;305;133.33;
7;1;03.04.2015;;151;133.33;
7;1;04.04.2015;;270;133.33;
7;1;05.04.2015;;210;133.33;
7;1;06.04.2015;;151;133.33;
7;1;07.04.2015;1;1627;133.33;119.33
7;1;08.04.2015;1;1894;133.33;119.33
7;1;09.04.2015;1;666;133.33;119.33
7;1;10.04.2015;1;939;133.33;119.33
7;1;11.04.2015;1;924;133.33;119.33
7;1;12.04.2015;1;873;133.33;119.33
7;1;13.04.2015;1;204;133.33;119.33
7;1;14.04.2015;;220;130.34;
7;1;15.04.2015;;289;130.34;
7;1;16.04.2015;;264;130.34;
7;1;17.04.2015;;167;138.5;
7;1;18.04.2015;;154;138.5;
7;1;19.04.2015;;154;138.5;
7;1;20.04.2015;;141;138.5;
7;1;21.04.2015;;176;138.5;
7;1;22.04.2015;;449;128.98;
7;1;23.04.2015;;355;128.98;
7;1;24.04.2015;;258;128.98;
7;1;25.04.2015;;276;128.98;
7;1;26.04.2015;;283;128.98;
7;1;27.04.2015;;261;128.98;
7;1;28.04.2015;;170;128.98;
7;1;29.04.2015;;163;131.7;
7;1;30.04.2015;;220;131.7;
7;1;01.05.2015;;135;131.7;
7;1;02.05.2015;;305;131.7;
7;1;03.05.2015;;176;131.7;
7;1;04.05.2015;;267;131.7;
7;1;05.05.2015;;446;131.7;
7;1;06.05.2015;;214;131.7;
7;1;07.05.2015;;289;131.7;
7;1;08.05.2015;;214;131.7;
7;1;09.05.2015;;145;131.7;
7;1;10.05.2015;;72;131.7;
7;1;11.05.2015;;236;131.7;
7;1;12.05.2015;;173;131.7;
7;1;13.05.2015;;515;131.7;
7;1;14.05.2015;;242;131.7;
7;1;15.05.2015;;292;131.7;
7;1;16.05.2015;;251;131.7;
7;1;17.05.2015;;320;131.7;
7;1;18.05.2015;;261;131.7;
7;1;19.05.2015;1;1530;131.7;119.33
7;1;20.05.2015;1;829;131.7;119.33
7;1;21.05.2015;1;688;131.7;119.33
7;1;22.05.2015;1;600;131.7;119.33
7;1;23.05.2015;1;917;131.7;119.33
7;1;24.05.2015;1;600;131.7;119.33
7;1;25.05.2015;1;905;131.7;119.33
7;1;26.05.2015;;141;131.7;
7;1;27.05.2015;;283;129.25;
7;1;28.05.2015;;314;129.25;
7;1;29.05.2015;;179;129.25;
7;1;30.05.2015;;226;129.25;
7;1;31.05.2015;;214;129.25;
7;1;01.06.2015;;195;129.25;
7;1;02.06.2015;;311;128.98;
7;1;03.06.2015;;292;128.98;
7;1;04.06.2015;;210;128.98;
7;1;05.06.2015;;311;128.98;
7;1;06.06.2015;;261;128.98;
7;1;07.06.2015;;434;128.98;
7;1;08.06.2015;;289;128.98;
7;1;09.06.2015;1;609;128.98;119.33
7;1;10.06.2015;1;1062;128.98;119.33
7;1;11.06.2015;1;807;128.98;119.33
7;1;12.06.2015;1;537;128.98;119.33
7;1;13.06.2015;1;760;128.98;119.33
7;1;14.06.2015;1;456;128.98;119.33
7;1;15.06.2015;1;522;128.98;119.33
7;1;16.06.2015;;547;128.98;
7;1;17.06.2015;;292;128.98;
7;1;18.06.2015;;342;128.98;
7;1;19.06.2015;;317;128.98;
7;1;20.06.2015;;207;128.98;
7;1;21.06.2015;;258;128.98;
7;1;22.06.2015;;468;128.98;
7;1;23.06.2015;;663;128.98;
7;1;24.06.2015;;430;128.98;
7;1;25.06.2015;;503;128.98;
7;1;26.06.2015;;418;128.98;
7;1;27.06.2015;;434;128.98;
7;1;28.06.2015;;286;128.98;
7;1;29.06.2015;;371;128.98;
7;1;30.06.2015;1;591;128.98;119.33
7;1;01.07.2015;1;763;128.98;119.33
7;1;02.07.2015;1;873;128.98;119.33
7;1;03.07.2015;1;1178;128.98;119.33
7;1;04.07.2015;1;751;128.98;119.33
7;1;05.07.2015;1;1125;128.98;119.33
7;1;06.07.2015;1;726;128.98;119.33
7;1;07.07.2015;;163;128.98;
7;1;08.07.2015;;289;128.98;
7;1;09.07.2015;;204;128.98;
7;1;10.07.2015;;204;128.98;
7;1;11.07.2015;;232;128.98;
7;1;12.07.2015;;101;128.98;
7;1;13.07.2015;;195;128.98;
7;1;14.07.2015;;267;128.98;
7;1;15.07.2015;;305;128.98;
7;1;16.07.2015;;459;128.98;
7;1;17.07.2015;;427;128.98;
7;1;18.07.2015;;415;128.98;
7;1;19.07.2015;;330;128.98;
7;1;20.07.2015;;459;128.98;
7;1;21.07.2015;;462;128.98;
7;1;22.07.2015;;540;128.98;
7;1;23.07.2015;;628;128.98;
7;1;24.07.2015;;487;128.98;
7;1;25.07.2015;;550;128.98;
7;1;26.07.2015;;785;128.98;
7;1;27.07.2015;;606;128.98;
7;1;28.07.2015;1;1049;128.98;124.77
7;1;29.07.2015;1;763;128.98;124.77
7;1;30.07.2015;1;704;128.98;124.77
7;1;31.07.2015;1;983;128.98;124.77
7;1;01.08.2015;1;877;128.98;124.77
7;1;02.08.2015;1;792;128.98;124.77
7;1;03.08.2015;1;977;128.98;124.77
7;1;04.08.2015;;537;128.98;
7;1;05.08.2015;;613;128.98;
7;1;06.08.2015;;547;128.98;
7;1;07.08.2015;;434;128.98;
7;1;08.08.2015;;789;128.98;
7;1;09.08.2015;;371;128.98;
7;1;10.08.2015;;383;128.98;
7;1;11.08.2015;;650;128.98;
7;1;12.08.2015;;591;128.98;
7;1;13.08.2015;;1156;128.98;
7;1;14.08.2015;;707;128.98;
7;1;15.08.2015;;635;128.98;
7;1;16.08.2015;;518;128.98;
7;1;17.08.2015;;647;128.98;
7;1;18.08.2015;;939;128.98;
7;1;19.08.2015;;474;128.98;
7;1;20.08.2015;;609;128.98;
7;1;21.08.2015;;927;128.98;
7;1;22.08.2015;;581;128.98;
7;1;23.08.2015;;641;128.98;
7;1;24.08.2015;;1266;128.98;
7;1;25.08.2015;;1043;128.98;
7;1;26.08.2015;;1172;128.98;
7;1;27.08.2015;;996;128.98;
7;1;28.08.2015;;814;128.98;
7;1;29.08.2015;;1081;128.98;
7;1;30.08.2015;;594;128.98;
7;1;31.08.2015;;939;128.98;
7;1;01.09.2015;;1084;128.98;
7;1;02.09.2015;;540;128.98;
7;1;03.09.2015;;924;128.98;
7;1;04.09.2015;;801;128.98;
7;1;05.09.2015;;867;128.98;
7;1;06.09.2015;;402;128.98;
7;1;07.09.2015;;902;128.98;
7;1;08.09.2015;;726;128.98;
7;1;09.09.2015;;792;128.98;
7;1;10.09.2015;;449;128.98;
7;1;11.09.2015;;578;128.98;
7;1;12.09.2015;;1232;128.98;
7;1;13.09.2015;;1008;128.98;
7;1;14.09.2015;;789;128.98;
7;1;15.09.2015;;1162;128.98;
7;1;16.09.2015;;883;128.98;
7;1;17.09.2015;;653;128.98;
7;1;18.09.2015;;167;128.98;
7;1;19.09.2015;;704;128.98;
7;1;20.09.2015;;851;128.98;
7;1;21.09.2015;;902;128.98;
7;1;22.09.2015;;1131;128.98;
7;1;23.09.2015;;1288;128.98;
7;1;24.09.2015;;1049;128.98;
7;1;25.09.2015;;804;128.98;
7;1;26.09.2015;;490;128.98;
7;1;27.09.2015;;368;128.98;
7;1;28.09.2015;;594;128.98;
7;1;29.09.2015;;647;128.98;
7;1;30.09.2015;;1024;128.98;
7;1;01.10.2015;;833;128.98;
7;1;02.10.2015;;653;128.98;
7;1;03.10.2015;;484;141.21;
7;1;04.10.2015;;201;141.21;
7;1;05.10.2015;;242;141.21;
7;1;06.10.2015;1;500;141.21;132.92
7;1;07.10.2015;1;405;141.21;130.21
7;1;08.10.2015;1;569;141.11;130.21
7;1;09.10.2015;1;644;141.21;130.21
7;1;10.10.2015;1;565;141.21;130.21
7;1;11.10.2015;1;437;141.21;130.21
7;1;12.10.2015;1;412;141.21;130.21
7;1;13.10.2015;;223;141.21;
7;1;14.10.2015;;242;141.21;
7;1;15.10.2015;;358;142.57;
7;1;16.10.2015;;302;142.57;
7;1;17.10.2015;;346;142.57;
7;1;18.10.2015;;176;142.57;
7;1;19.10.2015;;204;142.57;
7;1;20.10.2015;;185;142.57;
7;1;21.10.2015;;349;130.34;
7;1;22.10.2015;;522;130.34;
7;1;23.10.2015;;559;130.34;
7;1;24.10.2015;;286;130.34;
7;1;25.10.2015;;371;130.34;
7;1;26.10.2015;;358;130.34;
7;1;27.10.2015;1;933;130.34;122.32
7;1;28.10.2015;1;949;130.34;124.77
7;1;29.10.2015;1;647;130.34;124.77
7;1;30.10.2015;1;82;130.34;124.77
7;1;31.10.2015;1;82;130.34;124.77
7;1;01.11.2015;1;79;130.34;124.77
7;1;02.11.2015;1;440;130.34;124.77
7;1;03.11.2015;;295;130.34;
7;1;04.11.2015;;308;134.69;
7;1;05.11.2015;;210;134.69;
7;1;06.11.2015;;236;134.69;
7;1;07.11.2015;;170;134.69;
7;1;08.11.2015;;239;134.69;
7;1;09.11.2015;;273;134.69;
7;1;10.11.2015;;236;134.69;
7;1;11.11.2015;;182;130.34;
7;1;12.11.2015;;116;130.34;
7;1;13.11.2015;;280;130.34;
7;1;14.11.2015;;236;130.34;
7;1;15.11.2015;;311;130.34;
7;1;16.11.2015;;361;130.34;
7;1;17.11.2015;;261;130.34;
7;1;18.11.2015;;647;130.34;
7;1;19.11.2015;;226;130.34;
7;1;20.11.2015;;245;130.34;
7;1;21.11.2015;;308;130.34;
7;1;22.11.2015;;295;130.34;
7;1;23.11.2015;;421;130.34;
7;1;24.11.2015;1;2306;130.34;116.61
7;1;25.11.2015;1;2111;130.34;116.61
7;1;26.11.2015;1;163;130.34;116.61
7;1;27.11.2015;1;327;130.34;116.61
7;1;28.11.2015;1;600;130.34;116.61
7;1;29.11.2015;1;437;130.34;116.61
7;1;30.11.2015;1;1470;130.34;116.61
7;1;01.12.2015;;258;130.34;
7;1;02.12.2015;;148;130.34;
7;1;03.12.2015;;214;130.34;
7;1;04.12.2015;;430;130.34;
7;1;05.12.2015;1;1106;130.34;116.61
7;1;06.12.2015;1;1345;130.34;116.61
7;1;07.12.2015;1;754;130.34;116.61
7;1;08.12.2015;;261;130.34;
7;1;09.12.2015;;110;130.34;
7;1;10.12.2015;;141;130.34;
7;1;11.12.2015;;317;130.34;
7;1;12.12.2015;;251;130.34;
7;1;13.12.2015;;148;130.34;
7;1;14.12.2015;;314;130.34;
7;1;15.12.2015;;176;130.34;
7;1;16.12.2015;;302;130.34;
7;1;17.12.2015;;264;130.34;
7;1;18.12.2015;;368;130.34;
7;1;19.12.2015;;229;130.34;
7;1;20.12.2015;;107;130.34;
7;1;21.12.2015;;223;130.34;
7;1;22.12.2015;;226;130.34;
7;1;23.12.2015;;223;130.34;
7;1;24.12.2015;;317;126.54;
7;1;25.12.2015;;267;126.54;
7;1;26.12.2015;;229;126.54;
7;1;27.12.2015;;188;126.54;
7;1;28.12.2015;;145;126.54;
7;1;29.12.2015;;210;126.54;
7;1;30.12.2015;;163;126.54;
7;1;31.12.2015;;185;126.54;
7;1;01.01.2016;;22;126.54;
7;1;02.01.2016;;110;126.54;
7;1;03.01.2016;;160;126.54;
7;1;04.01.2016;;129;126.54;
7;1;05.01.2016;;229;126.54;
7;1;06.01.2016;;232;126.54;
7;1;07.01.2016;;170;126.54;
7;1;08.01.2016;;210;126.54;
7;1;09.01.2016;;167;126.54;
7;1;10.01.2016;;154;126.54;
7;1;11.01.2016;;204;126.54;
7;1;12.01.2016;;405;126.54;
7;1;13.01.2016;;232;126.54;
7;1;14.01.2016;;355;126.54;
7;1;15.01.2016;;424;126.54;
7;1;16.01.2016;;487;126.54;
7;1;17.01.2016;;371;126.54;
7;1;18.01.2016;;308;126.54;
7;1;19.01.2016;;371;126.54;
7;1;20.01.2016;;609;126.54;
7;1;21.01.2016;;236;127.9;
7;1;22.01.2016;;361;127.9;
7;1;23.01.2016;;547;127.9;
7;1;24.01.2016;;421;127.9;
7;1;25.01.2016;;468;127.9;
7;1;26.01.2016;;446;127.9;
7;1;27.01.2016;;324;127.9;
7;1;28.01.2016;;465;127.9;
7;1;29.01.2016;;506;127.9;
7;1;30.01.2016;;459;127.9;
7;1;31.01.2016;;327;127.9;
7;1;01.02.2016;;377;130.34;
7;1;02.02.2016;;298;130.34;
7;1;03.02.2016;;236;130.34;
7;1;04.02.2016;;515;133.06;
7;1;05.02.2016;;280;133.06;
7;1;06.02.2016;;396;133.06;
7;1;07.02.2016;;264;141.76;
7;1;08.02.2016;;305;141.76;
7;1;09.02.2016;1;591;141.76;130.75
7;1;10.02.2016;1;911;141.76;130.75
7;1;11.02.2016;1;569;141.76;130.75
7;1;12.02.2016;1;666;141.76;130.75
7;1;13.02.2016;1;650;141.76;130.75
7;1;14.02.2016;1;547;141.76;130.75
7;1;15.02.2016;1;741;141.76;130.75
7;1;16.02.2016;1;572;141.76;130.75
7;1;17.02.2016;1;534;141.76;130.75
7;1;18.02.2016;;217;141.76;
7;1;19.02.2016;;198;141.76;
7;1;20.02.2016;;226;141.76;
7;1;21.02.2016;;198;141.76;
7;1;22.02.2016;;236;141.76;
7;1;23.02.2016;;104;141.76;
7;1;24.02.2016;;173;141.76;
7;1;25.02.2016;;242;141.76;
7;1;26.02.2016;;239;141.76;
7;1;27.02.2016;;182;141.76;
7;1;28.02.2016;;195;141.76;
7;1;29.02.2016;;242;141.76;
7;1;01.03.2016;;229;141.76;
7;1;02.03.2016;;179;141.76;
7;1;03.03.2016;;160;141.76;
7;1;04.03.2016;;229;141.76;
7;1;05.03.2016;;261;141.21;
7;1;06.03.2016;;270;141.21;
7;1;07.03.2016;;226;141.21;
7;1;08.03.2016;1;264;141.21;132.92
7;1;09.03.2016;1;267;141.21;132.92
7;1;10.03.2016;1;496;141.21;132.92
7;1;11.03.2016;1;449;141.21;132.92
7;1;12.03.2016;1;474;141.21;132.92
7;1;13.03.2016;1;346;141.21;132.92
7;1;14.03.2016;1;481;141.21;132.92
7;1;15.03.2016;1;650;141.21;130.21
7;1;16.03.2016;1;713;141.21;130.21
7;1;17.03.2016;1;1012;141.21;130.21
7;1;18.03.2016;1;644;141.21;130.21
7;1;19.03.2016;1;732;141.21;130.21
7;1;20.03.2016;;210;141.21;
7;1;21.03.2016;;176;141.21;
7;1;22.03.2016;;154;141.21;
7;1;23.03.2016;;145;141.21;
7;1;24.03.2016;;160;141.21;
7;1;25.03.2016;;286;141.21;
7;1;26.03.2016;;145;141.21;
7;1;27.03.2016;;113;141.21;
7;1;28.03.2016;;94;141.21;
7;1;29.03.2016;;129;141.21;
7;1;30.03.2016;;132;141.21;
7;1;31.03.2016;;85;141.21;
7;1;01.04.2016;;201;141.21;
7;1;02.04.2016;;97;141.21;
7;1;03.04.2016;;145;141.21;
7;1;04.04.2016;;129;141.21;
7;1;05.04.2016;;132;141.21;
7;1;06.04.2016;;151;141.21;
7;1;07.04.2016;;91;141.21;
7;1;08.04.2016;;119;141.21;
7;1;09.04.2016;;63;141.21;
7;1;10.04.2016;;167;141.21;
7;1;11.04.2016;;264;141.21;
7;1;12.04.2016;;154;141.21;
7;1;13.04.2016;;113;141.21;
7;1;14.04.2016;;204;135.78;
7;1;15.04.2016;;320;135.78;
7;1;16.04.2016;;305;135.78;
7;1;17.04.2016;;185;135.78;
7;1;18.04.2016;;179;135.78;
7;1;19.04.2016;1;421;135.78;122.32
7;1;20.04.2016;1;1166;135.78;122.32
7;1;21.04.2016;1;594;135.78;122.32
7;1;22.04.2016;1;845;135.78;122.32
7;1;23.04.2016;1;716;135.78;122.32
7;1;24.04.2016;1;503;135.78;122.32
7;1;25.04.2016;1;594;135.78;122.32
7;1;26.04.2016;;204;135.78;
7;1;27.04.2016;;160;135.78;
7;1;28.04.2016;;154;135.78;
7;1;29.04.2016;;220;131.16;
7;1;30.04.2016;;207;131.16;
7;1;01.05.2016;;195;131.16;
7;1;02.05.2016;;66;131.16;
7;1;03.05.2016;;88;131.16;
7;1;04.05.2016;;101;131.16;
7;1;05.05.2016;;188;131.16;
7;1;06.05.2016;;192;131.16;
7;1;07.05.2016;;261;131.16;
7;1;08.05.2016;;138;131.16;
7;1;09.05.2016;;145;131.16;
7;1;10.05.2016;;220;131.16;
7;1;11.05.2016;;198;131.16;
7;1;12.05.2016;;145;131.16;
7;1;13.05.2016;;245;128.98;
7;1;14.05.2016;;210;128.98;
7;1;15.05.2016;;641;128.98;
7;1;16.05.2016;;239;128.98;
7;1;17.05.2016;1;468;128.98;119.6
7;1;18.05.2016;1;748;128.98;119.6
7;1;19.05.2016;1;738;128.98;119.6
7;1;20.05.2016;1;1021;128.98;119.6
7;1;21.05.2016;1;471;128.98;119.6
7;1;22.05.2016;1;534;128.98;119.6
