data/retail_2products.csv
Store_id;SKU_id;Date;Promo;Demand;Regular_Price;Promo_Price
8;1;01.01.2015;;22;154.26;
8;1;02.01.2015;;60;154.26;
8;1;03.01.2015;;182;154.26;
8;1;04.01.2015;;145;154.26;
8;1;05.01.2015;;154;154.26;
8;1;06.01.2015;;151;154.26;
8;1;07.01.2015;;148;154.26;
8;1;08.01.2015;;226;154.26;
8;1;09.01.2015;;333;154.26;
8;1;10.01.2015;;154;154.26;
8;1;11.01.2015;;204;154.26;
8;1;12.01.2015;;264;154.26;
8;1;13.01.2015;;273;154.26;
8;1;14.01.2015;;371;154.26;
8;1;15.01.2015;;198;154.26;
8;1;16.01.2015;;188;168.13;
8;1;17.01.2015;;204;168.13;
8;1;18.01.2015;;188;168.13;
8;1;19.01.2015;;135;168.13;
8;1;20.01.2015;;119;168.13;
8;1;21.01.2015;;154;168.13;
8;1;22.01.2015;;129;168.13;
8;1;23.01.2015;;129;168.13;
8;1;24.01.2015;;104;168.13;
8;1;25.01.2015;;132;168.13;
8;1;26.01.2015;;141;168.13;
8;1;27.01.2015;;185;168.13;
8;1;28.01.2015;;116;168.13;
8;1;29.01.2015;;141;168.13;
8;1;30.01.2015;;88;168.13;
8;1;31.01.2015;;129;168.13;
8;1;01.02.2015;;79;168.13;
8;1;02.02.2015;;110;168.13;
8;1;03.02.2015;;104;168.13;
8;1;04.02.2015;;66;168.13;
8;1;05.02.2015;;446;143.93;
8;1;06.02.2015;;591;143.93;
8;1;07.02.2015;;459;143.93;
8;1;08.02.2015;;295;143.93;
8;1;09.02.2015;;547;143.93;
8;1;10.02.2015;;553;143.93;
8;1;11.02.2015;;481;143.93;
8;1;12.02.2015;;537;143.93;
8;1;13.02.2015;;638;143.93;
8;1;14.02.2015;;522;143.93;
8;1;15.02.2015;;572;143.93;
8;1;16.02.2015;;741;143.93;
8;1;17.02.2015;1;823;143.93;143.8
8;1;18.02.2015;1;619;143.93;135.64
8;1;19.02.2015;1;1404;143.93;135.64
8;1;20.02.2015;1;1756;143.93;135.64
8;1;21.02.2015;1;1392;143.93;135.64
8;1;22.02.2015;1;716;143.93;135.64
8;1;23.02.2015;1;578;143.93;135.64
8;1;24.02.2015;;289;143.93;
8;1;25.02.2015;;349;143.93;
8;1;26.02.2015;;302;143.93;
8;1;27.02.2015;;317;143.93;
8;1;28.02.2015;;550;143.93;
8;1;01.03.2015;;462;143.93;
8;1;02.03.2015;;478;143.93;
8;1;03.03.2015;1;465;143.93;138.36
8;1;04.03.2015;1;393;143.93;135.64
8;1;05.03.2015;1;679;143.93;135.64
8;1;06.03.2015;1;509;143.93;135.64
8;1;07.03.2015;1;1166;143.93;135.64
8;1;08.03.2015;1;597;143.93;135.64
8;1;09.03.2015;;223;143.93;
8;1;10.03.2015;;286;143.93;
8;1;11.03.2015;;402;143.93;
8;1;12.03.2015;;317;143.93;
8;1;13.03.2015;;408;143.93;
8;1;14.03.2015;;270;143.93;
8;1;15.03.2015;;302;143.93;
8;1;16.03.2015;;358;143.93;
8;1;17.03.2015;1;2353;143.93;127.49
8;1;18.03.2015;1;2416;143.93;127.49
8;1;19.03.2015;1;2463;143.93;127.49
8;1;20.03.2015;1;1665;143.93;127.49
8;1;21.03.2015;1;1608;145.02;127.49
8;1;22.03.2015;1;374;145.02;127.49
8;1;23.03.2015;1;305;145.02;127.49
8;1;24.03.2015;;229;145.02;
8;1;25.03.2015;;198;145.02;
8;1;26.03.2015;;688;131.97;
8;1;27.03.2015;;789;131.97;
8;1;28.03.2015;;396;131.97;
8;1;29.03.2015;;198;131.97;
8;1;30.03.2015;;503;131.97;
8;1;31.03.2015;;543;131.97;
8;1;01.04.2015;;462;133.33;
8;1;02.04.2015;;408;133.33;
8;1;03.04.2015;;543;133.33;
8;1;04.04.2015;;456;133.33;
8;1;05.04.2015;;358;133.33;
8;1;06.04.2015;;254;133.33;
8;1;07.04.2015;1;2614;133.33;119.33
8;1;08.04.2015;1;2491;133.33;119.33
8;1;09.04.2015;1;1502;133.33;119.33
8;1;10.04.2015;1;1433;133.33;119.33
8;1;11.04.2015;1;1398;133.33;119.33
8;1;12.04.2015;1;1316;133.33;119.33
8;1;13.04.2015;1;280;133.33;119.33
8;1;14.04.2015;;346;130.34;
8;1;15.04.2015;;368;130.34;
8;1;16.04.2015;;364;130.34;
8;1;17.04.2015;;188;138.5;
8;1;18.04.2015;;229;138.5;
8;1;19.04.2015;;176;138.5;
8;1;20.04.2015;;170;138.5;
8;1;21.04.2015;;157;138.5;
8;1;22.04.2015;;248;128.98;
8;1;23.04.2015;;330;128.98;
8;1;24.04.2015;;352;128.98;
8;1;25.04.2015;;352;128.98;
8;1;26.04.2015;;327;128.98;
8;1;27.04.2015;;437;128.98;
8;1;28.04.2015;;358;128.98;
8;1;29.04.2015;;239;131.7;
8;1;30.04.2015;;317;131.7;
8;1;01.05.2015;;104;131.7;
8;1;02.05.2015;;154;131.7;
8;1;03.05.2015;;185;131.7;
8;1;04.05.2015;;220;131.7;
8;1;05.05.2015;;276;131.7;
8;1;06.05.2015;;242;131.7;
8;1;07.05.2015;;396;131.7;
8;1;08.05.2015;;214;131.7;
8;1;09.05.2015;;141;131.7;
8;1;10.05.2015;;188;131.7;
8;1;11.05.2015;;242;131.7;
8;1;12.05.2015;;248;131.7;
8;1;13.05.2015;;280;131.7;
8;1;14.05.2015;;270;131.7;
8;1;15.05.2015;;412;131.7;
8;1;16.05.2015;;405;131.7;
8;1;17.05.2015;;283;131.7;
8;1;18.05.2015;;396;131.7;
8;1;19.05.2015;1;1392;131.7;119.33
8;1;20.05.2015;1;1319;131.7;119.33
8;1;21.05.2015;1;1357;131.7;119.33
8;1;22.05.2015;1;980;131.7;119.33
8;1;23.05.2015;1;547;131.7;119.33
8;1;24.05.2015;1;754;131.7;119.33
8;1;25.05.2015;1;820;131.7;119.33
8;1;26.05.2015;;239;131.7;
8;1;27.05.2015;;163;129.25;
8;1;28.05.2015;;157;129.25;
8;1;29.05.2015;;273;129.25;
8;1;30.05.2015;;245;129.25;
8;1;31.05.2015;;182;129.25;
8;1;01.06.2015;;104;129.25;
8;1;02.06.2015;;170;128.98;
8;1;03.06.2015;;217;128.98;
8;1;04.06.2015;;270;128.98;
8;1;05.06.2015;;210;128.98;
8;1;06.06.2015;;226;128.98;
8;1;07.06.2015;;207;128.98;
8;1;08.06.2015;;248;128.98;
8;1;09.06.2015;1;707;128.98;119.33
8;1;10.06.2015;1;949;128.98;119.33
8;1;11.06.2015;1;996;128.98;119.33
8;1;12.06.2015;1;506;128.98;119.33
8;1;13.06.2015;1;729;128.98;119.33
8;1;14.06.2015;1;336;128.98;119.33
8;1;15.06.2015;1;584;128.98;119.33
8;1;16.06.2015;;261;128.98;
8;1;17.06.2015;;226;128.98;
8;1;18.06.2015;;195;128.98;
8;1;19.06.2015;;242;128.98;
8;1;20.06.2015;;239;128.98;
8;1;21.06.2015;;239;128.98;
8;1;22.06.2015;;440;128.98;
8;1;23.06.2015;;317;128.98;
8;1;24.06.2015;;396;128.98;
8;1;25.06.2015;;446;128.98;
8;1;26.06.2015;;484;128.98;
8;1;27.06.2015;;254;128.98;
8;1;28.06.2015;;522;128.98;
8;1;29.06.2015;;628;128.98;
8;1;30.06.2015;1;873;128.98;119.33
8;1;01.07.2015;1;641;128.98;119.33
8;1;02.07.2015;1;977;128.98;119.33
8;1;03.07.2015;1;833;128.98;119.33
8;1;04.07.2015;1;807;128.98;119.33
8;1;05.07.2015;1;342;128.98;119.33
8;1;06.07.2015;1;657;128.98;119.33
8;1;07.07.2015;;273;128.98;
8;1;08.07.2015;;264;128.98;
8;1;09.07.2015;;160;128.98;
8;1;10.07.2015;;295;128.98;
8;1;11.07.2015;;223;128.98;
8;1;12.07.2015;;399;128.98;
8;1;13.07.2015;;314;128.98;
8;1;14.07.2015;;232;128.98;
8;1;15.07.2015;;474;128.98;
8;1;16.07.2015;;427;128.98;
8;1;17.07.2015;;478;128.98;
8;1;18.07.2015;;437;128.98;
8;1;19.07.2015;;449;128.98;
8;1;20.07.2015;;631;128.98;
8;1;21.07.2015;;949;128.98;
8;1;22.07.2015;;600;128.98;
8;1;23.07.2015;;603;128.98;
8;1;24.07.2015;;383;128.98;
8;1;25.07.2015;;531;128.98;
8;1;26.07.2015;;729;128.98;
8;1;27.07.2015;;1015;128.98;
8;1;28.07.2015;1;1257;128.98;124.77
8;1;29.07.2015;1;1301;128.98;124.77
8;1;30.07.2015;1;1247;128.98;124.77
8;1;31.07.2015;1;1169;128.98;124.77
8;1;01.08.2015;1;839;128.98;124.77
8;1;02.08.2015;1;990;128.98;124.77
8;1;03.08.2015;1;1166;128.98;124.77
8;1;04.08.2015;;1115;128.98;
8;1;05.08.2015;;1049;128.98;
8;1;06.08.2015;;1169;128.98;
8;1;07.08.2015;;1065;128.98;
8;1;08.08.2015;;990;128.98;
8;1;09.08.2015;;776;128.98;
8;1;10.08.2015;;1495;128.98;
8;1;11.08.2015;;1294;128.98;
8;1;12.08.2015;;1335;128.98;
8;1;13.08.2015;;1005;128.98;
8;1;14.08.2015;;873;128.98;
8;1;15.08.2015;;569;128.98;
8;1;16.08.2015;;763;128.98;
8;1;17.08.2015;;1210;128.98;
8;1;18.08.2015;;1068;128.98;
8;1;19.08.2015;;974;128.98;
8;1;20.08.2015;;1153;128.98;
8;1;21.08.2015;;1433;128.98;
8;1;22.08.2015;;911;128.98;
8;1;23.08.2015;;977;128.98;
8;1;24.08.2015;;1404;128.98;
8;1;25.08.2015;;1646;128.98;
8;1;26.08.2015;;1527;128.98;
8;1;27.08.2015;;748;128.98;
8;1;28.08.2015;;1392;128.98;
8;1;29.08.2015;;920;128.98;
8;1;30.08.2015;;1140;128.98;
8;1;31.08.2015;;999;128.98;
8;1;01.09.2015;;889;128.98;
8;1;02.09.2015;;1304;128.98;
8;1;03.09.2015;;1455;128.98;
8;1;04.09.2015;;1122;128.98;
8;1;05.09.2015;;704;128.98;
8;1;06.09.2015;;767;128.98;
8;1;07.09.2015;;980;128.98;
8;1;08.09.2015;;1106;128.98;
8;1;09.09.2015;;1297;128.98;
8;1;10.09.2015;;952;128.98;
8;1;11.09.2015;;1565;128.98;
8;1;12.09.2015;;1122;128.98;
8;1;13.09.2015;;861;128.98;
8;1;14.09.2015;;1448;128.98;
8;1;15.09.2015;;1351;128.98;
8;1;16.09.2015;;1147;128.98;
8;1;17.09.2015;;1081;128.98;
8;1;18.09.2015;;1090;128.98;
8;1;19.09.2015;;789;128.98;
8;1;20.09.2015;;848;128.98;
8;1;21.09.2015;;1326;128.98;
8;1;22.09.2015;;1137;128.98;
8;1;23.09.2015;;1115;128.98;
8;1;24.09.2015;;999;128.98;
8;1;25.09.2015;;1156;128.98;
8;1;26.09.2015;;669;128.98;
8;1;27.09.2015;;1068;128.98;
8;1;28.09.2015;;1423;128.98;
8;1;29.09.2015;;1147;141.21;
8;1;30.09.2015;;855;141.21;
8;1;01.10.2015;;1348;141.21;
8;1;02.10.2015;;1172;141.21;
8;1;03.10.2015;;572;141.21;
8;1;04.10.2015;;1021;141.21;
8;1;05.10.2015;;352;141.21;
8;1;06.10.2015;1;961;141.21;132.92
8;1;07.10.2015;1;939;141.21;130.21
8;1;08.10.2015;1;889;141.11;130.21
8;1;09.10.2015;1;3468;141.21;130.21
8;1;10.10.2015;1;719;141.21;130.21
8;1;11.10.2015;1;239;141.21;130.21
8;1;12.10.2015;1;1084;141.21;130.21
8;1;13.10.2015;;873;141.21;
8;1;14.10.2015;;792;141.21;
8;1;15.10.2015;;723;142.57;
8;1;16.10.2015;;638;142.57;
8;1;17.10.2015;;264;142.57;
8;1;18.10.2015;;214;142.57;
8;1;19.10.2015;;204;142.57;
8;1;20.10.2015;;214;142.57;
8;1;21.10.2015;;644;130.34;
8;1;22.10.2015;;474;130.34;
8;1;23.10.2015;;434;130.34;
8;1;24.10.2015;;126;130.34;
8;1;25.10.2015;;471;130.34;
8;1;26.10.2015;;459;130.34;
8;1;27.10.2015;1;1461;130.34;122.32
8;1;28.10.2015;1;1901;130.34;122.32
8;1;29.10.2015;1;1059;130.34;122.32
8;1;30.10.2015;1;861;130.34;122.32
8;1;31.10.2015;1;719;130.34;122.32
8;1;01.11.2015;1;522;130.34;122.32
8;1;02.11.2015;1;679;130.34;122.32
8;1;03.11.2015;;295;130.34;
8;1;04.11.2015;;217;134.69;
8;1;05.11.2015;;217;134.69;
8;1;06.11.2015;;226;134.69;
8;1;07.11.2015;;223;134.69;
8;1;08.11.2015;;248;134.69;
8;1;09.11.2015;;160;134.69;
8;1;10.11.2015;;289;134.69;
8;1;11.11.2015;;298;130.34;
8;1;12.11.2015;;342;130.34;
8;1;13.11.2015;;377;130.34;
8;1;14.11.2015;;195;130.34;
8;1;15.11.2015;;258;130.34;
8;1;16.11.2015;;283;130.34;
8;1;17.11.2015;;349;130.34;
8;1;18.11.2015;;399;130.34;
8;1;19.11.2015;;324;130.34;
8;1;20.11.2015;;430;130.34;
8;1;21.11.2015;;449;130.34;
8;1;22.11.2015;;314;130.34;
8;1;23.11.2015;;528;130.34;
8;1;24.11.2015;1;3541;130.34;116.61
8;1;25.11.2015;1;3547;130.34;116.61
8;1;26.11.2015;1;1338;130.34;116.61
8;1;27.11.2015;1;2262;130.34;116.61
8;1;28.11.2015;1;2689;130.34;116.61
8;1;29.11.2015;1;2695;130.34;116.61
8;1;30.11.2015;1;2944;130.34;116.61
8;1;01.12.2015;;324;130.34;
8;1;02.12.2015;;220;130.34;
8;1;03.12.2015;;264;130.34;
8;1;04.12.2015;;217;130.34;
8;1;05.12.2015;1;1499;130.34;116.61
8;1;06.12.2015;1;1436;130.34;116.61
8;1;07.12.2015;1;1731;130.34;116.61
8;1;08.12.2015;;368;130.34;
8;1;09.12.2015;;167;130.34;
8;1;10.12.2015;;170;130.34;
8;1;11.12.2015;;217;130.34;
8;1;12.12.2015;;176;130.34;
8;1;13.12.2015;;91;130.34;
8;1;14.12.2015;;25;130.34;
8;1;15.12.2015;;157;130.34;
8;1;16.12.2015;;280;130.34;
8;1;17.12.2015;;330;130.34;
8;1;18.12.2015;;352;130.34;
8;1;19.12.2015;;270;130.34;
8;1;20.12.2015;;292;130.34;
8;1;21.12.2015;;324;130.34;
8;1;22.12.2015;;251;130.34;
8;1;23.12.2015;;371;130.34;
8;1;24.12.2015;;305;126.54;
8;1;25.12.2015;;456;126.54;
8;1;26.12.2015;;478;126.54;
8;1;27.12.2015;;418;126.54;
8;1;28.12.2015;;408;126.54;
8;1;29.12.2015;;415;126.54;
8;1;30.12.2015;;481;126.54;
8;1;31.12.2015;;320;126.54;
8;1;01.01.2016;;35;126.54;
8;1;02.01.2016;;229;126.54;
8;1;03.01.2016;;273;126.54;
8;1;04.01.2016;;333;126.54;
8;1;05.01.2016;;487;126.54;
8;1;06.01.2016;;371;126.54;
8;1;07.01.2016;;418;126.54;
8;1;08.01.2016;;452;126.54;
8;1;09.01.2016;;528;126.54;
8;1;10.01.2016;;336;126.54;
8;1;11.01.2016;;675;126.54;
8;1;12.01.2016;;597;126.54;
8;1;13.01.2016;;553;126.54;
8;1;14.01.2016;;493;126.54;
8;1;15.01.2016;;427;126.54;
8;1;16.01.2016;;609;126.54;
8;1;17.01.2016;;707;126.54;
8;1;18.01.2016;;528;126.54;
8;1;19.01.2016;;845;126.54;
8;1;20.01.2016;;506;126.54;
8;1;21.01.2016;;547;127.9;
8;1;22.01.2016;;481;127.9;
8;1;23.01.2016;;565;127.9;
8;1;24.01.2016;;534;127.9;
8;1;25.01.2016;;691;127.9;
8;1;26.01.2016;;653;127.9;
8;1;27.01.2016;;657;127.9;
8;1;28.01.2016;;842;127.9;
8;1;29.01.2016;;584;127.9;
8;1;30.01.2016;;587;127.9;
8;1;31.01.2016;;346;127.9;
8;1;01.02.2016;;402;130.34;
8;1;02.02.2016;;600;130.34;
8;1;03.02.2016;;543;130.34;
8;1;04.02.2016;;421;133.06;
8;1;05.02.2016;;452;133.06;
8;1;06.02.2016;;745;133.06;
8;1;07.02.2016;;330;141.76;
8;1;08.02.2016;;358;141.76;
8;1;09.02.2016;1;782;141.76;130.75
8;1;10.02.2016;1;1008;141.76;130.75
8;1;11.02.2016;1;933;141.76;130.75
8;1;12.02.2016;1;770;141.76;130.75
8;1;13.02.2016;1;550;141.76;130.75
8;1;14.02.2016;1;421;141.76;130.75
8;1;15.02.2016;1;653;141.76;130.75
8;1;16.02.2016;1;682;141.76;130.75
8;1;17.02.2016;1;657;141.76;130.75
8;1;18.02.2016;;317;141.76;
8;1;19.02.2016;;380;141.76;
8;1;20.02.2016;;179;141.76;
8;1;21.02.2016;;157;141.76;
8;1;22.02.2016;;217;141.76;
8;1;23.02.2016;;110;141.76;
8;1;24.02.2016;;179;141.76;
8;1;25.02.2016;;210;141.76;
8;1;26.02.2016;;264;141.76;
8;1;27.02.2016;;192;141.76;
8;1;28.02.2016;;248;141.76;
8;1;29.02.2016;;188;141.76;
8;1;01.03.2016;;292;141.76;
8;1;02.03.2016;;248;141.76;
8;1;03.03.2016;;251;141.76;
8;1;04.03.2016;;264;141.76;
8;1;05.03.2016;;374;141.21;
8;1;06.03.2016;;286;141.21;
8;1;07.03.2016;;465;141.21;
8;1;08.03.2016;1;512;141.21;132.92
8;1;09.03.2016;1;886;141.21;132.92
8;1;10.03.2016;1;647;141.21;132.92
8;1;11.03.2016;1;814;141.21;132.92
8;1;12.03.2016;1;663;141.21;132.92
8;1;13.03.2016;1;569;141.21;132.92
8;1;14.03.2016;1;694;141.21;132.92
8;1;15.03.2016;1;886;141.21;130.21
8;1;16.03.2016;1;1002;141.21;130.21
8;1;17.03.2016;1;908;141.21;130.21
8;1;18.03.2016;1;908;141.21;130.21
8;1;19.03.2016;1;616;141.21;130.21
8;1;20.03.2016;1;710;141.21;130.21
8;1;21.03.2016;;201;141.21;
8;1;22.03.2016;;386;141.21;
8;1;23.03.2016;;336;141.21;
8;1;24.03.2016;;198;141.21;
8;1;25.03.2016;;210;141.21;
8;1;26.03.2016;;210;141.21;
8;1;27.03.2016;;220;141.21;
8;1;28.03.2016;;167;141.21;
8;1;29.03.2016;;220;141.21;
8;1;30.03.2016;;160;141.21;
8;1;31.03.2016;;207;141.21;
8;1;01.04.2016;;198;141.21;
8;1;02.04.2016;;270;141.21;
8;1;03.04.2016;;157;141.21;
8;1;04.04.2016;;295;141.21;
8;1;05.04.2016;;182;141.21;
8;1;06.04.2016;;160;141.21;
8;1;07.04.2016;;267;141.21;
8;1;08.04.2016;;167;141.21;
8;1;09.04.2016;;242;141.21;
8;1;10.04.2016;;188;141.21;
8;1;11.04.2016;;204;141.21;
8;1;12.04.2016;;182;141.21;
8;1;13.04.2016;;185;141.21;
8;1;14.04.2016;;399;135.78;
8;1;15.04.2016;;352;135.78;
8;1;16.04.2016;;195;135.78;
8;1;17.04.2016;;210;135.78;
8;1;18.04.2016;;229;135.78;
8;1;19.04.2016;1;1612;135.78;122.32
8;1;20.04.2016;1;1448;135.78;122.32
8;1;21.04.2016;1;942;135.78;122.32
8;1;22.04.2016;1;1140;135.78;122.32
8;1;23.04.2016;1;826;135.78;122.32
8;1;24.04.2016;1;176;135.78;122.32
8;1;25.04.2016;1;873;135.78;122.32
8;1;26.04.2016;;273;135.78;
8;1;27.04.2016;;198;135.78;
8;1;28.04.2016;;349;135.78;
8;1;29.04.2016;;248;131.16;
8;1;30.04.2016;;289;131.16;
8;1;01.05.2016;;85;131.16;
8;1;02.05.2016;;82;131.16;
8;1;03.05.2016;;173;131.16;
8;1;04.05.2016;;229;131.16;
8;1;05.05.2016;;336;131.16;
8;1;06.05.2016;;342;131.16;
8;1;07.05.2016;;327;131.16;
8;1;08.05.2016;;232;131.16;
8;1;09.05.2016;;141;131.16;
8;1;10.05.2016;;320;131.16;
8;1;11.05.2016;;223;131.16;
8;1;12.05.2016;;305;131.16;
8;1;13.05.2016;;380;128.98;
8;1;14.05.2016;;198;128.98;
8;1;15.05.2016;;207;128.98;
8;1;16.05.2016;;386;128.98;
8;1;17.05.2016;1;1235;128.98;119.6
8;1;18.05.2016;1;1825;128.98;119.6
8;1;19.05.2016;1;1492;128.98;119.6
8;1;20.05.2016;1;1363;128.98;119.6
8;1;21.05.2016;1;936;128.98;119.6
8;1;22.05.2016;1;701;128.98;119.6
