data/retail_2products.csv
Store_id;SKU_id;Date;Promo;Demand;Regular_Price;Promo_Price
9;1;01.01.2015;;16;163.78;
9;1;02.01.2015;;63;163.78;
9;1;03.01.2015;;107;163.78;
9;1;04.01.2015;;113;163.78;
9;1;05.01.2015;;167;163.78;
9;1;06.01.2015;;141;163.78;
9;1;07.01.2015;;126;163.78;
9;1;08.01.2015;;157;163.78;
9;1;09.01.2015;;107;163.78;
9;1;10.01.2015;;226;163.78;
9;1;11.01.2015;;94;163.78;
9;1;12.01.2015;;129;163.78;
9;1;13.01.2015;;148;163.78;
9;1;14.01.2015;;72;168.4;
9;1;15.01.2015;;66;168.4;
9;1;16.01.2015;;110;168.4;
9;1;17.01.2015;;132;168.4;
9;1;18.01.2015;;94;168.4;
9;1;19.01.2015;;129;168.4;
9;1;20.01.2015;;126;168.4;
9;1;21.01.2015;;110;168.4;
9;1;22.01.2015;;141;168.4;
9;1;23.01.2015;;97;160.24;
9;1;24.01.2015;;210;160.24;
9;1;25.01.2015;;126;160.24;
9;1;26.01.2015;;126;160.24;
9;1;27.01.2015;;138;160.24;
9;1;28.01.2015;;254;146.92;
9;1;29.01.2015;;358;146.92;
9;1;30.01.2015;;182;146.92;
9;1;31.01.2015;;302;146.92;
9;1;01.02.2015;;229;146.92;
9;1;02.02.2015;;129;146.92;
9;1;03.02.2015;;251;146.92;
9;1;04.02.2015;;179;146.92;
9;1;05.02.2015;;201;146.92;
9;1;06.02.2015;;188;146.92;
9;1;07.02.2015;;339;146.92;
9;1;08.02.2015;;283;146.92;
9;1;09.02.2015;;239;146.92;
9;1;10.02.2015;;245;146.92;
9;1;11.02.2015;;298;146.92;
9;1;12.02.2015;;314;146.92;
9;1;13.02.2015;;386;149.37;
9;1;14.02.2015;;280;149.37;
9;1;15.02.2015;;292;149.37;
9;1;16.02.2015;;346;149.37;
9;1;17.02.2015;1;547;149.37;143.8
9;1;18.02.2015;1;735;149.37;135.64
9;1;19.02.2015;1;1275;149.37;135.64
9;1;20.02.2015;1;1319;149.37;135.64
9;1;21.02.2015;1;1106;149.37;135.64
9;1;22.02.2015;1;707;149.37;135.64
9;1;23.02.2015;1;688;149.37;135.64
9;1;24.02.2015;;148;149.37;
9;1;25.02.2015;;317;149.37;
9;1;26.02.2015;;242;149.37;
9;1;27.02.2015;;204;143.93;
9;1;28.02.2015;;415;143.93;
9;1;01.03.2015;;509;143.93;
9;1;02.03.2015;;449;143.93;
9;1;03.03.2015;1;390;143.93;138.36
9;1;04.03.2015;1;377;143.93;135.64
9;1;05.03.2015;1;390;138.5;135.64
9;1;06.03.2015;1;449;138.5;135.64
9;1;07.03.2015;1;669;138.5;135.64
9;1;08.03.2015;1;220;138.5;135.64
9;1;09.03.2015;;264;140.67;
9;1;10.03.2015;;308;140.67;
9;1;11.03.2015;;254;140.67;
9;1;12.03.2015;;280;140.67;
9;1;13.03.2015;;280;140.67;
9;1;14.03.2015;;383;140.67;
9;1;15.03.2015;;330;140.67;
9;1;16.03.2015;;305;140.67;
9;1;17.03.2015;1;3522;140.67;127.49
9;1;18.03.2015;1;3647;140.67;127.49
9;1;19.03.2015;1;2259;140.67;127.49
9;1;20.03.2015;1;1401;140.67;127.49
9;1;21.03.2015;1;600;140.67;127.49
9;1;22.03.2015;1;1093;140.67;127.49
9;1;23.03.2015;1;1046;140.67;127.49
9;1;24.03.2015;;220;140.67;
9;1;25.03.2015;;283;140.67;
9;1;26.03.2015;;333;131.97;
9;1;27.03.2015;;371;131.97;
9;1;28.03.2015;;408;131.97;
9;1;29.03.2015;;418;131.97;
9;1;30.03.2015;;430;131.97;
9;1;31.03.2015;;305;131.97;
9;1;01.04.2015;;346;133.33;
9;1;02.04.2015;;207;133.33;
9;1;03.04.2015;;333;133.33;
9;1;04.04.2015;;462;133.33;
9;1;05.04.2015;;320;133.33;
9;1;06.04.2015;;258;133.33;
9;1;07.04.2015;1;1668;133.33;119.33
9;1;08.04.2015;1;2055;133.33;119.33
9;1;09.04.2015;1;1392;133.33;119.33
9;1;10.04.2015;1;1338;133.33;119.33
9;1;11.04.2015;1;1125;133.33;119.33
9;1;12.04.2015;1;500;133.33;119.33
9;1;13.04.2015;1;500;133.33;119.33
9;1;14.04.2015;;170;130.34;
9;1;15.04.2015;;214;130.34;
9;1;16.04.2015;;311;130.34;
9;1;17.04.2015;;214;138.5;
9;1;18.04.2015;;135;138.5;
9;1;19.04.2015;;126;138.5;
9;1;20.04.2015;;160;138.5;
9;1;21.04.2015;;167;138.5;
9;1;22.04.2015;;270;128.98;
9;1;23.04.2015;;157;128.98;
9;1;24.04.2015;;320;128.98;
9;1;25.04.2015;;182;128.98;
9;1;26.04.2015;;207;128.98;
9;1;27.04.2015;;264;128.98;
9;1;28.04.2015;;239;128.98;
9;1;29.04.2015;;286;131.7;
9;1;30.04.2015;;280;131.7;
9;1;01.05.2015;;207;131.7;
9;1;02.05.2015;;119;131.7;
9;1;03.05.2015;;195;131.7;
9;1;04.05.2015;;185;131.7;
9;1;05.05.2015;;201;131.7;
9;1;06.05.2015;;210;131.7;
9;1;07.05.2015;;258;131.7;
9;1;08.05.2015;;185;131.7;
9;1;09.05.2015;;229;131.7;
9;1;10.05.2015;;210;131.7;
9;1;11.05.2015;;188;131.7;
9;1;12.05.2015;;254;131.7;
9;1;13.05.2015;;188;131.7;
9;1;14.05.2015;;273;131.7;
9;1;15.05.2015;;283;131.7;
9;1;16.05.2015;;280;131.7;
9;1;17.05.2015;;320;131.7;
9;1;18.05.2015;;471;131.7;
9;1;19.05.2015;1;1382;131.7;119.33
9;1;20.05.2015;1;1775;131.7;119.33
9;1;21.05.2015;1;964;131.7;119.33
9;1;22.05.2015;1;1618;131.7;119.33
9;1;23.05.2015;1;1225;131.7;119.33
9;1;24.05.2015;1;493;131.7;119.33
9;1;25.05.2015;1;779;131.7;119.33
9;1;26.05.2015;;229;131.7;
9;1;27.05.2015;;167;129.25;
9;1;28.05.2015;;157;129.25;
9;1;29.05.2015;;251;129.25;
9;1;30.05.2015;;182;129.25;
9;1;31.05.2015;;465;129.25;
9;1;01.06.2015;;217;129.25;
9;1;02.06.2015;;188;129.25;
9;1;03.06.2015;;232;129.25;
9;1;04.06.2015;;333;129.25;
9;1;05.06.2015;;292;129.25;
9;1;06.06.2015;;371;131.7;
9;1;07.06.2015;;308;131.7;
9;1;08.06.2015;;286;131.7;
9;1;09.06.2015;1;1703;131.7;119.33
9;1;10.06.2015;1;1794;131.7;119.33
9;1;11.06.2015;1;1414;131.7;119.33
9;1;12.06.2015;1;2095;131.7;119.33
9;1;13.06.2015;1;1162;131.7;119.33
9;1;14.06.2015;1;1128;131.7;119.33
9;1;15.06.2015;1;1093;131.7;119.33
9;1;16.06.2015;;188;131.7;
9;1;17.06.2015;;289;131.7;
9;1;18.06.2015;;424;128.17;
9;1;19.06.2015;;412;128.17;
9;1;20.06.2015;;210;128.17;
9;1;21.06.2015;;352;128.17;
9;1;22.06.2015;;292;128.17;
9;1;23.06.2015;;311;128.17;
9;1;24.06.2015;;280;128.17;
9;1;25.06.2015;;327;128.17;
9;1;26.06.2015;;594;128.17;
9;1;27.06.2015;;355;128.17;
9;1;28.06.2015;;512;130.34;
9;1;29.06.2015;;320;130.34;
9;1;30.06.2015;1;1316;130.34;119.33
9;1;01.07.2015;1;1659;130.34;119.33
9;1;02.07.2015;1;1131;130.34;119.33
9;1;03.07.2015;1;829;130.34;119.33
9;1;04.07.2015;1;1024;130.34;119.33
9;1;05.07.2015;1;1652;130.34;119.33
9;1;06.07.2015;1;770;130.34;119.33
9;1;07.07.2015;;364;130.34;
9;1;08.07.2015;;185;130.34;
9;1;09.07.2015;;346;121.64;
9;1;10.07.2015;;748;121.64;
9;1;11.07.2015;;672;123.55;
9;1;12.07.2015;;412;123.55;
9;1;13.07.2015;;490;123.55;
9;1;14.07.2015;;653;123.55;
9;1;15.07.2015;;503;125.45;
9;1;16.07.2015;;653;125.45;
9;1;17.07.2015;;553;125.45;
9;1;18.07.2015;;298;127.62;
9;1;19.07.2015;;556;127.62;
9;1;20.07.2015;;679;127.62;
9;1;21.07.2015;;751;127.62;
9;1;22.07.2015;;817;127.62;
9;1;23.07.2015;;770;127.62;
9;1;24.07.2015;;939;127.62;
9;1;25.07.2015;;578;127.62;
9;1;26.07.2015;;465;130.07;
9;1;27.07.2015;;1131;130.07;
9;1;28.07.2015;1;1734;130.07;124.77
9;1;29.07.2015;1;1235;130.07;124.77
9;1;30.07.2015;1;374;130.07;124.77
9;1;31.07.2015;1;845;130.07;124.77
9;1;01.08.2015;1;842;130.07;124.77
9;1;02.08.2015;1;88;130.07;124.77
9;1;03.08.2015;1;1272;130.07;124.77
9;1;04.08.2015;;449;138.5;
9;1;05.08.2015;;440;138.5;
9;1;06.08.2015;;298;138.5;
9;1;07.08.2015;;339;138.5;
9;1;08.08.2015;;465;141.21;
9;1;09.08.2015;;597;141.21;
9;1;10.08.2015;;396;141.21;
9;1;11.08.2015;;371;141.21;
9;1;12.08.2015;;547;142.85;
9;1;13.08.2015;;393;142.85;
9;1;14.08.2015;;500;142.85;
9;1;15.08.2015;;333;142.85;
9;1;16.08.2015;;490;142.85;
9;1;17.08.2015;;478;142.85;
9;1;18.08.2015;;330;142.85;
9;1;19.08.2015;;311;142.85;
9;1;20.08.2015;;320;142.85;
9;1;21.08.2015;;412;142.85;
9;1;22.08.2015;;550;142.85;
9;1;23.08.2015;;528;142.85;
9;1;24.08.2015;;317;142.85;
9;1;25.08.2015;;644;142.85;
9;1;26.08.2015;;594;142.85;
9;1;27.08.2015;;757;137.68;
9;1;28.08.2015;;814;137.68;
9;1;29.08.2015;;465;137.68;
9;1;30.08.2015;;600;137.68;
9;1;31.08.2015;;569;137.68;
9;1;01.09.2015;;390;137.68;
9;1;02.09.2015;;418;135.78;
9;1;03.09.2015;;594;135.78;
9;1;04.09.2015;;679;135.78;
9;1;05.09.2015;;280;133.6;
9;1;06.09.2015;;490;133.6;
9;1;07.09.2015;;509;133.6;
9;1;08.09.2015;;522;133.6;
9;1;09.09.2015;;540;135.51;
9;1;10.09.2015;;591;135.51;
9;1;11.09.2015;;478;135.51;
9;1;12.09.2015;;600;135.51;
9;1;13.09.2015;;550;135.51;
9;1;14.09.2015;;584;135.51;
9;1;15.09.2015;;500;135.51;
9;1;16.09.2015;;540;138.5;
9;1;17.09.2015;;456;138.5;
9;1;18.09.2015;;390;138.5;
9;1;19.09.2015;;465;138.5;
9;1;20.09.2015;;506;138.5;
9;1;21.09.2015;;327;138.5;
9;1;22.09.2015;;327;138.5;
9;1;23.09.2015;;374;141.21;
9;1;24.09.2015;;264;141.21;
9;1;25.09.2015;;383;141.21;
9;1;26.09.2015;;283;141.21;
9;1;27.09.2015;;283;141.21;
9;1;28.09.2015;;352;141.21;
9;1;29.09.2015;;346;141.21;
9;1;30.09.2015;;270;141.21;
9;1;01.10.2015;;342;141.21;
9;1;02.10.2015;;236;141.21;
9;1;03.10.2015;;412;141.21;
9;1;04.10.2015;;261;141.21;
9;1;05.10.2015;;330;141.21;
9;1;06.10.2015;1;779;141.21;132.92
9;1;07.10.2015;1;924;141.21;130.21
9;1;08.10.2015;1;1096;141.11;130.21
9;1;09.10.2015;1;1056;141.21;130.21
9;1;10.10.2015;1;964;141.21;130.21
9;1;11.10.2015;1;833;141.21;130.21
9;1;12.10.2015;1;688;141.21;130.21
9;1;13.10.2015;;308;141.21;
9;1;14.10.2015;;214;141.21;
9;1;15.10.2015;;258;142.57;
9;1;16.10.2015;;176;142.57;
9;1;17.10.2015;;154;142.57;
9;1;18.10.2015;;182;142.57;
9;1;19.10.2015;;273;142.57;
9;1;20.10.2015;;226;142.57;
9;1;21.10.2015;;584;130.34;
9;1;22.10.2015;;688;130.34;
9;1;23.10.2015;;798;130.34;
9;1;24.10.2015;;675;130.34;
9;1;25.10.2015;;531;130.34;
9;1;26.10.2015;;358;130.34;
9;1;27.10.2015;1;1530;130.34;122.32
9;1;28.10.2015;1;1323;130.34;124.77
9;1;29.10.2015;1;732;130.34;124.77
9;1;30.10.2015;1;694;130.34;124.77
9;1;31.10.2015;1;578;130.34;124.77
9;1;01.11.2015;1;528;130.34;124.77
9;1;02.11.2015;1;286;130.34;124.77
9;1;03.11.2015;;123;130.34;
9;1;04.11.2015;;210;134.69;
9;1;05.11.2015;;286;134.69;
9;1;06.11.2015;;258;134.69;
9;1;07.11.2015;;207;134.69;
9;1;08.11.2015;;214;134.69;
9;1;09.11.2015;;182;134.69;
9;1;10.11.2015;;220;134.69;
9;1;11.11.2015;;371;130.34;
9;1;12.11.2015;;333;130.34;
9;1;13.11.2015;;320;130.34;
9;1;14.11.2015;;496;130.34;
9;1;15.11.2015;;443;130.34;
9;1;16.11.2015;;258;130.34;
9;1;17.11.2015;;311;130.34;
9;1;18.11.2015;;280;130.34;
9;1;19.11.2015;;188;130.34;
9;1;20.11.2015;;371;130.34;
9;1;21.11.2015;;314;130.34;
9;1;22.11.2015;;478;130.34;
9;1;23.11.2015;;302;130.34;
9;1;24.11.2015;1;1841;130.34;116.61
9;1;25.11.2015;1;2535;130.34;116.61
9;1;26.11.2015;1;2026;130.34;116.61
9;1;27.11.2015;1;679;130.34;116.61
9;1;28.11.2015;1;1021;130.34;116.61
9;1;29.11.2015;1;1021;130.34;116.61
9;1;30.11.2015;1;1021;130.34;116.61
9;1;01.12.2015;;245;130.34;
9;1;02.12.2015;;368;130.34;
9;1;03.12.2015;;207;130.34;
9;1;04.12.2015;;339;130.34;
9;1;05.12.2015;1;1194;130.34;116.61
9;1;06.12.2015;1;1288;130.34;116.61
9;1;07.12.2015;1;776;130.34;116.61
9;1;08.12.2015;;242;130.34;
9;1;09.12.2015;;204;130.34;
9;1;10.12.2015;;258;130.34;
9;1;11.12.2015;;283;130.34;
9;1;12.12.2015;;239;130.34;
9;1;13.12.2015;;336;130.34;
9;1;14.12.2015;;302;130.34;
9;1;15.12.2015;;390;130.34;
9;1;16.12.2015;;295;130.34;
9;1;17.12.2015;;302;130.34;
9;1;18.12.2015;;330;130.34;
9;1;19.12.2015;;242;130.34;
9;1;20.12.2015;;245;130.34;
9;1;21.12.2015;;245;130.34;
9;1;22.12.2015;;320;130.34;
9;1;23.12.2015;;217;130.34;
9;1;24.12.2015;;333;126.54;
9;1;25.12.2015;;364;126.54;
9;1;26.12.2015;;619;126.54;
9;1;27.12.2015;;430;126.54;
9;1;28.12.2015;;399;126.54;
9;1;29.12.2015;;587;126.54;
9;1;30.12.2015;;500;126.54;
9;1;31.12.2015;;261;126.54;
9;1;01.01.2016;;101;126.54;
9;1;02.01.2016;;113;126.54;
9;1;03.01.2016;;145;126.54;
9;1;04.01.2016;;223;126.54;
9;1;05.01.2016;;217;126.54;
9;1;06.01.2016;;295;126.54;
9;1;07.01.2016;;207;126.54;
9;1;08.01.2016;;333;126.54;
9;1;09.01.2016;;327;126.54;
9;1;10.01.2016;;368;126.54;
9;1;11.01.2016;;292;126.54;
9;1;12.01.2016;;339;126.54;
9;1;13.01.2016;;380;126.54;
9;1;14.01.2016;;437;126.54;
9;1;15.01.2016;;685;126.54;
9;1;16.01.2016;;955;126.54;
9;1;17.01.2016;;562;126.54;
9;1;18.01.2016;;415;126.54;
9;1;19.01.2016;;657;126.54;
9;1;20.01.2016;;402;126.54;
9;1;21.01.2016;;471;127.9;
9;1;22.01.2016;;779;127.9;
9;1;23.01.2016;;584;127.9;
9;1;24.01.2016;;682;127.9;
9;1;25.01.2016;;405;127.9;
9;1;26.01.2016;;525;127.9;
9;1;27.01.2016;;663;127.9;
9;1;28.01.2016;;402;127.9;
9;1;29.01.2016;;399;127.9;
9;1;30.01.2016;;635;127.9;
9;1;31.01.2016;;531;127.9;
9;1;01.02.2016;;807;130.34;
9;1;02.02.2016;;380;130.34;
9;1;03.02.2016;;468;130.34;
9;1;04.02.2016;;628;133.06;
9;1;05.02.2016;;543;133.06;
9;1;06.02.2016;;478;133.06;
9;1;07.02.2016;;305;141.76;
9;1;08.02.2016;;245;141.76;
9;1;09.02.2016;1;968;141.76;130.75
9;1;10.02.2016;1;817;141.76;130.75
9;1;11.02.2016;1;688;141.76;130.75
9;1;12.02.2016;1;738;141.76;130.75
9;1;13.02.2016;1;883;141.76;130.75
9;1;14.02.2016;1;883;141.76;130.75
9;1;15.02.2016;1;393;141.76;130.75
9;1;16.02.2016;1;754;141.76;130.75
9;1;17.02.2016;1;688;141.76;130.75
9;1;18.02.2016;;273;141.76;
9;1;19.02.2016;;229;141.76;
9;1;20.02.2016;;239;141.76;
9;1;21.02.2016;;229;141.76;
9;1;22.02.2016;;261;141.76;
9;1;23.02.2016;;141;141.76;
9;1;24.02.2016;;170;141.76;
9;1;25.02.2016;;254;141.76;
9;1;26.02.2016;;226;141.76;
9;1;27.02.2016;;232;141.76;
9;1;28.02.2016;;270;141.76;
9;1;29.02.2016;;236;141.76;
9;1;01.03.2016;;314;141.76;
9;1;02.03.2016;;390;141.76;
9;1;03.03.2016;;267;141.76;
9;1;04.03.2016;;452;141.76;
9;1;05.03.2016;;355;141.21;
9;1;06.03.2016;;242;141.21;
9;1;07.03.2016;;305;141.21;
9;1;08.03.2016;1;635;141.21;132.92
9;1;09.03.2016;1;917;141.21;132.92
9;1;10.03.2016;1;1068;141.21;132.92
9;1;11.03.2016;1;833;141.21;132.92
9;1;12.03.2016;1;936;141.21;132.92
9;1;13.03.2016;1;745;141.21;132.92
9;1;14.03.2016;1;594;141.21;132.92
9;1;15.03.2016;1;1389;141.21;130.21
9;1;16.03.2016;1;1140;141.21;130.21
9;1;17.03.2016;1;902;141.21;130.21
9;1;18.03.2016;1;1030;141.21;130.21
9;1;19.03.2016;1;339;141.21;130.21
9;1;20.03.2016;1;192;141.21;130.21
9;1;21.03.2016;;192;141.21;
9;1;22.03.2016;;251;141.21;
9;1;23.03.2016;;396;141.21;
9;1;24.03.2016;;324;141.21;
9;1;25.03.2016;;182;141.21;
9;1;26.03.2016;;236;141.21;
9;1;27.03.2016;;207;141.21;
9;1;28.03.2016;;198;141.21;
9;1;29.03.2016;;254;141.21;
9;1;30.03.2016;;185;141.21;
9;1;31.03.2016;;204;141.21;
9;1;01.04.2016;;264;141.21;
9;1;02.04.2016;;236;141.21;
9;1;03.04.2016;;192;141.21;
9;1;04.04.2016;;217;141.21;
9;1;05.04.2016;;283;141.21;
9;1;06.04.2016;;182;141.21;
9;1;07.04.2016;;207;141.21;
9;1;08.04.2016;;248;141.21;
9;1;09.04.2016;;289;141.21;
9;1;10.04.2016;;305;141.21;
9;1;11.04.2016;;273;141.21;
9;1;12.04.2016;;305;141.21;
9;1;13.04.2016;;261;141.21;
9;1;14.04.2016;;368;135.78;
9;1;15.04.2016;;405;135.78;
9;1;16.04.2016;;248;135.78;
9;1;17.04.2016;;487;135.78;
9;1;18.04.2016;;276;135.78;
9;1;19.04.2016;1;2234;135.78;122.32
9;1;20.04.2016;1;2378;135.78;122.32
9;1;21.04.2016;1;936;135.78;122.32
9;1;22.04.2016;1;983;135.78;122.32
9;1;23.04.2016;1;983;135.78;122.32
9;1;24.04.2016;1;983;135.78;122.32
9;1;25.04.2016;1;983;135.78;122.32
9;1;26.04.2016;;113;135.78;
9;1;27.04.2016;;273;135.78;
9;1;28.04.2016;;352;135.78;
9;1;29.04.2016;;559;131.16;
9;1;30.04.2016;;509;131.16;
9;1;01.05.2016;;132;131.16;
9;1;02.05.2016;;248;131.16;
9;1;03.05.2016;;220;131.16;
9;1;04.05.2016;;267;131.16;
9;1;05.05.2016;;311;131.16;
9;1;06.05.2016;;258;131.16;
9;1;07.05.2016;;346;131.16;
9;1;08.05.2016;;346;131.16;
9;1;09.05.2016;;119;131.16;
9;1;10.05.2016;;292;131.16;
9;1;11.05.2016;;289;131.16;
9;1;12.05.2016;;537;131.16;
9;1;13.05.2016;;374;128.98;
9;1;14.05.2016;;371;128.98;
9;1;15.05.2016;;506;128.98;
9;1;16.05.2016;;525;128.98;
9;1;17.05.2016;1;1316;128.98;119.6
9;1;18.05.2016;1;2224;128.98;119.6
9;1;19.05.2016;1;1162;128.98;119.6
9;1;20.05.2016;1;1363;128.98;119.6
9;1;21.05.2016;1;1341;128.98;119.6
9;1;22.05.2016;1;807;128.98;119.6
