data/retail_2products.csv
Store_id;SKU_id;Date;Promo;Demand;Regular_Price;Promo_Price
10;1;01.01.2015;;19;163.78;
10;1;02.01.2015;;47;163.78;
10;1;03.01.2015;;57;163.78;
10;1;04.01.2015;;75;163.78;
10;1;05.01.2015;;82;163.78;
10;1;06.01.2015;;97;163.78;
10;1;07.01.2015;;72;163.78;
10;1;08.01.2015;;113;163.78;
10;1;09.01.2015;;82;163.78;
10;1;10.01.2015;;141;163.78;
10;1;11.01.2015;;113;163.78;
10;1;12.01.2015;;148;163.78;
10;1;13.01.2015;;119;163.78;
10;1;14.01.2015;;116;168.4;
10;1;15.01.2015;;176;168.4;
10;1;16.01.2015;;198;168.4;
10;1;17.01.2015;;138;168.4;
10;1;18.01.2015;;185;168.4;
10;1;19.01.2015;;138;168.4;
10;1;20.01.2015;;129;168.4;
10;1;21.01.2015;;82;168.4;
10;1;22.01.2015;;72;168.4;
10;1;23.01.2015;;113;160.24;
10;1;24.01.2015;;242;160.24;
10;1;25.01.2015;;129;160.24;
10;1;26.01.2015;;132;160.24;
10;1;27.01.2015;;160;160.24;
10;1;28.01.2015;;179;146.92;
10;1;29.01.2015;;198;146.92;
10;1;30.01.2015;;145;146.92;
10;1;31.01.2015;;179;146.92;
10;1;01.02.2015;;113;146.92;
10;1;02.02.2015;;192;146.92;
10;1;03.02.2015;;242;146.92;
10;1;04.02.2015;;195;146.92;
10;1;05.02.2015;;201;146.92;
10;1;06.02.2015;;226;146.92;
10;1;07.02.2015;;182;146.92;
10;1;08.02.2015;;151;146.92;
10;1;09.02.2015;;170;146.92;
10;1;10.02.2015;;188;146.92;
10;1;11.02.2015;;245;146.92;
10;1;12.02.2015;;198;146.92;
10;1;13.02.2015;;201;149.37;
10;1;14.02.2015;;195;149.37;
10;1;15.02.2015;;154;149.37;
10;1;16.02.2015;;132;149.37;
10;1;17.02.2015;1;418;149.37;143.8
10;1;18.02.2015;1;270;149.37;135.64
10;1;19.02.2015;1;396;149.37;135.64
10;1;20.02.2015;1;503;149.37;135.64
10;1;21.02.2015;1;471;149.37;135.64
10;1;22.02.2015;1;305;149.37;135.64
10;1;23.02.2015;1;226;149.37;135.64
10;1;24.02.2015;;204;149.37;
10;1;25.02.2015;;163;149.37;
10;1;26.02.2015;;135;149.37;
10;1;27.02.2015;;346;143.93;
10;1;28.02.2015;;283;143.93;
10;1;01.03.2015;;217;143.93;
10;1;02.03.2015;;418;143.93;
10;1;03.03.2015;1;258;143.93;138.36
10;1;04.03.2015;1;386;143.93;135.64
10;1;05.03.2015;1;418;138.5;135.64
10;1;06.03.2015;1;324;138.5;135.64
10;1;07.03.2015;1;383;138.5;135.64
10;1;08.03.2015;1;182;138.5;135.64
10;1;09.03.2015;;179;140.67;
10;1;10.03.2015;;223;140.67;
10;1;11.03.2015;;217;140.67;
10;1;12.03.2015;;292;140.67;
10;1;13.03.2015;;308;140.67;
10;1;14.03.2015;;295;140.67;
10;1;15.03.2015;;352;140.67;
10;1;16.03.2015;;289;140.67;
10;1;17.03.2015;1;1181;140.67;127.49
10;1;18.03.2015;1;880;140.67;127.49
10;1;19.03.2015;1;723;140.67;127.49
10;1;20.03.2015;1;704;140.67;127.49
10;1;21.03.2015;1;675;140.67;127.49
10;1;22.03.2015;1;946;140.67;127.49
10;1;23.03.2015;1;421;140.67;127.49
10;1;24.03.2015;;170;140.67;
10;1;25.03.2015;;135;140.67;
10;1;26.03.2015;;396;131.97;
10;1;27.03.2015;;210;131.97;
10;1;28.03.2015;;254;131.97;
10;1;29.03.2015;;195;131.97;
10;1;30.03.2015;;226;131.97;
10;1;31.03.2015;;248;131.97;
10;1;01.04.2015;;355;133.33;
10;1;02.04.2015;;195;133.33;
10;1;03.04.2015;;214;133.33;
10;1;04.04.2015;;210;133.33;
10;1;05.04.2015;;217;133.33;
10;1;06.04.2015;;242;133.33;
10;1;07.04.2015;1;1049;133.33;119.33
10;1;08.04.2015;1;848;133.33;119.33
10;1;09.04.2015;1;826;133.33;119.33
10;1;10.04.2015;1;1587;133.33;119.33
10;1;11.04.2015;1;628;133.33;119.33
10;1;12.04.2015;1;226;133.33;119.33
10;1;13.04.2015;1;672;133.33;119.33
10;1;14.04.2015;;173;130.34;
10;1;15.04.2015;;185;130.34;
10;1;16.04.2015;;229;130.34;
10;1;17.04.2015;;119;138.5;
10;1;18.04.2015;;116;138.5;
10;1;19.04.2015;;94;138.5;
10;1;20.04.2015;;167;138.5;
10;1;21.04.2015;;129;138.5;
10;1;22.04.2015;;214;128.98;
10;1;23.04.2015;;167;128.98;
10;1;24.04.2015;;151;128.98;
10;1;25.04.2015;;126;128.98;
10;1;26.04.2015;;201;128.98;
10;1;27.04.2015;;170;128.98;
10;1;28.04.2015;;129;128.98;
10;1;29.04.2015;;88;131.7;
10;1;30.04.2015;;176;131.7;
10;1;01.05.2015;;138;131.7;
10;1;02.05.2015;;85;131.7;
10;1;03.05.2015;;132;131.7;
10;1;04.05.2015;;132;131.7;
10;1;05.05.2015;;210;131.7;
10;1;06.05.2015;;179;131.7;
10;1;07.05.2015;;170;131.7;
10;1;08.05.2015;;214;131.7;
10;1;09.05.2015;;82;131.7;
10;1;10.05.2015;;82;131.7;
10;1;11.05.2015;;107;131.7;
10;1;12.05.2015;;267;131.7;
10;1;13.05.2015;;198;131.7;
10;1;14.05.2015;;170;131.7;
10;1;15.05.2015;;236;131.7;
10;1;16.05.2015;;264;131.7;
10;1;17.05.2015;;116;131.7;
10;1;18.05.2015;;135;131.7;
10;1;19.05.2015;1;503;131.7;119.33
10;1;20.05.2015;1;584;131.7;119.33
10;1;21.05.2015;1;575;131.7;119.33
10;1;22.05.2015;1;578;131.7;119.33
10;1;23.05.2015;1;556;131.7;119.33
10;1;24.05.2015;1;452;131.7;119.33
10;1;25.05.2015;1;443;131.7;119.33
10;1;26.05.2015;;167;131.7;
10;1;27.05.2015;;132;129.25;
10;1;28.05.2015;;151;129.25;
10;1;29.05.2015;;157;129.25;
10;1;30.05.2015;;75;129.25;
10;1;31.05.2015;;123;129.25;
10;1;01.06.2015;;173;129.25;
10;1;02.06.2015;;261;129.25;
10;1;03.06.2015;;173;129.25;
10;1;04.06.2015;;157;129.25;
10;1;05.06.2015;;217;129.25;
10;1;06.06.2015;;176;131.7;
10;1;07.06.2015;;195;131.7;
10;1;08.06.2015;;192;131.7;
10;1;09.06.2015;1;440;131.7;119.33
10;1;10.06.2015;1;437;131.7;119.33
10;1;11.06.2015;1;594;131.7;119.33
10;1;12.06.2015;1;264;131.7;119.33
10;1;13.06.2015;1;408;131.7;119.33
10;1;14.06.2015;1;440;131.7;119.33
10;1;15.06.2015;1;631;131.7;119.33
10;1;16.06.2015;;220;131.7;
10;1;17.06.2015;;251;131.7;
10;1;18.06.2015;;239;128.17;
10;1;19.06.2015;;167;128.17;
10;1;20.06.2015;;129;128.17;
10;1;21.06.2015;;173;128.17;
10;1;22.06.2015;;217;128.17;
10;1;23.06.2015;;113;128.17;
10;1;24.06.2015;;311;128.17;
10;1;25.06.2015;;148;128.17;
10;1;26.06.2015;;195;128.17;
10;1;27.06.2015;;185;128.17;
10;1;28.06.2015;;173;130.34;
10;1;29.06.2015;;311;130.34;
10;1;30.06.2015;1;374;130.34;119.33
10;1;01.07.2015;1;449;130.34;119.33
10;1;02.07.2015;1;518;130.34;119.33
10;1;03.07.2015;1;757;130.34;119.33
10;1;04.07.2015;1;352;130.34;119.33
10;1;05.07.2015;1;377;130.34;119.33
10;1;06.07.2015;1;487;130.34;119.33
10;1;07.07.2015;;276;130.34;
10;1;08.07.2015;;151;130.34;
10;1;09.07.2015;;361;121.64;
10;1;10.07.2015;;465;121.64;
10;1;11.07.2015;;251;123.55;
10;1;12.07.2015;;239;123.55;
10;1;13.07.2015;;314;123.55;
10;1;14.07.2015;;327;123.55;
10;1;15.07.2015;;534;125.45;
10;1;16.07.2015;;374;125.45;
10;1;17.07.2015;;459;125.45;
10;1;18.07.2015;;292;127.62;
10;1;19.07.2015;;430;127.62;
10;1;20.07.2015;;553;127.62;
10;1;21.07.2015;;675;127.62;
10;1;22.07.2015;;650;127.62;
10;1;23.07.2015;;430;127.62;
10;1;24.07.2015;;669;127.62;
10;1;25.07.2015;;327;127.62;
10;1;26.07.2015;;295;130.07;
10;1;27.07.2015;;386;130.07;
10;1;28.07.2015;1;412;130.07;124.77
10;1;29.07.2015;1;515;130.07;124.77
10;1;30.07.2015;1;430;130.07;124.77
10;1;31.07.2015;1;452;130.07;124.77
10;1;01.08.2015;1;1008;130.07;124.77
10;1;02.08.2015;1;534;130.07;124.77
10;1;03.08.2015;1;581;130.07;124.77
10;1;04.08.2015;;229;138.5;
10;1;05.08.2015;;151;138.5;
10;1;06.08.2015;;261;138.5;
10;1;07.08.2015;;145;138.5;
10;1;08.08.2015;;393;141.21;
10;1;09.08.2015;;192;141.21;
10;1;10.08.2015;;232;141.21;
10;1;11.08.2015;;229;141.21;
10;1;12.08.2015;;333;142.85;
10;1;13.08.2015;;195;142.85;
10;1;14.08.2015;;195;142.85;
10;1;15.08.2015;;192;142.85;
10;1;16.08.2015;;236;142.85;
10;1;17.08.2015;;311;142.85;
10;1;18.08.2015;;248;142.85;
10;1;19.08.2015;;210;142.85;
10;1;20.08.2015;;160;142.85;
10;1;21.08.2015;;232;142.85;
10;1;22.08.2015;;198;142.85;
10;1;23.08.2015;;251;142.85;
10;1;24.08.2015;;261;142.85;
10;1;25.08.2015;;261;142.85;
10;1;26.08.2015;;138;142.85;
10;1;27.08.2015;;192;137.68;
10;1;28.08.2015;;298;137.68;
10;1;29.08.2015;;214;137.68;
10;1;30.08.2015;;173;137.68;
10;1;31.08.2015;;192;137.68;
10;1;01.09.2015;;220;137.68;
10;1;02.09.2015;;305;135.78;
10;1;03.09.2015;;289;135.78;
10;1;04.09.2015;;248;135.78;
10;1;05.09.2015;;192;133.6;
10;1;06.09.2015;;311;133.6;
10;1;07.09.2015;;273;133.6;
10;1;08.09.2015;;421;133.6;
10;1;09.09.2015;;418;135.51;
10;1;10.09.2015;;273;135.51;
10;1;11.09.2015;;330;135.51;
10;1;12.09.2015;;242;135.51;
10;1;13.09.2015;;157;135.51;
10;1;14.09.2015;;232;135.51;
10;1;15.09.2015;;330;135.51;
10;1;16.09.2015;;418;138.5;
10;1;17.09.2015;;317;138.5;
10;1;18.09.2015;;254;138.5;
10;1;19.09.2015;;192;138.5;
10;1;20.09.2015;;167;138.5;
10;1;21.09.2015;;135;138.5;
10;1;22.09.2015;;254;138.5;
10;1;23.09.2015;;179;141.21;
10;1;24.09.2015;;220;141.21;
10;1;25.09.2015;;195;141.21;
10;1;26.09.2015;;204;141.21;
10;1;27.09.2015;;195;141.21;
10;1;28.09.2015;;157;141.21;
10;1;29.09.2015;;129;141.21;
10;1;30.09.2015;;170;141.21;
10;1;01.10.2015;;173;141.21;
10;1;02.10.2015;;119;141.21;
10;1;03.10.2015;;176;141.21;
10;1;04.10.2015;;123;141.21;
10;1;05.10.2015;;188;141.21;
10;1;06.10.2015;1;220;141.21;122.32
10;1;07.10.2015;1;280;141.21;122.32
10;1;08.10.2015;1;371;141.11;122.32
10;1;09.10.2015;1;346;141.21;122.32
10;1;10.10.2015;1;308;141.21;122.32
10;1;11.10.2015;1;302;141.21;122.32
10;1;12.10.2015;1;179;141.21;122.32
10;1;13.10.2015;;141;141.21;
10;1;14.10.2015;;198;141.21;
10;1;15.10.2015;;101;142.57;
10;1;16.10.2015;;157;142.57;
10;1;17.10.2015;;138;142.57;
10;1;18.10.2015;;148;142.57;
10;1;19.10.2015;;145;142.57;
10;1;20.10.2015;;167;142.57;
10;1;21.10.2015;;138;130.34;
10;1;22.10.2015;;198;130.34;
10;1;23.10.2015;;167;130.34;
10;1;24.10.2015;;185;130.34;
10;1;25.10.2015;;204;130.34;
10;1;26.10.2015;;145;130.34;
10;1;27.10.2015;1;311;130.34;122.32
10;1;28.10.2015;1;176;130.34;122.32
10;1;29.10.2015;1;226;130.34;122.32
10;1;30.10.2015;1;198;130.34;122.32
10;1;31.10.2015;1;132;130.34;122.32
10;1;01.11.2015;1;217;130.34;122.32
10;1;02.11.2015;1;101;130.34;122.32
10;1;03.11.2015;;157;130.34;
10;1;04.11.2015;;113;134.69;
10;1;05.11.2015;;132;134.69;
10;1;06.11.2015;;148;134.69;
10;1;07.11.2015;;113;134.69;
10;1;08.11.2015;;160;134.69;
10;1;09.11.2015;;154;134.69;
10;1;10.11.2015;;145;134.69;
10;1;11.11.2015;;258;130.34;
10;1;12.11.2015;;113;130.34;
10;1;13.11.2015;;226;130.34;
10;1;14.11.2015;;123;130.34;
10;1;15.11.2015;;107;130.34;
10;1;16.11.2015;;148;130.34;
10;1;17.11.2015;;135;130.34;
10;1;18.11.2015;;141;130.34;
10;1;19.11.2015;;129;130.34;
10;1;20.11.2015;;167;130.34;
10;1;21.11.2015;;185;130.34;
10;1;22.11.2015;;94;130.34;
10;1;23.11.2015;;91;130.34;
10;1;24.11.2015;1;811;130.34;116.61
10;1;25.11.2015;1;807;130.34;116.61
10;1;26.11.2015;1;858;130.34;116.61
10;1;27.11.2015;1;474;130.34;116.61
10;1;28.11.2015;1;383;130.34;116.61
10;1;29.11.2015;1;412;130.34;116.61
10;1;30.11.2015;1;484;130.34;116.61
10;1;01.12.2015;;226;130.34;
10;1;02.12.2015;;110;130.34;
10;1;03.12.2015;;145;130.34;
10;1;04.12.2015;;157;130.34;
10;1;05.12.2015;1;273;130.34;116.61
10;1;06.12.2015;1;628;130.34;116.61
10;1;07.12.2015;1;647;130.34;116.61
10;1;08.12.2015;;201;130.34;
10;1;09.12.2015;;173;130.34;
10;1;10.12.2015;;182;130.34;
10;1;11.12.2015;;185;130.34;
10;1;12.12.2015;;192;130.34;
10;1;13.12.2015;;151;130.34;
10;1;14.12.2015;;176;130.34;
10;1;15.12.2015;;154;130.34;
10;1;16.12.2015;;138;130.34;
10;1;17.12.2015;;226;130.34;
10;1;18.12.2015;;192;130.34;
10;1;19.12.2015;;138;130.34;
10;1;20.12.2015;;119;130.34;
10;1;21.12.2015;;167;130.34;
10;1;22.12.2015;;154;130.34;
10;1;23.12.2015;;138;130.34;
10;1;24.12.2015;;251;126.54;
10;1;25.12.2015;;151;126.54;
10;1;26.12.2015;;141;126.54;
10;1;27.12.2015;;97;126.54;
10;1;28.12.2015;;229;126.54;
10;1;29.12.2015;;167;126.54;
10;1;30.12.2015;;229;126.54;
10;1;31.12.2015;;138;126.54;
10;1;01.01.2016;;38;126.54;
10;1;02.01.2016;;113;126.54;
10;1;03.01.2016;;126;126.54;
10;1;04.01.2016;;148;126.54;
10;1;05.01.2016;;195;126.54;
10;1;06.01.2016;;270;126.54;
10;1;07.01.2016;;185;126.54;
10;1;08.01.2016;;192;126.54;
10;1;09.01.2016;;129;126.54;
10;1;10.01.2016;;195;126.54;
10;1;11.01.2016;;232;126.54;
10;1;12.01.2016;;229;126.54;
10;1;13.01.2016;;229;126.54;
10;1;14.01.2016;;201;126.54;
10;1;15.01.2016;;251;126.54;
10;1;16.01.2016;;254;126.54;
10;1;17.01.2016;;349;126.54;
10;1;18.01.2016;;317;126.54;
10;1;19.01.2016;;346;126.54;
10;1;20.01.2016;;396;126.54;
10;1;21.01.2016;;396;127.9;
10;1;22.01.2016;;465;127.9;
10;1;23.01.2016;;358;127.9;
10;1;24.01.2016;;396;127.9;
10;1;25.01.2016;;352;127.9;
10;1;26.01.2016;;298;127.9;
10;1;27.01.2016;;305;127.9;
10;1;28.01.2016;;399;127.9;
10;1;29.01.2016;;298;127.9;
10;1;30.01.2016;;298;127.9;
10;1;31.01.2016;;342;127.9;
10;1;01.02.2016;;226;130.34;
10;1;02.02.2016;;220;130.34;
10;1;03.02.2016;;236;130.34;
10;1;04.02.2016;;280;133.06;
10;1;05.02.2016;;327;133.06;
10;1;06.02.2016;;239;133.06;
10;1;07.02.2016;;167;141.76;
10;1;08.02.2016;;163;141.76;
10;1;09.02.2016;1;330;141.76;130.75
10;1;10.02.2016;1;371;141.76;130.75
10;1;11.02.2016;1;339;141.76;130.75
10;1;12.02.2016;1;239;141.76;130.75
10;1;13.02.2016;1;273;141.76;130.75
10;1;14.02.2016;1;377;141.76;130.75
10;1;15.02.2016;1;415;141.76;130.75
10;1;16.02.2016;1;302;141.76;130.75
10;1;17.02.2016;1;408;141.76;130.75
10;1;18.02.2016;;148;141.76;
10;1;19.02.2016;;170;141.76;
10;1;20.02.2016;;220;141.76;
10;1;21.02.2016;;101;141.76;
10;1;22.02.2016;;75;141.76;
10;1;23.02.2016;;101;141.76;
10;1;24.02.2016;;110;141.76;
10;1;25.02.2016;;104;141.76;
10;1;26.02.2016;;123;141.76;
10;1;27.02.2016;;129;141.76;
10;1;28.02.2016;;113;141.76;
10;1;29.02.2016;;110;141.76;
10;1;01.03.2016;;132;141.76;
10;1;02.03.2016;;160;141.76;
10;1;03.03.2016;;110;141.76;
10;1;04.03.2016;;179;141.76;
10;1;05.03.2016;;157;141.21;
10;1;06.03.2016;;138;141.21;
10;1;07.03.2016;;101;141.21;
10;1;08.03.2016;1;160;141.21;132.92
10;1;09.03.2016;1;170;141.21;132.92
10;1;10.03.2016;1;358;141.21;132.92
10;1;11.03.2016;1;339;141.21;132.92
10;1;12.03.2016;1;349;141.21;132.92
10;1;13.03.2016;1;368;141.21;132.92
10;1;14.03.2016;1;214;141.21;132.92
10;1;15.03.2016;1;468;141.21;130.21
10;1;16.03.2016;1;377;141.21;130.21
10;1;17.03.2016;1;273;141.21;130.21
10;1;18.03.2016;1;308;141.21;130.21
10;1;19.03.2016;1;201;141.21;130.21
10;1;20.03.2016;1;97;141.21;130.21
10;1;21.03.2016;;116;141.21;
10;1;22.03.2016;;129;141.21;
10;1;23.03.2016;;94;141.21;
10;1;24.03.2016;;119;141.21;
10;1;25.03.2016;;141;141.21;
10;1;26.03.2016;;232;141.21;
10;1;27.03.2016;;163;141.21;
10;1;28.03.2016;;154;141.21;
10;1;29.03.2016;;141;141.21;
10;1;30.03.2016;;110;141.21;
10;1;31.03.2016;;154;141.21;
10;1;01.04.2016;;116;141.21;
10;1;02.04.2016;;94;141.21;
10;1;03.04.2016;;135;141.21;
10;1;04.04.2016;;129;141.21;
10;1;05.04.2016;;138;141.21;
10;1;06.04.2016;;97;141.21;
10;1;07.04.2016;;104;141.21;
10;1;08.04.2016;;97;141.21;
10;1;09.04.2016;;126;141.21;
10;1;10.04.2016;;119;141.21;
10;1;11.04.2016;;94;141.21;
10;1;12.04.2016;;126;141.21;
10;1;13.04.2016;;88;141.21;
10;1;14.04.2016;;151;135.78;
10;1;15.04.2016;;148;135.78;
10;1;16.04.2016;;151;135.78;
10;1;17.04.2016;;179;135.78;
10;1;18.04.2016;;138;135.78;
10;1;19.04.2016;1;273;135.78;122.32
10;1;20.04.2016;1;474;135.78;122.32
10;1;21.04.2016;1;361;135.78;122.32
10;1;22.04.2016;1;679;135.78;122.32
10;1;23.04.2016;1;600;135.78;122.32
10;1;24.04.2016;1;415;135.78;122.32
10;1;25.04.2016;1;239;135.78;122.32
10;1;26.04.2016;;110;135.78;
10;1;27.04.2016;;88;135.78;
10;1;28.04.2016;;132;135.78;
10;1;29.04.2016;;217;131.16;
10;1;30.04.2016;;154;131.16;
10;1;01.05.2016;;129;131.16;
10;1;02.05.2016;;53;131.16;
10;1;03.05.2016;;79;131.16;
10;1;04.05.2016;;154;131.16;
10;1;05.05.2016;;132;131.16;
10;1;06.05.2016;;104;131.16;
10;1;07.05.2016;;85;131.16;
10;1;08.05.2016;;97;131.16;
10;1;09.05.2016;;66;131.16;
10;1;10.05.2016;;185;131.16;
10;1;11.05.2016;;85;131.16;
10;1;12.05.2016;;113;131.16;
10;1;13.05.2016;;182;128.98;
10;1;14.05.2016;;126;128.98;
10;1;15.05.2016;;148;128.98;
10;1;16.05.2016;;188;128.98;
10;1;17.05.2016;1;452;128.98;119.6
10;1;18.05.2016;1;346;128.98;119.6
10;1;19.05.2016;1;456;128.98;119.6
10;1;20.05.2016;1;364;128.98;119.6
10;1;21.05.2016;1;434;128.98;119.6
10;1;22.05.2016;1;324;128.98;119.6
