data/retail_2products.csv
Store_id;SKU_id;Date;Promo;Demand;Regular_Price;Promo_Price
11;1;01.01.2015;;22;163.78;
11;1;02.01.2015;;16;163.78;
11;1;03.01.2015;;35;163.78;
11;1;04.01.2015;;63;163.78;
11;1;05.01.2015;;50;163.78;
11;1;06.01.2015;;31;163.78;
11;1;07.01.2015;;60;163.78;
11;1;08.01.2015;;38;163.78;
11;1;09.01.2015;;53;163.78;
11;1;10.01.2015;;107;163.78;
11;1;11.01.2015;;101;163.78;
11;1;12.01.2015;;69;163.78;
11;1;13.01.2015;;57;163.78;
11;1;14.01.2015;;63;168.4;
11;1;15.01.2015;;35;168.4;
11;1;16.01.2015;;91;168.4;
11;1;17.01.2015;;101;168.4;
11;1;18.01.2015;;50;168.4;
11;1;19.01.2015;;44;168.4;
11;1;20.01.2015;;85;168.4;
11;1;21.01.2015;;91;168.4;
11;1;22.01.2015;;63;168.4;
11;1;23.01.2015;;41;160.24;
11;1;24.01.2015;;113;160.24;
11;1;25.01.2015;;75;160.24;
11;1;26.01.2015;;82;160.24;
11;1;27.01.2015;;85;160.24;
11;1;28.01.2015;;82;146.92;
11;1;29.01.2015;;188;146.92;
11;1;30.01.2015;;210;146.92;
11;1;31.01.2015;;107;146.92;
11;1;01.02.2015;;188;146.92;
11;1;02.02.2015;;35;146.92;
11;1;03.02.2015;;138;146.92;
11;1;04.02.2015;;167;146.92;
11;1;05.02.2015;;207;146.92;
11;1;06.02.2015;;182;146.92;
11;1;07.02.2015;;135;146.92;
11;1;08.02.2015;;148;146.92;
11;1;09.02.2015;;182;146.92;
11;1;10.02.2015;;214;146.92;
11;1;11.02.2015;;110;146.92;
11;1;12.02.2015;;210;146.92;
11;1;13.02.2015;;176;149.37;
11;1;14.02.2015;;214;149.37;
11;1;15.02.2015;;226;149.37;
11;1;16.02.2015;;154;149.37;
11;1;17.02.2015;1;286;149.37;143.8
11;1;18.02.2015;1;349;149.37;135.64
11;1;19.02.2015;1;848;149.37;135.64
11;1;20.02.2015;1;1030;149.37;135.64
11;1;21.02.2015;1;559;149.37;135.64
11;1;22.02.2015;1;801;149.37;135.64
11;1;23.02.2015;1;459;149.37;135.64
11;1;24.02.2015;;148;149.37;
11;1;25.02.2015;;107;149.37;
11;1;26.02.2015;;82;149.37;
11;1;27.02.2015;;113;143.93;
11;1;28.02.2015;;254;143.93;
11;1;01.03.2015;;229;143.93;
11;1;02.03.2015;;342;143.93;
11;1;03.03.2015;1;374;143.93;138.36
11;1;04.03.2015;1;298;143.93;135.64
11;1;05.03.2015;1;474;138.5;135.64
11;1;06.03.2015;1;565;138.5;135.64
11;1;07.03.2015;1;584;138.5;135.64
11;1;08.03.2015;1;188;138.5;135.64
11;1;09.03.2015;;85;140.67;
11;1;10.03.2015;;116;140.67;
11;1;11.03.2015;;204;140.67;
11;1;12.03.2015;;138;140.67;
11;1;13.03.2015;;198;140.67;
11;1;14.03.2015;;135;140.67;
11;1;15.03.2015;;270;140.67;
11;1;16.03.2015;;207;140.67;
11;1;17.03.2015;1;1769;140.67;127.49
11;1;18.03.2015;1;1348;140.67;127.49
11;1;19.03.2015;1;1056;140.67;127.49
11;1;20.03.2015;1;974;140.67;127.49
11;1;21.03.2015;1;685;140.67;127.49
11;1;22.03.2015;1;1078;140.67;127.49
11;1;23.03.2015;1;845;140.67;127.49
11;1;24.03.2015;;82;140.67;
11;1;25.03.2015;;53;140.67;
11;1;26.03.2015;;170;131.97;
11;1;27.03.2015;;154;131.97;
11;1;28.03.2015;;251;131.97;
11;1;29.03.2015;;396;131.97;
11;1;30.03.2015;;229;131.97;
11;1;31.03.2015;;320;131.97;
11;1;01.04.2015;;267;133.33;
11;1;02.04.2015;;179;133.33;
11;1;03.04.2015;;135;133.33;
11;1;04.04.2015;;223;133.33;
11;1;05.04.2015;;132;133.33;
11;1;06.04.2015;;204;133.33;
11;1;07.04.2015;1;1684;133.33;119.33
11;1;08.04.2015;1;1257;133.33;119.33
11;1;09.04.2015;1;920;133.33;119.33
11;1;10.04.2015;1;990;133.33;119.33
11;1;11.04.2015;1;927;133.33;119.33
11;1;12.04.2015;1;119;133.33;119.33
11;1;13.04.2015;1;418;133.33;119.33
11;1;14.04.2015;;91;130.34;
11;1;15.04.2015;;94;130.34;
11;1;16.04.2015;;69;130.34;
11;1;17.04.2015;;35;138.5;
11;1;18.04.2015;;104;138.5;
11;1;19.04.2015;;60;138.5;
11;1;20.04.2015;;104;138.5;
11;1;21.04.2015;;53;138.5;
11;1;22.04.2015;;113;128.98;
11;1;23.04.2015;;148;128.98;
11;1;24.04.2015;;107;128.98;
11;1;25.04.2015;;85;128.98;
11;1;26.04.2015;;72;128.98;
11;1;27.04.2015;;119;128.98;
11;1;28.04.2015;;107;128.98;
11;1;29.04.2015;;69;131.7;
11;1;30.04.2015;;91;131.7;
11;1;01.05.2015;;50;131.7;
11;1;02.05.2015;;22;131.7;
11;1;03.05.2015;;66;131.7;
11;1;04.05.2015;;94;131.7;
11;1;05.05.2015;;66;131.7;
11;1;06.05.2015;;44;131.7;
11;1;07.05.2015;;72;131.7;
11;1;08.05.2015;;82;131.7;
11;1;09.05.2015;;63;131.7;
11;1;10.05.2015;;41;131.7;
11;1;11.05.2015;;60;131.7;
11;1;12.05.2015;;138;131.7;
11;1;13.05.2015;;94;131.7;
11;1;14.05.2015;;50;131.7;
11;1;15.05.2015;;97;131.7;
11;1;16.05.2015;;85;131.7;
11;1;17.05.2015;;88;131.7;
11;1;18.05.2015;;85;131.7;
11;1;19.05.2015;1;430;131.7;119.33
11;1;20.05.2015;1;342;131.7;119.33
11;1;21.05.2015;1;346;131.7;119.33
11;1;22.05.2015;1;424;131.7;119.33
11;1;23.05.2015;1;317;131.7;119.33
11;1;24.05.2015;1;223;131.7;119.33
11;1;25.05.2015;1;261;131.7;119.33
11;1;26.05.2015;;94;131.7;
11;1;27.05.2015;;60;129.25;
11;1;28.05.2015;;66;129.25;
11;1;29.05.2015;;79;129.25;
11;1;30.05.2015;;97;129.25;
11;1;31.05.2015;;101;129.25;
11;1;01.06.2015;;101;129.25;
11;1;02.06.2015;;57;129.25;
11;1;03.06.2015;;72;129.25;
11;1;04.06.2015;;53;129.25;
11;1;05.06.2015;;123;129.25;
11;1;06.06.2015;;101;131.7;
11;1;07.06.2015;;69;131.7;
11;1;08.06.2015;;97;131.7;
11;1;09.06.2015;1;223;131.7;119.33
11;1;10.06.2015;1;430;131.7;119.33
11;1;11.06.2015;1;449;131.7;119.33
11;1;12.06.2015;1;355;131.7;119.33
11;1;13.06.2015;1;217;131.7;119.33
11;1;14.06.2015;1;245;131.7;119.33
11;1;15.06.2015;1;210;131.7;119.33
11;1;16.06.2015;;79;131.7;
11;1;17.06.2015;;41;131.7;
11;1;18.06.2015;;88;128.17;
11;1;19.06.2015;;123;128.17;
11;1;20.06.2015;;57;128.17;
11;1;21.06.2015;;94;128.17;
11;1;22.06.2015;;63;128.17;
11;1;23.06.2015;;126;128.17;
11;1;24.06.2015;;104;128.17;
11;1;25.06.2015;;94;128.17;
11;1;26.06.2015;;123;128.17;
11;1;27.06.2015;;151;128.17;
11;1;28.06.2015;;198;130.34;
11;1;29.06.2015;;145;130.34;
11;1;30.06.2015;1;157;130.34;119.33
11;1;01.07.2015;1;430;130.34;119.33
11;1;02.07.2015;1;371;130.34;119.33
11;1;03.07.2015;1;569;130.34;119.33
11;1;04.07.2015;1;298;130.34;119.33
11;1;05.07.2015;1;386;130.34;119.33
11;1;06.07.2015;1;242;130.34;119.33
11;1;07.07.2015;;60;130.34;
11;1;08.07.2015;;135;130.34;
11;1;09.07.2015;;69;121.64;
11;1;10.07.2015;;157;121.64;
11;1;11.07.2015;;141;123.55;
11;1;12.07.2015;;157;123.55;
11;1;13.07.2015;;214;123.55;
11;1;14.07.2015;;264;123.55;
11;1;15.07.2015;;311;125.45;
11;1;16.07.2015;;135;125.45;
11;1;17.07.2015;;145;125.45;
11;1;18.07.2015;;75;127.62;
11;1;19.07.2015;;204;127.62;
11;1;20.07.2015;;185;127.62;
11;1;21.07.2015;;283;127.62;
11;1;22.07.2015;;254;127.62;
11;1;23.07.2015;;236;127.62;
11;1;24.07.2015;;396;127.62;
11;1;25.07.2015;;72;127.62;
11;1;26.07.2015;;170;130.07;
11;1;27.07.2015;;393;130.07;
11;1;28.07.2015;1;390;130.07;124.77
11;1;29.07.2015;1;270;130.07;124.77
11;1;30.07.2015;1;371;130.07;124.77
11;1;31.07.2015;1;393;130.07;124.77
11;1;01.08.2015;1;889;130.07;124.77
11;1;02.08.2015;1;456;130.07;124.77
11;1;03.08.2015;1;562;130.07;124.77
11;1;04.08.2015;;163;138.5;
11;1;05.08.2015;;132;138.5;
11;1;06.08.2015;;167;138.5;
11;1;07.08.2015;;157;138.5;
11;1;08.08.2015;;182;141.21;
11;1;09.08.2015;;220;141.21;
11;1;10.08.2015;;135;141.21;
11;1;11.08.2015;;167;141.21;
11;1;12.08.2015;;229;142.85;
11;1;13.08.2015;;85;142.85;
11;1;14.08.2015;;176;142.85;
11;1;15.08.2015;;163;142.85;
11;1;16.08.2015;;182;142.85;
11;1;17.08.2015;;135;142.85;
11;1;18.08.2015;;94;142.85;
11;1;19.08.2015;;145;142.85;
11;1;20.08.2015;;157;142.85;
11;1;21.08.2015;;110;142.85;
11;1;22.08.2015;;380;142.85;
11;1;23.08.2015;;104;142.85;
11;1;24.08.2015;;201;142.85;
11;1;25.08.2015;;207;142.85;
11;1;26.08.2015;;116;142.85;
11;1;27.08.2015;;339;137.68;
11;1;28.08.2015;;129;137.68;
11;1;29.08.2015;;226;137.68;
11;1;30.08.2015;;245;137.68;
11;1;31.08.2015;;179;137.68;
11;1;01.09.2015;;97;137.68;
11;1;02.09.2015;;320;135.78;
11;1;03.09.2015;;226;135.78;
11;1;04.09.2015;;163;135.78;
11;1;05.09.2015;;154;133.6;
11;1;06.09.2015;;198;133.6;
11;1;07.09.2015;;449;133.6;
11;1;08.09.2015;;264;133.6;
11;1;09.09.2015;;154;135.51;
11;1;10.09.2015;;264;135.51;
11;1;11.09.2015;;302;135.51;
11;1;12.09.2015;;110;135.51;
11;1;13.09.2015;;185;135.51;
11;1;14.09.2015;;88;135.51;
11;1;15.09.2015;;173;135.51;
11;1;16.09.2015;;163;138.5;
11;1;17.09.2015;;232;138.5;
11;1;18.09.2015;;264;138.5;
11;1;19.09.2015;;132;138.5;
11;1;20.09.2015;;179;138.5;
11;1;21.09.2015;;261;138.5;
11;1;22.09.2015;;132;138.5;
11;1;23.09.2015;;63;141.21;
11;1;24.09.2015;;79;141.21;
11;1;25.09.2015;;123;141.21;
11;1;26.09.2015;;75;141.21;
11;1;27.09.2015;;38;141.21;
11;1;28.09.2015;;104;141.21;
11;1;29.09.2015;;214;141.21;
11;1;30.09.2015;;104;141.21;
11;1;01.10.2015;;104;141.21;
11;1;02.10.2015;;88;141.21;
11;1;03.10.2015;;63;141.21;
11;1;04.10.2015;;53;141.21;
11;1;05.10.2015;;123;141.21;
11;1;06.10.2015;1;242;141.21;122.32
11;1;07.10.2015;1;324;141.21;122.32
11;1;08.10.2015;1;393;141.11;122.32
11;1;09.10.2015;1;437;141.21;122.32
11;1;10.10.2015;1;434;141.21;122.32
11;1;11.10.2015;1;314;141.21;122.32
11;1;12.10.2015;1;324;141.21;122.32
11;1;13.10.2015;;157;141.21;
11;1;14.10.2015;;116;141.21;
11;1;15.10.2015;;60;142.57;
11;1;16.10.2015;;31;142.57;
11;1;17.10.2015;;63;142.57;
11;1;18.10.2015;;66;142.57;
11;1;19.10.2015;;44;142.57;
11;1;20.10.2015;;66;142.57;
11;1;21.10.2015;;364;130.34;
11;1;22.10.2015;;434;130.34;
11;1;23.10.2015;;446;130.34;
11;1;24.10.2015;;386;130.34;
11;1;25.10.2015;;320;130.34;
11;1;26.10.2015;;201;130.34;
11;1;27.10.2015;1;971;130.34;122.32
11;1;28.10.2015;1;1115;130.34;122.32
11;1;29.10.2015;1;638;130.34;122.32
11;1;30.10.2015;1;377;130.34;122.32
11;1;31.10.2015;1;609;130.34;122.32
11;1;01.11.2015;1;201;130.34;122.32
11;1;02.11.2015;1;179;130.34;122.32
11;1;03.11.2015;;104;130.34;
11;1;04.11.2015;;104;134.69;
11;1;05.11.2015;;85;134.69;
11;1;06.11.2015;;53;134.69;
11;1;07.11.2015;;82;134.69;
11;1;08.11.2015;;129;134.69;
11;1;09.11.2015;;38;134.69;
11;1;10.11.2015;;66;134.69;
11;1;11.11.2015;;66;130.34;
11;1;12.11.2015;;88;130.34;
11;1;13.11.2015;;126;130.34;
11;1;14.11.2015;;79;130.34;
11;1;15.11.2015;;129;130.34;
11;1;16.11.2015;;126;130.34;
11;1;17.11.2015;;88;130.34;
11;1;18.11.2015;;110;130.34;
11;1;19.11.2015;;110;130.34;
11;1;20.11.2015;;157;130.34;
11;1;21.11.2015;;138;130.34;
11;1;22.11.2015;;110;130.34;
11;1;23.11.2015;;198;130.34;
11;1;24.11.2015;1;1106;130.34;116.61
11;1;25.11.2015;1;1499;130.34;116.61
11;1;26.11.2015;1;1869;130.34;116.61
11;1;27.11.2015;1;1882;130.34;116.61
11;1;28.11.2015;1;1436;130.34;116.61
11;1;29.11.2015;1;1467;130.34;116.61
11;1;30.11.2015;1;1206;130.34;116.61
11;1;01.12.2015;;107;130.34;
11;1;02.12.2015;;57;130.34;
11;1;03.12.2015;;110;130.34;
11;1;04.12.2015;;148;130.34;
11;1;05.12.2015;1;493;130.34;116.61
11;1;06.12.2015;1;748;130.34;116.61
11;1;07.12.2015;1;1125;130.34;116.61
11;1;08.12.2015;;160;130.34;
11;1;09.12.2015;;123;130.34;
11;1;10.12.2015;;113;130.34;
11;1;11.12.2015;;151;130.34;
11;1;12.12.2015;;94;130.34;
11;1;13.12.2015;;119;130.34;
11;1;14.12.2015;;69;130.34;
11;1;15.12.2015;;135;130.34;
11;1;16.12.2015;;107;130.34;
11;1;17.12.2015;;88;130.34;
11;1;18.12.2015;;82;130.34;
11;1;19.12.2015;;119;130.34;
11;1;20.12.2015;;101;130.34;
11;1;21.12.2015;;88;130.34;
11;1;22.12.2015;;129;130.34;
11;1;23.12.2015;;113;130.34;
11;1;24.12.2015;;167;126.54;
11;1;25.12.2015;;201;126.54;
11;1;26.12.2015;;176;126.54;
11;1;27.12.2015;;116;126.54;
11;1;28.12.2015;;248;126.54;
11;1;29.12.2015;;148;126.54;
11;1;30.12.2015;;141;126.54;
11;1;31.12.2015;;101;126.54;
11;1;01.01.2016;;22;126.54;
11;1;02.01.2016;;35;126.54;
11;1;03.01.2016;;126;126.54;
11;1;04.01.2016;;116;126.54;
11;1;05.01.2016;;129;126.54;
11;1;06.01.2016;;185;126.54;
11;1;07.01.2016;;94;126.54;
11;1;08.01.2016;;97;126.54;
11;1;09.01.2016;;138;126.54;
11;1;10.01.2016;;151;126.54;
11;1;11.01.2016;;167;126.54;
11;1;12.01.2016;;129;126.54;
11;1;13.01.2016;;170;126.54;
11;1;14.01.2016;;207;126.54;
11;1;15.01.2016;;170;126.54;
11;1;16.01.2016;;192;126.54;
11;1;17.01.2016;;232;126.54;
11;1;18.01.2016;;201;126.54;
11;1;19.01.2016;;167;126.54;
11;1;20.01.2016;;226;126.54;
11;1;21.01.2016;;324;127.9;
11;1;22.01.2016;;132;127.9;
11;1;23.01.2016;;135;127.9;
11;1;24.01.2016;;126;127.9;
11;1;25.01.2016;;192;127.9;
11;1;26.01.2016;;248;127.9;
11;1;27.01.2016;;214;127.9;
11;1;28.01.2016;;355;127.9;
11;1;29.01.2016;;327;127.9;
11;1;30.01.2016;;239;127.9;
11;1;31.01.2016;;173;127.9;
11;1;01.02.2016;;148;130.34;
11;1;02.02.2016;;302;130.34;
11;1;03.02.2016;;280;130.34;
11;1;04.02.2016;;163;133.06;
11;1;05.02.2016;;85;133.06;
11;1;06.02.2016;;264;133.06;
11;1;07.02.2016;;79;141.76;
11;1;08.02.2016;;91;141.76;
11;1;09.02.2016;1;308;141.76;130.75
11;1;10.02.2016;1;613;141.76;130.75
11;1;11.02.2016;1;748;141.76;130.75
11;1;12.02.2016;1;333;141.76;130.75
11;1;13.02.2016;1;528;141.76;130.75
11;1;14.02.2016;1;355;141.76;130.75
11;1;15.02.2016;1;600;141.76;130.75
11;1;16.02.2016;1;267;141.76;130.75
11;1;17.02.2016;1;148;141.76;130.75
11;1;18.02.2016;;113;141.76;
11;1;19.02.2016;;110;141.76;
11;1;20.02.2016;;110;141.76;
11;1;21.02.2016;;66;141.76;
11;1;22.02.2016;;97;141.76;
11;1;23.02.2016;;57;141.76;
11;1;24.02.2016;;57;141.76;
11;1;25.02.2016;;101;141.76;
11;1;26.02.2016;;88;141.76;
11;1;27.02.2016;;129;141.76;
11;1;28.02.2016;;82;141.76;
11;1;29.02.2016;;97;141.76;
11;1;01.03.2016;;107;141.76;
11;1;02.03.2016;;66;141.76;
11;1;03.03.2016;;60;141.76;
11;1;04.03.2016;;60;141.76;
11;1;05.03.2016;;141;141.21;
11;1;06.03.2016;;145;141.21;
11;1;07.03.2016;;110;141.21;
11;1;08.03.2016;1;355;141.21;132.92
11;1;09.03.2016;1;399;141.21;132.92
11;1;10.03.2016;1;487;141.21;132.92
11;1;11.03.2016;1;402;141.21;132.92
11;1;12.03.2016;1;352;141.21;132.92
11;1;13.03.2016;1;298;141.21;132.92
11;1;14.03.2016;1;333;141.21;132.92
11;1;15.03.2016;1;653;141.21;130.21
11;1;16.03.2016;1;1426;141.21;130.21
11;1;17.03.2016;1;713;141.21;130.21
11;1;18.03.2016;1;650;141.21;130.21
11;1;19.03.2016;1;704;141.21;130.21
11;1;20.03.2016;1;113;141.21;130.21
11;1;21.03.2016;;116;141.21;
11;1;22.03.2016;;101;141.21;
11;1;23.03.2016;;85;141.21;
11;1;24.03.2016;;129;141.21;
11;1;25.03.2016;;138;141.21;
11;1;26.03.2016;;79;141.21;
11;1;27.03.2016;;85;141.21;
11;1;28.03.2016;;97;141.21;
11;1;29.03.2016;;135;141.21;
11;1;30.03.2016;;79;141.21;
11;1;31.03.2016;;104;141.21;
11;1;01.04.2016;;66;141.21;
11;1;02.04.2016;;63;141.21;
11;1;03.04.2016;;88;141.21;
11;1;04.04.2016;;88;141.21;
11;1;05.04.2016;;69;141.21;
11;1;06.04.2016;;82;141.21;
11;1;07.04.2016;;66;141.21;
11;1;08.04.2016;;60;141.21;
11;1;09.04.2016;;72;141.21;
11;1;10.04.2016;;72;141.21;
11;1;11.04.2016;;66;141.21;
11;1;12.04.2016;;217;141.21;
11;1;13.04.2016;;72;141.21;
11;1;14.04.2016;;75;135.78;
11;1;15.04.2016;;72;135.78;
11;1;16.04.2016;;138;135.78;
11;1;17.04.2016;;116;135.78;
11;1;18.04.2016;;132;135.78;
11;1;19.04.2016;1;729;135.78;122.32
11;1;20.04.2016;1;1125;135.78;122.32
11;1;21.04.2016;1;707;135.78;122.32
11;1;22.04.2016;1;792;135.78;122.32
11;1;23.04.2016;1;594;135.78;122.32
11;1;24.04.2016;1;537;135.78;122.32
11;1;25.04.2016;1;798;135.78;122.32
11;1;26.04.2016;;179;135.78;
11;1;27.04.2016;;72;135.78;
11;1;28.04.2016;;110;135.78;
11;1;29.04.2016;;167;131.16;
11;1;30.04.2016;;107;131.16;
11;1;01.05.2016;;25;131.16;
11;1;02.05.2016;;47;131.16;
11;1;03.05.2016;;47;131.16;
11;1;04.05.2016;;31;131.16;
11;1;05.05.2016;;85;131.16;
11;1;06.05.2016;;107;131.16;
11;1;07.05.2016;;85;131.16;
11;1;08.05.2016;;25;131.16;
11;1;09.05.2016;;57;131.16;
11;1;10.05.2016;;88;131.16;
11;1;11.05.2016;;113;131.16;
11;1;12.05.2016;;91;131.16;
11;1;13.05.2016;;53;128.98;
11;1;14.05.2016;;97;128.98;
11;1;15.05.2016;;75;128.98;
11;1;16.05.2016;;170;128.98;
11;1;17.05.2016;1;559;128.98;119.6
11;1;18.05.2016;1;833;128.98;119.6
11;1;19.05.2016;1;1021;128.98;119.6
11;1;20.05.2016;1;553;128.98;119.6
11;1;21.05.2016;1;688;128.98;119.6
11;1;22.05.2016;1;430;128.98;119.6
