data/retail_2products.csv
Store_id;SKU_id;Date;Promo;Demand;Regular_Price;Promo_Price
12;1;01.01.2015;;25;171.93;
12;1;02.01.2015;;35;171.93;
12;1;03.01.2015;;69;171.93;
12;1;04.01.2015;;50;171.93;
12;1;05.01.2015;;107;171.93;
12;1;06.01.2015;;57;171.93;
12;1;07.01.2015;;63;171.93;
12;1;08.01.2015;;119;171.93;
12;1;09.01.2015;;75;171.93;
12;1;10.01.2015;;82;171.93;
12;1;11.01.2015;;72;171.93;
12;1;12.01.2015;;72;171.93;
12;1;13.01.2015;;82;171.93;
12;1;14.01.2015;;91;176.82;
12;1;15.01.2015;;75;176.82;
12;1;16.01.2015;;60;176.82;
12;1;17.01.2015;;72;176.82;
12;1;18.01.2015;;85;176.82;
12;1;19.01.2015;;75;176.82;
12;1;20.01.2015;;85;176.82;
12;1;21.01.2015;;79;176.82;
12;1;22.01.2015;;88;176.82;
12;1;23.01.2015;;94;168.4;
12;1;24.01.2015;;107;168.4;
12;1;25.01.2015;;116;168.4;
12;1;26.01.2015;;82;168.4;
12;1;27.01.2015;;53;168.4;
12;1;28.01.2015;;97;154.26;
12;1;29.01.2015;;113;154.26;
12;1;30.01.2015;;101;154.26;
12;1;31.01.2015;;110;154.26;
12;1;01.02.2015;;129;154.26;
12;1;02.02.2015;;60;154.26;
12;1;03.02.2015;;97;154.26;
12;1;04.02.2015;;126;154.26;
12;1;05.02.2015;;82;154.26;
12;1;06.02.2015;;157;154.26;
12;1;07.02.2015;;220;154.26;
12;1;08.02.2015;;138;154.26;
12;1;09.02.2015;;104;154.26;
12;1;10.02.2015;;91;154.26;
12;1;11.02.2015;;126;154.26;
12;1;12.02.2015;;126;154.26;
12;1;13.02.2015;;97;156.98;
12;1;14.02.2015;;94;156.98;
12;1;15.02.2015;;97;156.98;
12;1;16.02.2015;;79;156.98;
12;1;17.02.2015;1;355;156.98;143.8
12;1;18.02.2015;1;308;156.98;135.64
12;1;19.02.2015;1;525;156.98;135.64
12;1;20.02.2015;1;440;156.98;135.64
12;1;21.02.2015;1;518;156.98;135.64
12;1;22.02.2015;1;267;156.98;135.64
12;1;23.02.2015;1;346;156.98;135.64
12;1;24.02.2015;;101;156.98;
12;1;25.02.2015;;132;156.98;
12;1;26.02.2015;;101;156.98;
12;1;27.02.2015;;85;151.27;
12;1;28.02.2015;;154;151.27;
12;1;01.03.2015;;264;151.27;
12;1;02.03.2015;;258;151.27;
12;1;03.03.2015;1;245;151.27;138.36
12;1;04.03.2015;1;261;151.27;135.64
12;1;05.03.2015;1;308;145.56;135.64
12;1;06.03.2015;1;339;145.56;135.64
12;1;07.03.2015;1;167;145.56;135.64
12;1;08.03.2015;1;333;145.56;135.64
12;1;09.03.2015;;72;147.74;
12;1;10.03.2015;;129;147.74;
12;1;11.03.2015;;129;147.74;
12;1;12.03.2015;;53;147.74;
12;1;13.03.2015;;91;147.74;
12;1;14.03.2015;;126;147.74;
12;1;15.03.2015;;101;147.74;
12;1;16.03.2015;;119;147.74;
12;1;17.03.2015;1;1078;147.74;127.49
12;1;18.03.2015;1;858;147.74;127.49
12;1;19.03.2015;1;1147;147.74;127.49
12;1;20.03.2015;1;1159;147.74;127.49
12;1;21.03.2015;1;635;147.74;127.49
12;1;22.03.2015;1;713;147.74;127.49
12;1;23.03.2015;1;452;147.74;127.49
12;1;24.03.2015;;69;147.74;
12;1;25.03.2015;;132;147.74;
12;1;26.03.2015;;173;131.97;
12;1;27.03.2015;;167;131.97;
12;1;28.03.2015;;126;131.97;
12;1;29.03.2015;;185;131.97;
12;1;30.03.2015;;151;131.97;
12;1;31.03.2015;;201;131.97;
12;1;01.04.2015;;198;133.33;
12;1;02.04.2015;;97;133.33;
12;1;03.04.2015;;170;133.33;
12;1;04.04.2015;;141;133.33;
12;1;05.04.2015;;104;133.33;
12;1;06.04.2015;;173;133.33;
12;1;07.04.2015;1;961;133.33;119.33
12;1;08.04.2015;1;1533;133.33;119.33
12;1;09.04.2015;1;946;133.33;119.33
12;1;10.04.2015;1;1112;133.33;119.33
12;1;11.04.2015;1;694;133.33;119.33
12;1;12.04.2015;1;251;133.33;119.33
12;1;13.04.2015;1;349;133.33;119.33
12;1;14.04.2015;;132;130.34;
12;1;15.04.2015;;179;130.34;
12;1;16.04.2015;;176;130.34;
12;1;17.04.2015;;195;138.5;
12;1;18.04.2015;;138;138.5;
12;1;19.04.2015;;145;138.5;
12;1;20.04.2015;;207;138.5;
12;1;21.04.2015;;101;138.5;
12;1;22.04.2015;;239;128.98;
12;1;23.04.2015;;119;128.98;
12;1;24.04.2015;;97;128.98;
12;1;25.04.2015;;151;128.98;
12;1;26.04.2015;;138;128.98;
12;1;27.04.2015;;126;128.98;
12;1;28.04.2015;;163;128.98;
12;1;29.04.2015;;170;131.7;
12;1;30.04.2015;;132;131.7;
12;1;01.05.2015;;79;131.7;
12;1;02.05.2015;;104;131.7;
12;1;03.05.2015;;163;131.7;
12;1;04.05.2015;;145;131.7;
12;1;05.05.2015;;176;131.7;
12;1;06.05.2015;;145;131.7;
12;1;07.05.2015;;151;131.7;
12;1;08.05.2015;;94;131.7;
12;1;09.05.2015;;101;131.7;
12;1;10.05.2015;;138;131.7;
12;1;11.05.2015;;91;131.7;
12;1;12.05.2015;;104;131.7;
12;1;13.05.2015;;75;131.7;
12;1;14.05.2015;;104;131.7;
12;1;15.05.2015;;258;131.7;
12;1;16.05.2015;;138;131.7;
12;1;17.05.2015;;160;131.7;
12;1;18.05.2015;;129;131.7;
12;1;19.05.2015;1;531;131.7;119.33
12;1;20.05.2015;1;628;131.7;119.33
12;1;21.05.2015;1;795;131.7;119.33
12;1;22.05.2015;1;493;131.7;119.33
12;1;23.05.2015;1;352;131.7;119.33
12;1;24.05.2015;1;229;131.7;119.33
12;1;25.05.2015;1;364;131.7;119.33
12;1;26.05.2015;;91;131.7;
12;1;27.05.2015;;138;129.25;
12;1;28.05.2015;;138;129.25;
12;1;29.05.2015;;132;129.25;
12;1;30.05.2015;;192;129.25;
12;1;31.05.2015;;110;129.25;
12;1;01.06.2015;;261;129.25;
12;1;02.06.2015;;113;129.25;
12;1;03.06.2015;;204;129.25;
12;1;04.06.2015;;132;129.25;
12;1;05.06.2015;;192;129.25;
12;1;06.06.2015;;138;131.7;
12;1;07.06.2015;;88;131.7;
12;1;08.06.2015;;173;131.7;
12;1;09.06.2015;1;481;131.7;119.33
12;1;10.06.2015;1;396;131.7;119.33
12;1;11.06.2015;1;638;131.7;119.33
12;1;12.06.2015;1;339;131.7;119.33
12;1;13.06.2015;1;286;131.7;119.33
12;1;14.06.2015;1;518;131.7;119.33
12;1;15.06.2015;1;383;131.7;119.33
12;1;16.06.2015;;188;131.7;
12;1;17.06.2015;;135;131.7;
12;1;18.06.2015;;157;128.17;
12;1;19.06.2015;;167;128.17;
12;1;20.06.2015;;242;128.17;
12;1;21.06.2015;;163;128.17;
12;1;22.06.2015;;333;128.17;
12;1;23.06.2015;;123;128.17;
12;1;24.06.2015;;339;128.17;
12;1;25.06.2015;;163;128.17;
12;1;26.06.2015;;352;128.17;
12;1;27.06.2015;;314;128.17;
12;1;28.06.2015;;182;130.34;
12;1;29.06.2015;;352;130.34;
12;1;30.06.2015;1;421;130.34;119.33
12;1;01.07.2015;1;619;130.34;119.33
12;1;02.07.2015;1;688;130.34;119.33
12;1;03.07.2015;1;946;130.34;119.33
12;1;04.07.2015;1;672;130.34;119.33
12;1;05.07.2015;1;663;130.34;119.33
12;1;06.07.2015;1;738;130.34;119.33
12;1;07.07.2015;;145;130.34;
12;1;08.07.2015;;207;130.34;
12;1;09.07.2015;;276;121.64;
12;1;10.07.2015;;245;121.64;
12;1;11.07.2015;;217;123.55;
12;1;12.07.2015;;324;123.55;
12;1;13.07.2015;;210;123.55;
12;1;14.07.2015;;459;123.55;
12;1;15.07.2015;;402;125.45;
12;1;16.07.2015;;506;125.45;
12;1;17.07.2015;;496;125.45;
12;1;18.07.2015;;565;127.62;
12;1;19.07.2015;;226;127.62;
12;1;20.07.2015;;578;127.62;
12;1;21.07.2015;;408;127.62;
12;1;22.07.2015;;575;127.62;
12;1;23.07.2015;;776;127.62;
12;1;24.07.2015;;487;127.62;
12;1;25.07.2015;;622;127.62;
12;1;26.07.2015;;405;130.07;
12;1;27.07.2015;;434;130.07;
12;1;28.07.2015;1;471;130.07;124.77
12;1;29.07.2015;1;408;130.07;124.77
12;1;30.07.2015;1;352;130.07;124.77
12;1;31.07.2015;1;622;130.07;124.77
12;1;01.08.2015;1;625;130.07;124.77
12;1;02.08.2015;1;726;130.07;124.77
12;1;03.08.2015;1;512;130.07;124.77
12;1;04.08.2015;;327;138.5;
12;1;05.08.2015;;236;138.5;
12;1;06.08.2015;;154;138.5;
12;1;07.08.2015;;192;138.5;
12;1;08.08.2015;;229;141.21;
12;1;09.08.2015;;201;141.21;
12;1;10.08.2015;;198;141.21;
12;1;11.08.2015;;204;141.21;
12;1;12.08.2015;;192;142.85;
12;1;13.08.2015;;188;142.85;
12;1;14.08.2015;;217;142.85;
12;1;15.08.2015;;132;142.85;
12;1;16.08.2015;;210;142.85;
12;1;17.08.2015;;148;142.85;
12;1;18.08.2015;;204;142.85;
12;1;19.08.2015;;248;142.85;
12;1;20.08.2015;;223;142.85;
12;1;21.08.2015;;201;142.85;
12;1;22.08.2015;;141;142.85;
12;1;23.08.2015;;173;142.85;
12;1;24.08.2015;;138;142.85;
12;1;25.08.2015;;160;142.85;
12;1;26.08.2015;;374;142.85;
12;1;27.08.2015;;167;137.68;
12;1;28.08.2015;;217;137.68;
12;1;29.08.2015;;141;137.68;
12;1;30.08.2015;;204;137.68;
12;1;31.08.2015;;135;137.68;
12;1;01.09.2015;;254;137.68;
12;1;02.09.2015;;305;135.78;
12;1;03.09.2015;;565;135.78;
12;1;04.09.2015;;305;135.78;
12;1;05.09.2015;;214;133.6;
12;1;06.09.2015;;242;133.6;
12;1;07.09.2015;;267;133.6;
12;1;08.09.2015;;267;133.6;
12;1;09.09.2015;;220;135.51;
12;1;10.09.2015;;342;135.51;
12;1;11.09.2015;;192;135.51;
12;1;12.09.2015;;129;135.51;
12;1;13.09.2015;;182;135.51;
12;1;14.09.2015;;280;135.51;
12;1;15.09.2015;;242;135.51;
12;1;16.09.2015;;220;138.5;
12;1;17.09.2015;;198;138.5;
12;1;18.09.2015;;182;138.5;
12;1;19.09.2015;;163;138.5;
12;1;20.09.2015;;119;138.5;
12;1;21.09.2015;;167;138.5;
12;1;22.09.2015;;195;138.5;
12;1;23.09.2015;;167;141.21;
12;1;24.09.2015;;229;141.21;
12;1;25.09.2015;;145;141.21;
12;1;26.09.2015;;107;141.21;
12;1;27.09.2015;;132;141.21;
12;1;28.09.2015;;132;141.21;
12;1;29.09.2015;;88;141.21;
12;1;30.09.2015;;132;141.21;
12;1;01.10.2015;;123;141.21;
12;1;02.10.2015;;145;141.21;
12;1;03.10.2015;;157;141.21;
12;1;04.10.2015;;97;141.21;
12;1;05.10.2015;;151;141.21;
12;1;06.10.2015;1;584;141.21;132.92
12;1;07.10.2015;1;179;141.21;130.21
12;1;08.10.2015;1;349;141.11;130.21
12;1;09.10.2015;1;82;141.21;130.21
12;1;10.10.2015;1;421;141.21;130.21
12;1;11.10.2015;1;94;141.21;130.21
12;1;12.10.2015;1;254;141.21;130.21
12;1;13.10.2015;;91;141.21;
12;1;14.10.2015;;104;141.21;
12;1;15.10.2015;;126;142.57;
12;1;16.10.2015;;154;142.57;
12;1;17.10.2015;;79;142.57;
12;1;18.10.2015;;104;142.57;
12;1;19.10.2015;;69;142.57;
12;1;20.10.2015;;101;142.57;
12;1;21.10.2015;;104;130.34;
12;1;22.10.2015;;116;130.34;
12;1;23.10.2015;;104;130.34;
12;1;24.10.2015;;113;130.34;
12;1;25.10.2015;;157;130.34;
12;1;26.10.2015;;82;130.34;
12;1;27.10.2015;1;107;130.34;122.32
12;1;28.10.2015;1;182;130.34;124.77
12;1;29.10.2015;1;182;130.34;124.77
12;1;30.10.2015;1;239;130.34;124.77
12;1;31.10.2015;1;179;130.34;124.77
12;1;01.11.2015;1;97;130.34;124.77
12;1;02.11.2015;1;138;130.34;124.77
12;1;03.11.2015;;223;130.34;
12;1;04.11.2015;;141;134.69;
12;1;05.11.2015;;138;134.69;
12;1;06.11.2015;;126;134.69;
12;1;07.11.2015;;123;134.69;
12;1;08.11.2015;;126;134.69;
12;1;09.11.2015;;110;134.69;
12;1;10.11.2015;;113;134.69;
12;1;11.11.2015;;145;130.34;
12;1;12.11.2015;;157;130.34;
12;1;13.11.2015;;141;130.34;
12;1;14.11.2015;;82;130.34;
12;1;15.11.2015;;113;130.34;
12;1;16.11.2015;;135;130.34;
12;1;17.11.2015;;123;130.34;
12;1;18.11.2015;;129;130.34;
12;1;19.11.2015;;145;130.34;
12;1;20.11.2015;;138;130.34;
12;1;21.11.2015;;101;130.34;
12;1;22.11.2015;;135;130.34;
12;1;23.11.2015;;94;130.34;
12;1;24.11.2015;1;503;130.34;116.61
12;1;25.11.2015;1;298;130.34;116.61
12;1;26.11.2015;1;581;130.34;116.61
12;1;27.11.2015;1;324;130.34;116.61
12;1;28.11.2015;1;236;130.34;116.61
12;1;29.11.2015;1;418;130.34;116.61
12;1;30.11.2015;1;339;130.34;116.61
12;1;01.12.2015;;107;130.34;
12;1;02.12.2015;;163;130.34;
12;1;03.12.2015;;157;130.34;
12;1;04.12.2015;;107;130.34;
12;1;05.12.2015;1;116;130.34;116.61
12;1;06.12.2015;1;182;130.34;116.61
12;1;07.12.2015;1;107;130.34;116.61
12;1;08.12.2015;;97;130.34;
12;1;09.12.2015;;119;130.34;
12;1;10.12.2015;;110;130.34;
12;1;11.12.2015;;157;130.34;
12;1;12.12.2015;;170;130.34;
12;1;13.12.2015;;154;130.34;
12;1;14.12.2015;;163;130.34;
12;1;15.12.2015;;135;130.34;
12;1;16.12.2015;;173;130.34;
12;1;17.12.2015;;101;130.34;
12;1;18.12.2015;;85;130.34;
12;1;19.12.2015;;258;130.34;
12;1;20.12.2015;;217;130.34;
12;1;21.12.2015;;167;130.34;
12;1;22.12.2015;;119;130.34;
12;1;23.12.2015;;195;130.34;
12;1;24.12.2015;;104;126.54;
12;1;25.12.2015;;160;126.54;
12;1;26.12.2015;;157;126.54;
12;1;27.12.2015;;132;126.54;
12;1;28.12.2015;;97;126.54;
12;1;29.12.2015;;113;126.54;
12;1;30.12.2015;;192;126.54;
12;1;31.12.2015;;126;126.54;
12;1;01.01.2016;;41;126.54;
12;1;02.01.2016;;126;126.54;
12;1;03.01.2016;;85;126.54;
12;1;04.01.2016;;119;126.54;
12;1;05.01.2016;;204;126.54;
12;1;06.01.2016;;104;126.54;
12;1;07.01.2016;;57;126.54;
12;1;08.01.2016;;210;126.54;
12;1;09.01.2016;;123;126.54;
12;1;10.01.2016;;188;126.54;
12;1;11.01.2016;;317;126.54;
12;1;12.01.2016;;154;126.54;
12;1;13.01.2016;;148;126.54;
12;1;14.01.2016;;116;126.54;
12;1;15.01.2016;;201;126.54;
12;1;16.01.2016;;173;126.54;
12;1;17.01.2016;;182;126.54;
12;1;18.01.2016;;188;126.54;
12;1;19.01.2016;;141;126.54;
12;1;20.01.2016;;270;126.54;
12;1;21.01.2016;;201;127.9;
12;1;22.01.2016;;210;127.9;
12;1;23.01.2016;;251;127.9;
12;1;24.01.2016;;223;127.9;
12;1;25.01.2016;;248;127.9;
12;1;26.01.2016;;119;127.9;
12;1;27.01.2016;;173;127.9;
12;1;28.01.2016;;170;127.9;
12;1;29.01.2016;;154;127.9;
12;1;30.01.2016;;267;127.9;
12;1;31.01.2016;;210;127.9;
12;1;01.02.2016;;179;130.34;
12;1;02.02.2016;;232;130.34;
12;1;03.02.2016;;305;130.34;
12;1;04.02.2016;;101;133.06;
12;1;05.02.2016;;132;133.06;
12;1;06.02.2016;;138;133.06;
12;1;07.02.2016;;160;141.76;
12;1;08.02.2016;;141;141.76;
12;1;09.02.2016;1;298;141.76;130.75
12;1;10.02.2016;1;408;141.76;130.75
12;1;11.02.2016;1;481;141.76;130.75
12;1;12.02.2016;1;283;141.76;130.75
12;1;13.02.2016;1;198;141.76;130.75
12;1;14.02.2016;1;207;141.76;130.75
12;1;15.02.2016;1;305;141.76;130.75
12;1;16.02.2016;1;242;141.76;130.75
12;1;17.02.2016;1;226;141.76;130.75
12;1;18.02.2016;;167;141.76;
12;1;19.02.2016;;97;141.76;
12;1;20.02.2016;;94;141.76;
12;1;21.02.2016;;110;141.76;
12;1;22.02.2016;;104;141.76;
12;1;23.02.2016;;79;141.76;
12;1;24.02.2016;;116;141.76;
12;1;25.02.2016;;113;141.76;
12;1;26.02.2016;;135;141.76;
12;1;27.02.2016;;91;141.76;
12;1;28.02.2016;;91;141.76;
12;1;29.02.2016;;91;141.76;
12;1;01.03.2016;;91;141.76;
12;1;02.03.2016;;85;141.76;
12;1;03.03.2016;;123;141.76;
12;1;04.03.2016;;154;141.76;
12;1;05.03.2016;;154;141.21;
12;1;06.03.2016;;170;141.21;
12;1;07.03.2016;;113;141.21;
12;1;08.03.2016;1;176;141.21;132.92
12;1;09.03.2016;1;239;141.21;132.92
12;1;10.03.2016;1;201;141.21;132.92
12;1;11.03.2016;1;185;141.21;132.92
12;1;12.03.2016;1;195;141.21;132.92
12;1;13.03.2016;1;195;141.21;132.92
12;1;14.03.2016;1;214;141.21;132.92
12;1;15.03.2016;1;298;141.21;130.21
12;1;16.03.2016;1;317;141.21;130.21
12;1;17.03.2016;1;251;141.21;130.21
12;1;18.03.2016;1;292;141.21;130.21
12;1;19.03.2016;1;226;141.21;130.21
12;1;20.03.2016;1;223;141.21;130.21
12;1;21.03.2016;;185;141.21;
12;1;22.03.2016;;79;141.21;
12;1;23.03.2016;;113;141.21;
12;1;24.03.2016;;116;141.21;
12;1;25.03.2016;;110;141.21;
12;1;26.03.2016;;154;141.21;
12;1;27.03.2016;;110;141.21;
12;1;28.03.2016;;50;141.21;
12;1;29.03.2016;;110;141.21;
12;1;30.03.2016;;85;141.21;
12;1;31.03.2016;;198;141.21;
12;1;01.04.2016;;88;141.21;
12;1;02.04.2016;;138;141.21;
12;1;03.04.2016;;116;141.21;
12;1;04.04.2016;;126;141.21;
12;1;05.04.2016;;91;141.21;
12;1;06.04.2016;;85;141.21;
12;1;07.04.2016;;94;141.21;
12;1;08.04.2016;;167;141.21;
12;1;09.04.2016;;179;141.21;
12;1;10.04.2016;;107;141.21;
12;1;11.04.2016;;154;141.21;
12;1;12.04.2016;;91;141.21;
12;1;13.04.2016;;91;141.21;
12;1;14.04.2016;;104;135.78;
12;1;15.04.2016;;113;135.78;
12;1;16.04.2016;;107;135.78;
12;1;17.04.2016;;79;135.78;
12;1;18.04.2016;;123;135.78;
12;1;19.04.2016;1;324;135.78;122.32
12;1;20.04.2016;1;399;135.78;122.32
12;1;21.04.2016;1;364;135.78;122.32
12;1;22.04.2016;1;616;135.78;122.32
12;1;23.04.2016;1;663;135.78;122.32
12;1;24.04.2016;1;207;135.78;122.32
12;1;25.04.2016;1;229;135.78;122.32
12;1;26.04.2016;;123;135.78;
12;1;27.04.2016;;148;135.78;
12;1;28.04.2016;;163;135.78;
12;1;29.04.2016;;160;131.16;
12;1;30.04.2016;;123;131.16;
12;1;01.05.2016;;60;131.16;
12;1;02.05.2016;;101;131.16;
12;1;03.05.2016;;101;131.16;
12;1;04.05.2016;;107;131.16;
12;1;05.05.2016;;97;131.16;
12;1;06.05.2016;;63;131.16;
12;1;07.05.2016;;132;131.16;
12;1;08.05.2016;;116;131.16;
12;1;09.05.2016;;79;131.16;
12;1;10.05.2016;;101;131.16;
12;1;11.05.2016;;57;131.16;
12;1;12.05.2016;;94;131.16;
12;1;13.05.2016;;176;128.98;
12;1;14.05.2016;;135;128.98;
12;1;15.05.2016;;207;128.98;
12;1;16.05.2016;;223;128.98;
12;1;17.05.2016;1;396;128.98;119.6
12;1;18.05.2016;1;443;128.98;119.6
12;1;19.05.2016;1;283;128.98;119.6
12;1;20.05.2016;1;691;128.98;119.6
12;1;21.05.2016;1;509;128.98;119.6
12;1;22.05.2016;1;223;128.98;119.6
