data/retail_2products.csv
Store_id;SKU_id;Date;Promo;Demand;Regular_Price;Promo_Price
13;1;01.01.2015;;38;163.78;
13;1;02.01.2015;;75;163.78;
13;1;03.01.2015;;88;163.78;
13;1;04.01.2015;;82;163.78;
13;1;05.01.2015;;50;163.78;
13;1;06.01.2015;;97;163.78;
13;1;07.01.2015;;82;163.78;
13;1;08.01.2015;;82;163.78;
13;1;09.01.2015;;132;163.78;
13;1;10.01.2015;;157;163.78;
13;1;11.01.2015;;110;163.78;
13;1;12.01.2015;;138;163.78;
13;1;13.01.2015;;113;163.78;
13;1;14.01.2015;;101;168.4;
13;1;15.01.2015;;129;168.4;
13;1;16.01.2015;;104;168.4;
13;1;17.01.2015;;226;168.4;
13;1;18.01.2015;;289;168.4;
13;1;19.01.2015;;286;168.4;
13;1;20.01.2015;;317;168.4;
13;1;21.01.2015;;302;168.4;
13;1;22.01.2015;;339;168.4;
13;1;23.01.2015;;273;154.67;
13;1;24.01.2015;;163;160.24;
13;1;25.01.2015;;138;160.24;
13;1;26.01.2015;;138;160.24;
13;1;27.01.2015;;182;160.24;
13;1;28.01.2015;;182;146.92;
13;1;29.01.2015;;223;146.92;
13;1;30.01.2015;;223;146.92;
13;1;31.01.2015;;308;146.92;
13;1;01.02.2015;;264;146.92;
13;1;02.02.2015;;210;146.92;
13;1;03.02.2015;;261;146.92;
13;1;04.02.2015;;314;146.92;
13;1;05.02.2015;;320;146.92;
13;1;06.02.2015;;232;146.92;
13;1;07.02.2015;;295;146.92;
13;1;08.02.2015;;302;146.92;
13;1;09.02.2015;;223;146.92;
13;1;10.02.2015;;330;146.92;
13;1;11.02.2015;;311;146.92;
13;1;12.02.2015;;264;146.92;
13;1;13.02.2015;;283;149.37;
13;1;14.02.2015;;248;149.37;
13;1;15.02.2015;;245;149.37;
13;1;16.02.2015;;380;149.37;
13;1;17.02.2015;1;459;149.37;143.8
13;1;18.02.2015;1;606;149.37;135.64
13;1;19.02.2015;1;1062;149.37;135.64
13;1;20.02.2015;1;1389;149.37;135.64
13;1;21.02.2015;1;990;149.37;135.64
13;1;22.02.2015;1;644;149.37;135.64
13;1;23.02.2015;1;719;149.37;135.64
13;1;24.02.2015;;276;149.37;
13;1;25.02.2015;;151;149.37;
13;1;26.02.2015;;270;149.37;
13;1;27.02.2015;;286;143.93;
13;1;28.02.2015;;349;143.93;
13;1;01.03.2015;;346;143.93;
13;1;02.03.2015;;537;143.93;
13;1;03.03.2015;1;471;143.93;138.36
13;1;04.03.2015;1;320;143.93;135.64
13;1;05.03.2015;1;631;138.5;135.64
13;1;06.03.2015;1;622;138.5;135.64
13;1;07.03.2015;1;776;138.5;135.64
13;1;08.03.2015;1;443;138.5;135.64
13;1;09.03.2015;;283;140.67;
13;1;10.03.2015;;358;140.67;
13;1;11.03.2015;;308;140.67;
13;1;12.03.2015;;327;140.67;
13;1;13.03.2015;;311;140.67;
13;1;14.03.2015;;324;140.67;
13;1;15.03.2015;;317;140.67;
13;1;16.03.2015;;314;140.67;
13;1;17.03.2015;1;2023;140.67;127.49
13;1;18.03.2015;1;1813;140.67;127.49
13;1;19.03.2015;1;1979;140.67;127.49
13;1;20.03.2015;1;1150;140.67;127.49
13;1;21.03.2015;1;1062;140.67;127.49
13;1;22.03.2015;1;1081;140.67;127.49
13;1;23.03.2015;1;723;140.67;127.49
13;1;24.03.2015;;317;140.67;
13;1;25.03.2015;;151;140.67;
13;1;26.03.2015;;421;131.97;
13;1;27.03.2015;;368;131.97;
13;1;28.03.2015;;405;131.97;
13;1;29.03.2015;;320;131.97;
13;1;30.03.2015;;349;131.97;
13;1;31.03.2015;;232;131.97;
13;1;01.04.2015;;264;133.33;
13;1;02.04.2015;;210;133.33;
13;1;03.04.2015;;236;133.33;
13;1;04.04.2015;;210;133.33;
13;1;05.04.2015;;229;133.33;
13;1;06.04.2015;;248;133.33;
13;1;07.04.2015;1;1558;133.33;119.33
13;1;08.04.2015;1;1345;133.33;119.33
13;1;09.04.2015;1;1288;133.33;119.33
13;1;10.04.2015;1;1015;133.33;119.33
13;1;11.04.2015;1;679;133.33;119.33
13;1;12.04.2015;1;298;133.33;119.33
13;1;13.04.2015;1;408;133.33;119.33
13;1;14.04.2015;;188;130.34;
13;1;15.04.2015;;182;130.34;
13;1;16.04.2015;;192;130.34;
13;1;17.04.2015;;188;138.5;
13;1;18.04.2015;;113;138.5;
13;1;19.04.2015;;135;138.5;
13;1;20.04.2015;;145;138.5;
13;1;21.04.2015;;151;138.5;
13;1;22.04.2015;;276;128.98;
13;1;23.04.2015;;214;128.98;
13;1;24.04.2015;;182;128.98;
13;1;25.04.2015;;151;128.98;
13;1;26.04.2015;;239;128.98;
13;1;27.04.2015;;192;128.98;
13;1;28.04.2015;;170;128.98;
13;1;29.04.2015;;207;131.7;
13;1;30.04.2015;;179;131.7;
13;1;01.05.2015;;201;131.7;
13;1;02.05.2015;;110;131.7;
13;1;03.05.2015;;97;131.7;
13;1;04.05.2015;;151;131.7;
13;1;05.05.2015;;242;131.7;
13;1;06.05.2015;;204;131.7;
13;1;07.05.2015;;220;131.7;
13;1;08.05.2015;;201;131.7;
13;1;09.05.2015;;148;131.7;
13;1;10.05.2015;;145;131.7;
13;1;11.05.2015;;167;131.7;
13;1;12.05.2015;;217;131.7;
13;1;13.05.2015;;145;131.7;
13;1;14.05.2015;;170;131.7;
13;1;15.05.2015;;264;131.7;
13;1;16.05.2015;;201;131.7;
13;1;17.05.2015;;163;131.7;
13;1;18.05.2015;;214;131.7;
13;1;19.05.2015;1;751;131.7;119.33
13;1;20.05.2015;1;782;131.7;119.33
13;1;21.05.2015;1;704;131.7;119.33
13;1;22.05.2015;1;572;131.7;119.33
13;1;23.05.2015;1;456;131.7;119.33
13;1;24.05.2015;1;550;131.7;119.33
13;1;25.05.2015;1;562;131.7;119.33
13;1;26.05.2015;;308;131.7;
13;1;27.05.2015;;154;129.25;
13;1;28.05.2015;;129;129.25;
13;1;29.05.2015;;229;129.25;
13;1;30.05.2015;;138;129.25;
13;1;31.05.2015;;123;129.25;
13;1;01.06.2015;;157;129.25;
13;1;02.06.2015;;217;129.25;
13;1;03.06.2015;;248;129.25;
13;1;04.06.2015;;232;129.25;
13;1;05.06.2015;;280;129.25;
13;1;06.06.2015;;220;131.7;
13;1;07.06.2015;;173;131.7;
13;1;08.06.2015;;160;131.7;
13;1;09.06.2015;1;732;131.7;119.33
13;1;10.06.2015;1;855;131.7;119.33
13;1;11.06.2015;1;663;131.7;119.33
13;1;12.06.2015;1;412;131.7;119.33
13;1;13.06.2015;1;456;131.7;119.33
13;1;14.06.2015;1;729;131.7;119.33
13;1;15.06.2015;1;716;131.7;119.33
13;1;16.06.2015;;148;131.7;
13;1;17.06.2015;;214;131.7;
13;1;18.06.2015;;145;128.17;
13;1;19.06.2015;;245;128.17;
13;1;20.06.2015;;119;128.17;
13;1;21.06.2015;;185;128.17;
13;1;22.06.2015;;251;128.17;
13;1;23.06.2015;;254;128.17;
13;1;24.06.2015;;138;128.17;
13;1;25.06.2015;;176;128.17;
13;1;26.06.2015;;336;128.17;
13;1;27.06.2015;;195;128.17;
13;1;28.06.2015;;245;130.34;
13;1;29.06.2015;;273;130.34;
13;1;30.06.2015;1;851;130.34;119.33
13;1;01.07.2015;1;902;130.34;119.33
13;1;02.07.2015;1;1056;130.34;119.33
13;1;03.07.2015;1;971;130.34;119.33
13;1;04.07.2015;1;559;130.34;119.33
13;1;05.07.2015;1;430;130.34;119.33
13;1;06.07.2015;1;814;130.34;119.33
13;1;07.07.2015;;217;130.34;
13;1;08.07.2015;;154;130.34;
13;1;09.07.2015;;295;121.64;
13;1;10.07.2015;;393;121.64;
13;1;11.07.2015;;289;123.55;
13;1;12.07.2015;;327;123.55;
13;1;13.07.2015;;349;123.55;
13;1;14.07.2015;;390;123.55;
13;1;15.07.2015;;427;125.45;
13;1;16.07.2015;;481;125.45;
13;1;17.07.2015;;336;125.45;
13;1;18.07.2015;;305;127.62;
13;1;19.07.2015;;503;127.62;
13;1;20.07.2015;;855;127.62;
13;1;21.07.2015;;415;127.62;
13;1;22.07.2015;;550;127.62;
13;1;23.07.2015;;358;127.62;
13;1;24.07.2015;;619;127.62;
13;1;25.07.2015;;311;127.62;
13;1;26.07.2015;;474;130.07;
13;1;27.07.2015;;528;130.07;
13;1;28.07.2015;1;606;130.07;124.77
13;1;29.07.2015;1;826;130.07;124.77
13;1;30.07.2015;1;694;130.07;124.77
13;1;31.07.2015;1;751;130.07;124.77
13;1;01.08.2015;1;732;130.07;124.77
13;1;02.08.2015;1;578;130.07;124.77
13;1;03.08.2015;1;729;130.07;124.77
13;1;04.08.2015;;270;138.5;
13;1;05.08.2015;;210;138.5;
13;1;06.08.2015;;298;138.5;
13;1;07.08.2015;;270;138.5;
13;1;08.08.2015;;286;141.21;
13;1;09.08.2015;;402;141.21;
13;1;10.08.2015;;251;141.21;
13;1;11.08.2015;;251;141.21;
13;1;12.08.2015;;141;142.85;
13;1;13.08.2015;;210;142.85;
13;1;14.08.2015;;327;142.85;
13;1;15.08.2015;;330;142.85;
13;1;16.08.2015;;207;142.85;
13;1;17.08.2015;;311;142.85;
13;1;18.08.2015;;242;142.85;
13;1;19.08.2015;;339;142.85;
13;1;20.08.2015;;383;142.85;
13;1;21.08.2015;;493;142.85;
13;1;22.08.2015;;258;142.85;
13;1;23.08.2015;;534;142.85;
13;1;24.08.2015;;484;142.85;
13;1;25.08.2015;;522;142.85;
13;1;26.08.2015;;462;142.85;
13;1;27.08.2015;;565;137.68;
13;1;28.08.2015;;478;137.68;
13;1;29.08.2015;;352;137.68;
13;1;30.08.2015;;283;137.68;
13;1;31.08.2015;;317;137.68;
13;1;01.09.2015;;427;137.68;
13;1;02.09.2015;;336;135.78;
13;1;03.09.2015;;405;135.78;
13;1;04.09.2015;;456;135.78;
13;1;05.09.2015;;383;133.6;
13;1;06.09.2015;;437;133.6;
13;1;07.09.2015;;386;133.6;
13;1;08.09.2015;;380;133.6;
13;1;09.09.2015;;380;135.51;
13;1;10.09.2015;;437;135.51;
13;1;11.09.2015;;443;135.51;
13;1;12.09.2015;;449;135.51;
13;1;13.09.2015;;302;135.51;
13;1;14.09.2015;;393;135.51;
13;1;15.09.2015;;518;135.51;
13;1;16.09.2015;;283;138.5;
13;1;17.09.2015;;402;138.5;
13;1;18.09.2015;;349;138.5;
13;1;19.09.2015;;239;138.5;
13;1;20.09.2015;;280;138.5;
13;1;21.09.2015;;324;138.5;
13;1;22.09.2015;;333;138.5;
13;1;23.09.2015;;248;141.21;
13;1;24.09.2015;;242;141.21;
13;1;25.09.2015;;258;141.21;
13;1;26.09.2015;;207;141.21;
13;1;27.09.2015;;217;141.21;
13;1;28.09.2015;;251;141.21;
13;1;29.09.2015;;251;141.21;
13;1;30.09.2015;;276;141.21;
13;1;01.10.2015;;314;141.21;
13;1;02.10.2015;;242;141.21;
13;1;03.10.2015;;239;141.21;
13;1;04.10.2015;;226;141.21;
13;1;05.10.2015;;273;141.21;
13;1;06.10.2015;1;694;141.21;132.92
13;1;07.10.2015;1;889;141.21;130.21
13;1;08.10.2015;1;1200;141.11;130.21
13;1;09.10.2015;1;716;141.21;130.21
13;1;10.10.2015;1;789;141.21;130.21
13;1;11.10.2015;1;792;141.21;130.21
13;1;12.10.2015;1;468;141.21;130.21
13;1;13.10.2015;;239;141.21;
13;1;14.10.2015;;239;141.21;
13;1;15.10.2015;;207;142.57;
13;1;16.10.2015;;192;142.57;
13;1;17.10.2015;;192;142.57;
13;1;18.10.2015;;154;142.57;
13;1;19.10.2015;;167;142.57;
13;1;20.10.2015;;151;142.57;
13;1;21.10.2015;;364;130.34;
13;1;22.10.2015;;327;130.34;
13;1;23.10.2015;;465;130.34;
13;1;24.10.2015;;660;130.34;
13;1;25.10.2015;;446;130.34;
13;1;26.10.2015;;371;130.34;
13;1;27.10.2015;1;1407;130.34;122.32
13;1;28.10.2015;1;933;130.34;124.77
13;1;29.10.2015;1;685;130.34;124.77
13;1;30.10.2015;1;402;130.34;124.77
13;1;31.10.2015;1;339;130.34;124.77
13;1;01.11.2015;1;245;130.34;124.77
13;1;02.11.2015;1;540;130.34;124.77
13;1;03.11.2015;;236;130.34;
13;1;04.11.2015;;226;134.69;
13;1;05.11.2015;;173;134.69;
13;1;06.11.2015;;292;134.69;
13;1;07.11.2015;;138;134.69;
13;1;08.11.2015;;192;134.69;
13;1;09.11.2015;;185;134.69;
13;1;10.11.2015;;276;134.69;
13;1;11.11.2015;;245;130.34;
13;1;12.11.2015;;289;130.34;
13;1;13.11.2015;;283;130.34;
13;1;14.11.2015;;236;130.34;
13;1;15.11.2015;;220;130.34;
13;1;16.11.2015;;327;130.34;
13;1;17.11.2015;;198;130.34;
13;1;18.11.2015;;151;130.34;
13;1;19.11.2015;;220;130.34;
13;1;20.11.2015;;258;130.34;
13;1;21.11.2015;;377;130.34;
13;1;22.11.2015;;192;130.34;
13;1;23.11.2015;;308;130.34;
13;1;24.11.2015;1;2378;130.34;116.61
13;1;25.11.2015;1;2347;130.34;116.61
13;1;26.11.2015;1;2077;130.34;116.61
13;1;27.11.2015;1;898;130.34;116.61
13;1;28.11.2015;1;964;130.34;116.61
13;1;29.11.2015;1;911;130.34;116.61
13;1;30.11.2015;1;2007;130.34;116.61
13;1;01.12.2015;;236;130.34;
13;1;02.12.2015;;192;130.34;
13;1;03.12.2015;;201;130.34;
13;1;04.12.2015;;295;130.34;
13;1;05.12.2015;1;606;130.34;116.61
13;1;06.12.2015;1;1005;130.34;116.61
13;1;07.12.2015;1;1056;130.34;116.61
13;1;08.12.2015;;232;130.34;
13;1;09.12.2015;;273;130.34;
13;1;10.12.2015;;248;130.34;
13;1;11.12.2015;;210;130.34;
13;1;12.12.2015;;254;130.34;
13;1;13.12.2015;;167;130.34;
13;1;14.12.2015;;267;130.34;
13;1;15.12.2015;;352;130.34;
13;1;16.12.2015;;258;130.34;
13;1;17.12.2015;;245;130.34;
13;1;18.12.2015;;201;130.34;
13;1;19.12.2015;;214;130.34;
13;1;20.12.2015;;258;130.34;
13;1;21.12.2015;;270;130.34;
13;1;22.12.2015;;393;130.34;
13;1;23.12.2015;;232;130.34;
13;1;24.12.2015;;317;126.54;
13;1;25.12.2015;;311;126.54;
13;1;26.12.2015;;214;126.54;
13;1;27.12.2015;;210;126.54;
13;1;28.12.2015;;298;126.54;
13;1;29.12.2015;;339;126.54;
13;1;30.12.2015;;364;126.54;
13;1;31.12.2015;;311;126.54;
13;1;01.01.2016;;60;126.54;
13;1;02.01.2016;;254;126.54;
13;1;03.01.2016;;201;126.54;
13;1;04.01.2016;;314;126.54;
13;1;05.01.2016;;270;126.54;
13;1;06.01.2016;;270;126.54;
13;1;07.01.2016;;232;126.54;
13;1;08.01.2016;;276;126.54;
13;1;09.01.2016;;280;126.54;
13;1;10.01.2016;;270;126.54;
13;1;11.01.2016;;327;126.54;
13;1;12.01.2016;;402;126.54;
13;1;13.01.2016;;292;126.54;
13;1;14.01.2016;;371;126.54;
13;1;15.01.2016;;386;126.54;
13;1;16.01.2016;;377;126.54;
13;1;17.01.2016;;317;126.54;
13;1;18.01.2016;;468;126.54;
13;1;19.01.2016;;437;126.54;
13;1;20.01.2016;;324;126.54;
13;1;21.01.2016;;446;127.9;
13;1;22.01.2016;;361;127.9;
13;1;23.01.2016;;264;127.9;
13;1;24.01.2016;;377;127.9;
13;1;25.01.2016;;317;127.9;
13;1;26.01.2016;;440;127.9;
13;1;27.01.2016;;500;127.9;
13;1;28.01.2016;;361;127.9;
13;1;29.01.2016;;258;127.9;
13;1;30.01.2016;;380;127.9;
13;1;31.01.2016;;393;127.9;
13;1;01.02.2016;;305;130.34;
13;1;02.02.2016;;342;130.34;
13;1;03.02.2016;;251;130.34;
13;1;04.02.2016;;289;133.06;
13;1;05.02.2016;;377;133.06;
13;1;06.02.2016;;358;133.06;
13;1;07.02.2016;;226;141.76;
13;1;08.02.2016;;339;141.76;
13;1;09.02.2016;1;745;141.76;130.75
13;1;10.02.2016;1;924;141.76;130.75
13;1;11.02.2016;1;537;141.76;130.75
13;1;12.02.2016;1;776;141.76;130.75
13;1;13.02.2016;1;597;141.76;130.75
13;1;14.02.2016;1;537;141.76;130.75
13;1;15.02.2016;1;556;141.76;130.75
13;1;16.02.2016;1;565;141.76;130.75
13;1;17.02.2016;1;427;141.76;130.75
13;1;18.02.2016;;226;141.76;
13;1;19.02.2016;;201;141.76;
13;1;20.02.2016;;220;141.76;
13;1;21.02.2016;;167;141.76;
13;1;22.02.2016;;201;141.76;
13;1;23.02.2016;;126;141.76;
13;1;24.02.2016;;185;141.76;
13;1;25.02.2016;;396;141.76;
13;1;26.02.2016;;185;141.76;
13;1;27.02.2016;;179;141.76;
13;1;28.02.2016;;167;141.76;
13;1;29.02.2016;;239;141.76;
13;1;01.03.2016;;229;141.76;
13;1;02.03.2016;;251;141.76;
13;1;03.03.2016;;298;141.76;
13;1;04.03.2016;;223;141.76;
13;1;05.03.2016;;374;141.21;
13;1;06.03.2016;;163;141.21;
13;1;07.03.2016;;179;141.21;
13;1;08.03.2016;1;415;141.21;132.92
13;1;09.03.2016;1;550;141.21;132.92
13;1;10.03.2016;1;848;141.21;132.92
13;1;11.03.2016;1;587;141.21;132.92
13;1;12.03.2016;1;525;141.21;132.92
13;1;13.03.2016;1;559;141.21;132.92
13;1;14.03.2016;1;584;141.21;132.92
13;1;15.03.2016;1;675;141.21;130.21
13;1;16.03.2016;1;1034;141.21;130.21
13;1;17.03.2016;1;773;141.21;130.21
13;1;18.03.2016;1;613;141.21;130.21
13;1;19.03.2016;1;773;141.21;130.21
13;1;20.03.2016;1;210;141.21;130.21
13;1;21.03.2016;;173;141.21;
13;1;22.03.2016;;170;141.21;
13;1;23.03.2016;;214;141.21;
13;1;24.03.2016;;157;141.21;
13;1;25.03.2016;;292;141.21;
13;1;26.03.2016;;217;141.21;
13;1;27.03.2016;;179;141.21;
13;1;28.03.2016;;176;141.21;
13;1;29.03.2016;;270;141.21;
13;1;30.03.2016;;245;141.21;
13;1;31.03.2016;;239;141.21;
13;1;01.04.2016;;204;141.21;
13;1;02.04.2016;;226;141.21;
13;1;03.04.2016;;182;141.21;
13;1;04.04.2016;;217;141.21;
13;1;05.04.2016;;195;141.21;
13;1;06.04.2016;;188;141.21;
13;1;07.04.2016;;192;141.21;
13;1;08.04.2016;;182;141.21;
13;1;09.04.2016;;179;141.21;
13;1;10.04.2016;;185;141.21;
13;1;11.04.2016;;217;141.21;
13;1;12.04.2016;;261;141.21;
13;1;13.04.2016;;245;141.21;
13;1;14.04.2016;;210;135.78;
13;1;15.04.2016;;258;135.78;
13;1;16.04.2016;;245;135.78;
13;1;17.04.2016;;295;135.78;
13;1;18.04.2016;;248;135.78;
13;1;19.04.2016;1;1872;135.78;122.32
13;1;20.04.2016;1;1816;135.78;122.32
13;1;21.04.2016;1;1304;135.78;122.32
13;1;22.04.2016;1;811;135.78;122.32
13;1;23.04.2016;1;767;135.78;122.32
13;1;24.04.2016;1;729;135.78;122.32
13;1;25.04.2016;1;1056;135.78;122.32
13;1;26.04.2016;;339;135.78;
13;1;27.04.2016;;251;135.78;
13;1;28.04.2016;;223;135.78;
13;1;29.04.2016;;311;131.16;
13;1;30.04.2016;;223;131.16;
13;1;01.05.2016;;245;131.16;
13;1;02.05.2016;;116;131.16;
13;1;03.05.2016;;182;131.16;
13;1;04.05.2016;;232;131.16;
13;1;05.05.2016;;210;131.16;
13;1;06.05.2016;;226;131.16;
13;1;07.05.2016;;182;131.16;
13;1;08.05.2016;;132;131.16;
13;1;09.05.2016;;148;131.16;
13;1;10.05.2016;;330;131.16;
13;1;11.05.2016;;214;131.16;
13;1;12.05.2016;;342;131.16;
13;1;13.05.2016;;547;128.98;
13;1;14.05.2016;;245;128.98;
13;1;15.05.2016;;390;128.98;
13;1;16.05.2016;;342;128.98;
13;1;17.05.2016;1;1596;128.98;119.6
13;1;18.05.2016;1;1505;128.98;119.6
13;1;19.05.2016;1;1210;128.98;119.6
13;1;20.05.2016;1;1329;128.98;119.6
13;1;21.05.2016;1;688;128.98;119.6
13;1;22.05.2016;1;217;128.98;119.6
