data/retail_2products.csv
Store_id;SKU_id;Date;Promo;Demand;Regular_Price;Promo_Price
14;1;01.01.2015;;3;163.78;
14;1;02.01.2015;;72;163.78;
14;1;03.01.2015;;31;163.78;
14;1;04.01.2015;;41;163.78;
14;1;05.01.2015;;79;163.78;
14;1;06.01.2015;;22;163.78;
14;1;07.01.2015;;44;163.78;
14;1;08.01.2015;;69;163.78;
14;1;09.01.2015;;35;163.78;
14;1;10.01.2015;;82;163.78;
14;1;11.01.2015;;88;163.78;
14;1;12.01.2015;;66;163.78;
14;1;13.01.2015;;79;163.78;
14;1;14.01.2015;;47;168.4;
14;1;15.01.2015;;47;168.4;
14;1;16.01.2015;;85;168.4;
14;1;17.01.2015;;63;168.4;
14;1;18.01.2015;;101;168.4;
14;1;19.01.2015;;88;168.4;
14;1;20.01.2015;;79;168.4;
14;1;21.01.2015;;60;168.4;
14;1;22.01.2015;;60;168.4;
14;1;23.01.2015;;104;160.24;
14;1;24.01.2015;;148;160.24;
14;1;25.01.2015;;91;160.24;
14;1;26.01.2015;;110;160.24;
14;1;27.01.2015;;113;160.24;
14;1;28.01.2015;;167;146.92;
14;1;29.01.2015;;126;146.92;
14;1;30.01.2015;;66;146.92;
14;1;31.01.2015;;141;146.92;
14;1;01.02.2015;;126;146.92;
14;1;02.02.2015;;226;146.92;
14;1;03.02.2015;;217;146.92;
14;1;04.02.2015;;160;146.92;
14;1;05.02.2015;;116;146.92;
14;1;06.02.2015;;91;146.92;
14;1;07.02.2015;;154;146.92;
14;1;08.02.2015;;113;146.92;
14;1;09.02.2015;;91;146.92;
14;1;10.02.2015;;204;146.92;
14;1;11.02.2015;;141;146.92;
14;1;12.02.2015;;107;146.92;
14;1;13.02.2015;;110;149.37;
14;1;14.02.2015;;82;149.37;
14;1;15.02.2015;;104;149.37;
14;1;16.02.2015;;123;149.37;
14;1;17.02.2015;1;983;149.37;143.8
14;1;18.02.2015;1;232;149.37;135.64
14;1;19.02.2015;1;364;149.37;135.64
14;1;20.02.2015;1;565;149.37;135.64
14;1;21.02.2015;1;462;149.37;135.64
14;1;22.02.2015;1;421;149.37;135.64
14;1;23.02.2015;1;349;149.37;135.64
14;1;24.02.2015;;47;149.37;
14;1;25.02.2015;;104;149.37;
14;1;26.02.2015;;69;149.37;
14;1;27.02.2015;;88;143.93;
14;1;28.02.2015;;261;143.93;
14;1;01.03.2015;;298;143.93;
14;1;02.03.2015;;289;143.93;
14;1;03.03.2015;1;229;143.93;138.36
14;1;04.03.2015;1;352;143.93;135.64
14;1;05.03.2015;1;342;138.5;135.64
14;1;06.03.2015;1;503;138.5;135.64
14;1;07.03.2015;1;352;138.5;135.64
14;1;08.03.2015;1;201;138.5;135.64
14;1;09.03.2015;;182;140.67;
14;1;10.03.2015;;113;140.67;
14;1;11.03.2015;;148;140.67;
14;1;12.03.2015;;185;140.67;
14;1;13.03.2015;;173;140.67;
14;1;14.03.2015;;135;140.67;
14;1;15.03.2015;;94;140.67;
14;1;16.03.2015;;157;140.67;
14;1;17.03.2015;1;647;140.67;127.49
14;1;18.03.2015;1;807;140.67;127.49
14;1;19.03.2015;1;600;140.67;127.49
14;1;20.03.2015;1;895;140.67;127.49
14;1;21.03.2015;1;528;140.67;127.49
14;1;22.03.2015;1;719;140.67;127.49
14;1;23.03.2015;1;289;140.67;127.49
14;1;24.03.2015;;138;140.67;
14;1;25.03.2015;;135;140.67;
14;1;26.03.2015;;302;131.97;
14;1;27.03.2015;;217;131.97;
14;1;28.03.2015;;176;131.97;
14;1;29.03.2015;;167;131.97;
14;1;30.03.2015;;182;131.97;
14;1;31.03.2015;;148;131.97;
14;1;01.04.2015;;123;133.33;
14;1;02.04.2015;;176;133.33;
14;1;03.04.2015;;135;133.33;
14;1;04.04.2015;;148;133.33;
14;1;05.04.2015;;91;133.33;
14;1;06.04.2015;;135;133.33;
14;1;07.04.2015;1;763;133.33;119.33
14;1;08.04.2015;1;942;133.33;119.33
14;1;09.04.2015;1;1049;133.33;119.33
14;1;10.04.2015;1;594;133.33;119.33
14;1;11.04.2015;1;666;133.33;119.33
14;1;12.04.2015;1;201;133.33;119.33
14;1;13.04.2015;1;553;133.33;119.33
14;1;14.04.2015;;97;130.34;
14;1;15.04.2015;;129;130.34;
14;1;16.04.2015;;119;130.34;
14;1;17.04.2015;;135;138.5;
14;1;18.04.2015;;129;138.5;
14;1;19.04.2015;;53;138.5;
14;1;20.04.2015;;82;138.5;
14;1;21.04.2015;;47;138.5;
14;1;22.04.2015;;101;128.98;
14;1;23.04.2015;;141;128.98;
14;1;24.04.2015;;107;128.98;
14;1;25.04.2015;;88;128.98;
14;1;26.04.2015;;101;128.98;
14;1;27.04.2015;;97;128.98;
14;1;28.04.2015;;91;128.98;
14;1;29.04.2015;;63;131.7;
14;1;30.04.2015;;66;131.7;
14;1;01.05.2015;;60;131.7;
14;1;02.05.2015;;50;131.7;
14;1;03.05.2015;;63;131.7;
14;1;04.05.2015;;53;131.7;
14;1;05.05.2015;;69;131.7;
14;1;06.05.2015;;82;131.7;
14;1;07.05.2015;;88;131.7;
14;1;08.05.2015;;72;131.7;
14;1;09.05.2015;;38;131.7;
14;1;10.05.2015;;66;131.7;
14;1;11.05.2015;;44;131.7;
14;1;12.05.2015;;82;131.7;
14;1;13.05.2015;;53;131.7;
14;1;14.05.2015;;82;131.7;
14;1;15.05.2015;;66;131.7;
14;1;16.05.2015;;94;131.7;
14;1;17.05.2015;;101;131.7;
14;1;18.05.2015;;104;131.7;
14;1;19.05.2015;1;129;131.7;119.33
14;1;20.05.2015;1;349;131.7;119.33
14;1;21.05.2015;1;421;131.7;119.33
14;1;22.05.2015;1;236;131.7;119.33
14;1;23.05.2015;1;286;131.7;119.33
14;1;24.05.2015;1;371;131.7;119.33
14;1;25.05.2015;1;512;131.7;119.33
14;1;26.05.2015;;119;131.7;
14;1;27.05.2015;;113;129.25;
14;1;28.05.2015;;113;129.25;
14;1;29.05.2015;;50;129.25;
14;1;30.05.2015;;69;129.25;
14;1;31.05.2015;;66;129.25;
14;1;01.06.2015;;66;129.25;
14;1;02.06.2015;;91;129.25;
14;1;03.06.2015;;38;129.25;
14;1;04.06.2015;;94;129.25;
14;1;05.06.2015;;60;129.25;
14;1;06.06.2015;;57;131.7;
14;1;07.06.2015;;91;131.7;
14;1;08.06.2015;;123;131.7;
14;1;09.06.2015;1;333;131.7;119.33
14;1;10.06.2015;1;236;131.7;119.33
14;1;11.06.2015;1;364;131.7;119.33
14;1;12.06.2015;1;254;131.7;119.33
14;1;13.06.2015;1;119;131.7;119.33
14;1;14.06.2015;1;185;131.7;119.33
14;1;15.06.2015;1;185;131.7;119.33
14;1;16.06.2015;;85;131.7;
14;1;17.06.2015;;66;131.7;
14;1;18.06.2015;;154;128.17;
14;1;19.06.2015;;63;128.17;
14;1;20.06.2015;;69;128.17;
14;1;21.06.2015;;25;128.17;
14;1;22.06.2015;;107;128.17;
14;1;23.06.2015;;145;128.17;
14;1;24.06.2015;;138;128.17;
14;1;25.06.2015;;113;128.17;
14;1;26.06.2015;;50;128.17;
14;1;27.06.2015;;129;128.17;
14;1;28.06.2015;;157;130.34;
14;1;29.06.2015;;204;130.34;
14;1;30.06.2015;1;399;130.34;119.33
14;1;01.07.2015;1;478;130.34;119.33
14;1;02.07.2015;1;232;130.34;119.33
14;1;03.07.2015;1;443;130.34;119.33
14;1;04.07.2015;1;214;130.34;119.33
14;1;05.07.2015;1;198;130.34;119.33
14;1;06.07.2015;1;314;130.34;119.33
14;1;07.07.2015;;79;130.34;
14;1;08.07.2015;;151;130.34;
14;1;09.07.2015;;157;121.64;
14;1;10.07.2015;;182;121.64;
14;1;11.07.2015;;185;123.55;
14;1;12.07.2015;;157;123.55;
14;1;13.07.2015;;110;123.55;
14;1;14.07.2015;;352;123.55;
14;1;15.07.2015;;201;125.45;
14;1;16.07.2015;;173;125.45;
14;1;17.07.2015;;148;125.45;
14;1;18.07.2015;;113;127.62;
14;1;19.07.2015;;170;127.62;
14;1;20.07.2015;;188;127.62;
14;1;21.07.2015;;434;127.62;
14;1;22.07.2015;;471;127.62;
14;1;23.07.2015;;276;127.62;
14;1;24.07.2015;;292;127.62;
14;1;25.07.2015;;333;127.62;
14;1;26.07.2015;;468;130.07;
14;1;27.07.2015;;236;130.07;
14;1;28.07.2015;1;324;130.07;124.77
14;1;29.07.2015;1;349;130.07;124.77
14;1;30.07.2015;1;443;130.07;124.77
14;1;31.07.2015;1;625;130.07;124.77
14;1;01.08.2015;1;487;130.07;124.77
14;1;02.08.2015;1;515;130.07;124.77
14;1;03.08.2015;1;669;130.07;124.77
14;1;04.08.2015;;273;138.5;
14;1;05.08.2015;;192;138.5;
14;1;06.08.2015;;220;138.5;
14;1;07.08.2015;;195;138.5;
14;1;08.08.2015;;110;141.21;
14;1;09.08.2015;;145;141.21;
14;1;10.08.2015;;251;141.21;
14;1;11.08.2015;;192;141.21;
14;1;12.08.2015;;242;142.85;
14;1;13.08.2015;;116;142.85;
14;1;14.08.2015;;135;142.85;
14;1;15.08.2015;;129;142.85;
14;1;16.08.2015;;113;142.85;
14;1;17.08.2015;;116;142.85;
14;1;18.08.2015;;94;142.85;
14;1;19.08.2015;;107;142.85;
14;1;20.08.2015;;195;142.85;
14;1;21.08.2015;;145;142.85;
14;1;22.08.2015;;104;142.85;
14;1;23.08.2015;;107;142.85;
14;1;24.08.2015;;283;142.85;
14;1;25.08.2015;;393;142.85;
14;1;26.08.2015;;317;142.85;
14;1;27.08.2015;;295;137.68;
14;1;28.08.2015;;135;137.68;
14;1;29.08.2015;;97;137.68;
14;1;30.08.2015;;163;137.68;
14;1;31.08.2015;;242;137.68;
14;1;01.09.2015;;185;137.68;
14;1;02.09.2015;;201;135.78;
14;1;03.09.2015;;167;135.78;
14;1;04.09.2015;;154;135.78;
14;1;05.09.2015;;113;133.6;
14;1;06.09.2015;;192;133.6;
14;1;07.09.2015;;220;133.6;
14;1;08.09.2015;;242;133.6;
14;1;09.09.2015;;242;135.51;
14;1;10.09.2015;;248;135.51;
14;1;11.09.2015;;295;135.51;
14;1;12.09.2015;;145;135.51;
14;1;13.09.2015;;113;135.51;
14;1;14.09.2015;;129;135.51;
14;1;15.09.2015;;195;135.51;
14;1;16.09.2015;;110;138.5;
14;1;17.09.2015;;113;138.5;
14;1;18.09.2015;;101;138.5;
14;1;19.09.2015;;113;138.5;
14;1;20.09.2015;;91;138.5;
14;1;21.09.2015;;72;138.5;
14;1;22.09.2015;;145;138.5;
14;1;23.09.2015;;110;141.21;
14;1;24.09.2015;;50;141.21;
14;1;25.09.2015;;79;141.21;
14;1;26.09.2015;;66;141.21;
14;1;27.09.2015;;79;141.21;
14;1;28.09.2015;;107;141.21;
14;1;29.09.2015;;66;141.21;
14;1;30.09.2015;;57;141.21;
14;1;01.10.2015;;91;141.21;
14;1;02.10.2015;;101;141.21;
14;1;03.10.2015;;50;141.21;
14;1;04.10.2015;;72;141.21;
14;1;05.10.2015;;94;141.21;
14;1;06.10.2015;1;167;141.21;132.92
14;1;07.10.2015;1;226;141.21;130.21
14;1;08.10.2015;1;223;141.11;130.21
14;1;09.10.2015;1;352;141.21;130.21
14;1;10.10.2015;1;456;141.21;130.21
14;1;11.10.2015;1;239;141.21;130.21
14;1;12.10.2015;1;518;141.21;130.21
14;1;13.10.2015;;94;141.21;
14;1;14.10.2015;;66;141.21;
14;1;15.10.2015;;82;142.57;
14;1;16.10.2015;;123;142.57;
14;1;17.10.2015;;104;142.57;
14;1;18.10.2015;;53;142.57;
14;1;19.10.2015;;72;142.57;
14;1;20.10.2015;;129;142.57;
14;1;21.10.2015;;226;130.34;
14;1;22.10.2015;;446;130.34;
14;1;23.10.2015;;346;130.34;
14;1;24.10.2015;;408;130.34;
14;1;25.10.2015;;317;130.34;
14;1;26.10.2015;;239;130.34;
14;1;27.10.2015;1;773;130.34;122.32
14;1;28.10.2015;1;798;130.34;124.77
14;1;29.10.2015;1;368;130.34;124.77
14;1;30.10.2015;1;380;130.34;124.77
14;1;31.10.2015;1;88;130.34;124.77
14;1;01.11.2015;1;377;130.34;124.77
14;1;02.11.2015;1;377;130.34;124.77
14;1;03.11.2015;;66;130.34;
14;1;04.11.2015;;66;134.69;
14;1;05.11.2015;;69;134.69;
14;1;06.11.2015;;123;134.69;
14;1;07.11.2015;;82;134.69;
14;1;08.11.2015;;69;134.69;
14;1;09.11.2015;;60;134.69;
14;1;10.11.2015;;135;134.69;
14;1;11.11.2015;;91;130.34;
14;1;12.11.2015;;160;130.34;
14;1;13.11.2015;;101;130.34;
14;1;14.11.2015;;192;130.34;
14;1;15.11.2015;;110;130.34;
14;1;16.11.2015;;151;130.34;
14;1;17.11.2015;;154;130.34;
14;1;18.11.2015;;113;130.34;
14;1;19.11.2015;;141;130.34;
14;1;20.11.2015;;151;130.34;
14;1;21.11.2015;;82;130.34;
14;1;22.11.2015;;94;130.34;
14;1;23.11.2015;;123;130.34;
14;1;24.11.2015;1;1499;130.34;116.61
14;1;25.11.2015;1;1401;130.34;116.61
14;1;26.11.2015;1;305;130.34;116.61
14;1;27.11.2015;1;515;130.34;116.61
14;1;28.11.2015;1;493;130.34;116.61
14;1;29.11.2015;1;462;130.34;116.61
14;1;30.11.2015;1;446;130.34;116.61
14;1;01.12.2015;;72;130.34;
14;1;02.12.2015;;66;130.34;
14;1;03.12.2015;;82;130.34;
14;1;04.12.2015;;119;130.34;
14;1;05.12.2015;1;883;130.34;116.61
14;1;06.12.2015;1;1285;130.34;116.61
14;1;07.12.2015;1;101;130.34;116.61
14;1;08.12.2015;;82;130.34;
14;1;09.12.2015;;35;130.34;
14;1;10.12.2015;;94;130.34;
14;1;11.12.2015;;85;130.34;
14;1;12.12.2015;;75;130.34;
14;1;13.12.2015;;66;130.34;
14;1;14.12.2015;;53;130.34;
14;1;15.12.2015;;47;130.34;
14;1;16.12.2015;;97;130.34;
14;1;17.12.2015;;66;130.34;
14;1;18.12.2015;;94;130.34;
14;1;19.12.2015;;110;130.34;
14;1;20.12.2015;;170;130.34;
14;1;21.12.2015;;119;130.34;
14;1;22.12.2015;;119;130.34;
14;1;23.12.2015;;85;130.34;
14;1;24.12.2015;;85;126.54;
14;1;25.12.2015;;123;126.54;
14;1;26.12.2015;;104;126.54;
14;1;27.12.2015;;85;126.54;
14;1;28.12.2015;;91;126.54;
14;1;29.12.2015;;182;126.54;
14;1;30.12.2015;;141;126.54;
14;1;31.12.2015;;126;126.54;
14;1;01.01.2016;;31;126.54;
14;1;02.01.2016;;41;126.54;
14;1;03.01.2016;;82;126.54;
14;1;04.01.2016;;91;126.54;
14;1;05.01.2016;;154;126.54;
14;1;06.01.2016;;126;126.54;
14;1;07.01.2016;;101;126.54;
14;1;08.01.2016;;101;126.54;
14;1;09.01.2016;;104;126.54;
14;1;10.01.2016;;101;126.54;
14;1;11.01.2016;;66;126.54;
14;1;12.01.2016;;116;126.54;
14;1;13.01.2016;;88;126.54;
14;1;14.01.2016;;185;126.54;
14;1;15.01.2016;;132;126.54;
14;1;16.01.2016;;129;126.54;
14;1;17.01.2016;;154;126.54;
14;1;18.01.2016;;273;126.54;
14;1;19.01.2016;;148;126.54;
14;1;20.01.2016;;179;126.54;
14;1;21.01.2016;;116;127.9;
14;1;22.01.2016;;163;127.9;
14;1;23.01.2016;;157;127.9;
14;1;24.01.2016;;145;127.9;
14;1;25.01.2016;;295;127.9;
14;1;26.01.2016;;210;127.9;
14;1;27.01.2016;;217;127.9;
14;1;28.01.2016;;170;127.9;
14;1;29.01.2016;;229;127.9;
14;1;30.01.2016;;204;127.9;
14;1;31.01.2016;;214;127.9;
14;1;01.02.2016;;179;130.34;
14;1;02.02.2016;;207;130.34;
14;1;03.02.2016;;223;130.34;
14;1;04.02.2016;;126;133.06;
14;1;05.02.2016;;217;133.06;
14;1;06.02.2016;;163;133.06;
14;1;07.02.2016;;195;141.76;
14;1;08.02.2016;;179;141.76;
14;1;09.02.2016;1;324;141.76;130.75
14;1;10.02.2016;1;317;141.76;130.75
14;1;11.02.2016;1;258;141.76;130.75
14;1;12.02.2016;1;214;141.76;130.75
14;1;13.02.2016;1;333;141.76;130.75
14;1;14.02.2016;1;154;141.76;130.75
14;1;15.02.2016;1;342;141.76;130.75
14;1;16.02.2016;1;195;141.76;130.75
14;1;17.02.2016;1;123;141.76;130.75
14;1;18.02.2016;;170;141.76;
14;1;19.02.2016;;72;141.76;
14;1;20.02.2016;;25;141.76;
14;1;21.02.2016;;82;141.76;
14;1;22.02.2016;;53;141.76;
14;1;23.02.2016;;57;141.76;
14;1;24.02.2016;;75;141.76;
14;1;25.02.2016;;38;141.76;
14;1;26.02.2016;;44;141.76;
14;1;27.02.2016;;63;141.76;
14;1;28.02.2016;;66;141.76;
14;1;29.02.2016;;63;141.76;
14;1;01.03.2016;;75;141.76;
14;1;02.03.2016;;119;141.76;
14;1;03.03.2016;;44;141.76;
14;1;04.03.2016;;53;141.76;
14;1;05.03.2016;;79;141.21;
14;1;06.03.2016;;63;141.21;
14;1;07.03.2016;;63;141.21;
14;1;08.03.2016;1;119;141.21;132.92
14;1;09.03.2016;1;179;141.21;132.92
14;1;10.03.2016;1;207;141.21;132.92
14;1;11.03.2016;1;119;141.21;132.92
14;1;12.03.2016;1;182;141.21;132.92
14;1;13.03.2016;1;141;141.21;132.92
14;1;14.03.2016;1;229;141.21;132.92
14;1;15.03.2016;1;223;141.21;130.21
14;1;16.03.2016;1;437;141.21;130.21
14;1;17.03.2016;1;258;141.21;130.21
14;1;18.03.2016;1;204;141.21;130.21
14;1;19.03.2016;1;314;141.21;130.21
14;1;20.03.2016;;38;141.21;
14;1;21.03.2016;;69;141.21;
14;1;22.03.2016;;107;141.21;
14;1;23.03.2016;;123;141.21;
14;1;24.03.2016;;66;141.21;
14;1;25.03.2016;;38;141.21;
14;1;26.03.2016;;38;141.21;
14;1;27.03.2016;;28;141.21;
14;1;28.03.2016;;31;141.21;
14;1;29.03.2016;;38;141.21;
14;1;30.03.2016;;47;141.21;
14;1;31.03.2016;;50;141.21;
14;1;01.04.2016;;38;141.21;
14;1;02.04.2016;;57;141.21;
14;1;03.04.2016;;38;141.21;
14;1;04.04.2016;;38;141.21;
14;1;05.04.2016;;44;141.21;
14;1;06.04.2016;;44;141.21;
14;1;07.04.2016;;41;141.21;
14;1;08.04.2016;;25;141.21;
14;1;09.04.2016;;28;141.21;
14;1;10.04.2016;;66;141.21;
14;1;11.04.2016;;38;141.21;
14;1;12.04.2016;;47;141.21;
14;1;13.04.2016;;82;141.21;
14;1;14.04.2016;;47;135.78;
14;1;15.04.2016;;47;135.78;
14;1;16.04.2016;;41;135.78;
14;1;17.04.2016;;41;135.78;
14;1;18.04.2016;;50;135.78;
14;1;19.04.2016;1;578;135.78;122.32
14;1;20.04.2016;1;603;135.78;122.32
14;1;21.04.2016;1;364;135.78;122.32
14;1;22.04.2016;1;493;135.78;122.32
14;1;23.04.2016;1;443;135.78;122.32
14;1;24.04.2016;1;484;135.78;122.32
14;1;25.04.2016;1;264;135.78;122.32
14;1;26.04.2016;;63;135.78;
14;1;27.04.2016;;60;135.78;
14;1;28.04.2016;;138;135.78;
14;1;29.04.2016;;57;131.16;
14;1;30.04.2016;;35;131.16;
14;1;01.05.2016;;22;131.16;
14;1;02.05.2016;;38;131.16;
14;1;03.05.2016;;16;131.16;
14;1;04.05.2016;;28;131.16;
14;1;05.05.2016;;9;131.16;
14;1;06.05.2016;;60;131.16;
14;1;07.05.2016;;35;131.16;
14;1;08.05.2016;;35;131.16;
14;1;09.05.2016;;13;131.16;
14;1;10.05.2016;;53;131.16;
14;1;11.05.2016;;41;131.16;
14;1;12.05.2016;;53;131.16;
14;1;13.05.2016;;50;128.98;
14;1;14.05.2016;;69;128.98;
14;1;15.05.2016;;22;128.98;
14;1;16.05.2016;;41;128.98;
14;1;17.05.2016;1;154;128.98;119.6
14;1;18.05.2016;1;251;128.98;119.6
14;1;19.05.2016;1;185;128.98;119.6
14;1;20.05.2016;1;135;128.98;119.6
14;1;21.05.2016;1;188;128.98;119.6
14;1;22.05.2016;1;201;128.98;119.6
