data/retail_2products.csv
Store_id;SKU_id;Date;Promo;Demand;Regular_Price;Promo_Price
15;1;01.01.2015;;25;163.78;
15;1;02.01.2015;;82;163.78;
15;1;03.01.2015;;110;163.78;
15;1;04.01.2015;;119;163.78;
15;1;05.01.2015;;258;163.78;
15;1;06.01.2015;;176;163.78;
15;1;07.01.2015;;116;163.78;
15;1;08.01.2015;;151;163.78;
15;1;09.01.2015;;145;163.78;
15;1;10.01.2015;;173;163.78;
15;1;11.01.2015;;217;163.78;
15;1;12.01.2015;;261;163.78;
15;1;13.01.2015;;201;163.78;
15;1;14.01.2015;;173;168.4;
15;1;15.01.2015;;135;168.4;
15;1;16.01.2015;;245;168.4;
15;1;17.01.2015;;226;168.4;
15;1;18.01.2015;;148;168.4;
15;1;19.01.2015;;229;168.4;
15;1;20.01.2015;;163;168.4;
15;1;21.01.2015;;251;168.4;
15;1;22.01.2015;;123;168.4;
15;1;23.01.2015;;204;160.24;
15;1;24.01.2015;;286;160.24;
15;1;25.01.2015;;160;160.24;
15;1;26.01.2015;;292;160.24;
15;1;27.01.2015;;377;160.24;
15;1;28.01.2015;;550;146.92;
15;1;29.01.2015;;578;146.92;
15;1;30.01.2015;;396;146.92;
15;1;31.01.2015;;421;146.92;
15;1;01.02.2015;;270;146.92;
15;1;02.02.2015;;302;146.92;
15;1;03.02.2015;;383;146.92;
15;1;04.02.2015;;512;146.92;
15;1;05.02.2015;;427;146.92;
15;1;06.02.2015;;525;146.92;
15;1;07.02.2015;;437;146.92;
15;1;08.02.2015;;465;146.92;
15;1;09.02.2015;;443;146.92;
15;1;10.02.2015;;440;146.92;
15;1;11.02.2015;;490;146.92;
15;1;12.02.2015;;390;146.92;
15;1;13.02.2015;;584;149.37;
15;1;14.02.2015;;594;149.37;
15;1;15.02.2015;;509;149.37;
15;1;16.02.2015;;427;149.37;
15;1;17.02.2015;1;977;149.37;143.8
15;1;18.02.2015;1;990;149.37;135.64
15;1;19.02.2015;1;1860;149.37;135.64
15;1;20.02.2015;1;1847;149.37;135.64
15;1;21.02.2015;1;2165;149.37;135.64
15;1;22.02.2015;1;729;149.37;135.64
15;1;23.02.2015;1;509;149.37;135.64
15;1;24.02.2015;;361;149.37;
15;1;25.02.2015;;336;149.37;
15;1;26.02.2015;;339;149.37;
15;1;27.02.2015;;430;143.93;
15;1;28.02.2015;;694;143.93;
15;1;01.03.2015;;434;143.93;
15;1;02.03.2015;;468;143.93;
15;1;03.03.2015;1;584;143.93;138.36
15;1;04.03.2015;1;468;143.93;135.64
15;1;05.03.2015;1;1062;138.5;135.64
15;1;06.03.2015;1;789;138.5;135.64
15;1;07.03.2015;1;1524;138.5;135.64
15;1;08.03.2015;1;459;138.5;135.64
15;1;09.03.2015;;355;140.67;
15;1;10.03.2015;;390;140.67;
15;1;11.03.2015;;434;140.67;
15;1;12.03.2015;;518;140.67;
15;1;13.03.2015;;685;140.67;
15;1;14.03.2015;;679;140.67;
15;1;15.03.2015;;581;140.67;
15;1;16.03.2015;;578;140.67;
15;1;17.03.2015;1;3804;140.67;127.49
15;1;18.03.2015;1;3877;140.67;127.49
15;1;19.03.2015;1;2963;140.67;127.49
15;1;20.03.2015;1;751;140.67;127.49
15;1;21.03.2015;1;1338;140.67;127.49
15;1;22.03.2015;1;1184;140.67;127.49
15;1;23.03.2015;1;1131;140.67;127.49
15;1;24.03.2015;;267;140.67;
15;1;25.03.2015;;471;140.67;
15;1;26.03.2015;;716;131.97;
15;1;27.03.2015;;575;131.97;
15;1;28.03.2015;;613;131.97;
15;1;29.03.2015;;484;131.97;
15;1;30.03.2015;;597;131.97;
15;1;31.03.2015;;531;131.97;
15;1;01.04.2015;;374;133.33;
15;1;02.04.2015;;468;133.33;
15;1;03.04.2015;;622;133.33;
15;1;04.04.2015;;691;133.33;
15;1;05.04.2015;;462;133.33;
15;1;06.04.2015;;484;133.33;
15;1;07.04.2015;1;3085;133.33;119.33
15;1;08.04.2015;1;2190;133.33;119.33
15;1;09.04.2015;1;745;133.33;119.33
15;1;10.04.2015;1;1445;133.33;119.33
15;1;11.04.2015;1;1392;133.33;119.33
15;1;12.04.2015;1;1282;133.33;119.33
15;1;13.04.2015;1;1379;133.33;119.33
15;1;14.04.2015;;569;130.34;
15;1;15.04.2015;;550;130.34;
15;1;16.04.2015;;396;130.34;
15;1;17.04.2015;;223;138.5;
15;1;18.04.2015;;273;138.5;
15;1;19.04.2015;;207;138.5;
15;1;20.04.2015;;267;138.5;
15;1;21.04.2015;;214;138.5;
15;1;22.04.2015;;408;128.98;
15;1;23.04.2015;;515;128.98;
15;1;24.04.2015;;490;128.98;
15;1;25.04.2015;;358;128.98;
15;1;26.04.2015;;330;128.98;
15;1;27.04.2015;;342;128.98;
15;1;28.04.2015;;320;128.98;
15;1;29.04.2015;;346;131.7;
15;1;30.04.2015;;405;131.7;
15;1;01.05.2015;;295;131.7;
15;1;02.05.2015;;210;131.7;
15;1;03.05.2015;;214;131.7;
15;1;04.05.2015;;327;131.7;
15;1;05.05.2015;;305;131.7;
15;1;06.05.2015;;330;131.7;
15;1;07.05.2015;;261;131.7;
15;1;08.05.2015;;342;131.7;
15;1;09.05.2015;;220;131.7;
15;1;10.05.2015;;207;131.7;
15;1;11.05.2015;;210;131.7;
15;1;12.05.2015;;314;131.7;
15;1;13.05.2015;;484;131.7;
15;1;14.05.2015;;430;131.7;
15;1;15.05.2015;;506;131.7;
15;1;16.05.2015;;562;131.7;
15;1;17.05.2015;;459;131.7;
15;1;18.05.2015;;528;131.7;
15;1;19.05.2015;1;2633;131.7;119.33
15;1;20.05.2015;1;1982;131.7;119.33
15;1;21.05.2015;1;1329;131.7;119.33
15;1;22.05.2015;1;1294;131.7;119.33
15;1;23.05.2015;1;1630;131.7;119.33
15;1;24.05.2015;1;635;131.7;119.33
15;1;25.05.2015;1;993;131.7;119.33
15;1;26.05.2015;;214;131.7;
15;1;27.05.2015;;339;129.25;
15;1;28.05.2015;;320;129.25;
15;1;29.05.2015;;390;129.25;
15;1;30.05.2015;;333;129.25;
15;1;31.05.2015;;305;129.25;
15;1;01.06.2015;;314;129.25;
15;1;02.06.2015;;377;129.25;
15;1;03.06.2015;;342;129.25;
15;1;04.06.2015;;402;129.25;
15;1;05.06.2015;;327;129.25;
15;1;06.06.2015;;286;131.7;
15;1;07.06.2015;;333;131.7;
15;1;08.06.2015;;311;131.7;
15;1;09.06.2015;1;1134;131.7;119.33
15;1;10.06.2015;1;1662;131.7;119.33
15;1;11.06.2015;1;1778;131.7;119.33
15;1;12.06.2015;1;1678;131.7;119.33
15;1;13.06.2015;1;1417;131.7;119.33
15;1;14.06.2015;1;804;131.7;119.33
15;1;15.06.2015;1;971;131.7;119.33
15;1;16.06.2015;;317;131.7;
15;1;17.06.2015;;276;131.7;
15;1;18.06.2015;;280;128.17;
15;1;19.06.2015;;437;128.17;
15;1;20.06.2015;;364;128.17;
15;1;21.06.2015;;273;128.17;
15;1;22.06.2015;;587;128.17;
15;1;23.06.2015;;663;128.17;
15;1;24.06.2015;;550;128.17;
15;1;25.06.2015;;364;128.17;
15;1;26.06.2015;;399;128.17;
15;1;27.06.2015;;368;128.17;
15;1;28.06.2015;;308;130.34;
15;1;29.06.2015;;368;130.34;
15;1;30.06.2015;1;927;130.34;119.33
15;1;01.07.2015;1;1373;130.34;119.33
15;1;02.07.2015;1;1442;130.34;119.33
15;1;03.07.2015;1;1489;130.34;119.33
15;1;04.07.2015;1;1260;130.34;119.33
15;1;05.07.2015;1;1096;130.34;119.33
15;1;06.07.2015;1;1904;130.34;119.33
15;1;07.07.2015;;474;130.34;
15;1;08.07.2015;;364;130.34;
15;1;09.07.2015;;408;121.64;
15;1;10.07.2015;;609;121.64;
15;1;11.07.2015;;833;123.55;
15;1;12.07.2015;;767;123.55;
15;1;13.07.2015;;635;123.55;
15;1;14.07.2015;;638;123.55;
15;1;15.07.2015;;622;125.45;
15;1;16.07.2015;;1008;125.45;
15;1;17.07.2015;;1297;125.45;
15;1;18.07.2015;;525;127.62;
15;1;19.07.2015;;512;127.62;
15;1;20.07.2015;;569;127.62;
15;1;21.07.2015;;663;127.62;
15;1;22.07.2015;;949;127.62;
15;1;23.07.2015;;908;127.62;
15;1;24.07.2015;;1065;127.62;
15;1;25.07.2015;;1445;127.62;
15;1;26.07.2015;;839;130.07;
15;1;27.07.2015;;1241;130.07;
15;1;28.07.2015;1;1514;130.07;124.77
15;1;29.07.2015;1;1549;130.07;124.77
15;1;30.07.2015;1;1253;130.07;124.77
15;1;31.07.2015;1;1134;130.07;124.77
15;1;01.08.2015;1;1429;130.07;124.77
15;1;02.08.2015;1;1210;130.07;124.77
15;1;03.08.2015;1;2673;130.07;124.77
15;1;04.08.2015;;833;138.5;
15;1;05.08.2015;;789;138.5;
15;1;06.08.2015;;716;138.5;
15;1;07.08.2015;;625;138.5;
15;1;08.08.2015;;581;141.21;
15;1;09.08.2015;;518;141.21;
15;1;10.08.2015;;452;141.21;
15;1;11.08.2015;;484;141.21;
15;1;12.08.2015;;550;142.85;
15;1;13.08.2015;;569;142.85;
15;1;14.08.2015;;578;142.85;
15;1;15.08.2015;;540;142.85;
15;1;16.08.2015;;452;142.85;
15;1;17.08.2015;;462;142.85;
15;1;18.08.2015;;525;142.85;
15;1;19.08.2015;;550;142.85;
15;1;20.08.2015;;487;142.85;
15;1;21.08.2015;;509;142.85;
15;1;22.08.2015;;628;142.85;
15;1;23.08.2015;;500;142.85;
15;1;24.08.2015;;723;142.85;
15;1;25.08.2015;;851;142.85;
15;1;26.08.2015;;889;142.85;
15;1;27.08.2015;;748;137.68;
15;1;28.08.2015;;770;137.68;
15;1;29.08.2015;;481;137.68;
15;1;30.08.2015;;569;137.68;
15;1;31.08.2015;;603;137.68;
15;1;01.09.2015;;811;137.68;
15;1;02.09.2015;;653;135.78;
15;1;03.09.2015;;968;135.78;
15;1;04.09.2015;;968;135.78;
15;1;05.09.2015;;543;133.6;
15;1;06.09.2015;;603;133.6;
15;1;07.09.2015;;644;133.6;
15;1;08.09.2015;;779;133.6;
15;1;09.09.2015;;638;135.51;
15;1;10.09.2015;;669;135.51;
15;1;11.09.2015;;839;135.51;
15;1;12.09.2015;;675;135.51;
15;1;13.09.2015;;600;135.51;
15;1;14.09.2015;;741;135.51;
15;1;15.09.2015;;531;135.51;
15;1;16.09.2015;;465;138.5;
15;1;17.09.2015;;512;138.5;
15;1;18.09.2015;;471;138.5;
15;1;19.09.2015;;603;138.5;
15;1;20.09.2015;;594;138.5;
15;1;21.09.2015;;383;138.5;
15;1;22.09.2015;;446;138.5;
15;1;23.09.2015;;374;141.21;
15;1;24.09.2015;;386;141.21;
15;1;25.09.2015;;540;141.21;
15;1;26.09.2015;;339;141.21;
15;1;27.09.2015;;179;141.21;
15;1;28.09.2015;;390;141.21;
15;1;29.09.2015;;456;141.21;
15;1;30.09.2015;;396;141.21;
15;1;01.10.2015;;418;141.21;
15;1;02.10.2015;;346;141.21;
15;1;03.10.2015;;308;141.21;
15;1;04.10.2015;;273;141.21;
15;1;05.10.2015;;295;141.21;
15;1;06.10.2015;1;1370;141.21;132.92
15;1;07.10.2015;1;1052;141.21;130.21
15;1;08.10.2015;1;1464;141.11;130.21
15;1;09.10.2015;1;1122;141.21;130.21
15;1;10.10.2015;1;1030;141.21;130.21
15;1;11.10.2015;1;779;141.21;130.21
15;1;12.10.2015;1;886;141.21;130.21
15;1;13.10.2015;;242;141.21;
15;1;14.10.2015;;286;141.21;
15;1;15.10.2015;;232;142.57;
15;1;16.10.2015;;270;142.57;
15;1;17.10.2015;;261;142.57;
15;1;18.10.2015;;254;142.57;
15;1;19.10.2015;;324;142.57;
15;1;20.10.2015;;270;142.57;
15;1;21.10.2015;;920;130.34;
15;1;22.10.2015;;1071;130.34;
15;1;23.10.2015;;126;130.34;
15;1;24.10.2015;;930;130.34;
15;1;25.10.2015;;776;130.34;
15;1;26.10.2015;;776;130.34;
15;1;27.10.2015;1;2419;130.34;122.32
15;1;28.10.2015;1;1382;130.34;124.77
15;1;29.10.2015;1;556;130.34;124.77
15;1;30.10.2015;1;1241;130.34;124.77
15;1;31.10.2015;1;1147;130.34;124.77
15;1;01.11.2015;1;1062;130.34;124.77
15;1;02.11.2015;1;873;130.34;124.77
15;1;03.11.2015;;368;130.34;
15;1;04.11.2015;;286;134.69;
15;1;05.11.2015;;167;134.69;
15;1;06.11.2015;;217;134.69;
15;1;07.11.2015;;217;134.69;
15;1;08.11.2015;;163;134.69;
15;1;09.11.2015;;210;134.69;
15;1;10.11.2015;;239;134.69;
15;1;11.11.2015;;330;130.34;
15;1;12.11.2015;;280;130.34;
15;1;13.11.2015;;273;130.34;
15;1;14.11.2015;;452;130.34;
15;1;15.11.2015;;349;130.34;
15;1;16.11.2015;;324;130.34;
15;1;17.11.2015;;349;130.34;
15;1;18.11.2015;;314;130.34;
15;1;19.11.2015;;336;130.34;
15;1;20.11.2015;;305;130.34;
15;1;21.11.2015;;245;130.34;
15;1;22.11.2015;;173;130.34;
15;1;23.11.2015;;364;130.34;
15;1;24.11.2015;1;3745;130.34;116.61
15;1;25.11.2015;1;3996;130.34;116.61
15;1;26.11.2015;1;1882;130.34;116.61
15;1;27.11.2015;1;220;130.34;116.61
15;1;28.11.2015;1;1144;130.34;116.61
15;1;29.11.2015;1;1087;130.34;116.61
15;1;30.11.2015;1;1027;130.34;116.61
15;1;01.12.2015;;292;130.34;
15;1;02.12.2015;;295;130.34;
15;1;03.12.2015;;305;130.34;
15;1;04.12.2015;;311;130.34;
15;1;05.12.2015;1;1404;130.34;116.61
15;1;06.12.2015;1;1473;130.34;116.61
15;1;07.12.2015;1;1100;130.34;116.61
15;1;08.12.2015;;173;130.34;
15;1;09.12.2015;;217;130.34;
15;1;10.12.2015;;264;130.34;
15;1;11.12.2015;;198;130.34;
15;1;12.12.2015;;289;130.34;
15;1;13.12.2015;;267;130.34;
15;1;14.12.2015;;346;130.34;
15;1;15.12.2015;;242;130.34;
15;1;16.12.2015;;280;130.34;
15;1;17.12.2015;;327;130.34;
15;1;18.12.2015;;330;130.34;
15;1;19.12.2015;;333;130.34;
15;1;20.12.2015;;188;130.34;
15;1;21.12.2015;;198;130.34;
15;1;22.12.2015;;267;130.34;
15;1;23.12.2015;;528;130.34;
15;1;24.12.2015;;286;126.54;
15;1;25.12.2015;;349;126.54;
15;1;26.12.2015;;232;126.54;
15;1;27.12.2015;;204;126.54;
15;1;28.12.2015;;151;126.54;
15;1;29.12.2015;;327;126.54;
15;1;30.12.2015;;399;126.54;
15;1;31.12.2015;;270;126.54;
15;1;01.01.2016;;50;126.54;
15;1;02.01.2016;;276;126.54;
15;1;03.01.2016;;185;126.54;
15;1;04.01.2016;;446;126.54;
15;1;05.01.2016;;232;126.54;
15;1;06.01.2016;;346;126.54;
15;1;07.01.2016;;210;126.54;
15;1;08.01.2016;;305;126.54;
15;1;09.01.2016;;292;126.54;
15;1;10.01.2016;;314;126.54;
15;1;11.01.2016;;339;126.54;
15;1;12.01.2016;;522;126.54;
15;1;13.01.2016;;512;126.54;
15;1;14.01.2016;;600;126.54;
15;1;15.01.2016;;785;126.54;
15;1;16.01.2016;;842;126.54;
15;1;17.01.2016;;663;126.54;
15;1;18.01.2016;;713;126.54;
15;1;19.01.2016;;493;126.54;
15;1;20.01.2016;;578;126.54;
15;1;21.01.2016;;609;127.9;
15;1;22.01.2016;;471;127.9;
15;1;23.01.2016;;886;127.9;
15;1;24.01.2016;;537;127.9;
15;1;25.01.2016;;679;127.9;
15;1;26.01.2016;;465;127.9;
15;1;27.01.2016;;572;127.9;
15;1;28.01.2016;;534;127.9;
15;1;29.01.2016;;782;127.9;
15;1;30.01.2016;;666;127.9;
15;1;31.01.2016;;405;127.9;
15;1;01.02.2016;;440;130.34;
15;1;02.02.2016;;437;130.34;
15;1;03.02.2016;;540;130.34;
15;1;04.02.2016;;478;133.06;
15;1;05.02.2016;;543;133.06;
15;1;06.02.2016;;537;133.06;
15;1;07.02.2016;;525;141.76;
15;1;08.02.2016;;415;141.76;
15;1;09.02.2016;1;694;141.76;130.75
15;1;10.02.2016;1;839;141.76;130.75
15;1;11.02.2016;1;996;141.76;130.75
15;1;12.02.2016;1;591;141.76;130.75
15;1;13.02.2016;1;597;141.76;130.75
15;1;14.02.2016;1;672;141.76;130.75
15;1;15.02.2016;1;867;141.76;130.75
15;1;16.02.2016;1;697;141.76;130.75
15;1;17.02.2016;1;500;141.76;130.75
15;1;18.02.2016;;314;141.76;
15;1;19.02.2016;;364;141.76;
15;1;20.02.2016;;295;141.76;
15;1;21.02.2016;;160;141.76;
15;1;22.02.2016;;380;141.76;
15;1;23.02.2016;;201;141.76;
15;1;24.02.2016;;336;141.76;
15;1;25.02.2016;;308;141.76;
15;1;26.02.2016;;327;141.76;
15;1;27.02.2016;;298;141.76;
15;1;28.02.2016;;324;141.76;
15;1;29.02.2016;;289;141.76;
15;1;01.03.2016;;286;141.76;
15;1;02.03.2016;;276;141.76;
15;1;03.03.2016;;339;141.76;
15;1;04.03.2016;;421;141.76;
15;1;05.03.2016;;358;141.21;
15;1;06.03.2016;;204;141.21;
15;1;07.03.2016;;292;141.21;
15;1;08.03.2016;1;748;141.21;132.92
15;1;09.03.2016;1;745;141.21;132.92
15;1;10.03.2016;1;644;141.21;132.92
15;1;11.03.2016;1;644;141.21;132.92
15;1;12.03.2016;1;644;141.21;132.92
15;1;13.03.2016;1;644;141.21;132.92
15;1;14.03.2016;1;644;141.21;132.92
15;1;15.03.2016;1;644;141.21;130.21
15;1;16.03.2016;1;644;141.21;130.21
15;1;17.03.2016;;292;141.21;
15;1;18.03.2016;;292;141.21;
15;1;19.03.2016;;292;141.21;
15;1;20.03.2016;;292;141.21;
15;1;21.03.2016;;292;141.21;
15;1;22.03.2016;;292;141.21;
15;1;23.03.2016;;292;141.21;
15;1;24.03.2016;;292;141.21;
15;1;25.03.2016;;292;141.21;
15;1;26.03.2016;;292;141.21;
15;1;27.03.2016;;292;141.21;
15;1;28.03.2016;;292;141.21;
15;1;29.03.2016;;292;141.21;
15;1;30.03.2016;;283;141.21;
15;1;31.03.2016;;226;141.21;
15;1;01.04.2016;;185;141.21;
15;1;02.04.2016;;182;141.21;
15;1;03.04.2016;;154;141.21;
15;1;04.04.2016;;261;141.21;
15;1;05.04.2016;;239;141.21;
15;1;06.04.2016;;198;141.21;
15;1;07.04.2016;;220;141.21;
15;1;08.04.2016;;132;141.21;
15;1;09.04.2016;;223;141.21;
15;1;10.04.2016;;195;141.21;
15;1;11.04.2016;;242;141.21;
15;1;12.04.2016;;239;141.21;
15;1;13.04.2016;;324;141.21;
15;1;14.04.2016;;305;135.78;
15;1;15.04.2016;;361;135.78;
15;1;16.04.2016;;324;135.78;
15;1;17.04.2016;;324;135.78;
15;1;18.04.2016;;302;135.78;
15;1;19.04.2016;1;2805;135.78;122.32
15;1;20.04.2016;1;2061;135.78;122.32
15;1;21.04.2016;1;1382;135.78;122.32
15;1;22.04.2016;1;1282;135.78;122.32
15;1;23.04.2016;1;845;135.78;122.32
15;1;24.04.2016;1;864;135.78;122.32
15;1;25.04.2016;1;1068;135.78;122.32
15;1;26.04.2016;;443;135.78;
15;1;27.04.2016;;226;135.78;
15;1;28.04.2016;;258;135.78;
15;1;29.04.2016;;396;131.16;
15;1;30.04.2016;;148;131.16;
15;1;01.05.2016;;132;131.16;
15;1;02.05.2016;;107;131.16;
15;1;03.05.2016;;170;131.16;
15;1;04.05.2016;;210;131.16;
15;1;05.05.2016;;248;131.16;
15;1;06.05.2016;;273;131.16;
15;1;07.05.2016;;251;131.16;
15;1;08.05.2016;;364;131.16;
15;1;09.05.2016;;145;131.16;
15;1;10.05.2016;;314;131.16;
15;1;11.05.2016;;283;131.16;
15;1;12.05.2016;;267;131.16;
15;1;13.05.2016;;443;128.98;
15;1;14.05.2016;;440;128.98;
15;1;15.05.2016;;374;128.98;
15;1;16.05.2016;;405;128.98;
15;1;17.05.2016;1;1549;128.98;119.6
15;1;18.05.2016;1;2001;128.98;119.6
15;1;19.05.2016;1;628;128.98;119.6
15;1;20.05.2016;1;1037;128.98;119.6
15;1;21.05.2016;1;1389;128.98;119.6
15;1;22.05.2016;1;986;128.98;119.6
