data/retail_2products.csv
Store_id;SKU_id;Date;Promo;Demand;Regular_Price;Promo_Price
16;1;01.01.2015;;31;163.78;
16;1;02.01.2015;;151;163.78;
16;1;03.01.2015;;248;163.78;
16;1;04.01.2015;;185;163.78;
16;1;05.01.2015;;132;163.78;
16;1;06.01.2015;;182;163.78;
16;1;07.01.2015;;170;163.78;
16;1;08.01.2015;;148;163.78;
16;1;09.01.2015;;248;163.78;
16;1;10.01.2015;;151;163.78;
16;1;11.01.2015;;167;163.78;
16;1;12.01.2015;;449;163.78;
16;1;13.01.2015;;330;163.78;
16;1;14.01.2015;;349;168.4;
16;1;15.01.2015;;383;168.4;
16;1;16.01.2015;;346;168.4;
16;1;17.01.2015;;437;168.4;
16;1;18.01.2015;;446;168.4;
16;1;19.01.2015;;308;168.4;
16;1;20.01.2015;;276;168.4;
16;1;21.01.2015;;286;168.4;
16;1;22.01.2015;;427;168.4;
16;1;23.01.2015;;264;160.24;
16;1;24.01.2015;;342;160.24;
16;1;25.01.2015;;352;160.24;
16;1;26.01.2015;;270;160.24;
16;1;27.01.2015;;229;160.24;
16;1;28.01.2015;;402;146.92;
16;1;29.01.2015;;456;146.92;
16;1;30.01.2015;;311;146.92;
16;1;31.01.2015;;346;146.92;
16;1;01.02.2015;;295;146.92;
16;1;02.02.2015;;214;146.92;
16;1;03.02.2015;;305;146.92;
16;1;04.02.2015;;245;146.92;
16;1;05.02.2015;;305;146.92;
16;1;06.02.2015;;405;146.92;
16;1;07.02.2015;;440;146.92;
16;1;08.02.2015;;349;146.92;
16;1;09.02.2015;;364;146.92;
16;1;10.02.2015;;399;146.92;
16;1;11.02.2015;;374;146.92;
16;1;12.02.2015;;232;146.92;
16;1;13.02.2015;;412;149.37;
16;1;14.02.2015;;314;149.37;
16;1;15.02.2015;;377;149.37;
16;1;16.02.2015;;380;149.37;
16;1;17.02.2015;1;2372;149.37;143.8
16;1;18.02.2015;1;864;149.37;135.64
16;1;19.02.2015;1;867;149.37;135.64
16;1;20.02.2015;1;1495;149.37;135.64
16;1;21.02.2015;1;1112;149.37;135.64
16;1;22.02.2015;1;713;149.37;135.64
16;1;23.02.2015;1;553;149.37;135.64
16;1;24.02.2015;;270;149.37;
16;1;25.02.2015;;286;149.37;
16;1;26.02.2015;;273;149.37;
16;1;27.02.2015;;600;143.93;
16;1;28.02.2015;;707;143.93;
16;1;01.03.2015;;685;143.93;
16;1;02.03.2015;;374;143.93;
16;1;03.03.2015;1;685;143.93;138.36
16;1;04.03.2015;1;895;143.93;135.64
16;1;05.03.2015;1;1021;138.5;135.64
16;1;06.03.2015;1;839;138.5;135.64
16;1;07.03.2015;1;986;138.5;135.64
16;1;08.03.2015;1;663;138.5;135.64
16;1;09.03.2015;;188;140.67;
16;1;10.03.2015;;239;140.67;
16;1;11.03.2015;;462;140.67;
16;1;12.03.2015;;399;140.67;
16;1;13.03.2015;;399;140.67;
16;1;14.03.2015;;399;140.67;
16;1;15.03.2015;;399;140.67;
16;1;16.03.2015;;399;140.67;
16;1;17.03.2015;1;917;140.67;127.49
16;1;18.03.2015;1;917;140.67;127.49
16;1;19.03.2015;1;917;140.67;127.49
16;1;20.03.2015;1;917;140.67;127.49
16;1;21.03.2015;1;917;140.67;127.49
16;1;22.03.2015;1;917;140.67;127.49
16;1;23.03.2015;1;917;140.67;127.49
16;1;24.03.2015;;399;140.67;
16;1;25.03.2015;;399;140.67;
16;1;26.03.2015;;399;131.97;
16;1;27.03.2015;;1159;131.97;
16;1;28.03.2015;;801;131.97;
16;1;29.03.2015;;1012;131.97;
16;1;30.03.2015;;346;131.97;
16;1;31.03.2015;;660;131.97;
16;1;01.04.2015;;317;133.33;
16;1;02.04.2015;;468;133.33;
16;1;03.04.2015;;327;133.33;
16;1;04.04.2015;;434;133.33;
16;1;05.04.2015;;226;133.33;
16;1;06.04.2015;;452;133.33;
16;1;07.04.2015;1;2912;133.33;119.33
16;1;08.04.2015;1;2579;133.33;119.33
16;1;09.04.2015;1;1945;133.33;119.33
16;1;10.04.2015;1;1885;133.33;119.33
16;1;11.04.2015;1;2275;133.33;119.33
16;1;12.04.2015;1;741;133.33;119.33
16;1;13.04.2015;1;631;133.33;119.33
16;1;14.04.2015;;280;130.34;
16;1;15.04.2015;;528;130.34;
16;1;16.04.2015;;349;130.34;
16;1;17.04.2015;;295;138.5;
16;1;18.04.2015;;132;138.5;
16;1;19.04.2015;;210;138.5;
16;1;20.04.2015;;276;138.5;
16;1;21.04.2015;;182;138.5;
16;1;22.04.2015;;267;128.98;
16;1;23.04.2015;;251;128.98;
16;1;24.04.2015;;336;128.98;
16;1;25.04.2015;;565;128.98;
16;1;26.04.2015;;283;128.98;
16;1;27.04.2015;;270;128.98;
16;1;28.04.2015;;459;128.98;
16;1;29.04.2015;;355;131.7;
16;1;30.04.2015;;691;131.7;
16;1;01.05.2015;;308;131.7;
16;1;02.05.2015;;163;131.7;
16;1;03.05.2015;;342;131.7;
16;1;04.05.2015;;223;131.7;
16;1;05.05.2015;;280;131.7;
16;1;06.05.2015;;273;131.7;
16;1;07.05.2015;;217;131.7;
16;1;08.05.2015;;430;131.7;
16;1;09.05.2015;;330;131.7;
16;1;10.05.2015;;346;131.7;
16;1;11.05.2015;;286;131.7;
16;1;12.05.2015;;217;131.7;
16;1;13.05.2015;;324;131.7;
16;1;14.05.2015;;311;131.7;
16;1;15.05.2015;;525;131.7;
16;1;16.05.2015;;531;131.7;
16;1;17.05.2015;;719;131.7;
16;1;18.05.2015;;509;131.7;
16;1;19.05.2015;1;1508;131.7;119.33
16;1;20.05.2015;1;1681;131.7;119.33
16;1;21.05.2015;1;1323;131.7;119.33
16;1;22.05.2015;1;1602;131.7;119.33
16;1;23.05.2015;1;1012;131.7;119.33
16;1;24.05.2015;1;1235;131.7;119.33
16;1;25.05.2015;1;836;131.7;119.33
16;1;26.05.2015;;305;131.7;
16;1;27.05.2015;;487;129.25;
16;1;28.05.2015;;308;129.25;
16;1;29.05.2015;;336;129.25;
16;1;30.05.2015;;471;129.25;
16;1;31.05.2015;;723;129.25;
16;1;01.06.2015;;515;129.25;
16;1;02.06.2015;;342;129.25;
16;1;03.06.2015;;308;129.25;
16;1;04.06.2015;;402;129.25;
16;1;05.06.2015;;713;129.25;
16;1;06.06.2015;;572;131.7;
16;1;07.06.2015;;515;131.7;
16;1;08.06.2015;;368;131.7;
16;1;09.06.2015;1;1272;131.7;119.33
16;1;10.06.2015;1;2554;131.7;119.33
16;1;11.06.2015;1;930;131.7;119.33
16;1;12.06.2015;1;1257;131.7;119.33
16;1;13.06.2015;1;1096;131.7;119.33
16;1;14.06.2015;1;1043;131.7;119.33
16;1;15.06.2015;1;2215;131.7;119.33
16;1;16.06.2015;;449;131.7;
16;1;17.06.2015;;763;131.7;
16;1;18.06.2015;;603;128.17;
16;1;19.06.2015;;1175;128.17;
16;1;20.06.2015;;892;128.17;
16;1;21.06.2015;;1634;128.17;
16;1;22.06.2015;;493;128.17;
16;1;23.06.2015;;631;128.17;
16;1;24.06.2015;;672;128.17;
16;1;25.06.2015;;1310;128.17;
16;1;26.06.2015;;1612;128.17;
16;1;27.06.2015;;1062;128.17;
16;1;28.06.2015;;587;130.34;
16;1;29.06.2015;;848;130.34;
16;1;30.06.2015;1;2711;130.34;119.33
16;1;01.07.2015;1;3742;130.34;119.33
16;1;02.07.2015;1;2507;130.34;119.33
16;1;03.07.2015;1;1363;130.34;119.33
16;1;04.07.2015;1;1291;130.34;119.33
16;1;05.07.2015;1;1203;130.34;119.33
16;1;06.07.2015;1;1549;130.34;119.33
16;1;07.07.2015;;267;130.34;
16;1;08.07.2015;;616;130.34;
16;1;09.07.2015;;1395;121.64;
16;1;10.07.2015;;1847;121.64;
16;1;11.07.2015;;958;123.55;
16;1;12.07.2015;;870;123.55;
16;1;13.07.2015;;1005;123.55;
16;1;14.07.2015;;858;123.55;
16;1;15.07.2015;;1194;125.45;
16;1;16.07.2015;;939;125.45;
16;1;17.07.2015;;1323;125.45;
16;1;18.07.2015;;1323;127.62;
16;1;19.07.2015;;2340;127.62;
16;1;20.07.2015;;1568;127.62;
16;1;21.07.2015;;2680;127.62;
16;1;22.07.2015;;2199;127.62;
16;1;23.07.2015;;2265;127.62;
16;1;24.07.2015;;2573;127.62;
16;1;25.07.2015;;1137;127.62;
16;1;26.07.2015;;2567;130.07;
16;1;27.07.2015;;1985;130.07;
16;1;28.07.2015;1;506;130.07;124.77
16;1;29.07.2015;1;1018;130.07;124.77
16;1;30.07.2015;1;958;130.07;124.77
16;1;31.07.2015;1;958;130.07;124.77
16;1;01.08.2015;1;958;130.07;124.77
16;1;02.08.2015;1;958;130.07;124.77
16;1;03.08.2015;1;5240;130.07;124.77
16;1;04.08.2015;;515;138.5;
16;1;05.08.2015;;377;138.5;
16;1;06.08.2015;;710;138.5;
16;1;07.08.2015;;763;138.5;
16;1;08.08.2015;;657;141.21;
16;1;09.08.2015;;468;141.21;
16;1;10.08.2015;;515;141.21;
16;1;11.08.2015;;606;141.21;
16;1;12.08.2015;;613;142.85;
16;1;13.08.2015;;522;142.85;
16;1;14.08.2015;;710;142.85;
16;1;15.08.2015;;377;142.85;
16;1;16.08.2015;;594;142.85;
16;1;17.08.2015;;817;142.85;
16;1;18.08.2015;;368;142.85;
16;1;19.08.2015;;500;142.85;
16;1;20.08.2015;;452;142.85;
16;1;21.08.2015;;393;142.85;
16;1;22.08.2015;;638;142.85;
16;1;23.08.2015;;531;142.85;
16;1;24.08.2015;;606;142.85;
16;1;25.08.2015;;503;142.85;
16;1;26.08.2015;;631;142.85;
16;1;27.08.2015;;914;137.68;
16;1;28.08.2015;;848;137.68;
16;1;29.08.2015;;782;137.68;
16;1;30.08.2015;;964;137.68;
16;1;31.08.2015;;446;137.68;
16;1;01.09.2015;;496;137.68;
16;1;02.09.2015;;867;135.78;
16;1;03.09.2015;;405;135.78;
16;1;04.09.2015;;697;135.78;
16;1;05.09.2015;;701;133.6;
16;1;06.09.2015;;917;133.6;
16;1;07.09.2015;;889;133.6;
16;1;08.09.2015;;980;133.6;
16;1;09.09.2015;;625;135.51;
16;1;10.09.2015;;829;135.51;
16;1;11.09.2015;;927;135.51;
16;1;12.09.2015;;1200;135.51;
16;1;13.09.2015;;1294;135.51;
16;1;14.09.2015;;675;135.51;
16;1;15.09.2015;;399;135.51;
16;1;16.09.2015;;522;138.5;
16;1;17.09.2015;;242;138.5;
16;1;18.09.2015;;361;138.5;
16;1;19.09.2015;;390;138.5;
16;1;20.09.2015;;364;138.5;
16;1;21.09.2015;;474;138.5;
16;1;22.09.2015;;525;138.5;
16;1;23.09.2015;;487;141.21;
16;1;24.09.2015;;245;141.21;
16;1;25.09.2015;;298;141.21;
16;1;26.09.2015;;264;141.21;
16;1;27.09.2015;;402;141.21;
16;1;28.09.2015;;273;141.21;
16;1;29.09.2015;;145;141.21;
16;1;30.09.2015;;195;141.21;
16;1;01.10.2015;;223;141.21;
16;1;02.10.2015;;346;141.21;
16;1;03.10.2015;;320;141.21;
16;1;04.10.2015;;377;141.21;
16;1;05.10.2015;;198;141.21;
16;1;06.10.2015;1;622;141.21;122.32
16;1;07.10.2015;1;368;141.21;122.32
16;1;08.10.2015;1;870;141.11;122.32
16;1;09.10.2015;1;685;141.21;122.32
16;1;10.10.2015;1;496;141.21;122.32
16;1;11.10.2015;1;553;141.21;122.32
16;1;12.10.2015;1;506;141.21;122.32
16;1;13.10.2015;;123;141.21;
16;1;14.10.2015;;116;141.21;
16;1;15.10.2015;;223;142.57;
16;1;16.10.2015;;188;142.57;
16;1;17.10.2015;;349;142.57;
16;1;18.10.2015;;261;142.57;
16;1;19.10.2015;;276;142.57;
16;1;20.10.2015;;110;142.57;
16;1;21.10.2015;;525;130.34;
16;1;22.10.2015;;440;130.34;
16;1;23.10.2015;;933;130.34;
16;1;24.10.2015;;474;130.34;
16;1;25.10.2015;;522;130.34;
16;1;26.10.2015;;399;130.34;
16;1;27.10.2015;1;1096;130.34;122.32
16;1;28.10.2015;1;565;130.34;124.77
16;1;29.10.2015;1;550;130.34;124.77
16;1;30.10.2015;1;468;130.34;124.77
16;1;31.10.2015;1;902;130.34;124.77
16;1;01.11.2015;1;961;130.34;124.77
16;1;02.11.2015;1;418;130.34;124.77
16;1;03.11.2015;;964;130.34;
16;1;04.11.2015;;465;134.69;
16;1;05.11.2015;;346;134.69;
16;1;06.11.2015;;556;134.69;
16;1;07.11.2015;;336;134.69;
16;1;08.11.2015;;352;134.69;
16;1;09.11.2015;;415;134.69;
16;1;10.11.2015;;145;134.69;
16;1;11.11.2015;;402;130.34;
16;1;12.11.2015;;371;130.34;
16;1;13.11.2015;;123;130.34;
16;1;14.11.2015;;547;130.34;
16;1;15.11.2015;;261;130.34;
16;1;16.11.2015;;368;130.34;
16;1;17.11.2015;;342;130.34;
16;1;18.11.2015;;314;130.34;
16;1;19.11.2015;;569;130.34;
16;1;20.11.2015;;280;130.34;
16;1;21.11.2015;;261;130.34;
16;1;22.11.2015;;289;130.34;
16;1;23.11.2015;;355;130.34;
16;1;24.11.2015;1;1225;130.34;116.61
16;1;25.11.2015;1;1750;130.34;116.61
16;1;26.11.2015;1;1740;130.34;116.61
16;1;27.11.2015;1;1766;130.34;116.61
16;1;28.11.2015;1;2937;130.34;116.61
16;1;29.11.2015;1;270;130.34;116.61
16;1;30.11.2015;1;2108;130.34;116.61
16;1;01.12.2015;;245;130.34;
16;1;02.12.2015;;311;130.34;
16;1;03.12.2015;;226;130.34;
16;1;04.12.2015;;396;130.34;
16;1;05.12.2015;1;1451;130.34;116.61
16;1;06.12.2015;1;1282;130.34;116.61
16;1;07.12.2015;1;1090;130.34;116.61
16;1;08.12.2015;;324;130.34;
16;1;09.12.2015;;286;130.34;
16;1;10.12.2015;;396;130.34;
16;1;11.12.2015;;349;130.34;
16;1;12.12.2015;;305;130.34;
16;1;13.12.2015;;292;130.34;
16;1;14.12.2015;;182;130.34;
16;1;15.12.2015;;154;130.34;
16;1;16.12.2015;;286;130.34;
16;1;17.12.2015;;179;130.34;
16;1;18.12.2015;;314;130.34;
16;1;19.12.2015;;405;130.34;
16;1;20.12.2015;;386;130.34;
16;1;21.12.2015;;223;130.34;
16;1;22.12.2015;;204;130.34;
16;1;23.12.2015;;408;130.34;
16;1;24.12.2015;;192;126.54;
16;1;25.12.2015;;437;126.54;
16;1;26.12.2015;;424;126.54;
16;1;27.12.2015;;594;126.54;
16;1;28.12.2015;;176;126.54;
16;1;29.12.2015;;364;126.54;
16;1;30.12.2015;;443;126.54;
16;1;31.12.2015;;446;126.54;
16;1;01.01.2016;;35;126.54;
16;1;02.01.2016;;232;126.54;
16;1;03.01.2016;;201;126.54;
16;1;04.01.2016;;324;126.54;
16;1;05.01.2016;;308;126.54;
16;1;06.01.2016;;273;126.54;
16;1;07.01.2016;;283;126.54;
16;1;08.01.2016;;220;126.54;
16;1;09.01.2016;;264;126.54;
16;1;10.01.2016;;280;126.54;
16;1;11.01.2016;;273;126.54;
16;1;12.01.2016;;258;126.54;
16;1;13.01.2016;;295;126.54;
16;1;14.01.2016;;559;126.54;
16;1;15.01.2016;;333;126.54;
16;1;16.01.2016;;327;126.54;
16;1;17.01.2016;;396;126.54;
16;1;18.01.2016;;515;126.54;
16;1;19.01.2016;;547;126.54;
16;1;20.01.2016;;528;126.54;
16;1;21.01.2016;;358;127.9;
16;1;22.01.2016;;622;127.9;
16;1;23.01.2016;;317;127.9;
16;1;24.01.2016;;415;127.9;
16;1;25.01.2016;;512;127.9;
16;1;26.01.2016;;342;127.9;
16;1;27.01.2016;;757;127.9;
16;1;28.01.2016;;468;127.9;
16;1;29.01.2016;;679;127.9;
16;1;30.01.2016;;509;127.9;
16;1;31.01.2016;;575;127.9;
16;1;01.02.2016;;295;130.34;
16;1;02.02.2016;;531;130.34;
16;1;03.02.2016;;390;130.34;
16;1;04.02.2016;;666;133.06;
16;1;05.02.2016;;672;133.06;
16;1;06.02.2016;;653;133.06;
16;1;07.02.2016;;289;141.76;
16;1;08.02.2016;;239;141.76;
16;1;09.02.2016;1;594;141.76;130.75
16;1;10.02.2016;1;738;141.76;130.75
16;1;11.02.2016;1;644;141.76;130.75
16;1;12.02.2016;1;1115;141.76;130.75
16;1;13.02.2016;1;1024;141.76;130.75
16;1;14.02.2016;1;1533;141.76;130.75
16;1;15.02.2016;1;619;141.76;130.75
16;1;16.02.2016;1;675;141.76;130.75
16;1;17.02.2016;1;518;141.76;130.75
16;1;18.02.2016;;210;141.76;
16;1;19.02.2016;;289;141.76;
16;1;20.02.2016;;308;141.76;
16;1;21.02.2016;;434;141.76;
16;1;22.02.2016;;245;141.76;
16;1;23.02.2016;;145;141.76;
16;1;24.02.2016;;145;141.76;
16;1;25.02.2016;;336;141.76;
16;1;26.02.2016;;320;141.76;
16;1;27.02.2016;;289;141.76;
16;1;28.02.2016;;204;141.76;
16;1;29.02.2016;;311;141.76;
16;1;01.03.2016;;232;141.76;
16;1;02.03.2016;;399;141.76;
16;1;03.03.2016;;182;141.76;
16;1;04.03.2016;;446;141.76;
16;1;05.03.2016;;415;141.21;
16;1;06.03.2016;;248;141.21;
16;1;07.03.2016;;330;141.21;
16;1;08.03.2016;1;594;141.21;132.92
16;1;09.03.2016;1;339;141.21;132.92
16;1;10.03.2016;1;723;141.21;132.92
16;1;11.03.2016;1;990;141.21;132.92
16;1;12.03.2016;1;1049;141.21;132.92
16;1;13.03.2016;1;870;141.21;132.92
16;1;14.03.2016;1;657;141.21;132.92
16;1;15.03.2016;1;1184;141.21;130.21
16;1;16.03.2016;1;704;141.21;130.21
16;1;17.03.2016;1;1034;141.21;130.21
16;1;18.03.2016;1;1423;141.21;130.21
16;1;19.03.2016;1;386;141.21;130.21
16;1;20.03.2016;1;430;141.21;130.21
16;1;21.03.2016;;534;141.21;
16;1;22.03.2016;;154;141.21;
16;1;23.03.2016;;167;141.21;
16;1;24.03.2016;;342;141.21;
16;1;25.03.2016;;405;141.21;
16;1;26.03.2016;;192;141.21;
16;1;27.03.2016;;239;141.21;
16;1;28.03.2016;;355;141.21;
16;1;29.03.2016;;201;141.21;
16;1;30.03.2016;;264;141.21;
16;1;31.03.2016;;226;141.21;
16;1;01.04.2016;;160;141.21;
16;1;02.04.2016;;204;141.21;
16;1;03.04.2016;;374;141.21;
16;1;04.04.2016;;242;141.21;
16;1;05.04.2016;;198;141.21;
16;1;06.04.2016;;239;141.21;
16;1;07.04.2016;;223;141.21;
16;1;08.04.2016;;522;141.21;
16;1;09.04.2016;;311;141.21;
16;1;10.04.2016;;280;141.21;
16;1;11.04.2016;;182;141.21;
16;1;12.04.2016;;214;141.21;
16;1;13.04.2016;;280;141.21;
16;1;14.04.2016;;314;135.78;
16;1;15.04.2016;;336;135.78;
16;1;16.04.2016;;374;135.78;
16;1;17.04.2016;;314;135.78;
16;1;18.04.2016;;185;135.78;
16;1;19.04.2016;1;1175;135.78;122.32
16;1;20.04.2016;1;1461;135.78;122.32
16;1;21.04.2016;1;1605;135.78;122.32
16;1;22.04.2016;1;1524;135.78;122.32
16;1;23.04.2016;1;2124;135.78;122.32
16;1;24.04.2016;1;543;135.78;122.32
16;1;25.04.2016;1;807;135.78;122.32
16;1;26.04.2016;;320;135.78;
16;1;27.04.2016;;151;135.78;
16;1;28.04.2016;;352;135.78;
16;1;29.04.2016;;481;131.16;
16;1;30.04.2016;;449;131.16;
16;1;01.05.2016;;129;131.16;
16;1;02.05.2016;;138;131.16;
16;1;03.05.2016;;154;131.16;
16;1;04.05.2016;;317;131.16;
16;1;05.05.2016;;295;131.16;
16;1;06.05.2016;;324;131.16;
16;1;07.05.2016;;258;131.16;
16;1;08.05.2016;;446;131.16;
16;1;09.05.2016;;157;131.16;
16;1;10.05.2016;;236;131.16;
16;1;11.05.2016;;324;131.16;
16;1;12.05.2016;;317;131.16;
16;1;13.05.2016;;877;128.98;
16;1;14.05.2016;;465;128.98;
16;1;15.05.2016;;509;128.98;
16;1;16.05.2016;;600;128.98;
16;1;17.05.2016;1;1464;128.98;119.6
16;1;18.05.2016;1;1477;128.98;119.6
16;1;19.05.2016;1;1863;128.98;119.6
16;1;20.05.2016;1;1517;128.98;119.6
16;1;21.05.2016;1;971;128.98;119.6
16;1;22.05.2016;1;1213;128.98;119.6
