data/retail_2products.csv
Store_id;SKU_id;Date;Promo;Demand;Regular_Price;Promo_Price
17;1;01.01.2015;;9;163.78;
17;1;02.01.2015;;47;163.78;
17;1;03.01.2015;;123;163.78;
17;1;04.01.2015;;69;163.78;
17;1;05.01.2015;;66;163.78;
17;1;06.01.2015;;79;163.78;
17;1;07.01.2015;;38;163.78;
17;1;08.01.2015;;113;163.78;
17;1;09.01.2015;;113;163.78;
17;1;10.01.2015;;113;163.78;
17;1;11.01.2015;;113;163.78;
17;1;12.01.2015;;113;163.78;
17;1;13.01.2015;;113;163.78;
17;1;14.01.2015;;113;168.4;
17;1;15.01.2015;;113;168.4;
17;1;16.01.2015;;113;168.4;
17;1;17.01.2015;;113;168.4;
17;1;18.01.2015;;113;168.4;
17;1;19.01.2015;;113;168.4;
17;1;20.01.2015;;113;168.4;
17;1;21.01.2015;;113;168.4;
17;1;22.01.2015;;113;168.4;
17;1;23.01.2015;;119;160.24;
17;1;24.01.2015;;94;160.24;
17;1;25.01.2015;;72;160.24;
17;1;26.01.2015;;88;160.24;
17;1;27.01.2015;;104;160.24;
17;1;28.01.2015;;185;146.92;
17;1;29.01.2015;;182;146.92;
17;1;30.01.2015;;192;146.92;
17;1;31.01.2015;;192;146.92;
17;1;01.02.2015;;101;146.92;
17;1;02.02.2015;;141;146.92;
17;1;03.02.2015;;198;146.92;
17;1;04.02.2015;;236;146.92;
17;1;05.02.2015;;179;146.92;
17;1;06.02.2015;;207;146.92;
17;1;07.02.2015;;245;146.92;
17;1;08.02.2015;;163;146.92;
17;1;09.02.2015;;248;146.92;
17;1;10.02.2015;;412;146.92;
17;1;11.02.2015;;248;146.92;
17;1;12.02.2015;;276;146.92;
17;1;13.02.2015;;236;149.37;
17;1;14.02.2015;;289;149.37;
17;1;15.02.2015;;201;149.37;
17;1;16.02.2015;;176;149.37;
17;1;17.02.2015;1;1756;149.37;143.8
17;1;18.02.2015;1;804;149.37;135.64
17;1;19.02.2015;1;1153;149.37;135.64
17;1;20.02.2015;1;1159;149.37;135.64
17;1;21.02.2015;1;509;149.37;135.64
17;1;22.02.2015;1;220;149.37;135.64
17;1;23.02.2015;1;195;149.37;135.64
17;1;24.02.2015;;170;149.37;
17;1;25.02.2015;;201;149.37;
17;1;26.02.2015;;138;149.37;
17;1;27.02.2015;;185;143.93;
17;1;28.02.2015;;556;143.93;
17;1;01.03.2015;;484;143.93;
17;1;02.03.2015;;226;143.93;
17;1;03.03.2015;1;380;143.93;138.36
17;1;04.03.2015;1;254;143.93;135.64
17;1;05.03.2015;1;685;138.5;135.64
17;1;06.03.2015;1;427;138.5;135.64
17;1;07.03.2015;1;644;138.5;135.64
17;1;08.03.2015;1;305;138.5;135.64
17;1;09.03.2015;;135;140.67;
17;1;10.03.2015;;280;140.67;
17;1;11.03.2015;;292;140.67;
17;1;12.03.2015;;295;140.67;
17;1;13.03.2015;;286;140.67;
17;1;14.03.2015;;182;140.67;
17;1;15.03.2015;;195;140.67;
17;1;16.03.2015;;245;140.67;
17;1;17.03.2015;1;1690;140.67;127.49
17;1;18.03.2015;1;1335;140.67;127.49
17;1;19.03.2015;1;1649;140.67;127.49
17;1;20.03.2015;1;999;140.67;127.49
17;1;21.03.2015;1;1181;140.67;127.49
17;1;22.03.2015;1;1087;140.67;127.49
17;1;23.03.2015;1;823;140.67;127.49
17;1;24.03.2015;;273;140.67;
17;1;25.03.2015;;242;140.67;
17;1;26.03.2015;;226;131.97;
17;1;27.03.2015;;886;131.97;
17;1;28.03.2015;;267;131.97;
17;1;29.03.2015;;198;131.97;
17;1;30.03.2015;;245;131.97;
17;1;31.03.2015;;229;131.97;
17;1;01.04.2015;;368;133.33;
17;1;02.04.2015;;145;133.33;
17;1;03.04.2015;;270;133.33;
17;1;04.04.2015;;418;133.33;
17;1;05.04.2015;;163;133.33;
17;1;06.04.2015;;324;133.33;
17;1;07.04.2015;1;1398;133.33;119.33
17;1;08.04.2015;1;942;133.33;119.33
17;1;09.04.2015;1;864;133.33;119.33
17;1;10.04.2015;1;1178;133.33;119.33
17;1;11.04.2015;1;657;133.33;119.33
17;1;12.04.2015;1;311;133.33;119.33
17;1;13.04.2015;1;471;133.33;119.33
17;1;14.04.2015;;226;130.34;
17;1;15.04.2015;;232;130.34;
17;1;16.04.2015;;311;130.34;
17;1;17.04.2015;;179;138.5;
17;1;18.04.2015;;182;138.5;
17;1;19.04.2015;;91;138.5;
17;1;20.04.2015;;104;138.5;
17;1;21.04.2015;;157;138.5;
17;1;22.04.2015;;182;128.98;
17;1;23.04.2015;;226;128.98;
17;1;24.04.2015;;305;128.98;
17;1;25.04.2015;;302;128.98;
17;1;26.04.2015;;107;128.98;
17;1;27.04.2015;;151;128.98;
17;1;28.04.2015;;217;128.98;
17;1;29.04.2015;;148;131.7;
17;1;30.04.2015;;223;131.7;
17;1;01.05.2015;;132;131.7;
17;1;02.05.2015;;170;131.7;
17;1;03.05.2015;;163;131.7;
17;1;04.05.2015;;179;131.7;
17;1;05.05.2015;;223;131.7;
17;1;06.05.2015;;239;131.7;
17;1;07.05.2015;;380;131.7;
17;1;08.05.2015;;264;131.7;
17;1;09.05.2015;;82;131.7;
17;1;10.05.2015;;198;131.7;
17;1;11.05.2015;;154;131.7;
17;1;12.05.2015;;248;131.7;
17;1;13.05.2015;;148;131.7;
17;1;14.05.2015;;232;131.7;
17;1;15.05.2015;;170;131.7;
17;1;16.05.2015;;308;131.7;
17;1;17.05.2015;;327;131.7;
17;1;18.05.2015;;248;131.7;
17;1;19.05.2015;1;515;131.7;119.33
17;1;20.05.2015;1;877;131.7;119.33
17;1;21.05.2015;1;616;131.7;119.33
17;1;22.05.2015;1;767;131.7;119.33
17;1;23.05.2015;1;663;131.7;119.33
17;1;24.05.2015;1;368;131.7;119.33
17;1;25.05.2015;1;609;131.7;119.33
17;1;26.05.2015;;336;131.7;
17;1;27.05.2015;;201;129.25;
17;1;28.05.2015;;207;129.25;
17;1;29.05.2015;;214;129.25;
17;1;30.05.2015;;248;129.25;
17;1;31.05.2015;;151;129.25;
17;1;01.06.2015;;226;129.25;
17;1;02.06.2015;;204;129.25;
17;1;03.06.2015;;364;129.25;
17;1;04.06.2015;;160;129.25;
17;1;05.06.2015;;386;129.25;
17;1;06.06.2015;;232;131.7;
17;1;07.06.2015;;223;131.7;
17;1;08.06.2015;;185;131.7;
17;1;09.06.2015;1;701;131.7;119.33
17;1;10.06.2015;1;644;131.7;119.33
17;1;11.06.2015;1;478;131.7;119.33
17;1;12.06.2015;1;512;131.7;119.33
17;1;13.06.2015;1;619;131.7;119.33
17;1;14.06.2015;1;308;131.7;119.33
17;1;15.06.2015;1;685;131.7;119.33
17;1;16.06.2015;;258;131.7;
17;1;17.06.2015;;210;131.7;
17;1;18.06.2015;;217;128.17;
17;1;19.06.2015;;232;128.17;
17;1;20.06.2015;;217;128.17;
17;1;21.06.2015;;113;128.17;
17;1;22.06.2015;;229;128.17;
17;1;23.06.2015;;258;128.17;
17;1;24.06.2015;;245;128.17;
17;1;25.06.2015;;229;128.17;
17;1;26.06.2015;;223;128.17;
17;1;27.06.2015;;242;128.17;
17;1;28.06.2015;;308;130.34;
17;1;29.06.2015;;308;130.34;
17;1;30.06.2015;1;399;130.34;119.33
17;1;01.07.2015;1;537;130.34;119.33
17;1;02.07.2015;1;625;130.34;119.33
17;1;03.07.2015;1;657;130.34;119.33
17;1;04.07.2015;1;487;130.34;119.33
17;1;05.07.2015;1;424;130.34;119.33
17;1;06.07.2015;1;456;130.34;119.33
17;1;07.07.2015;;188;130.34;
17;1;08.07.2015;;264;130.34;
17;1;09.07.2015;;440;121.64;
17;1;10.07.2015;;603;121.64;
17;1;11.07.2015;;635;123.55;
17;1;12.07.2015;;352;123.55;
17;1;13.07.2015;;484;123.55;
17;1;14.07.2015;;531;123.55;
17;1;15.07.2015;;572;125.45;
17;1;16.07.2015;;327;125.45;
17;1;17.07.2015;;543;125.45;
17;1;18.07.2015;;506;127.62;
17;1;19.07.2015;;751;127.62;
17;1;20.07.2015;;1250;127.62;
17;1;21.07.2015;;493;127.62;
17;1;22.07.2015;;600;127.62;
17;1;23.07.2015;;1144;127.62;
17;1;24.07.2015;;1112;127.62;
17;1;25.07.2015;;1131;127.62;
17;1;26.07.2015;;958;130.07;
17;1;27.07.2015;;1235;130.07;
17;1;28.07.2015;1;2284;130.07;124.77
17;1;29.07.2015;1;2689;130.07;124.77
17;1;30.07.2015;1;1916;130.07;124.77
17;1;31.07.2015;1;864;130.07;124.77
17;1;01.08.2015;1;820;130.07;124.77
17;1;02.08.2015;1;798;130.07;124.77
17;1;03.08.2015;1;751;130.07;124.77
17;1;04.08.2015;;383;138.5;
17;1;05.08.2015;;719;138.5;
17;1;06.08.2015;;522;138.5;
17;1;07.08.2015;;462;138.5;
17;1;08.08.2015;;471;141.21;
17;1;09.08.2015;;512;141.21;
17;1;10.08.2015;;415;141.21;
17;1;11.08.2015;;302;141.21;
17;1;12.08.2015;;399;142.85;
17;1;13.08.2015;;377;142.85;
17;1;14.08.2015;;396;142.85;
17;1;15.08.2015;;675;142.85;
17;1;16.08.2015;;434;142.85;
17;1;17.08.2015;;430;142.85;
17;1;18.08.2015;;430;142.85;
17;1;19.08.2015;;474;142.85;
17;1;20.08.2015;;631;142.85;
17;1;21.08.2015;;704;142.85;
17;1;22.08.2015;;465;142.85;
17;1;23.08.2015;;430;142.85;
17;1;24.08.2015;;311;142.85;
17;1;25.08.2015;;374;142.85;
17;1;26.08.2015;;543;142.85;
17;1;27.08.2015;;289;137.68;
17;1;28.08.2015;;465;137.68;
17;1;29.08.2015;;374;137.68;
17;1;30.08.2015;;371;137.68;
17;1;31.08.2015;;283;137.68;
17;1;01.09.2015;;446;137.68;
17;1;02.09.2015;;509;135.78;
17;1;03.09.2015;;302;135.78;
17;1;04.09.2015;;390;135.78;
17;1;05.09.2015;;801;133.6;
17;1;06.09.2015;;396;133.6;
17;1;07.09.2015;;606;133.6;
17;1;08.09.2015;;512;133.6;
17;1;09.09.2015;;496;135.51;
17;1;10.09.2015;;600;135.51;
17;1;11.09.2015;;434;135.51;
17;1;12.09.2015;;295;135.51;
17;1;13.09.2015;;358;135.51;
17;1;14.09.2015;;408;135.51;
17;1;15.09.2015;;276;135.51;
17;1;16.09.2015;;220;138.5;
17;1;17.09.2015;;251;138.5;
17;1;18.09.2015;;349;138.5;
17;1;19.09.2015;;201;138.5;
17;1;20.09.2015;;349;138.5;
17;1;21.09.2015;;210;138.5;
17;1;22.09.2015;;160;138.5;
17;1;23.09.2015;;192;141.21;
17;1;24.09.2015;;198;141.21;
17;1;25.09.2015;;254;141.21;
17;1;26.09.2015;;273;141.21;
17;1;27.09.2015;;195;141.21;
17;1;28.09.2015;;138;141.21;
17;1;29.09.2015;;220;141.21;
17;1;30.09.2015;;217;141.21;
17;1;01.10.2015;;254;141.21;
17;1;02.10.2015;;188;141.21;
17;1;03.10.2015;;232;141.21;
17;1;04.10.2015;;201;141.21;
17;1;05.10.2015;;229;141.21;
17;1;06.10.2015;1;562;141.21;132.92
17;1;07.10.2015;1;408;141.21;130.21
17;1;08.10.2015;1;512;141.11;130.21
17;1;09.10.2015;1;418;141.21;130.21
17;1;10.10.2015;1;506;141.21;130.21
17;1;11.10.2015;1;333;141.21;130.21
17;1;12.10.2015;1;320;141.21;130.21
17;1;13.10.2015;;302;141.21;
17;1;14.10.2015;;157;141.21;
17;1;15.10.2015;;145;142.57;
17;1;16.10.2015;;151;142.57;
17;1;17.10.2015;;160;142.57;
17;1;18.10.2015;;113;142.57;
17;1;19.10.2015;;157;142.57;
17;1;20.10.2015;;116;142.57;
17;1;21.10.2015;;324;130.34;
17;1;22.10.2015;;327;130.34;
17;1;23.10.2015;;311;130.34;
17;1;24.10.2015;;349;130.34;
17;1;25.10.2015;;311;130.34;
17;1;26.10.2015;;229;130.34;
17;1;27.10.2015;1;1291;130.34;122.32
17;1;28.10.2015;1;1219;130.34;124.77
17;1;29.10.2015;1;496;130.34;124.77
17;1;30.10.2015;1;543;130.34;124.77
17;1;31.10.2015;1;317;130.34;124.77
17;1;01.11.2015;1;289;130.34;124.77
17;1;02.11.2015;1;361;130.34;124.77
17;1;03.11.2015;;129;130.34;
17;1;04.11.2015;;170;134.69;
17;1;05.11.2015;;163;134.69;
17;1;06.11.2015;;217;134.69;
17;1;07.11.2015;;239;134.69;
17;1;08.11.2015;;104;134.69;
17;1;09.11.2015;;245;134.69;
17;1;10.11.2015;;248;134.69;
17;1;11.11.2015;;270;130.34;
17;1;12.11.2015;;116;130.34;
17;1;13.11.2015;;264;130.34;
17;1;14.11.2015;;276;130.34;
17;1;15.11.2015;;151;130.34;
17;1;16.11.2015;;185;130.34;
17;1;17.11.2015;;192;130.34;
17;1;18.11.2015;;157;130.34;
17;1;19.11.2015;;148;130.34;
17;1;20.11.2015;;198;130.34;
17;1;21.11.2015;;201;130.34;
17;1;22.11.2015;;173;130.34;
17;1;23.11.2015;;154;130.34;
17;1;24.11.2015;1;1084;130.34;116.61
17;1;25.11.2015;1;1206;130.34;116.61
17;1;26.11.2015;1;1696;130.34;116.61
17;1;27.11.2015;1;1473;130.34;116.61
17;1;28.11.2015;1;1197;130.34;116.61
17;1;29.11.2015;1;1203;130.34;116.61
17;1;30.11.2015;1;471;130.34;116.61
17;1;01.12.2015;;97;130.34;
17;1;02.12.2015;;217;130.34;
17;1;03.12.2015;;232;130.34;
17;1;04.12.2015;;129;130.34;
17;1;05.12.2015;1;1433;130.34;116.61
17;1;06.12.2015;1;682;130.34;116.61
17;1;07.12.2015;1;1056;130.34;116.61
17;1;08.12.2015;;226;130.34;
17;1;09.12.2015;;167;130.34;
17;1;10.12.2015;;138;130.34;
17;1;11.12.2015;;179;130.34;
17;1;12.12.2015;;245;130.34;
17;1;13.12.2015;;97;130.34;
17;1;14.12.2015;;116;130.34;
17;1;15.12.2015;;145;130.34;
17;1;16.12.2015;;204;130.34;
17;1;17.12.2015;;245;130.34;
17;1;18.12.2015;;145;130.34;
17;1;19.12.2015;;198;130.34;
17;1;20.12.2015;;298;130.34;
17;1;21.12.2015;;85;130.34;
17;1;22.12.2015;;198;130.34;
17;1;23.12.2015;;223;130.34;
17;1;24.12.2015;;148;126.54;
17;1;25.12.2015;;185;126.54;
17;1;26.12.2015;;123;126.54;
17;1;27.12.2015;;295;126.54;
17;1;28.12.2015;;138;126.54;
17;1;29.12.2015;;182;126.54;
17;1;30.12.2015;;185;126.54;
17;1;31.12.2015;;141;126.54;
17;1;01.01.2016;;16;126.54;
17;1;02.01.2016;;57;126.54;
17;1;03.01.2016;;123;126.54;
17;1;04.01.2016;;113;126.54;
17;1;05.01.2016;;185;126.54;
17;1;06.01.2016;;185;126.54;
17;1;07.01.2016;;151;126.54;
17;1;08.01.2016;;220;126.54;
17;1;09.01.2016;;298;126.54;
17;1;10.01.2016;;119;126.54;
17;1;11.01.2016;;258;126.54;
17;1;12.01.2016;;173;126.54;
17;1;13.01.2016;;182;126.54;
17;1;14.01.2016;;270;126.54;
17;1;15.01.2016;;254;126.54;
17;1;16.01.2016;;324;126.54;
17;1;17.01.2016;;324;126.54;
17;1;18.01.2016;;393;126.54;
17;1;19.01.2016;;182;126.54;
17;1;20.01.2016;;188;126.54;
17;1;21.01.2016;;289;127.9;
17;1;22.01.2016;;374;127.9;
17;1;23.01.2016;;408;127.9;
17;1;24.01.2016;;148;127.9;
17;1;25.01.2016;;342;127.9;
17;1;26.01.2016;;273;127.9;
17;1;27.01.2016;;242;127.9;
17;1;28.01.2016;;264;127.9;
17;1;29.01.2016;;232;127.9;
17;1;30.01.2016;;515;127.9;
17;1;31.01.2016;;151;127.9;
17;1;01.02.2016;;151;130.34;
17;1;02.02.2016;;267;130.34;
17;1;03.02.2016;;295;130.34;
17;1;04.02.2016;;129;133.06;
17;1;05.02.2016;;320;133.06;
17;1;06.02.2016;;405;133.06;
17;1;07.02.2016;;82;141.76;
17;1;08.02.2016;;185;141.76;
17;1;09.02.2016;1;295;141.76;130.75
17;1;10.02.2016;1;280;141.76;130.75
17;1;11.02.2016;1;349;141.76;130.75
17;1;12.02.2016;1;424;141.76;130.75
17;1;13.02.2016;1;575;141.76;130.75
17;1;14.02.2016;1;179;141.76;130.75
17;1;15.02.2016;1;452;141.76;130.75
17;1;16.02.2016;1;434;141.76;130.75
17;1;17.02.2016;1;324;141.76;130.75
17;1;18.02.2016;;141;141.76;
17;1;19.02.2016;;198;141.76;
17;1;20.02.2016;;182;141.76;
17;1;21.02.2016;;226;141.76;
17;1;22.02.2016;;145;141.76;
17;1;23.02.2016;;88;141.76;
17;1;24.02.2016;;138;141.76;
17;1;25.02.2016;;145;141.76;
17;1;26.02.2016;;167;141.76;
17;1;27.02.2016;;236;141.76;
17;1;28.02.2016;;66;141.76;
17;1;29.02.2016;;113;141.76;
17;1;01.03.2016;;129;141.76;
17;1;02.03.2016;;79;141.76;
17;1;03.03.2016;;151;141.76;
17;1;04.03.2016;;160;141.76;
17;1;05.03.2016;;368;141.21;
17;1;06.03.2016;;185;141.21;
17;1;07.03.2016;;107;141.21;
17;1;08.03.2016;1;135;141.21;132.92
17;1;09.03.2016;1;298;141.21;132.92
17;1;10.03.2016;1;380;141.21;132.92
17;1;11.03.2016;1;500;141.21;132.92
17;1;12.03.2016;1;474;141.21;132.92
17;1;13.03.2016;1;298;141.21;132.92
17;1;14.03.2016;1;223;141.21;132.92
17;1;15.03.2016;1;311;141.21;130.21
17;1;16.03.2016;1;346;141.21;130.21
17;1;17.03.2016;1;292;141.21;130.21
17;1;18.03.2016;1;339;141.21;130.21
17;1;19.03.2016;1;415;141.21;130.21
17;1;20.03.2016;1;145;141.21;130.21
17;1;21.03.2016;;123;141.21;
17;1;22.03.2016;;248;141.21;
17;1;23.03.2016;;195;141.21;
17;1;24.03.2016;;104;141.21;
17;1;25.03.2016;;135;141.21;
17;1;26.03.2016;;242;141.21;
17;1;27.03.2016;;188;141.21;
17;1;28.03.2016;;72;141.21;
17;1;29.03.2016;;75;141.21;
17;1;30.03.2016;;101;141.21;
17;1;31.03.2016;;104;141.21;
17;1;01.04.2016;;82;141.21;
17;1;02.04.2016;;113;141.21;
17;1;03.04.2016;;113;141.21;
17;1;04.04.2016;;123;141.21;
17;1;05.04.2016;;126;141.21;
17;1;06.04.2016;;167;141.21;
17;1;07.04.2016;;82;141.21;
17;1;08.04.2016;;116;141.21;
17;1;09.04.2016;;232;141.21;
17;1;10.04.2016;;72;141.21;
17;1;11.04.2016;;123;141.21;
17;1;12.04.2016;;116;141.21;
17;1;13.04.2016;;69;141.21;
17;1;14.04.2016;;126;135.78;
17;1;15.04.2016;;110;135.78;
17;1;16.04.2016;;182;135.78;
17;1;17.04.2016;;151;135.78;
17;1;18.04.2016;;126;135.78;
17;1;19.04.2016;1;490;135.78;122.32
17;1;20.04.2016;1;364;135.78;122.32
17;1;21.04.2016;1;393;135.78;122.32
17;1;22.04.2016;1;474;135.78;122.32
17;1;23.04.2016;1;478;135.78;122.32
17;1;24.04.2016;1;264;135.78;122.32
17;1;25.04.2016;1;515;135.78;122.32
17;1;26.04.2016;;75;135.78;
17;1;27.04.2016;;141;135.78;
17;1;28.04.2016;;151;135.78;
17;1;29.04.2016;;210;131.16;
17;1;30.04.2016;;261;131.16;
17;1;01.05.2016;;25;131.16;
17;1;02.05.2016;;97;131.16;
17;1;03.05.2016;;91;131.16;
17;1;04.05.2016;;138;131.16;
17;1;05.05.2016;;119;131.16;
17;1;06.05.2016;;138;131.16;
17;1;07.05.2016;;126;131.16;
17;1;08.05.2016;;79;131.16;
17;1;09.05.2016;;72;131.16;
17;1;10.05.2016;;145;131.16;
17;1;11.05.2016;;116;131.16;
17;1;12.05.2016;;82;131.16;
17;1;13.05.2016;;289;128.98;
17;1;14.05.2016;;239;128.98;
17;1;15.05.2016;;160;128.98;
17;1;16.05.2016;;346;128.98;
17;1;17.05.2016;1;421;128.98;119.6
17;1;18.05.2016;1;339;128.98;119.6
17;1;19.05.2016;1;587;128.98;119.6
17;1;20.05.2016;1;647;128.98;119.6
17;1;21.05.2016;1;594;128.98;119.6
17;1;22.05.2016;1;393;128.98;119.6
