data/retail_2products.csv
Store_id;SKU_id;Date;Promo;Demand;Regular_Price;Promo_Price
18;1;01.01.2015;;13;163.78;
18;1;02.01.2015;;28;163.78;
18;1;03.01.2015;;63;163.78;
18;1;04.01.2015;;53;163.78;
18;1;05.01.2015;;63;163.78;
18;1;06.01.2015;;69;163.78;
18;1;07.01.2015;;107;163.78;
18;1;08.01.2015;;50;163.78;
18;1;09.01.2015;;123;163.78;
18;1;10.01.2015;;119;163.78;
18;1;11.01.2015;;116;163.78;
18;1;12.01.2015;;75;163.78;
18;1;13.01.2015;;63;163.78;
18;1;14.01.2015;;60;168.4;
18;1;15.01.2015;;91;168.4;
18;1;16.01.2015;;101;168.4;
18;1;17.01.2015;;85;168.4;
18;1;18.01.2015;;107;168.4;
18;1;19.01.2015;;91;168.4;
18;1;20.01.2015;;82;168.4;
18;1;21.01.2015;;101;168.4;
18;1;22.01.2015;;88;168.4;
18;1;23.01.2015;;132;160.24;
18;1;24.01.2015;;167;160.24;
18;1;25.01.2015;;85;160.24;
18;1;26.01.2015;;60;160.24;
18;1;27.01.2015;;53;160.24;
18;1;28.01.2015;;160;146.92;
18;1;29.01.2015;;135;146.92;
18;1;30.01.2015;;113;146.92;
18;1;31.01.2015;;154;146.92;
18;1;01.02.2015;;101;146.92;
18;1;02.02.2015;;129;146.92;
18;1;03.02.2015;;110;146.92;
18;1;04.02.2015;;104;146.92;
18;1;05.02.2015;;132;146.92;
18;1;06.02.2015;;66;146.92;
18;1;07.02.2015;;138;146.92;
18;1;08.02.2015;;145;146.92;
18;1;09.02.2015;;69;146.92;
18;1;10.02.2015;;119;146.92;
18;1;11.02.2015;;151;146.92;
18;1;12.02.2015;;113;146.92;
18;1;13.02.2015;;138;149.37;
18;1;14.02.2015;;116;149.37;
18;1;15.02.2015;;113;149.37;
18;1;16.02.2015;;101;149.37;
18;1;17.02.2015;1;132;149.37;143.8
18;1;18.02.2015;1;148;149.37;135.64
18;1;19.02.2015;1;320;149.37;135.64
18;1;20.02.2015;1;430;149.37;135.64
18;1;21.02.2015;1;85;149.37;135.64
18;1;22.02.2015;1;509;149.37;135.64
18;1;23.02.2015;1;434;149.37;135.64
18;1;24.02.2015;;116;149.37;
18;1;25.02.2015;;116;149.37;
18;1;26.02.2015;;116;149.37;
18;1;27.02.2015;;116;143.93;
18;1;28.02.2015;;116;143.93;
18;1;01.03.2015;;116;143.93;
18;1;02.03.2015;;116;143.93;
18;1;03.03.2015;1;434;143.93;138.36
18;1;04.03.2015;1;434;143.93;135.64
18;1;05.03.2015;1;434;138.5;135.64
18;1;06.03.2015;1;352;138.5;135.64
18;1;07.03.2015;1;270;138.5;135.64
18;1;08.03.2015;1;151;138.5;135.64
18;1;09.03.2015;;188;140.67;
18;1;10.03.2015;;195;140.67;
18;1;11.03.2015;;207;140.67;
18;1;12.03.2015;;110;140.67;
18;1;13.03.2015;;110;140.67;
18;1;14.03.2015;;157;140.67;
18;1;15.03.2015;;167;140.67;
18;1;16.03.2015;;88;140.67;
18;1;17.03.2015;1;748;140.67;127.49
18;1;18.03.2015;1;1018;140.67;127.49
18;1;19.03.2015;1;732;140.67;127.49
18;1;20.03.2015;1;456;140.67;127.49
18;1;21.03.2015;1;383;140.67;127.49
18;1;22.03.2015;1;503;140.67;127.49
18;1;23.03.2015;1;594;140.67;127.49
18;1;24.03.2015;;57;140.67;
18;1;25.03.2015;;188;140.67;
18;1;26.03.2015;;239;131.97;
18;1;27.03.2015;;192;131.97;
18;1;28.03.2015;;157;131.97;
18;1;29.03.2015;;217;131.97;
18;1;30.03.2015;;261;131.97;
18;1;31.03.2015;;295;131.97;
18;1;01.04.2015;;129;133.33;
18;1;02.04.2015;;135;133.33;
18;1;03.04.2015;;170;133.33;
18;1;04.04.2015;;179;133.33;
18;1;05.04.2015;;135;133.33;
18;1;06.04.2015;;176;133.33;
18;1;07.04.2015;1;1008;133.33;119.33
18;1;08.04.2015;1;779;133.33;119.33
18;1;09.04.2015;1;1395;133.33;119.33
18;1;10.04.2015;1;1115;133.33;119.33
18;1;11.04.2015;1;785;133.33;119.33
18;1;12.04.2015;1;418;133.33;119.33
18;1;13.04.2015;1;471;133.33;119.33
18;1;14.04.2015;;185;130.34;
18;1;15.04.2015;;163;130.34;
18;1;16.04.2015;;148;130.34;
18;1;17.04.2015;;129;138.5;
18;1;18.04.2015;;141;138.5;
18;1;19.04.2015;;88;138.5;
18;1;20.04.2015;;60;138.5;
18;1;21.04.2015;;151;138.5;
18;1;22.04.2015;;192;128.98;
18;1;23.04.2015;;145;128.98;
18;1;24.04.2015;;110;128.98;
18;1;25.04.2015;;248;128.98;
18;1;26.04.2015;;116;128.98;
18;1;27.04.2015;;236;128.98;
18;1;28.04.2015;;101;128.98;
18;1;29.04.2015;;94;131.7;
18;1;30.04.2015;;91;131.7;
18;1;01.05.2015;;79;131.7;
18;1;02.05.2015;;91;131.7;
18;1;03.05.2015;;75;131.7;
18;1;04.05.2015;;88;131.7;
18;1;05.05.2015;;113;131.7;
18;1;06.05.2015;;60;131.7;
18;1;07.05.2015;;79;131.7;
18;1;08.05.2015;;145;131.7;
18;1;09.05.2015;;107;131.7;
18;1;10.05.2015;;85;131.7;
18;1;11.05.2015;;91;131.7;
18;1;12.05.2015;;94;131.7;
18;1;13.05.2015;;82;131.7;
18;1;14.05.2015;;72;131.7;
18;1;15.05.2015;;123;131.7;
18;1;16.05.2015;;167;131.7;
18;1;17.05.2015;;138;131.7;
18;1;18.05.2015;;157;131.7;
18;1;19.05.2015;1;512;131.7;119.33
18;1;20.05.2015;1;697;131.7;119.33
18;1;21.05.2015;1;490;131.7;119.33
18;1;22.05.2015;1;412;131.7;119.33
18;1;23.05.2015;1;635;131.7;119.33
18;1;24.05.2015;1;412;131.7;119.33
18;1;25.05.2015;1;581;131.7;119.33
18;1;26.05.2015;;113;131.7;
18;1;27.05.2015;;41;129.25;
18;1;28.05.2015;;60;129.25;
18;1;29.05.2015;;97;129.25;
18;1;30.05.2015;;110;129.25;
18;1;31.05.2015;;214;129.25;
18;1;01.06.2015;;97;129.25;
18;1;02.06.2015;;85;129.25;
18;1;03.06.2015;;154;129.25;
18;1;04.06.2015;;97;129.25;
18;1;05.06.2015;;129;129.25;
18;1;06.06.2015;;82;131.7;
18;1;07.06.2015;;132;131.7;
18;1;08.06.2015;;179;131.7;
18;1;09.06.2015;1;418;131.7;119.33
18;1;10.06.2015;1;616;131.7;119.33
18;1;11.06.2015;1;424;131.7;119.33
18;1;12.06.2015;1;606;131.7;119.33
18;1;13.06.2015;1;440;131.7;119.33
18;1;14.06.2015;1;393;131.7;119.33
18;1;15.06.2015;1;270;131.7;119.33
18;1;16.06.2015;;119;131.7;
18;1;17.06.2015;;195;131.7;
18;1;18.06.2015;;160;128.17;
18;1;19.06.2015;;66;128.17;
18;1;20.06.2015;;135;128.17;
18;1;21.06.2015;;204;128.17;
18;1;22.06.2015;;151;128.17;
18;1;23.06.2015;;261;128.17;
18;1;24.06.2015;;192;128.17;
18;1;25.06.2015;;107;128.17;
18;1;26.06.2015;;138;128.17;
18;1;27.06.2015;;170;128.17;
18;1;28.06.2015;;163;130.34;
18;1;29.06.2015;;167;130.34;
18;1;30.06.2015;1;361;130.34;119.33
18;1;01.07.2015;1;459;130.34;119.33
18;1;02.07.2015;1;418;130.34;119.33
18;1;03.07.2015;1;449;130.34;119.33
18;1;04.07.2015;1;283;130.34;119.33
18;1;05.07.2015;1;405;130.34;119.33
18;1;06.07.2015;1;430;130.34;119.33
18;1;07.07.2015;;123;130.34;
18;1;08.07.2015;;107;130.34;
18;1;09.07.2015;;229;121.64;
18;1;10.07.2015;;437;121.64;
18;1;11.07.2015;;437;123.55;
18;1;12.07.2015;;170;123.55;
18;1;13.07.2015;;167;123.55;
18;1;14.07.2015;;415;123.55;
18;1;15.07.2015;;176;125.45;
18;1;16.07.2015;;628;125.45;
18;1;17.07.2015;;418;125.45;
18;1;18.07.2015;;421;127.62;
18;1;19.07.2015;;286;127.62;
18;1;20.07.2015;;264;127.62;
18;1;21.07.2015;;553;127.62;
18;1;22.07.2015;;471;127.62;
18;1;23.07.2015;;421;127.62;
18;1;24.07.2015;;525;127.62;
18;1;25.07.2015;;506;127.62;
18;1;26.07.2015;;481;130.07;
18;1;27.07.2015;;390;130.07;
18;1;28.07.2015;1;383;130.07;124.77
18;1;29.07.2015;1;342;130.07;124.77
18;1;30.07.2015;1;415;130.07;124.77
18;1;31.07.2015;1;405;130.07;124.77
18;1;01.08.2015;1;594;130.07;124.77
18;1;02.08.2015;1;701;130.07;124.77
18;1;03.08.2015;1;675;130.07;124.77
18;1;04.08.2015;;148;138.5;
18;1;05.08.2015;;138;138.5;
18;1;06.08.2015;;123;138.5;
18;1;07.08.2015;;79;138.5;
18;1;08.08.2015;;107;141.21;
18;1;09.08.2015;;141;141.21;
18;1;10.08.2015;;151;141.21;
18;1;11.08.2015;;160;141.21;
18;1;12.08.2015;;207;142.85;
18;1;13.08.2015;;229;142.85;
18;1;14.08.2015;;126;142.85;
18;1;15.08.2015;;101;142.85;
18;1;16.08.2015;;126;142.85;
18;1;17.08.2015;;220;142.85;
18;1;18.08.2015;;129;142.85;
18;1;19.08.2015;;145;142.85;
18;1;20.08.2015;;173;142.85;
18;1;21.08.2015;;173;142.85;
18;1;22.08.2015;;116;142.85;
18;1;23.08.2015;;157;142.85;
18;1;24.08.2015;;195;142.85;
18;1;25.08.2015;;160;142.85;
18;1;26.08.2015;;214;142.85;
18;1;27.08.2015;;195;137.68;
18;1;28.08.2015;;336;137.68;
18;1;29.08.2015;;160;137.68;
18;1;30.08.2015;;229;137.68;
18;1;31.08.2015;;116;137.68;
18;1;01.09.2015;;157;137.68;
18;1;02.09.2015;;220;135.78;
18;1;03.09.2015;;207;135.78;
18;1;04.09.2015;;217;135.78;
18;1;05.09.2015;;167;133.6;
18;1;06.09.2015;;311;133.6;
18;1;07.09.2015;;616;133.6;
18;1;08.09.2015;;276;133.6;
18;1;09.09.2015;;239;135.51;
18;1;10.09.2015;;286;135.51;
18;1;11.09.2015;;408;135.51;
18;1;12.09.2015;;145;135.51;
18;1;13.09.2015;;198;135.51;
18;1;14.09.2015;;258;135.51;
18;1;15.09.2015;;201;135.51;
18;1;16.09.2015;;160;138.5;
18;1;17.09.2015;;85;138.5;
18;1;18.09.2015;;145;138.5;
18;1;19.09.2015;;88;138.5;
18;1;20.09.2015;;82;138.5;
18;1;21.09.2015;;145;138.5;
18;1;22.09.2015;;110;138.5;
18;1;23.09.2015;;107;141.21;
18;1;24.09.2015;;82;141.21;
18;1;25.09.2015;;129;141.21;
18;1;26.09.2015;;167;141.21;
18;1;27.09.2015;;101;141.21;
18;1;28.09.2015;;101;141.21;
18;1;29.09.2015;;185;141.21;
18;1;30.09.2015;;88;141.21;
18;1;01.10.2015;;116;141.21;
18;1;02.10.2015;;88;141.21;
18;1;03.10.2015;;135;141.21;
18;1;04.10.2015;;85;141.21;
18;1;05.10.2015;;113;141.21;
18;1;06.10.2015;1;232;141.21;132.92
18;1;07.10.2015;1;145;141.21;130.21
18;1;08.10.2015;1;173;141.11;130.21
18;1;09.10.2015;1;204;141.21;130.21
18;1;10.10.2015;1;229;141.21;130.21
18;1;11.10.2015;1;258;141.21;130.21
18;1;12.10.2015;1;135;141.21;130.21
18;1;13.10.2015;;53;141.21;
18;1;14.10.2015;;60;141.21;
18;1;15.10.2015;;94;142.57;
18;1;16.10.2015;;107;142.57;
18;1;17.10.2015;;82;142.57;
18;1;18.10.2015;;97;142.57;
18;1;19.10.2015;;75;142.57;
18;1;20.10.2015;;47;142.57;
18;1;21.10.2015;;91;130.34;
18;1;22.10.2015;;123;130.34;
18;1;23.10.2015;;346;130.34;
18;1;24.10.2015;;141;130.34;
18;1;25.10.2015;;97;130.34;
18;1;26.10.2015;;151;130.34;
18;1;27.10.2015;1;264;130.34;122.32
18;1;28.10.2015;1;145;130.34;124.77
18;1;29.10.2015;1;167;130.34;124.77
18;1;30.10.2015;1;135;130.34;124.77
18;1;31.10.2015;1;141;130.34;124.77
18;1;01.11.2015;1;192;130.34;124.77
18;1;02.11.2015;1;145;130.34;124.77
18;1;03.11.2015;;97;130.34;
18;1;04.11.2015;;72;134.69;
18;1;05.11.2015;;82;134.69;
18;1;06.11.2015;;91;134.69;
18;1;07.11.2015;;94;134.69;
18;1;08.11.2015;;53;134.69;
18;1;09.11.2015;;101;134.69;
18;1;10.11.2015;;151;134.69;
18;1;11.11.2015;;107;130.34;
18;1;12.11.2015;;82;130.34;
18;1;13.11.2015;;91;130.34;
18;1;14.11.2015;;116;130.34;
18;1;15.11.2015;;104;130.34;
18;1;16.11.2015;;151;130.34;
18;1;17.11.2015;;101;130.34;
18;1;18.11.2015;;132;130.34;
18;1;19.11.2015;;72;130.34;
18;1;20.11.2015;;104;130.34;
18;1;21.11.2015;;116;130.34;
18;1;22.11.2015;;91;130.34;
18;1;23.11.2015;;97;130.34;
18;1;24.11.2015;1;311;130.34;116.61
18;1;25.11.2015;1;669;130.34;116.61
18;1;26.11.2015;1;785;130.34;116.61
18;1;27.11.2015;1;446;130.34;116.61
18;1;28.11.2015;1;710;130.34;116.61
18;1;29.11.2015;1;613;130.34;116.61
18;1;30.11.2015;1;424;130.34;116.61
18;1;01.12.2015;;107;130.34;
18;1;02.12.2015;;88;130.34;
18;1;03.12.2015;;101;130.34;
18;1;04.12.2015;;75;130.34;
18;1;05.12.2015;1;327;130.34;116.61
18;1;06.12.2015;1;339;130.34;116.61
18;1;07.12.2015;1;408;130.34;116.61
18;1;08.12.2015;;94;130.34;
18;1;09.12.2015;;151;130.34;
18;1;10.12.2015;;157;130.34;
18;1;11.12.2015;;94;130.34;
18;1;12.12.2015;;53;130.34;
18;1;13.12.2015;;94;130.34;
18;1;14.12.2015;;85;130.34;
18;1;15.12.2015;;72;130.34;
18;1;16.12.2015;;126;130.34;
18;1;17.12.2015;;91;130.34;
18;1;18.12.2015;;104;130.34;
18;1;19.12.2015;;107;130.34;
18;1;20.12.2015;;135;130.34;
18;1;21.12.2015;;69;130.34;
18;1;22.12.2015;;94;130.34;
18;1;23.12.2015;;110;130.34;
18;1;24.12.2015;;110;126.54;
18;1;25.12.2015;;116;126.54;
18;1;26.12.2015;;57;126.54;
18;1;27.12.2015;;126;126.54;
18;1;28.12.2015;;173;126.54;
18;1;29.12.2015;;110;126.54;
18;1;30.12.2015;;132;126.54;
18;1;31.12.2015;;97;126.54;
18;1;01.01.2016;;44;126.54;
18;1;02.01.2016;;101;126.54;
18;1;03.01.2016;;50;126.54;
18;1;04.01.2016;;79;126.54;
18;1;05.01.2016;;107;126.54;
18;1;06.01.2016;;110;126.54;
18;1;07.01.2016;;88;126.54;
18;1;08.01.2016;;107;126.54;
18;1;09.01.2016;;116;126.54;
18;1;10.01.2016;;132;126.54;
18;1;11.01.2016;;141;126.54;
18;1;12.01.2016;;141;126.54;
18;1;13.01.2016;;123;126.54;
18;1;14.01.2016;;163;126.54;
18;1;15.01.2016;;123;126.54;
18;1;16.01.2016;;258;126.54;
18;1;17.01.2016;;248;126.54;
18;1;18.01.2016;;138;126.54;
18;1;19.01.2016;;207;126.54;
18;1;20.01.2016;;210;126.54;
18;1;21.01.2016;;188;127.9;
18;1;22.01.2016;;283;127.9;
18;1;23.01.2016;;214;127.9;
18;1;24.01.2016;;151;127.9;
18;1;25.01.2016;;217;127.9;
18;1;26.01.2016;;210;127.9;
18;1;27.01.2016;;210;127.9;
18;1;28.01.2016;;110;127.9;
18;1;29.01.2016;;214;127.9;
18;1;30.01.2016;;330;127.9;
18;1;31.01.2016;;173;127.9;
18;1;01.02.2016;;185;130.34;
18;1;02.02.2016;;223;130.34;
18;1;03.02.2016;;148;130.34;
18;1;04.02.2016;;113;133.06;
18;1;05.02.2016;;123;133.06;
18;1;06.02.2016;;167;133.06;
18;1;07.02.2016;;101;141.76;
18;1;08.02.2016;;116;141.76;
18;1;09.02.2016;1;286;141.76;130.75
18;1;10.02.2016;1;735;141.76;130.75
18;1;11.02.2016;1;192;141.76;130.75
18;1;12.02.2016;1;214;141.76;130.75
18;1;13.02.2016;1;305;141.76;130.75
18;1;14.02.2016;1;270;141.76;130.75
18;1;15.02.2016;1;314;141.76;130.75
18;1;16.02.2016;1;198;141.76;130.75
18;1;17.02.2016;1;141;141.76;130.75
18;1;18.02.2016;;38;141.76;
18;1;19.02.2016;;69;141.76;
18;1;20.02.2016;;138;141.76;
18;1;21.02.2016;;85;141.76;
18;1;22.02.2016;;63;141.76;
18;1;23.02.2016;;60;141.76;
18;1;24.02.2016;;85;141.76;
18;1;25.02.2016;;79;141.76;
18;1;26.02.2016;;72;141.76;
18;1;27.02.2016;;107;141.76;
18;1;28.02.2016;;63;141.76;
18;1;29.02.2016;;75;141.76;
18;1;01.03.2016;;119;141.76;
18;1;02.03.2016;;72;141.76;
18;1;03.03.2016;;75;141.76;
18;1;04.03.2016;;104;141.76;
18;1;05.03.2016;;88;141.21;
18;1;06.03.2016;;113;141.21;
18;1;07.03.2016;;126;141.21;
18;1;08.03.2016;1;72;141.21;132.92
18;1;09.03.2016;1;129;141.21;132.92
18;1;10.03.2016;1;154;141.21;132.92
18;1;11.03.2016;1;167;141.21;132.92
18;1;12.03.2016;1;204;141.21;132.92
18;1;13.03.2016;1;157;141.21;132.92
18;1;14.03.2016;1;223;141.21;132.92
18;1;15.03.2016;1;336;141.21;130.21
18;1;16.03.2016;1;229;141.21;130.21
18;1;17.03.2016;1;192;141.21;130.21
18;1;18.03.2016;1;232;141.21;130.21
18;1;19.03.2016;1;264;141.21;130.21
18;1;20.03.2016;;107;141.21;
18;1;21.03.2016;;110;141.21;
18;1;22.03.2016;;82;141.21;
18;1;23.03.2016;;60;141.21;
18;1;24.03.2016;;72;141.21;
18;1;25.03.2016;;85;141.21;
18;1;26.03.2016;;82;141.21;
18;1;27.03.2016;;101;141.21;
18;1;28.03.2016;;123;141.21;
18;1;29.03.2016;;75;141.21;
18;1;30.03.2016;;94;141.21;
18;1;31.03.2016;;72;141.21;
18;1;01.04.2016;;91;141.21;
18;1;02.04.2016;;91;141.21;
18;1;03.04.2016;;88;141.21;
18;1;04.04.2016;;60;141.21;
18;1;05.04.2016;;79;141.21;
18;1;06.04.2016;;75;141.21;
18;1;07.04.2016;;82;141.21;
18;1;08.04.2016;;53;141.21;
18;1;09.04.2016;;75;141.21;
18;1;10.04.2016;;53;141.21;
18;1;11.04.2016;;79;141.21;
18;1;12.04.2016;;69;141.21;
18;1;13.04.2016;;82;141.21;
18;1;14.04.2016;;82;135.78;
18;1;15.04.2016;;141;135.78;
18;1;16.04.2016;;66;135.78;
18;1;17.04.2016;;132;135.78;
18;1;18.04.2016;;110;135.78;
18;1;19.04.2016;1;424;135.78;122.32
18;1;20.04.2016;1;305;135.78;122.32
18;1;21.04.2016;1;229;135.78;122.32
18;1;22.04.2016;1;405;135.78;122.32
18;1;23.04.2016;1;424;135.78;122.32
18;1;24.04.2016;1;399;135.78;122.32
18;1;25.04.2016;1;245;135.78;122.32
18;1;26.04.2016;;129;135.78;
18;1;27.04.2016;;75;135.78;
18;1;28.04.2016;;91;135.78;
18;1;29.04.2016;;116;131.16;
18;1;30.04.2016;;119;131.16;
18;1;01.05.2016;;57;131.16;
18;1;02.05.2016;;69;131.16;
18;1;03.05.2016;;50;131.16;
18;1;04.05.2016;;63;131.16;
18;1;05.05.2016;;126;131.16;
18;1;06.05.2016;;94;131.16;
18;1;07.05.2016;;72;131.16;
18;1;08.05.2016;;104;131.16;
18;1;09.05.2016;;88;131.16;
18;1;10.05.2016;;91;131.16;
18;1;11.05.2016;;129;131.16;
18;1;12.05.2016;;72;131.16;
18;1;13.05.2016;;173;128.98;
18;1;14.05.2016;;94;128.98;
18;1;15.05.2016;;126;128.98;
18;1;16.05.2016;;163;128.98;
18;1;17.05.2016;1;292;128.98;119.6
18;1;18.05.2016;1;342;128.98;119.6
18;1;19.05.2016;1;261;128.98;119.6
18;1;20.05.2016;1;443;128.98;119.6
18;1;21.05.2016;1;352;128.98;119.6
18;1;22.05.2016;1;242;128.98;119.6
