data/retail_2products.csv
Store_id;SKU_id;Date;Promo;Demand;Regular_Price;Promo_Price
19;1;01.01.2015;;25;163.78;
19;1;02.01.2015;;72;163.78;
19;1;03.01.2015;;53;163.78;
19;1;04.01.2015;;53;163.78;
19;1;05.01.2015;;72;163.78;
19;1;06.01.2015;;53;163.78;
19;1;07.01.2015;;50;163.78;
19;1;08.01.2015;;66;163.78;
19;1;09.01.2015;;50;163.78;
19;1;10.01.2015;;75;163.78;
19;1;11.01.2015;;66;163.78;
19;1;12.01.2015;;57;163.78;
19;1;13.01.2015;;116;163.78;
19;1;14.01.2015;;53;168.4;
19;1;15.01.2015;;69;168.4;
19;1;16.01.2015;;75;168.4;
19;1;17.01.2015;;60;168.4;
19;1;18.01.2015;;57;168.4;
19;1;19.01.2015;;63;168.4;
19;1;20.01.2015;;97;168.4;
19;1;21.01.2015;;101;168.4;
19;1;22.01.2015;;85;168.4;
19;1;23.01.2015;;79;160.24;
19;1;24.01.2015;;88;160.24;
19;1;25.01.2015;;75;160.24;
19;1;26.01.2015;;119;160.24;
19;1;27.01.2015;;82;160.24;
19;1;28.01.2015;;110;146.92;
19;1;29.01.2015;;220;146.92;
19;1;30.01.2015;;201;146.92;
19;1;31.01.2015;;119;146.92;
19;1;01.02.2015;;126;146.92;
19;1;02.02.2015;;185;146.92;
19;1;03.02.2015;;173;146.92;
19;1;04.02.2015;;148;146.92;
19;1;05.02.2015;;151;146.92;
19;1;06.02.2015;;229;146.92;
19;1;07.02.2015;;176;146.92;
19;1;08.02.2015;;173;146.92;
19;1;09.02.2015;;160;146.92;
19;1;10.02.2015;;173;146.92;
19;1;11.02.2015;;167;146.92;
19;1;12.02.2015;;151;146.92;
19;1;13.02.2015;;157;149.37;
19;1;14.02.2015;;160;149.37;
19;1;15.02.2015;;167;149.37;
19;1;16.02.2015;;107;149.37;
19;1;17.02.2015;1;424;149.37;143.8
19;1;18.02.2015;1;254;149.37;135.64
19;1;19.02.2015;1;729;149.37;135.64
19;1;20.02.2015;1;745;149.37;135.64
19;1;21.02.2015;1;625;149.37;135.64
19;1;22.02.2015;1;465;149.37;135.64
19;1;23.02.2015;1;330;149.37;135.64
19;1;24.02.2015;;254;149.37;
19;1;25.02.2015;;192;149.37;
19;1;26.02.2015;;135;149.37;
19;1;27.02.2015;;141;143.93;
19;1;28.02.2015;;440;143.93;
19;1;01.03.2015;;264;143.93;
19;1;02.03.2015;;248;143.93;
19;1;03.03.2015;1;437;143.93;138.36
19;1;04.03.2015;1;402;143.93;135.64
19;1;05.03.2015;1;430;138.5;135.64
19;1;06.03.2015;1;368;138.5;135.64
19;1;07.03.2015;1;751;138.5;135.64
19;1;08.03.2015;1;330;138.5;135.64
19;1;09.03.2015;;126;140.67;
19;1;10.03.2015;;210;140.67;
19;1;11.03.2015;;141;140.67;
19;1;12.03.2015;;123;140.67;
19;1;13.03.2015;;173;140.67;
19;1;14.03.2015;;157;140.67;
19;1;15.03.2015;;210;140.67;
19;1;16.03.2015;;286;140.67;
19;1;17.03.2015;1;2023;140.67;127.49
19;1;18.03.2015;1;1483;140.67;127.49
19;1;19.03.2015;1;1112;140.67;127.49
19;1;20.03.2015;1;1122;140.67;127.49
19;1;21.03.2015;1;968;140.67;127.49
19;1;22.03.2015;1;616;140.67;127.49
19;1;23.03.2015;1;515;140.67;127.49
19;1;24.03.2015;;217;140.67;
19;1;25.03.2015;;119;140.67;
19;1;26.03.2015;;185;131.97;
19;1;27.03.2015;;352;131.97;
19;1;28.03.2015;;210;131.97;
19;1;29.03.2015;;151;131.97;
19;1;30.03.2015;;236;131.97;
19;1;31.03.2015;;176;131.97;
19;1;01.04.2015;;129;133.33;
19;1;02.04.2015;;132;133.33;
19;1;03.04.2015;;163;133.33;
19;1;04.04.2015;;192;133.33;
19;1;05.04.2015;;145;133.33;
19;1;06.04.2015;;157;133.33;
19;1;07.04.2015;1;1938;133.33;119.33
19;1;08.04.2015;1;1546;133.33;119.33
19;1;09.04.2015;1;908;133.33;119.33
19;1;10.04.2015;1;468;133.33;119.33
19;1;11.04.2015;1;986;133.33;119.33
19;1;12.04.2015;1;933;133.33;119.33
19;1;13.04.2015;1;914;133.33;119.33
19;1;14.04.2015;;50;130.34;
19;1;15.04.2015;;185;130.34;
19;1;16.04.2015;;179;130.34;
19;1;17.04.2015;;113;138.5;
19;1;18.04.2015;;75;138.5;
19;1;19.04.2015;;132;138.5;
19;1;20.04.2015;;97;138.5;
19;1;21.04.2015;;107;138.5;
19;1;22.04.2015;;94;128.98;
19;1;23.04.2015;;261;128.98;
19;1;24.04.2015;;163;128.98;
19;1;25.04.2015;;176;128.98;
19;1;26.04.2015;;101;128.98;
19;1;27.04.2015;;113;128.98;
19;1;28.04.2015;;179;128.98;
19;1;29.04.2015;;82;131.7;
19;1;30.04.2015;;160;131.7;
19;1;01.05.2015;;88;131.7;
19;1;02.05.2015;;101;131.7;
19;1;03.05.2015;;119;131.7;
19;1;04.05.2015;;126;131.7;
19;1;05.05.2015;;179;131.7;
19;1;06.05.2015;;173;131.7;
19;1;07.05.2015;;132;131.7;
19;1;08.05.2015;;104;131.7;
19;1;09.05.2015;;97;131.7;
19;1;10.05.2015;;75;131.7;
19;1;11.05.2015;;173;131.7;
19;1;12.05.2015;;148;131.7;
19;1;13.05.2015;;91;131.7;
19;1;14.05.2015;;63;131.7;
19;1;15.05.2015;;119;131.7;
19;1;16.05.2015;;138;131.7;
19;1;17.05.2015;;82;131.7;
19;1;18.05.2015;;66;131.7;
19;1;19.05.2015;1;616;131.7;119.33
19;1;20.05.2015;1;487;131.7;119.33
19;1;21.05.2015;1;405;131.7;119.33
19;1;22.05.2015;1;408;131.7;119.33
19;1;23.05.2015;1;371;131.7;119.33
19;1;24.05.2015;1;188;131.7;119.33
19;1;25.05.2015;1;484;131.7;119.33
19;1;26.05.2015;;79;131.7;
19;1;27.05.2015;;126;129.25;
19;1;28.05.2015;;126;129.25;
19;1;29.05.2015;;160;129.25;
19;1;30.05.2015;;145;129.25;
19;1;31.05.2015;;88;129.25;
19;1;01.06.2015;;160;129.25;
19;1;02.06.2015;;113;129.25;
19;1;03.06.2015;;160;129.25;
19;1;04.06.2015;;94;129.25;
19;1;05.06.2015;;173;129.25;
19;1;06.06.2015;;101;131.7;
19;1;07.06.2015;;145;131.7;
19;1;08.06.2015;;110;131.7;
19;1;09.06.2015;1;371;131.7;119.33
19;1;10.06.2015;1;368;131.7;119.33
19;1;11.06.2015;1;556;131.7;119.33
19;1;12.06.2015;1;405;131.7;119.33
19;1;13.06.2015;1;254;131.7;119.33
19;1;14.06.2015;1;267;131.7;119.33
19;1;15.06.2015;1;210;131.7;119.33
19;1;16.06.2015;;116;131.7;
19;1;17.06.2015;;116;131.7;
19;1;18.06.2015;;160;128.17;
19;1;19.06.2015;;151;128.17;
19;1;20.06.2015;;107;128.17;
19;1;21.06.2015;;119;128.17;
19;1;22.06.2015;;298;128.17;
19;1;23.06.2015;;104;128.17;
19;1;24.06.2015;;232;128.17;
19;1;25.06.2015;;185;128.17;
19;1;26.06.2015;;116;128.17;
19;1;27.06.2015;;113;128.17;
19;1;28.06.2015;;207;130.34;
19;1;29.06.2015;;167;130.34;
19;1;30.06.2015;1;327;130.34;119.33
19;1;01.07.2015;1;515;130.34;119.33
19;1;02.07.2015;1;418;130.34;119.33
19;1;03.07.2015;1;522;130.34;119.33
19;1;04.07.2015;1;399;130.34;119.33
19;1;05.07.2015;1;371;130.34;119.33
19;1;06.07.2015;1;440;130.34;119.33
19;1;07.07.2015;;119;130.34;
19;1;08.07.2015;;135;130.34;
19;1;09.07.2015;;270;121.64;
19;1;10.07.2015;;179;121.64;
19;1;11.07.2015;;201;123.55;
19;1;12.07.2015;;305;123.55;
19;1;13.07.2015;;270;123.55;
19;1;14.07.2015;;239;123.55;
19;1;15.07.2015;;280;125.45;
19;1;16.07.2015;;264;125.45;
19;1;17.07.2015;;349;125.45;
19;1;18.07.2015;;239;127.62;
19;1;19.07.2015;;286;127.62;
19;1;20.07.2015;;324;127.62;
19;1;21.07.2015;;251;127.62;
19;1;22.07.2015;;295;127.62;
19;1;23.07.2015;;405;127.62;
19;1;24.07.2015;;311;127.62;
19;1;25.07.2015;;232;127.62;
19;1;26.07.2015;;327;130.07;
19;1;27.07.2015;;572;130.07;
19;1;28.07.2015;1;503;130.07;124.77
19;1;29.07.2015;1;481;130.07;124.77
19;1;30.07.2015;1;380;130.07;124.77
19;1;31.07.2015;1;569;130.07;124.77
19;1;01.08.2015;1;459;130.07;124.77
19;1;02.08.2015;1;386;130.07;124.77
19;1;03.08.2015;1;415;130.07;124.77
19;1;04.08.2015;;317;138.5;
19;1;05.08.2015;;314;138.5;
19;1;06.08.2015;;157;138.5;
19;1;07.08.2015;;236;138.5;
19;1;08.08.2015;;192;141.21;
19;1;09.08.2015;;305;141.21;
19;1;10.08.2015;;336;141.21;
19;1;11.08.2015;;261;141.21;
19;1;12.08.2015;;226;142.85;
19;1;13.08.2015;;104;142.85;
19;1;14.08.2015;;157;142.85;
19;1;15.08.2015;;185;142.85;
19;1;16.08.2015;;151;142.85;
19;1;17.08.2015;;132;142.85;
19;1;18.08.2015;;220;142.85;
19;1;19.08.2015;;220;142.85;
19;1;20.08.2015;;220;142.85;
19;1;21.08.2015;;220;142.85;
19;1;22.08.2015;;220;142.85;
19;1;23.08.2015;;220;142.85;
19;1;24.08.2015;;220;142.85;
19;1;25.08.2015;;220;142.85;
19;1;26.08.2015;;220;142.85;
19;1;27.08.2015;;220;137.68;
19;1;28.08.2015;;525;137.68;
19;1;29.08.2015;;320;137.68;
19;1;30.08.2015;;289;137.68;
19;1;31.08.2015;;308;137.68;
19;1;01.09.2015;;261;137.68;
19;1;02.09.2015;;286;135.78;
19;1;03.09.2015;;160;135.78;
19;1;04.09.2015;;170;135.78;
19;1;05.09.2015;;223;133.6;
19;1;06.09.2015;;317;133.6;
19;1;07.09.2015;;474;133.6;
19;1;08.09.2015;;418;133.6;
19;1;09.09.2015;;245;135.51;
19;1;10.09.2015;;308;135.51;
19;1;11.09.2015;;383;135.51;
19;1;12.09.2015;;176;135.51;
19;1;13.09.2015;;308;135.51;
19;1;14.09.2015;;226;135.51;
19;1;15.09.2015;;251;135.51;
19;1;16.09.2015;;207;138.5;
19;1;17.09.2015;;261;138.5;
19;1;18.09.2015;;251;138.5;
19;1;19.09.2015;;214;138.5;
19;1;20.09.2015;;198;138.5;
19;1;21.09.2015;;302;138.5;
19;1;22.09.2015;;151;138.5;
19;1;23.09.2015;;223;141.21;
19;1;24.09.2015;;135;141.21;
19;1;25.09.2015;;170;141.21;
19;1;26.09.2015;;182;141.21;
19;1;27.09.2015;;135;141.21;
19;1;28.09.2015;;179;141.21;
19;1;29.09.2015;;207;141.21;
19;1;30.09.2015;;182;141.21;
19;1;01.10.2015;;170;141.21;
19;1;02.10.2015;;135;141.21;
19;1;03.10.2015;;188;141.21;
19;1;04.10.2015;;132;141.21;
19;1;05.10.2015;;145;141.21;
19;1;06.10.2015;1;515;141.21;132.92
19;1;07.10.2015;1;446;141.21;130.21
19;1;08.10.2015;1;572;141.11;130.21
19;1;09.10.2015;1;490;141.21;130.21
19;1;10.10.2015;1;396;141.21;130.21
19;1;11.10.2015;1;500;141.21;130.21
19;1;12.10.2015;1;565;141.21;130.21
19;1;13.10.2015;;148;141.21;
19;1;14.10.2015;;116;141.21;
19;1;15.10.2015;;119;142.57;
19;1;16.10.2015;;141;142.57;
19;1;17.10.2015;;151;142.57;
19;1;18.10.2015;;126;142.57;
19;1;19.10.2015;;104;142.57;
19;1;20.10.2015;;113;142.57;
19;1;21.10.2015;;597;130.34;
19;1;22.10.2015;;716;130.34;
19;1;23.10.2015;;572;130.34;
19;1;24.10.2015;;386;130.34;
19;1;25.10.2015;;383;130.34;
19;1;26.10.2015;;368;130.34;
19;1;27.10.2015;1;1062;130.34;122.32
19;1;28.10.2015;1;933;130.34;124.77
19;1;29.10.2015;1;537;130.34;124.77
19;1;30.10.2015;1;437;130.34;124.77
19;1;31.10.2015;1;569;130.34;124.77
19;1;01.11.2015;1;374;130.34;124.77
19;1;02.11.2015;1;437;130.34;124.77
19;1;03.11.2015;;283;130.34;
19;1;04.11.2015;;176;134.69;
19;1;05.11.2015;;167;134.69;
19;1;06.11.2015;;198;134.69;
19;1;07.11.2015;;226;134.69;
19;1;08.11.2015;;207;134.69;
19;1;09.11.2015;;123;134.69;
19;1;10.11.2015;;151;134.69;
19;1;11.11.2015;;210;130.34;
19;1;12.11.2015;;148;130.34;
19;1;13.11.2015;;145;130.34;
19;1;14.11.2015;;148;130.34;
19;1;15.11.2015;;223;130.34;
19;1;16.11.2015;;138;130.34;
19;1;17.11.2015;;132;130.34;
19;1;18.11.2015;;220;130.34;
19;1;19.11.2015;;160;130.34;
19;1;20.11.2015;;160;130.34;
19;1;21.11.2015;;239;130.34;
19;1;22.11.2015;;157;130.34;
19;1;23.11.2015;;270;130.34;
19;1;24.11.2015;1;2520;130.34;116.61
19;1;25.11.2015;1;1338;130.34;116.61
19;1;26.11.2015;1;726;130.34;116.61
19;1;27.11.2015;1;2359;130.34;116.61
19;1;28.11.2015;1;2564;130.34;116.61
19;1;29.11.2015;1;302;130.34;116.61
19;1;30.11.2015;1;958;130.34;116.61
19;1;01.12.2015;;79;130.34;
19;1;02.12.2015;;157;130.34;
19;1;03.12.2015;;201;130.34;
19;1;04.12.2015;;220;130.34;
19;1;05.12.2015;1;1411;130.34;116.61
19;1;06.12.2015;1;1715;130.34;116.61
19;1;07.12.2015;1;1150;130.34;116.61
19;1;08.12.2015;;188;130.34;
19;1;09.12.2015;;126;130.34;
19;1;10.12.2015;;129;130.34;
19;1;11.12.2015;;145;130.34;
19;1;12.12.2015;;119;130.34;
19;1;13.12.2015;;88;130.34;
19;1;14.12.2015;;163;130.34;
19;1;15.12.2015;;141;130.34;
19;1;16.12.2015;;145;130.34;
19;1;17.12.2015;;119;130.34;
19;1;18.12.2015;;182;130.34;
19;1;19.12.2015;;107;130.34;
19;1;20.12.2015;;132;130.34;
19;1;21.12.2015;;163;130.34;
19;1;22.12.2015;;154;130.34;
19;1;23.12.2015;;148;130.34;
19;1;24.12.2015;;280;126.54;
19;1;25.12.2015;;217;126.54;
19;1;26.12.2015;;119;126.54;
19;1;27.12.2015;;327;126.54;
19;1;28.12.2015;;258;126.54;
19;1;29.12.2015;;207;126.54;
19;1;30.12.2015;;182;126.54;
19;1;31.12.2015;;188;126.54;
19;1;01.01.2016;;47;126.54;
19;1;02.01.2016;;104;126.54;
19;1;03.01.2016;;138;126.54;
19;1;04.01.2016;;217;126.54;
19;1;05.01.2016;;188;126.54;
19;1;06.01.2016;;163;126.54;
19;1;07.01.2016;;182;126.54;
19;1;08.01.2016;;157;126.54;
19;1;09.01.2016;;239;126.54;
19;1;10.01.2016;;223;126.54;
19;1;11.01.2016;;239;126.54;
19;1;12.01.2016;;198;126.54;
19;1;13.01.2016;;368;126.54;
19;1;14.01.2016;;434;126.54;
19;1;15.01.2016;;276;126.54;
19;1;16.01.2016;;327;126.54;
19;1;17.01.2016;;314;126.54;
19;1;18.01.2016;;302;126.54;
19;1;19.01.2016;;377;126.54;
19;1;20.01.2016;;396;126.54;
19;1;21.01.2016;;377;127.9;
19;1;22.01.2016;;254;127.9;
19;1;23.01.2016;;317;127.9;
19;1;24.01.2016;;295;127.9;
19;1;25.01.2016;;333;127.9;
19;1;26.01.2016;;327;127.9;
19;1;27.01.2016;;358;127.9;
19;1;28.01.2016;;358;127.9;
19;1;29.01.2016;;251;127.9;
19;1;30.01.2016;;364;127.9;
19;1;31.01.2016;;223;127.9;
19;1;01.02.2016;;201;130.34;
19;1;02.02.2016;;336;130.34;
19;1;03.02.2016;;198;130.34;
19;1;04.02.2016;;207;133.06;
19;1;05.02.2016;;242;133.06;
19;1;06.02.2016;;308;133.06;
19;1;07.02.2016;;273;141.76;
19;1;08.02.2016;;145;141.76;
19;1;09.02.2016;1;440;141.76;130.75
19;1;10.02.2016;1;518;141.76;130.75
19;1;11.02.2016;1;292;141.76;130.75
19;1;12.02.2016;1;242;141.76;130.75
19;1;13.02.2016;1;449;141.76;130.75
19;1;14.02.2016;1;484;141.76;130.75
19;1;15.02.2016;1;298;141.76;130.75
19;1;16.02.2016;1;462;141.76;130.75
19;1;17.02.2016;1;368;141.76;130.75
19;1;18.02.2016;;116;141.76;
19;1;19.02.2016;;135;141.76;
19;1;20.02.2016;;179;141.76;
19;1;21.02.2016;;154;141.76;
19;1;22.02.2016;;195;141.76;
19;1;23.02.2016;;129;141.76;
19;1;24.02.2016;;167;141.76;
19;1;25.02.2016;;201;141.76;
19;1;26.02.2016;;119;141.76;
19;1;27.02.2016;;119;141.76;
19;1;28.02.2016;;188;141.76;
19;1;29.02.2016;;129;141.76;
19;1;01.03.2016;;232;141.76;
19;1;02.03.2016;;170;141.76;
19;1;03.03.2016;;192;141.76;
19;1;04.03.2016;;204;141.76;
19;1;05.03.2016;;210;141.21;
19;1;06.03.2016;;157;141.21;
19;1;07.03.2016;;167;141.21;
19;1;08.03.2016;1;245;141.21;132.92
19;1;09.03.2016;1;556;141.21;132.92
19;1;10.03.2016;1;638;141.21;132.92
19;1;11.03.2016;1;569;141.21;132.92
19;1;12.03.2016;1;393;141.21;132.92
19;1;13.03.2016;1;581;141.21;132.92
19;1;14.03.2016;1;518;141.21;132.92
19;1;15.03.2016;1;754;141.21;130.21
19;1;16.03.2016;1;609;141.21;130.21
19;1;17.03.2016;1;635;141.21;130.21
19;1;18.03.2016;1;565;141.21;130.21
19;1;19.03.2016;1;741;141.21;130.21
19;1;20.03.2016;;185;141.21;
19;1;21.03.2016;;126;141.21;
19;1;22.03.2016;;239;141.21;
19;1;23.03.2016;;145;141.21;
19;1;24.03.2016;;188;141.21;
19;1;25.03.2016;;110;141.21;
19;1;26.03.2016;;91;141.21;
19;1;27.03.2016;;151;141.21;
19;1;28.03.2016;;94;141.21;
19;1;29.03.2016;;154;141.21;
19;1;30.03.2016;;113;141.21;
19;1;31.03.2016;;101;141.21;
19;1;01.04.2016;;151;141.21;
19;1;02.04.2016;;116;141.21;
19;1;03.04.2016;;132;141.21;
19;1;04.04.2016;;173;141.21;
19;1;05.04.2016;;116;141.21;
19;1;06.04.2016;;110;141.21;
19;1;07.04.2016;;129;141.21;
19;1;08.04.2016;;129;141.21;
19;1;09.04.2016;;138;141.21;
19;1;10.04.2016;;82;141.21;
19;1;11.04.2016;;145;141.21;
19;1;12.04.2016;;132;141.21;
19;1;13.04.2016;;138;141.21;
19;1;14.04.2016;;148;135.78;
19;1;15.04.2016;;217;135.78;
19;1;16.04.2016;;201;135.78;
19;1;17.04.2016;;188;135.78;
19;1;18.04.2016;;135;135.78;
19;1;19.04.2016;1;1071;135.78;122.32
19;1;20.04.2016;1;1125;135.78;122.32
19;1;21.04.2016;1;625;135.78;122.32
19;1;22.04.2016;1;584;135.78;122.32
19;1;23.04.2016;1;540;135.78;122.32
19;1;24.04.2016;1;500;135.78;122.32
19;1;25.04.2016;1;471;135.78;122.32
19;1;26.04.2016;;245;135.78;
19;1;27.04.2016;;198;135.78;
19;1;28.04.2016;;148;135.78;
19;1;29.04.2016;;232;131.16;
19;1;30.04.2016;;157;131.16;
19;1;01.05.2016;;75;131.16;
19;1;02.05.2016;;88;131.16;
19;1;03.05.2016;;151;131.16;
19;1;04.05.2016;;151;131.16;
19;1;05.05.2016;;94;131.16;
19;1;06.05.2016;;126;131.16;
19;1;07.05.2016;;270;131.16;
19;1;08.05.2016;;88;131.16;
19;1;09.05.2016;;145;131.16;
19;1;10.05.2016;;170;131.16;
19;1;11.05.2016;;217;131.16;
19;1;12.05.2016;;179;131.16;
19;1;13.05.2016;;280;128.98;
19;1;14.05.2016;;176;128.98;
19;1;15.05.2016;;88;128.98;
19;1;16.05.2016;;261;128.98;
19;1;17.05.2016;1;1860;128.98;119.6
19;1;18.05.2016;1;1926;128.98;119.6
19;1;19.05.2016;1;798;128.98;119.6
19;1;20.05.2016;1;685;128.98;119.6
19;1;21.05.2016;1;757;128.98;119.6
19;1;22.05.2016;1;396;128.98;119.6
