data/retail_2products.csv
Store_id;SKU_id;Date;Promo;Demand;Regular_Price;Promo_Price
20;1;01.01.2015;;19;168.67;
20;1;02.01.2015;;38;168.67;
20;1;03.01.2015;;60;168.67;
20;1;04.01.2015;;69;168.67;
20;1;05.01.2015;;31;168.67;
20;1;06.01.2015;;50;168.67;
20;1;07.01.2015;;31;168.67;
20;1;08.01.2015;;38;168.67;
20;1;09.01.2015;;44;168.67;
20;1;10.01.2015;;31;168.67;
20;1;11.01.2015;;79;168.67;
20;1;12.01.2015;;60;168.67;
20;1;13.01.2015;;141;168.67;
20;1;14.01.2015;;69;173.56;
20;1;15.01.2015;;63;173.56;
20;1;16.01.2015;;75;173.56;
20;1;17.01.2015;;44;173.56;
20;1;18.01.2015;;88;173.56;
20;1;19.01.2015;;50;173.56;
20;1;20.01.2015;;41;173.56;
20;1;21.01.2015;;44;173.56;
20;1;22.01.2015;;44;173.56;
20;1;23.01.2015;;50;165.14;
20;1;24.01.2015;;88;165.14;
20;1;25.01.2015;;53;165.14;
20;1;26.01.2015;;91;165.14;
20;1;27.01.2015;;63;165.14;
20;1;28.01.2015;;154;151.27;
20;1;29.01.2015;;157;151.27;
20;1;30.01.2015;;258;151.27;
20;1;31.01.2015;;254;151.27;
20;1;01.02.2015;;179;151.27;
20;1;02.02.2015;;145;151.27;
20;1;03.02.2015;;232;151.27;
20;1;04.02.2015;;192;151.27;
20;1;05.02.2015;;182;151.27;
20;1;06.02.2015;;195;151.27;
20;1;07.02.2015;;132;151.27;
20;1;08.02.2015;;176;151.27;
20;1;09.02.2015;;157;151.27;
20;1;10.02.2015;;295;151.27;
20;1;11.02.2015;;276;151.27;
20;1;12.02.2015;;176;151.27;
20;1;13.02.2015;;204;153.99;
20;1;14.02.2015;;167;153.99;
20;1;15.02.2015;;132;153.99;
20;1;16.02.2015;;176;153.99;
20;1;17.02.2015;1;355;153.99;143.8
20;1;18.02.2015;1;754;153.99;135.64
20;1;19.02.2015;1;1162;153.99;135.64
20;1;20.02.2015;1;1291;153.99;135.64
20;1;21.02.2015;1;631;153.99;135.64
20;1;22.02.2015;1;723;153.99;135.64
20;1;23.02.2015;1;440;153.99;135.64
20;1;24.02.2015;;138;153.99;
20;1;25.02.2015;;195;153.99;
20;1;26.02.2015;;188;153.99;
20;1;27.02.2015;;214;148.28;
20;1;28.02.2015;;892;148.28;
20;1;01.03.2015;;412;148.28;
20;1;02.03.2015;;339;148.28;
20;1;03.03.2015;1;603;148.28;138.36
20;1;04.03.2015;1;679;148.28;135.64
20;1;05.03.2015;1;729;142.57;135.64
20;1;06.03.2015;1;889;142.57;135.64
20;1;07.03.2015;1;660;142.57;135.64
20;1;08.03.2015;1;349;142.57;135.64
20;1;09.03.2015;;126;145.02;
20;1;10.03.2015;;138;145.02;
20;1;11.03.2015;;173;145.02;
20;1;12.03.2015;;132;145.02;
20;1;13.03.2015;;346;145.02;
20;1;14.03.2015;;179;145.02;
20;1;15.03.2015;;170;145.02;
20;1;16.03.2015;;173;145.02;
20;1;17.03.2015;1;1706;145.02;127.49
20;1;18.03.2015;1;2592;145.02;127.49
20;1;19.03.2015;1;1841;145.02;127.49
20;1;20.03.2015;1;1492;145.02;127.49
20;1;21.03.2015;1;1360;145.02;127.49
20;1;22.03.2015;1;839;145.02;127.49
20;1;23.03.2015;1;1015;145.02;127.49
20;1;24.03.2015;;60;145.02;
20;1;25.03.2015;;132;145.02;
20;1;26.03.2015;;751;131.97;
20;1;27.03.2015;;273;131.97;
20;1;28.03.2015;;462;131.97;
20;1;29.03.2015;;330;131.97;
20;1;30.03.2015;;509;131.97;
20;1;31.03.2015;;500;131.97;
20;1;01.04.2015;;405;133.33;
20;1;02.04.2015;;286;133.33;
20;1;03.04.2015;;283;133.33;
20;1;04.04.2015;;415;133.33;
20;1;05.04.2015;;308;133.33;
20;1;06.04.2015;;320;133.33;
20;1;07.04.2015;1;2199;133.33;119.33
20;1;08.04.2015;1;1678;133.33;119.33
20;1;09.04.2015;1;2067;133.33;119.33
20;1;10.04.2015;1;1304;133.33;119.33
20;1;11.04.2015;1;1005;133.33;119.33
20;1;12.04.2015;1;1319;133.33;119.33
20;1;13.04.2015;1;534;133.33;119.33
20;1;14.04.2015;;192;130.34;
20;1;15.04.2015;;170;130.34;
20;1;16.04.2015;;148;130.34;
20;1;17.04.2015;;129;138.5;
20;1;18.04.2015;;94;138.5;
20;1;19.04.2015;;69;138.5;
20;1;20.04.2015;;72;138.5;
20;1;21.04.2015;;85;138.5;
20;1;22.04.2015;;148;128.98;
20;1;23.04.2015;;289;128.98;
20;1;24.04.2015;;459;128.98;
20;1;25.04.2015;;239;128.98;
20;1;26.04.2015;;141;128.98;
20;1;27.04.2015;;258;128.98;
20;1;28.04.2015;;179;128.98;
20;1;29.04.2015;;239;131.7;
20;1;30.04.2015;;192;131.7;
20;1;01.05.2015;;192;131.7;
20;1;02.05.2015;;132;131.7;
20;1;03.05.2015;;185;131.7;
20;1;04.05.2015;;151;131.7;
20;1;05.05.2015;;201;131.7;
20;1;06.05.2015;;195;131.7;
20;1;07.05.2015;;157;131.7;
20;1;08.05.2015;;179;131.7;
20;1;09.05.2015;;176;131.7;
20;1;10.05.2015;;126;131.7;
20;1;11.05.2015;;167;131.7;
20;1;12.05.2015;;167;131.7;
20;1;13.05.2015;;258;131.7;
20;1;14.05.2015;;126;131.7;
20;1;15.05.2015;;185;131.7;
20;1;16.05.2015;;229;131.7;
20;1;17.05.2015;;236;131.7;
20;1;18.05.2015;;254;131.7;
20;1;19.05.2015;1;933;131.7;119.33
20;1;20.05.2015;1;1140;131.7;119.33
20;1;21.05.2015;1;1803;131.7;119.33
20;1;22.05.2015;1;1093;131.7;119.33
20;1;23.05.2015;1;468;131.7;119.33
20;1;24.05.2015;1;773;131.7;119.33
20;1;25.05.2015;1;465;131.7;119.33
20;1;26.05.2015;;113;131.7;
20;1;27.05.2015;;101;129.25;
20;1;28.05.2015;;229;129.25;
20;1;29.05.2015;;314;129.25;
20;1;30.05.2015;;192;129.25;
20;1;31.05.2015;;195;129.25;
20;1;01.06.2015;;217;129.25;
20;1;02.06.2015;;176;129.25;
20;1;03.06.2015;;305;129.25;
20;1;04.06.2015;;314;129.25;
20;1;05.06.2015;;217;129.25;
20;1;06.06.2015;;220;131.7;
20;1;07.06.2015;;192;131.7;
20;1;08.06.2015;;210;131.7;
20;1;09.06.2015;1;1269;131.7;119.33
20;1;10.06.2015;1;1555;131.7;119.33
20;1;11.06.2015;1;1153;131.7;119.33
20;1;12.06.2015;1;892;131.7;119.33
20;1;13.06.2015;1;723;131.7;119.33
20;1;14.06.2015;1;914;131.7;119.33
20;1;15.06.2015;1;741;131.7;119.33
20;1;16.06.2015;;245;131.7;
20;1;17.06.2015;;333;131.7;
20;1;18.06.2015;;207;128.17;
20;1;19.06.2015;;383;128.17;
20;1;20.06.2015;;167;128.17;
20;1;21.06.2015;;160;128.17;
20;1;22.06.2015;;258;128.17;
20;1;23.06.2015;;201;128.17;
20;1;24.06.2015;;236;128.17;
20;1;25.06.2015;;364;128.17;
20;1;26.06.2015;;298;128.17;
20;1;27.06.2015;;361;128.17;
20;1;28.06.2015;;314;130.34;
20;1;29.06.2015;;346;130.34;
20;1;30.06.2015;1;1137;130.34;119.33
20;1;01.07.2015;1;1341;130.34;119.33
20;1;02.07.2015;1;1203;130.34;119.33
20;1;03.07.2015;1;1272;130.34;119.33
20;1;04.07.2015;1;942;130.34;119.33
20;1;05.07.2015;1;851;130.34;119.33
20;1;06.07.2015;1;983;130.34;119.33
20;1;07.07.2015;;289;130.34;
20;1;08.07.2015;;110;130.34;
20;1;09.07.2015;;547;121.64;
20;1;10.07.2015;;311;121.64;
20;1;11.07.2015;;528;123.55;
20;1;12.07.2015;;534;123.55;
20;1;13.07.2015;;386;123.55;
20;1;14.07.2015;;789;123.55;
20;1;15.07.2015;;518;125.45;
20;1;16.07.2015;;408;125.45;
20;1;17.07.2015;;408;125.45;
20;1;18.07.2015;;408;127.62;
20;1;19.07.2015;;408;127.62;
20;1;20.07.2015;;408;127.62;
20;1;21.07.2015;;408;127.62;
20;1;22.07.2015;;408;127.62;
20;1;23.07.2015;;408;127.62;
20;1;24.07.2015;;408;127.62;
20;1;25.07.2015;;408;127.62;
20;1;26.07.2015;;408;130.07;
20;1;27.07.2015;;408;130.07;
20;1;28.07.2015;1;1071;130.07;124.77
20;1;29.07.2015;1;1071;130.07;124.77
20;1;30.07.2015;1;1071;130.07;124.77
20;1;31.07.2015;1;1967;130.07;124.77
20;1;01.08.2015;1;443;130.07;124.77
20;1;02.08.2015;1;961;130.07;124.77
20;1;03.08.2015;1;898;130.07;124.77
20;1;04.08.2015;;380;138.5;
20;1;05.08.2015;;361;138.5;
20;1;06.08.2015;;182;138.5;
20;1;07.08.2015;;220;138.5;
20;1;08.08.2015;;226;141.21;
20;1;09.08.2015;;138;141.21;
20;1;10.08.2015;;135;141.21;
20;1;11.08.2015;;254;141.21;
20;1;12.08.2015;;148;142.85;
20;1;13.08.2015;;324;142.85;
20;1;14.08.2015;;201;142.85;
20;1;15.08.2015;;270;142.85;
20;1;16.08.2015;;292;142.85;
20;1;17.08.2015;;226;142.85;
20;1;18.08.2015;;390;142.85;
20;1;19.08.2015;;157;142.85;
20;1;20.08.2015;;116;142.85;
20;1;21.08.2015;;261;142.85;
20;1;22.08.2015;;273;142.85;
20;1;23.08.2015;;374;142.85;
20;1;24.08.2015;;440;142.85;
20;1;25.08.2015;;270;142.85;
20;1;26.08.2015;;302;142.85;
20;1;27.08.2015;;289;137.68;
20;1;28.08.2015;;305;137.68;
20;1;29.08.2015;;270;137.68;
20;1;30.08.2015;;308;137.68;
20;1;31.08.2015;;330;137.68;
20;1;01.09.2015;;251;137.68;
20;1;02.09.2015;;500;135.78;
20;1;03.09.2015;;653;135.78;
20;1;04.09.2015;;826;135.78;
20;1;05.09.2015;;723;133.6;
20;1;06.09.2015;;691;133.6;
20;1;07.09.2015;;154;133.6;
20;1;08.09.2015;;597;133.6;
20;1;09.09.2015;;606;135.51;
20;1;10.09.2015;;666;135.51;
20;1;11.09.2015;;716;135.51;
20;1;12.09.2015;;1150;135.51;
20;1;13.09.2015;;1228;135.51;
20;1;14.09.2015;;971;135.51;
20;1;15.09.2015;;1338;135.51;
20;1;16.09.2015;;500;138.5;
20;1;17.09.2015;;531;138.5;
20;1;18.09.2015;;559;138.5;
20;1;19.09.2015;;484;138.5;
20;1;20.09.2015;;679;138.5;
20;1;21.09.2015;;540;138.5;
20;1;22.09.2015;;622;138.5;
20;1;23.09.2015;;371;141.21;
20;1;24.09.2015;;270;141.21;
20;1;25.09.2015;;210;141.21;
20;1;26.09.2015;;286;141.21;
20;1;27.09.2015;;160;141.21;
20;1;28.09.2015;;148;141.21;
20;1;29.09.2015;;173;141.21;
20;1;30.09.2015;;242;141.21;
20;1;01.10.2015;;188;141.21;
20;1;02.10.2015;;390;141.21;
20;1;03.10.2015;;264;141.21;
20;1;04.10.2015;;317;141.21;
20;1;05.10.2015;;245;141.21;
20;1;06.10.2015;1;1329;141.21;132.92
20;1;07.10.2015;1;1093;141.21;130.21
20;1;08.10.2015;1;1137;141.11;130.21
20;1;09.10.2015;1;861;141.21;130.21
20;1;10.10.2015;1;968;141.21;130.21
20;1;11.10.2015;1;1222;141.21;130.21
20;1;12.10.2015;1;575;141.21;130.21
20;1;13.10.2015;;236;141.21;
20;1;14.10.2015;;94;141.21;
20;1;15.10.2015;;138;142.57;
20;1;16.10.2015;;210;142.57;
20;1;17.10.2015;;179;142.57;
20;1;18.10.2015;;179;142.57;
20;1;19.10.2015;;232;142.57;
20;1;20.10.2015;;126;142.57;
20;1;21.10.2015;;471;130.34;
20;1;22.10.2015;;515;130.34;
20;1;23.10.2015;;547;130.34;
20;1;24.10.2015;;594;130.34;
20;1;25.10.2015;;437;130.34;
20;1;26.10.2015;;462;130.34;
20;1;27.10.2015;1;547;130.34;122.32
20;1;28.10.2015;1;817;130.34;124.77
20;1;29.10.2015;1;892;130.34;124.77
20;1;30.10.2015;1;691;130.34;124.77
20;1;31.10.2015;1;1059;130.34;124.77
20;1;01.11.2015;1;1018;130.34;124.77
20;1;02.11.2015;1;525;130.34;124.77
20;1;03.11.2015;;298;130.34;
20;1;04.11.2015;;236;134.69;
20;1;05.11.2015;;204;134.69;
20;1;06.11.2015;;289;134.69;
20;1;07.11.2015;;192;134.69;
20;1;08.11.2015;;154;134.69;
20;1;09.11.2015;;185;134.69;
20;1;10.11.2015;;132;134.69;
20;1;11.11.2015;;214;130.34;
20;1;12.11.2015;;217;130.34;
20;1;13.11.2015;;207;130.34;
20;1;14.11.2015;;192;130.34;
20;1;15.11.2015;;248;130.34;
20;1;16.11.2015;;167;130.34;
20;1;17.11.2015;;258;130.34;
20;1;18.11.2015;;349;130.34;
20;1;19.11.2015;;289;130.34;
20;1;20.11.2015;;295;130.34;
20;1;21.11.2015;;374;130.34;
20;1;22.11.2015;;251;130.34;
20;1;23.11.2015;;286;130.34;
20;1;24.11.2015;1;1781;130.34;116.61
20;1;25.11.2015;1;1979;130.34;116.61
20;1;26.11.2015;1;2306;130.34;116.61
20;1;27.11.2015;1;1030;130.34;116.61
20;1;28.11.2015;1;961;130.34;116.61
20;1;29.11.2015;1;880;130.34;116.61
20;1;30.11.2015;1;839;130.34;116.61
20;1;01.12.2015;;135;130.34;
20;1;02.12.2015;;336;130.34;
20;1;03.12.2015;;399;130.34;
20;1;04.12.2015;;641;130.34;
20;1;05.12.2015;1;2507;130.34;116.61
20;1;06.12.2015;1;1206;130.34;116.61
20;1;07.12.2015;1;1982;130.34;116.61
20;1;08.12.2015;;449;130.34;
20;1;09.12.2015;;79;130.34;
20;1;10.12.2015;;295;130.34;
20;1;11.12.2015;;606;130.34;
20;1;12.12.2015;;273;130.34;
20;1;13.12.2015;;327;130.34;
20;1;14.12.2015;;239;130.34;
20;1;15.12.2015;;305;130.34;
20;1;16.12.2015;;217;130.34;
20;1;17.12.2015;;201;130.34;
20;1;18.12.2015;;179;130.34;
20;1;19.12.2015;;289;130.34;
20;1;20.12.2015;;374;130.34;
20;1;21.12.2015;;226;130.34;
20;1;22.12.2015;;270;130.34;
20;1;23.12.2015;;283;130.34;
20;1;24.12.2015;;327;126.54;
20;1;25.12.2015;;408;126.54;
20;1;26.12.2015;;390;126.54;
20;1;27.12.2015;;763;126.54;
20;1;28.12.2015;;427;126.54;
20;1;29.12.2015;;584;126.54;
20;1;30.12.2015;;374;126.54;
20;1;31.12.2015;;324;126.54;
20;1;01.01.2016;;28;126.54;
20;1;02.01.2016;;192;126.54;
20;1;03.01.2016;;182;126.54;
20;1;04.01.2016;;276;126.54;
20;1;05.01.2016;;474;126.54;
20;1;06.01.2016;;245;126.54;
20;1;07.01.2016;;371;126.54;
20;1;08.01.2016;;346;126.54;
20;1;09.01.2016;;415;126.54;
20;1;10.01.2016;;518;126.54;
20;1;11.01.2016;;493;126.54;
20;1;12.01.2016;;638;126.54;
20;1;13.01.2016;;468;126.54;
20;1;14.01.2016;;622;126.54;
20;1;15.01.2016;;986;126.54;
20;1;16.01.2016;;726;126.54;
20;1;17.01.2016;;663;126.54;
20;1;18.01.2016;;955;126.54;
20;1;19.01.2016;;440;126.54;
20;1;20.01.2016;;443;126.54;
20;1;21.01.2016;;478;127.9;
20;1;22.01.2016;;440;127.9;
20;1;23.01.2016;;719;127.9;
20;1;24.01.2016;;443;127.9;
20;1;25.01.2016;;531;127.9;
20;1;26.01.2016;;704;127.9;
20;1;27.01.2016;;597;127.9;
20;1;28.01.2016;;569;127.9;
20;1;29.01.2016;;616;127.9;
20;1;30.01.2016;;528;127.9;
20;1;31.01.2016;;594;127.9;
20;1;01.02.2016;;597;130.34;
20;1;02.02.2016;;688;130.34;
20;1;03.02.2016;;625;130.34;
20;1;04.02.2016;;543;133.06;
20;1;05.02.2016;;1071;133.06;
20;1;06.02.2016;;754;133.06;
20;1;07.02.2016;;390;141.76;
20;1;08.02.2016;;298;141.76;
20;1;09.02.2016;1;1128;141.76;130.75
20;1;10.02.2016;1;1034;141.76;130.75
20;1;11.02.2016;1;1191;141.76;130.75
20;1;12.02.2016;1;883;141.76;130.75
20;1;13.02.2016;1;697;141.76;130.75
20;1;14.02.2016;1;820;141.76;130.75
20;1;15.02.2016;1;792;141.76;130.75
20;1;16.02.2016;1;880;141.76;130.75
20;1;17.02.2016;1;625;141.76;130.75
20;1;18.02.2016;;317;141.76;
20;1;19.02.2016;;198;141.76;
20;1;20.02.2016;;223;141.76;
20;1;21.02.2016;;295;141.76;
20;1;22.02.2016;;254;141.76;
20;1;23.02.2016;;201;141.76;
20;1;24.02.2016;;286;141.76;
20;1;25.02.2016;;198;141.76;
20;1;26.02.2016;;276;141.76;
20;1;27.02.2016;;195;141.76;
20;1;28.02.2016;;123;141.76;
20;1;29.02.2016;;220;141.76;
20;1;01.03.2016;;239;141.76;
20;1;02.03.2016;;141;141.76;
20;1;03.03.2016;;217;141.76;
20;1;04.03.2016;;273;141.76;
20;1;05.03.2016;;185;141.21;
20;1;06.03.2016;;440;141.21;
20;1;07.03.2016;;298;141.21;
20;1;08.03.2016;1;283;141.21;132.92
20;1;09.03.2016;1;986;141.21;132.92
20;1;10.03.2016;1;1565;141.21;132.92
20;1;11.03.2016;1;1370;141.21;132.92
20;1;12.03.2016;1;1049;141.21;132.92
20;1;13.03.2016;1;814;141.21;132.92
20;1;14.03.2016;1;669;141.21;132.92
20;1;15.03.2016;1;1030;141.21;130.21
20;1;16.03.2016;1;697;141.21;130.21
20;1;17.03.2016;1;757;141.21;130.21
20;1;18.03.2016;1;154;141.21;130.21
20;1;19.03.2016;1;132;141.21;130.21
20;1;20.03.2016;1;107;141.21;130.21
20;1;21.03.2016;;182;141.21;
20;1;22.03.2016;;220;141.21;
20;1;23.03.2016;;79;141.21;
20;1;24.03.2016;;116;141.21;
20;1;25.03.2016;;116;141.21;
20;1;26.03.2016;;195;141.21;
20;1;27.03.2016;;333;141.21;
20;1;28.03.2016;;132;141.21;
20;1;29.03.2016;;116;141.21;
20;1;30.03.2016;;113;141.21;
20;1;31.03.2016;;167;141.21;
20;1;01.04.2016;;154;141.21;
20;1;02.04.2016;;116;141.21;
20;1;03.04.2016;;101;141.21;
20;1;04.04.2016;;129;141.21;
20;1;05.04.2016;;198;141.21;
20;1;06.04.2016;;258;141.21;
20;1;07.04.2016;;170;141.21;
20;1;08.04.2016;;138;141.21;
20;1;09.04.2016;;82;141.21;
20;1;10.04.2016;;123;141.21;
20;1;11.04.2016;;116;141.21;
20;1;12.04.2016;;135;141.21;
20;1;13.04.2016;;72;141.21;
20;1;14.04.2016;;138;135.78;
20;1;15.04.2016;;151;135.78;
20;1;16.04.2016;;157;135.78;
20;1;17.04.2016;;119;135.78;
20;1;18.04.2016;;248;135.78;
20;1;19.04.2016;1;1056;135.78;122.32
20;1;20.04.2016;1;1404;135.78;122.32
20;1;21.04.2016;1;946;135.78;122.32
20;1;22.04.2016;1;974;135.78;122.32
20;1;23.04.2016;1;606;135.78;122.32
20;1;24.04.2016;1;757;135.78;122.32
20;1;25.04.2016;1;666;135.78;122.32
20;1;26.04.2016;;163;135.78;
20;1;27.04.2016;;88;135.78;
20;1;28.04.2016;;220;135.78;
20;1;29.04.2016;;170;131.16;
20;1;30.04.2016;;157;131.16;
20;1;01.05.2016;;38;131.16;
20;1;02.05.2016;;53;131.16;
20;1;03.05.2016;;97;131.16;
20;1;04.05.2016;;154;131.16;
20;1;05.05.2016;;179;131.16;
20;1;06.05.2016;;138;131.16;
20;1;07.05.2016;;116;131.16;
20;1;08.05.2016;;123;131.16;
20;1;09.05.2016;;123;131.16;
20;1;10.05.2016;;123;131.16;
20;1;11.05.2016;;160;131.16;
20;1;12.05.2016;;148;131.16;
20;1;13.05.2016;;261;128.98;
20;1;14.05.2016;;270;128.98;
20;1;15.05.2016;;160;128.98;
20;1;16.05.2016;;245;128.98;
20;1;17.05.2016;1;820;128.98;119.6
20;1;18.05.2016;1;986;128.98;119.6
20;1;19.05.2016;1;1483;128.98;119.6
20;1;20.05.2016;1;729;128.98;119.6
20;1;21.05.2016;1;1140;128.98;119.6
20;1;22.05.2016;1;738;128.98;119.6
