data/retail_2products.csv
Store_id;SKU_id;Date;Promo;Demand;Regular_Price;Promo_Price
21;1;01.01.2015;;6;168.67;
21;1;02.01.2015;;35;168.67;
21;1;03.01.2015;;44;168.67;
21;1;04.01.2015;;50;168.67;
21;1;05.01.2015;;47;168.67;
21;1;06.01.2015;;82;168.67;
21;1;07.01.2015;;44;168.67;
21;1;08.01.2015;;72;168.67;
21;1;09.01.2015;;69;168.67;
21;1;10.01.2015;;44;168.67;
21;1;11.01.2015;;38;168.67;
21;1;12.01.2015;;72;168.67;
21;1;13.01.2015;;75;168.67;
21;1;14.01.2015;;47;173.56;
21;1;15.01.2015;;57;173.56;
21;1;16.01.2015;;72;173.56;
21;1;17.01.2015;;28;173.56;
21;1;18.01.2015;;50;173.56;
21;1;19.01.2015;;35;173.56;
21;1;20.01.2015;;63;173.56;
21;1;21.01.2015;;41;173.56;
21;1;22.01.2015;;72;173.56;
21;1;23.01.2015;;38;165.14;
21;1;24.01.2015;;50;165.14;
21;1;25.01.2015;;132;165.14;
21;1;26.01.2015;;35;165.14;
21;1;27.01.2015;;69;165.14;
21;1;28.01.2015;;104;151.27;
21;1;29.01.2015;;173;151.27;
21;1;30.01.2015;;107;151.27;
21;1;31.01.2015;;72;151.27;
21;1;01.02.2015;;97;151.27;
21;1;02.02.2015;;94;151.27;
21;1;03.02.2015;;82;151.27;
21;1;04.02.2015;;113;151.27;
21;1;05.02.2015;;104;151.27;
21;1;06.02.2015;;94;151.27;
21;1;07.02.2015;;116;151.27;
21;1;08.02.2015;;107;151.27;
21;1;09.02.2015;;138;151.27;
21;1;10.02.2015;;104;151.27;
21;1;11.02.2015;;91;151.27;
21;1;12.02.2015;;94;151.27;
21;1;13.02.2015;;116;153.99;
21;1;14.02.2015;;101;153.99;
21;1;15.02.2015;;110;153.99;
21;1;16.02.2015;;82;153.99;
21;1;17.02.2015;1;182;153.99;143.8
21;1;18.02.2015;1;223;153.99;135.64
21;1;19.02.2015;1;471;153.99;135.64
21;1;20.02.2015;1;374;153.99;135.64
21;1;21.02.2015;1;327;153.99;135.64
21;1;22.02.2015;1;198;153.99;135.64
21;1;23.02.2015;1;167;153.99;135.64
21;1;24.02.2015;;97;153.99;
21;1;25.02.2015;;101;153.99;
21;1;26.02.2015;;188;153.99;
21;1;27.02.2015;;88;148.28;
21;1;28.02.2015;;201;148.28;
21;1;01.03.2015;;148;148.28;
21;1;02.03.2015;;173;148.28;
21;1;03.03.2015;1;229;148.28;138.36
21;1;04.03.2015;1;283;148.28;135.64
21;1;05.03.2015;1;346;142.57;135.64
21;1;06.03.2015;1;270;142.57;135.64
21;1;07.03.2015;1;512;142.57;135.64
21;1;08.03.2015;1;85;142.57;135.64
21;1;09.03.2015;;104;145.02;
21;1;10.03.2015;;88;145.02;
21;1;11.03.2015;;123;145.02;
21;1;12.03.2015;;119;145.02;
21;1;13.03.2015;;104;145.02;
21;1;14.03.2015;;141;145.02;
21;1;15.03.2015;;97;145.02;
21;1;16.03.2015;;104;145.02;
21;1;17.03.2015;1;1131;145.02;127.49
21;1;18.03.2015;1;663;145.02;127.49
21;1;19.03.2015;1;1140;145.02;127.49
21;1;20.03.2015;1;924;145.02;127.49
21;1;21.03.2015;1;537;145.02;127.49
21;1;22.03.2015;1;663;145.02;127.49
21;1;23.03.2015;1;443;145.02;127.49
21;1;24.03.2015;;119;145.02;
21;1;25.03.2015;;50;145.02;
21;1;26.03.2015;;289;131.97;
21;1;27.03.2015;;336;131.97;
21;1;28.03.2015;;333;131.97;
21;1;29.03.2015;;126;131.97;
21;1;30.03.2015;;185;131.97;
21;1;31.03.2015;;195;131.97;
21;1;01.04.2015;;220;133.33;
21;1;02.04.2015;;141;133.33;
21;1;03.04.2015;;217;133.33;
21;1;04.04.2015;;251;133.33;
21;1;05.04.2015;;254;133.33;
21;1;06.04.2015;;192;133.33;
21;1;07.04.2015;1;792;133.33;119.33
21;1;08.04.2015;1;745;133.33;119.33
21;1;09.04.2015;1;789;133.33;119.33
21;1;10.04.2015;1;625;133.33;119.33
21;1;11.04.2015;1;606;133.33;119.33
21;1;12.04.2015;1;302;133.33;119.33
21;1;13.04.2015;1;198;133.33;119.33
21;1;14.04.2015;;69;130.34;
21;1;15.04.2015;;135;130.34;
21;1;16.04.2015;;79;130.34;
21;1;17.04.2015;;82;138.5;
21;1;18.04.2015;;107;138.5;
21;1;19.04.2015;;66;138.5;
21;1;20.04.2015;;91;138.5;
21;1;21.04.2015;;57;138.5;
21;1;22.04.2015;;179;128.98;
21;1;23.04.2015;;236;128.98;
21;1;24.04.2015;;151;128.98;
21;1;25.04.2015;;236;128.98;
21;1;26.04.2015;;163;128.98;
21;1;27.04.2015;;151;128.98;
21;1;28.04.2015;;185;128.98;
21;1;29.04.2015;;104;131.7;
21;1;30.04.2015;;141;131.7;
21;1;01.05.2015;;101;131.7;
21;1;02.05.2015;;110;131.7;
21;1;03.05.2015;;116;131.7;
21;1;04.05.2015;;151;131.7;
21;1;05.05.2015;;173;131.7;
21;1;06.05.2015;;129;131.7;
21;1;07.05.2015;;179;131.7;
21;1;08.05.2015;;185;131.7;
21;1;09.05.2015;;88;131.7;
21;1;10.05.2015;;91;131.7;
21;1;11.05.2015;;101;131.7;
21;1;12.05.2015;;110;131.7;
21;1;13.05.2015;;148;131.7;
21;1;14.05.2015;;151;131.7;
21;1;15.05.2015;;97;131.7;
21;1;16.05.2015;;242;131.7;
21;1;17.05.2015;;69;131.7;
21;1;18.05.2015;;88;131.7;
21;1;19.05.2015;1;471;131.7;119.33
21;1;20.05.2015;1;386;131.7;119.33
21;1;21.05.2015;1;276;131.7;119.33
21;1;22.05.2015;1;443;131.7;119.33
21;1;23.05.2015;1;383;131.7;119.33
21;1;24.05.2015;1;270;131.7;119.33
21;1;25.05.2015;1;280;131.7;119.33
21;1;26.05.2015;;173;131.7;
21;1;27.05.2015;;126;129.25;
21;1;28.05.2015;;94;129.25;
21;1;29.05.2015;;182;129.25;
21;1;30.05.2015;;204;129.25;
21;1;31.05.2015;;57;129.25;
21;1;01.06.2015;;69;129.25;
21;1;02.06.2015;;126;129.25;
21;1;03.06.2015;;135;129.25;
21;1;04.06.2015;;145;129.25;
21;1;05.06.2015;;119;129.25;
21;1;06.06.2015;;66;131.7;
21;1;07.06.2015;;135;131.7;
21;1;08.06.2015;;110;131.7;
21;1;09.06.2015;1;430;131.7;119.33
21;1;10.06.2015;1;713;131.7;119.33
21;1;11.06.2015;1;644;131.7;119.33
21;1;12.06.2015;1;302;131.7;119.33
21;1;13.06.2015;1;346;131.7;119.33
21;1;14.06.2015;1;490;131.7;119.33
21;1;15.06.2015;1;374;131.7;119.33
21;1;16.06.2015;;79;131.7;
21;1;17.06.2015;;53;131.7;
21;1;18.06.2015;;182;128.17;
21;1;19.06.2015;;113;128.17;
21;1;20.06.2015;;135;128.17;
21;1;21.06.2015;;141;128.17;
21;1;22.06.2015;;119;128.17;
21;1;23.06.2015;;157;128.17;
21;1;24.06.2015;;223;128.17;
21;1;25.06.2015;;339;128.17;
21;1;26.06.2015;;201;128.17;
21;1;27.06.2015;;163;128.17;
21;1;28.06.2015;;163;130.34;
21;1;29.06.2015;;280;130.34;
21;1;30.06.2015;1;895;130.34;119.33
21;1;01.07.2015;1;440;130.34;119.33
21;1;02.07.2015;1;232;130.34;119.33
21;1;03.07.2015;1;707;130.34;119.33
21;1;04.07.2015;1;886;130.34;119.33
21;1;05.07.2015;1;418;130.34;119.33
21;1;06.07.2015;1;402;130.34;119.33
21;1;07.07.2015;;154;130.34;
21;1;08.07.2015;;110;130.34;
21;1;09.07.2015;;135;121.64;
21;1;10.07.2015;;210;121.64;
21;1;11.07.2015;;430;123.55;
21;1;12.07.2015;;210;123.55;
21;1;13.07.2015;;204;123.55;
21;1;14.07.2015;;264;123.55;
21;1;15.07.2015;;261;125.45;
21;1;16.07.2015;;609;125.45;
21;1;17.07.2015;;500;125.45;
21;1;18.07.2015;;707;127.62;
21;1;19.07.2015;;553;127.62;
21;1;20.07.2015;;917;127.62;
21;1;21.07.2015;;650;127.62;
21;1;22.07.2015;;851;127.62;
21;1;23.07.2015;;911;127.62;
21;1;24.07.2015;;1272;127.62;
21;1;25.07.2015;;600;127.62;
21;1;26.07.2015;;248;130.07;
21;1;27.07.2015;;804;130.07;
21;1;28.07.2015;1;1021;130.07;124.77
21;1;29.07.2015;1;1122;130.07;124.77
21;1;30.07.2015;1;1125;130.07;124.77
21;1;31.07.2015;1;1260;130.07;124.77
21;1;01.08.2015;1;1096;130.07;124.77
21;1;02.08.2015;1;644;130.07;124.77
21;1;03.08.2015;1;1078;130.07;124.77
21;1;04.08.2015;;251;138.5;
21;1;05.08.2015;;157;138.5;
21;1;06.08.2015;;163;138.5;
21;1;07.08.2015;;242;138.5;
21;1;08.08.2015;;148;141.21;
21;1;09.08.2015;;69;141.21;
21;1;10.08.2015;;110;141.21;
21;1;11.08.2015;;141;141.21;
21;1;12.08.2015;;176;142.85;
21;1;13.08.2015;;151;142.85;
21;1;14.08.2015;;361;142.85;
21;1;15.08.2015;;163;142.85;
21;1;16.08.2015;;132;142.85;
21;1;17.08.2015;;192;142.85;
21;1;18.08.2015;;126;142.85;
21;1;19.08.2015;;123;142.85;
21;1;20.08.2015;;138;142.85;
21;1;21.08.2015;;154;142.85;
21;1;22.08.2015;;188;142.85;
21;1;23.08.2015;;195;142.85;
21;1;24.08.2015;;245;142.85;
21;1;25.08.2015;;135;142.85;
21;1;26.08.2015;;126;142.85;
21;1;27.08.2015;;427;137.68;
21;1;28.08.2015;;352;137.68;
21;1;29.08.2015;;236;137.68;
21;1;30.08.2015;;173;137.68;
21;1;31.08.2015;;220;137.68;
21;1;01.09.2015;;210;137.68;
21;1;02.09.2015;;490;135.78;
21;1;03.09.2015;;242;135.78;
21;1;04.09.2015;;390;135.78;
21;1;05.09.2015;;314;133.6;
21;1;06.09.2015;;374;133.6;
21;1;07.09.2015;;484;133.6;
21;1;08.09.2015;;386;133.6;
21;1;09.09.2015;;324;135.51;
21;1;10.09.2015;;302;135.51;
21;1;11.09.2015;;459;135.51;
21;1;12.09.2015;;286;135.51;
21;1;13.09.2015;;292;135.51;
21;1;14.09.2015;;440;135.51;
21;1;15.09.2015;;336;135.51;
21;1;16.09.2015;;254;138.5;
21;1;17.09.2015;;276;138.5;
21;1;18.09.2015;;339;138.5;
21;1;19.09.2015;;289;138.5;
21;1;20.09.2015;;320;138.5;
21;1;21.09.2015;;251;138.5;
21;1;22.09.2015;;204;138.5;
21;1;23.09.2015;;170;141.21;
21;1;24.09.2015;;148;141.21;
21;1;25.09.2015;;236;141.21;
21;1;26.09.2015;;236;141.21;
21;1;27.09.2015;;141;141.21;
21;1;28.09.2015;;151;141.21;
21;1;29.09.2015;;239;141.21;
21;1;30.09.2015;;207;141.21;
21;1;01.10.2015;;154;141.21;
21;1;02.10.2015;;179;141.21;
21;1;03.10.2015;;201;141.21;
21;1;04.10.2015;;167;141.21;
21;1;05.10.2015;;185;141.21;
21;1;06.10.2015;1;534;141.21;132.92
21;1;07.10.2015;1;393;141.21;130.21
21;1;08.10.2015;1;528;141.11;130.21
21;1;09.10.2015;1;660;141.21;130.21
21;1;10.10.2015;1;710;141.21;130.21
21;1;11.10.2015;1;550;141.21;130.21
21;1;12.10.2015;1;418;141.21;130.21
21;1;13.10.2015;;104;141.21;
21;1;14.10.2015;;138;141.21;
21;1;15.10.2015;;104;142.57;
21;1;16.10.2015;;119;142.57;
21;1;17.10.2015;;116;142.57;
21;1;18.10.2015;;123;142.57;
21;1;19.10.2015;;123;142.57;
21;1;20.10.2015;;69;142.57;
21;1;21.10.2015;;135;130.34;
21;1;22.10.2015;;220;130.34;
21;1;23.10.2015;;198;130.34;
21;1;24.10.2015;;207;130.34;
21;1;25.10.2015;;251;130.34;
21;1;26.10.2015;;232;130.34;
21;1;27.10.2015;1;609;130.34;122.32
21;1;28.10.2015;1;490;130.34;124.77
21;1;29.10.2015;1;380;130.34;124.77
21;1;30.10.2015;1;584;130.34;124.77
21;1;31.10.2015;1;443;130.34;124.77
21;1;01.11.2015;1;320;130.34;124.77
21;1;02.11.2015;1;302;130.34;124.77
21;1;03.11.2015;;79;130.34;
21;1;04.11.2015;;63;134.69;
21;1;05.11.2015;;35;134.69;
21;1;06.11.2015;;94;134.69;
21;1;07.11.2015;;63;134.69;
21;1;08.11.2015;;82;134.69;
21;1;09.11.2015;;79;134.69;
21;1;10.11.2015;;110;134.69;
21;1;11.11.2015;;138;130.34;
21;1;12.11.2015;;104;130.34;
21;1;13.11.2015;;154;130.34;
21;1;14.11.2015;;123;130.34;
21;1;15.11.2015;;88;130.34;
21;1;16.11.2015;;283;130.34;
21;1;17.11.2015;;157;130.34;
21;1;18.11.2015;;198;130.34;
21;1;19.11.2015;;198;130.34;
21;1;20.11.2015;;82;130.34;
21;1;21.11.2015;;44;130.34;
21;1;22.11.2015;;85;130.34;
21;1;23.11.2015;;97;130.34;
21;1;24.11.2015;1;833;130.34;116.61
21;1;25.11.2015;1;584;130.34;116.61
21;1;26.11.2015;1;562;130.34;116.61
21;1;27.11.2015;1;1310;130.34;116.61
21;1;28.11.2015;1;644;130.34;116.61
21;1;29.11.2015;1;603;130.34;116.61
21;1;30.11.2015;1;1162;130.34;116.61
21;1;01.12.2015;;132;130.34;
21;1;02.12.2015;;154;130.34;
21;1;03.12.2015;;101;130.34;
21;1;04.12.2015;;151;130.34;
21;1;05.12.2015;1;412;130.34;116.61
21;1;06.12.2015;1;710;130.34;116.61
21;1;07.12.2015;1;597;130.34;116.61
21;1;08.12.2015;;145;130.34;
21;1;09.12.2015;;94;130.34;
21;1;10.12.2015;;66;130.34;
21;1;11.12.2015;;88;130.34;
21;1;12.12.2015;;113;130.34;
21;1;13.12.2015;;79;130.34;
21;1;14.12.2015;;94;130.34;
21;1;15.12.2015;;116;130.34;
21;1;16.12.2015;;75;130.34;
21;1;17.12.2015;;201;130.34;
21;1;18.12.2015;;53;130.34;
21;1;19.12.2015;;145;130.34;
21;1;20.12.2015;;97;130.34;
21;1;21.12.2015;;101;130.34;
21;1;22.12.2015;;145;130.34;
21;1;23.12.2015;;94;130.34;
21;1;24.12.2015;;66;126.54;
21;1;25.12.2015;;69;126.54;
21;1;26.12.2015;;167;126.54;
21;1;27.12.2015;;110;126.54;
21;1;28.12.2015;;91;126.54;
21;1;29.12.2015;;138;126.54;
21;1;30.12.2015;;85;126.54;
21;1;31.12.2015;;63;126.54;
21;1;01.01.2016;;6;126.54;
21;1;02.01.2016;;85;126.54;
21;1;03.01.2016;;129;126.54;
21;1;04.01.2016;;104;126.54;
21;1;05.01.2016;;66;126.54;
21;1;06.01.2016;;214;126.54;
21;1;07.01.2016;;63;126.54;
21;1;08.01.2016;;79;126.54;
21;1;09.01.2016;;113;126.54;
21;1;10.01.2016;;170;126.54;
21;1;11.01.2016;;157;126.54;
21;1;12.01.2016;;141;126.54;
21;1;13.01.2016;;82;126.54;
21;1;14.01.2016;;173;126.54;
21;1;15.01.2016;;201;126.54;
21;1;16.01.2016;;141;126.54;
21;1;17.01.2016;;220;126.54;
21;1;18.01.2016;;320;126.54;
21;1;19.01.2016;;163;126.54;
21;1;20.01.2016;;119;126.54;
21;1;21.01.2016;;107;127.9;
21;1;22.01.2016;;132;127.9;
21;1;23.01.2016;;88;127.9;
21;1;24.01.2016;;113;127.9;
21;1;25.01.2016;;116;127.9;
21;1;26.01.2016;;123;127.9;
21;1;27.01.2016;;148;127.9;
21;1;28.01.2016;;132;127.9;
21;1;29.01.2016;;126;127.9;
21;1;30.01.2016;;116;127.9;
21;1;31.01.2016;;176;127.9;
21;1;01.02.2016;;79;130.34;
21;1;02.02.2016;;176;130.34;
21;1;03.02.2016;;138;130.34;
21;1;04.02.2016;;170;133.06;
21;1;05.02.2016;;188;133.06;
21;1;06.02.2016;;195;133.06;
21;1;07.02.2016;;126;141.76;
21;1;08.02.2016;;69;141.76;
21;1;09.02.2016;1;361;141.76;130.75
21;1;10.02.2016;1;459;141.76;130.75
21;1;11.02.2016;1;543;141.76;130.75
21;1;12.02.2016;1;292;141.76;130.75
21;1;13.02.2016;1;289;141.76;130.75
21;1;14.02.2016;1;713;141.76;130.75
21;1;15.02.2016;1;286;141.76;130.75
21;1;16.02.2016;1;254;141.76;130.75
21;1;17.02.2016;1;239;141.76;130.75
21;1;18.02.2016;;75;141.76;
21;1;19.02.2016;;104;141.76;
21;1;20.02.2016;;123;141.76;
21;1;21.02.2016;;91;141.76;
21;1;22.02.2016;;75;141.76;
21;1;23.02.2016;;82;141.76;
21;1;24.02.2016;;50;141.76;
21;1;25.02.2016;;204;141.76;
21;1;26.02.2016;;57;141.76;
21;1;27.02.2016;;69;141.76;
21;1;28.02.2016;;79;141.76;
21;1;29.02.2016;;116;141.76;
21;1;01.03.2016;;119;141.76;
21;1;02.03.2016;;75;141.76;
21;1;03.03.2016;;148;141.76;
21;1;04.03.2016;;119;141.76;
21;1;05.03.2016;;75;141.21;
21;1;06.03.2016;;119;141.21;
21;1;07.03.2016;;79;141.21;
21;1;08.03.2016;1;148;141.21;132.92
21;1;09.03.2016;1;292;141.21;132.92
21;1;10.03.2016;1;493;141.21;132.92
21;1;11.03.2016;1;342;141.21;132.92
21;1;12.03.2016;1;182;141.21;132.92
21;1;13.03.2016;1;374;141.21;132.92
21;1;14.03.2016;1;232;141.21;132.92
21;1;15.03.2016;1;317;141.21;130.21
21;1;16.03.2016;1;298;141.21;130.21
21;1;17.03.2016;1;383;141.21;130.21
21;1;18.03.2016;1;396;141.21;130.21
21;1;19.03.2016;1;333;141.21;130.21
21;1;20.03.2016;;63;141.21;
21;1;21.03.2016;;57;141.21;
21;1;22.03.2016;;79;141.21;
21;1;23.03.2016;;91;141.21;
21;1;24.03.2016;;82;141.21;
21;1;25.03.2016;;119;141.21;
21;1;26.03.2016;;94;141.21;
21;1;27.03.2016;;47;141.21;
21;1;28.03.2016;;116;141.21;
21;1;29.03.2016;;60;141.21;
21;1;30.03.2016;;101;141.21;
21;1;31.03.2016;;28;141.21;
21;1;01.04.2016;;126;141.21;
21;1;02.04.2016;;57;141.21;
21;1;03.04.2016;;47;141.21;
21;1;04.04.2016;;79;141.21;
21;1;05.04.2016;;50;141.21;
21;1;06.04.2016;;72;141.21;
21;1;07.04.2016;;88;141.21;
21;1;08.04.2016;;116;141.21;
21;1;09.04.2016;;94;141.21;
21;1;10.04.2016;;66;141.21;
21;1;11.04.2016;;53;141.21;
21;1;12.04.2016;;63;141.21;
21;1;13.04.2016;;63;141.21;
21;1;14.04.2016;;123;135.78;
21;1;15.04.2016;;116;135.78;
21;1;16.04.2016;;97;135.78;
21;1;17.04.2016;;69;135.78;
21;1;18.04.2016;;66;135.78;
21;1;19.04.2016;1;763;135.78;122.32
21;1;20.04.2016;1;327;135.78;122.32
21;1;21.04.2016;1;540;135.78;122.32
21;1;22.04.2016;1;176;135.78;122.32
21;1;23.04.2016;1;459;135.78;122.32
21;1;24.04.2016;1;311;135.78;122.32
21;1;25.04.2016;1;123;135.78;122.32
21;1;26.04.2016;;69;135.78;
21;1;27.04.2016;;79;135.78;
21;1;28.04.2016;;82;135.78;
21;1;29.04.2016;;75;131.16;
21;1;30.04.2016;;123;131.16;
21;1;01.05.2016;;25;131.16;
21;1;02.05.2016;;22;131.16;
21;1;03.05.2016;;28;131.16;
21;1;04.05.2016;;69;131.16;
21;1;05.05.2016;;101;131.16;
21;1;06.05.2016;;101;131.16;
21;1;07.05.2016;;72;131.16;
21;1;08.05.2016;;94;131.16;
21;1;09.05.2016;;60;131.16;
21;1;10.05.2016;;110;131.16;
21;1;11.05.2016;;104;131.16;
21;1;12.05.2016;;47;131.16;
21;1;13.05.2016;;132;128.98;
21;1;14.05.2016;;91;128.98;
21;1;15.05.2016;;88;128.98;
21;1;16.05.2016;;97;128.98;
21;1;17.05.2016;1;276;128.98;119.6
21;1;18.05.2016;1;286;128.98;119.6
21;1;19.05.2016;1;270;128.98;119.6
21;1;20.05.2016;1;613;128.98;119.6
21;1;21.05.2016;1;515;128.98;119.6
21;1;22.05.2016;1;547;128.98;119.6
