data/retail_2products.csv
Store_id;SKU_id;Date;Promo;Demand;Regular_Price;Promo_Price
22;1;01.01.2015;;9;171.93;
22;1;02.01.2015;;47;171.93;
22;1;03.01.2015;;75;171.93;
22;1;04.01.2015;;63;171.93;
22;1;05.01.2015;;63;171.93;
22;1;06.01.2015;;41;171.93;
22;1;07.01.2015;;53;171.93;
22;1;08.01.2015;;69;171.93;
22;1;09.01.2015;;60;171.93;
22;1;10.01.2015;;97;171.93;
22;1;11.01.2015;;72;171.93;
22;1;12.01.2015;;104;171.93;
22;1;13.01.2015;;79;171.93;
22;1;14.01.2015;;79;176.82;
22;1;15.01.2015;;53;176.82;
22;1;16.01.2015;;85;176.82;
22;1;17.01.2015;;72;176.82;
22;1;18.01.2015;;69;176.82;
22;1;19.01.2015;;57;176.82;
22;1;20.01.2015;;88;176.82;
22;1;21.01.2015;;79;176.82;
22;1;22.01.2015;;63;176.82;
22;1;23.01.2015;;50;168.4;
22;1;24.01.2015;;101;168.4;
22;1;25.01.2015;;82;168.4;
22;1;26.01.2015;;66;168.4;
22;1;27.01.2015;;104;168.4;
22;1;28.01.2015;;107;154.26;
22;1;29.01.2015;;97;154.26;
22;1;30.01.2015;;72;154.26;
22;1;31.01.2015;;97;154.26;
22;1;01.02.2015;;57;154.26;
22;1;02.02.2015;;63;154.26;
22;1;03.02.2015;;101;154.26;
22;1;04.02.2015;;85;154.26;
22;1;05.02.2015;;57;154.26;
22;1;06.02.2015;;63;154.26;
22;1;07.02.2015;;72;154.26;
22;1;08.02.2015;;97;154.26;
22;1;09.02.2015;;85;154.26;
22;1;10.02.2015;;88;154.26;
22;1;11.02.2015;;97;154.26;
22;1;12.02.2015;;113;154.26;
22;1;13.02.2015;;91;156.98;
22;1;14.02.2015;;123;156.98;
22;1;15.02.2015;;126;156.98;
22;1;16.02.2015;;66;156.98;
22;1;17.02.2015;1;738;156.98;143.8
22;1;18.02.2015;1;713;156.98;135.64
22;1;19.02.2015;1;254;156.98;135.64
22;1;20.02.2015;1;311;156.98;135.64
22;1;21.02.2015;1;192;156.98;135.64
22;1;22.02.2015;1;198;156.98;135.64
22;1;23.02.2015;1;148;156.98;135.64
22;1;24.02.2015;;91;156.98;
22;1;25.02.2015;;91;156.98;
22;1;26.02.2015;;91;156.98;
22;1;27.02.2015;;91;151.27;
22;1;28.02.2015;;91;151.27;
22;1;01.03.2015;;91;151.27;
22;1;02.03.2015;;91;151.27;
22;1;03.03.2015;1;481;151.27;138.36
22;1;04.03.2015;1;481;151.27;135.64
22;1;05.03.2015;1;440;145.56;135.64
22;1;06.03.2015;1;204;145.56;135.64
22;1;07.03.2015;1;176;145.56;135.64
22;1;08.03.2015;1;176;145.56;135.64
22;1;09.03.2015;;88;147.74;
22;1;10.03.2015;;69;147.74;
22;1;11.03.2015;;132;147.74;
22;1;12.03.2015;;154;147.74;
22;1;13.03.2015;;167;147.74;
22;1;14.03.2015;;110;147.74;
22;1;15.03.2015;;82;147.74;
22;1;16.03.2015;;50;147.74;
22;1;17.03.2015;1;487;147.74;127.49
22;1;18.03.2015;1;390;147.74;127.49
22;1;19.03.2015;1;688;147.74;127.49
22;1;20.03.2015;1;550;147.74;127.49
22;1;21.03.2015;1;302;147.74;127.49
22;1;22.03.2015;1;336;147.74;127.49
22;1;23.03.2015;1;239;147.74;127.49
22;1;24.03.2015;;154;147.74;
22;1;25.03.2015;;85;147.74;
22;1;26.03.2015;;214;131.97;
22;1;27.03.2015;;116;131.97;
22;1;28.03.2015;;179;131.97;
22;1;29.03.2015;;141;131.97;
22;1;30.03.2015;;170;131.97;
22;1;31.03.2015;;82;131.97;
22;1;01.04.2015;;135;133.33;
22;1;02.04.2015;;129;133.33;
22;1;03.04.2015;;138;133.33;
22;1;04.04.2015;;110;133.33;
22;1;05.04.2015;;135;133.33;
22;1;06.04.2015;;135;133.33;
22;1;07.04.2015;1;251;133.33;119.33
22;1;08.04.2015;1;276;133.33;119.33
22;1;09.04.2015;1;358;133.33;119.33
22;1;10.04.2015;1;434;133.33;119.33
22;1;11.04.2015;1;559;133.33;119.33
22;1;12.04.2015;1;116;133.33;119.33
22;1;13.04.2015;1;220;133.33;119.33
22;1;14.04.2015;;179;130.34;
22;1;15.04.2015;;236;130.34;
22;1;16.04.2015;;138;130.34;
22;1;17.04.2015;;94;138.5;
22;1;18.04.2015;;60;138.5;
22;1;19.04.2015;;101;138.5;
22;1;20.04.2015;;85;138.5;
22;1;21.04.2015;;50;138.5;
22;1;22.04.2015;;119;128.98;
22;1;23.04.2015;;116;128.98;
22;1;24.04.2015;;82;128.98;
22;1;25.04.2015;;126;128.98;
22;1;26.04.2015;;113;128.98;
22;1;27.04.2015;;94;128.98;
22;1;28.04.2015;;116;128.98;
22;1;29.04.2015;;88;131.7;
22;1;30.04.2015;;94;131.7;
22;1;01.05.2015;;113;131.7;
22;1;02.05.2015;;72;131.7;
22;1;03.05.2015;;53;131.7;
22;1;04.05.2015;;104;131.7;
22;1;05.05.2015;;97;131.7;
22;1;06.05.2015;;69;131.7;
22;1;07.05.2015;;97;131.7;
22;1;08.05.2015;;141;131.7;
22;1;09.05.2015;;66;131.7;
22;1;10.05.2015;;69;131.7;
22;1;11.05.2015;;85;131.7;
22;1;12.05.2015;;72;131.7;
22;1;13.05.2015;;66;131.7;
22;1;14.05.2015;;69;131.7;
22;1;15.05.2015;;119;131.7;
22;1;16.05.2015;;151;131.7;
22;1;17.05.2015;;132;131.7;
22;1;18.05.2015;;104;131.7;
22;1;19.05.2015;1;148;131.7;119.33
22;1;20.05.2015;1;311;131.7;119.33
22;1;21.05.2015;1;644;131.7;119.33
22;1;22.05.2015;1;151;131.7;119.33
22;1;23.05.2015;1;330;131.7;119.33
22;1;24.05.2015;1;135;131.7;119.33
22;1;25.05.2015;1;195;131.7;119.33
22;1;26.05.2015;;157;131.7;
22;1;27.05.2015;;79;129.25;
22;1;28.05.2015;;91;129.25;
22;1;29.05.2015;;85;129.25;
22;1;30.05.2015;;94;129.25;
22;1;31.05.2015;;85;129.25;
22;1;01.06.2015;;97;129.25;
22;1;02.06.2015;;113;129.25;
22;1;03.06.2015;;129;129.25;
22;1;04.06.2015;;110;129.25;
22;1;05.06.2015;;82;129.25;
22;1;06.06.2015;;113;131.7;
22;1;07.06.2015;;198;131.7;
22;1;08.06.2015;;101;131.7;
22;1;09.06.2015;1;176;131.7;119.33
22;1;10.06.2015;1;226;131.7;119.33
22;1;11.06.2015;1;317;131.7;119.33
22;1;12.06.2015;1;201;131.7;119.33
22;1;13.06.2015;1;292;131.7;119.33
22;1;14.06.2015;1;182;131.7;119.33
22;1;15.06.2015;1;217;131.7;119.33
22;1;16.06.2015;;94;131.7;
22;1;17.06.2015;;107;131.7;
22;1;18.06.2015;;135;128.17;
22;1;19.06.2015;;154;128.17;
22;1;20.06.2015;;104;128.17;
22;1;21.06.2015;;94;128.17;
22;1;22.06.2015;;182;128.17;
22;1;23.06.2015;;201;128.17;
22;1;24.06.2015;;129;128.17;
22;1;25.06.2015;;198;128.17;
22;1;26.06.2015;;245;128.17;
22;1;27.06.2015;;160;128.17;
22;1;28.06.2015;;182;130.34;
22;1;29.06.2015;;135;130.34;
22;1;30.06.2015;1;188;130.34;119.33
22;1;01.07.2015;1;217;130.34;119.33
22;1;02.07.2015;1;248;130.34;119.33
22;1;03.07.2015;1;295;130.34;119.33
22;1;04.07.2015;1;295;130.34;119.33
22;1;05.07.2015;1;232;130.34;119.33
22;1;06.07.2015;1;232;130.34;119.33
22;1;07.07.2015;;132;130.34;
22;1;08.07.2015;;113;130.34;
22;1;09.07.2015;;170;121.64;
22;1;10.07.2015;;248;121.64;
22;1;11.07.2015;;232;123.55;
22;1;12.07.2015;;113;123.55;
22;1;13.07.2015;;320;123.55;
22;1;14.07.2015;;349;123.55;
22;1;15.07.2015;;135;125.45;
22;1;16.07.2015;;160;125.45;
22;1;17.07.2015;;358;125.45;
22;1;18.07.2015;;292;127.62;
22;1;19.07.2015;;239;127.62;
22;1;20.07.2015;;427;127.62;
22;1;21.07.2015;;355;127.62;
22;1;22.07.2015;;292;127.62;
22;1;23.07.2015;;484;127.62;
22;1;24.07.2015;;368;127.62;
22;1;25.07.2015;;324;127.62;
22;1;26.07.2015;;424;130.07;
22;1;27.07.2015;;484;130.07;
22;1;28.07.2015;1;468;130.07;124.77
22;1;29.07.2015;1;468;130.07;124.77
22;1;30.07.2015;1;226;130.07;124.77
22;1;31.07.2015;1;226;130.07;124.77
22;1;01.08.2015;1;317;130.07;124.77
22;1;02.08.2015;1;295;130.07;124.77
22;1;03.08.2015;1;317;130.07;124.77
22;1;04.08.2015;;97;138.5;
22;1;05.08.2015;;94;138.5;
22;1;06.08.2015;;129;138.5;
22;1;07.08.2015;;107;138.5;
22;1;08.08.2015;;157;141.21;
22;1;09.08.2015;;129;141.21;
22;1;10.08.2015;;182;141.21;
22;1;11.08.2015;;126;141.21;
22;1;12.08.2015;;138;142.85;
22;1;13.08.2015;;176;142.85;
22;1;14.08.2015;;119;142.85;
22;1;15.08.2015;;97;142.85;
22;1;16.08.2015;;107;142.85;
22;1;17.08.2015;;192;142.85;
22;1;18.08.2015;;129;142.85;
22;1;19.08.2015;;101;142.85;
22;1;20.08.2015;;94;142.85;
22;1;21.08.2015;;101;142.85;
22;1;22.08.2015;;110;142.85;
22;1;23.08.2015;;97;142.85;
22;1;24.08.2015;;167;142.85;
22;1;25.08.2015;;129;142.85;
22;1;26.08.2015;;126;142.85;
22;1;27.08.2015;;314;137.68;
22;1;28.08.2015;;129;137.68;
22;1;29.08.2015;;129;137.68;
22;1;30.08.2015;;214;137.68;
22;1;31.08.2015;;101;137.68;
22;1;01.09.2015;;101;137.68;
22;1;02.09.2015;;192;135.78;
22;1;03.09.2015;;119;135.78;
22;1;04.09.2015;;104;135.78;
22;1;05.09.2015;;79;133.6;
22;1;06.09.2015;;223;133.6;
22;1;07.09.2015;;204;133.6;
22;1;08.09.2015;;182;133.6;
22;1;09.09.2015;;160;135.51;
22;1;10.09.2015;;110;135.51;
22;1;11.09.2015;;141;135.51;
22;1;12.09.2015;;126;135.51;
22;1;13.09.2015;;132;135.51;
22;1;14.09.2015;;135;135.51;
22;1;15.09.2015;;217;135.51;
22;1;16.09.2015;;85;138.5;
22;1;17.09.2015;;113;138.5;
22;1;18.09.2015;;75;138.5;
22;1;19.09.2015;;107;138.5;
22;1;20.09.2015;;75;138.5;
22;1;21.09.2015;;94;138.5;
22;1;22.09.2015;;91;138.5;
22;1;23.09.2015;;116;141.21;
22;1;24.09.2015;;110;141.21;
22;1;25.09.2015;;63;141.21;
22;1;26.09.2015;;79;141.21;
22;1;27.09.2015;;66;141.21;
22;1;28.09.2015;;116;141.21;
22;1;29.09.2015;;119;141.21;
22;1;30.09.2015;;138;141.21;
22;1;01.10.2015;;107;141.21;
22;1;02.10.2015;;72;141.21;
22;1;03.10.2015;;72;141.21;
22;1;04.10.2015;;91;141.21;
22;1;05.10.2015;;79;141.21;
22;1;06.10.2015;1;185;141.21;132.92
22;1;07.10.2015;1;192;141.21;130.21
22;1;08.10.2015;1;176;141.11;130.21
22;1;09.10.2015;1;163;141.21;130.21
22;1;10.10.2015;1;192;141.21;130.21
22;1;11.10.2015;1;214;141.21;130.21
22;1;12.10.2015;1;107;141.21;130.21
22;1;13.10.2015;;107;141.21;
22;1;14.10.2015;;110;141.21;
22;1;15.10.2015;;113;142.57;
22;1;16.10.2015;;69;142.57;
22;1;17.10.2015;;69;142.57;
22;1;18.10.2015;;63;142.57;
22;1;19.10.2015;;94;142.57;
22;1;20.10.2015;;97;142.57;
22;1;21.10.2015;;141;130.34;
22;1;22.10.2015;;113;130.34;
22;1;23.10.2015;;110;130.34;
22;1;24.10.2015;;151;130.34;
22;1;25.10.2015;;91;130.34;
22;1;26.10.2015;;75;130.34;
22;1;27.10.2015;1;135;130.34;122.32
22;1;28.10.2015;1;204;130.34;124.77
22;1;29.10.2015;1;176;130.34;124.77
22;1;30.10.2015;1;195;130.34;124.77
22;1;31.10.2015;1;176;130.34;124.77
22;1;01.11.2015;1;97;130.34;124.77
22;1;02.11.2015;1;129;130.34;124.77
22;1;03.11.2015;;182;130.34;
22;1;04.11.2015;;148;134.69;
22;1;05.11.2015;;66;134.69;
22;1;06.11.2015;;79;134.69;
22;1;07.11.2015;;107;134.69;
22;1;08.11.2015;;72;134.69;
22;1;09.11.2015;;69;134.69;
22;1;10.11.2015;;132;134.69;
22;1;11.11.2015;;132;130.34;
22;1;12.11.2015;;110;130.34;
22;1;13.11.2015;;104;130.34;
22;1;14.11.2015;;66;130.34;
22;1;15.11.2015;;85;130.34;
22;1;16.11.2015;;119;130.34;
22;1;17.11.2015;;57;130.34;
22;1;18.11.2015;;91;130.34;
22;1;19.11.2015;;79;130.34;
22;1;20.11.2015;;85;130.34;
22;1;21.11.2015;;91;130.34;
22;1;22.11.2015;;69;130.34;
22;1;23.11.2015;;88;130.34;
22;1;24.11.2015;1;254;130.34;116.61
22;1;25.11.2015;1;368;130.34;116.61
22;1;26.11.2015;1;443;130.34;116.61
22;1;27.11.2015;1;258;130.34;116.61
22;1;28.11.2015;1;327;130.34;116.61
22;1;29.11.2015;1;207;130.34;116.61
22;1;30.11.2015;1;368;130.34;116.61
22;1;01.12.2015;;53;130.34;
22;1;02.12.2015;;101;130.34;
22;1;03.12.2015;;69;130.34;
22;1;04.12.2015;;110;130.34;
22;1;05.12.2015;1;226;130.34;116.61
22;1;06.12.2015;1;207;130.34;116.61
22;1;07.12.2015;1;223;130.34;116.61
22;1;08.12.2015;;110;130.34;
22;1;09.12.2015;;97;130.34;
22;1;10.12.2015;;97;130.34;
22;1;11.12.2015;;123;130.34;
22;1;12.12.2015;;110;130.34;
22;1;13.12.2015;;79;130.34;
22;1;14.12.2015;;79;130.34;
22;1;15.12.2015;;132;130.34;
22;1;16.12.2015;;148;130.34;
22;1;17.12.2015;;113;130.34;
22;1;18.12.2015;;107;130.34;
22;1;19.12.2015;;69;130.34;
22;1;20.12.2015;;63;130.34;
22;1;21.12.2015;;50;130.34;
22;1;22.12.2015;;53;130.34;
22;1;23.12.2015;;72;130.34;
22;1;24.12.2015;;119;126.54;
22;1;25.12.2015;;85;126.54;
22;1;26.12.2015;;141;126.54;
22;1;27.12.2015;;63;126.54;
22;1;28.12.2015;;154;126.54;
22;1;29.12.2015;;110;126.54;
22;1;30.12.2015;;82;126.54;
22;1;31.12.2015;;79;126.54;
22;1;01.01.2016;;9;126.54;
22;1;02.01.2016;;53;126.54;
22;1;03.01.2016;;50;126.54;
22;1;04.01.2016;;101;126.54;
22;1;05.01.2016;;145;126.54;
22;1;06.01.2016;;94;126.54;
22;1;07.01.2016;;72;126.54;
22;1;08.01.2016;;72;126.54;
22;1;09.01.2016;;123;126.54;
22;1;10.01.2016;;88;126.54;
22;1;11.01.2016;;179;126.54;
22;1;12.01.2016;;148;126.54;
22;1;13.01.2016;;157;126.54;
22;1;14.01.2016;;154;126.54;
22;1;15.01.2016;;264;126.54;
22;1;16.01.2016;;242;126.54;
22;1;17.01.2016;;195;126.54;
22;1;18.01.2016;;179;126.54;
22;1;19.01.2016;;308;126.54;
22;1;20.01.2016;;126;126.54;
22;1;21.01.2016;;145;127.9;
22;1;22.01.2016;;214;127.9;
22;1;23.01.2016;;141;127.9;
22;1;24.01.2016;;179;127.9;
22;1;25.01.2016;;251;127.9;
22;1;26.01.2016;;276;127.9;
22;1;27.01.2016;;176;127.9;
22;1;28.01.2016;;254;127.9;
22;1;29.01.2016;;204;127.9;
22;1;30.01.2016;;151;127.9;
22;1;31.01.2016;;198;127.9;
22;1;01.02.2016;;192;130.34;
22;1;02.02.2016;;141;130.34;
22;1;03.02.2016;;132;130.34;
22;1;04.02.2016;;123;133.06;
22;1;05.02.2016;;138;133.06;
22;1;06.02.2016;;116;133.06;
22;1;07.02.2016;;107;141.76;
22;1;08.02.2016;;85;141.76;
22;1;09.02.2016;1;116;141.76;130.75
22;1;10.02.2016;1;220;141.76;130.75
22;1;11.02.2016;1;339;141.76;130.75
22;1;12.02.2016;1;210;141.76;130.75
22;1;13.02.2016;1;151;141.76;130.75
22;1;14.02.2016;1;298;141.76;130.75
22;1;15.02.2016;1;242;141.76;130.75
22;1;16.02.2016;1;138;141.76;130.75
22;1;17.02.2016;1;264;141.76;130.75
22;1;18.02.2016;;123;141.76;
22;1;19.02.2016;;50;141.76;
22;1;20.02.2016;;104;141.76;
22;1;21.02.2016;;72;141.76;
22;1;22.02.2016;;75;141.76;
22;1;23.02.2016;;47;141.76;
22;1;24.02.2016;;85;141.76;
22;1;25.02.2016;;91;141.76;
22;1;26.02.2016;;88;141.76;
22;1;27.02.2016;;107;141.76;
22;1;28.02.2016;;63;141.76;
22;1;29.02.2016;;72;141.76;
22;1;01.03.2016;;101;141.76;
22;1;02.03.2016;;82;141.76;
22;1;03.03.2016;;79;141.76;
22;1;04.03.2016;;107;141.76;
22;1;05.03.2016;;163;141.21;
22;1;06.03.2016;;85;141.21;
22;1;07.03.2016;;154;141.21;
22;1;08.03.2016;1;107;141.21;132.92
22;1;09.03.2016;1;97;141.21;132.92
22;1;10.03.2016;1;101;141.21;132.92
22;1;11.03.2016;1;141;141.21;132.92
22;1;12.03.2016;1;157;141.21;132.92
22;1;13.03.2016;1;129;141.21;132.92
22;1;14.03.2016;1;163;141.21;132.92
22;1;15.03.2016;1;320;141.21;130.21
22;1;16.03.2016;1;302;141.21;130.21
22;1;17.03.2016;1;160;141.21;130.21
22;1;18.03.2016;1;151;141.21;130.21
22;1;19.03.2016;1;160;141.21;130.21
22;1;20.03.2016;;85;141.21;
22;1;21.03.2016;;94;141.21;
22;1;22.03.2016;;75;141.21;
22;1;23.03.2016;;69;141.21;
22;1;24.03.2016;;66;141.21;
22;1;25.03.2016;;63;141.21;
22;1;26.03.2016;;107;141.21;
22;1;27.03.2016;;123;141.21;
22;1;28.03.2016;;113;141.21;
22;1;29.03.2016;;66;141.21;
22;1;30.03.2016;;72;141.21;
22;1;31.03.2016;;94;141.21;
22;1;01.04.2016;;60;141.21;
22;1;02.04.2016;;57;141.21;
22;1;03.04.2016;;91;141.21;
22;1;04.04.2016;;113;141.21;
22;1;05.04.2016;;44;141.21;
22;1;06.04.2016;;57;141.21;
22;1;07.04.2016;;60;141.21;
22;1;08.04.2016;;104;141.21;
22;1;09.04.2016;;75;141.21;
22;1;10.04.2016;;66;141.21;
22;1;11.04.2016;;72;141.21;
22;1;12.04.2016;;69;141.21;
22;1;13.04.2016;;50;141.21;
22;1;14.04.2016;;60;135.78;
22;1;15.04.2016;;69;135.78;
22;1;16.04.2016;;72;135.78;
22;1;17.04.2016;;91;135.78;
22;1;18.04.2016;;75;135.78;
22;1;19.04.2016;1;167;135.78;122.32
22;1;20.04.2016;1;126;135.78;122.32
22;1;21.04.2016;1;198;135.78;122.32
22;1;22.04.2016;1;170;135.78;122.32
22;1;23.04.2016;1;82;135.78;122.32
22;1;24.04.2016;1;107;135.78;122.32
22;1;25.04.2016;1;204;135.78;122.32
22;1;26.04.2016;;107;135.78;
22;1;27.04.2016;;88;135.78;
22;1;28.04.2016;;79;135.78;
22;1;29.04.2016;;145;131.16;
22;1;30.04.2016;;167;131.16;
22;1;01.05.2016;;31;131.16;
22;1;02.05.2016;;22;131.16;
22;1;03.05.2016;;47;131.16;
22;1;04.05.2016;;94;131.16;
22;1;05.05.2016;;85;131.16;
22;1;06.05.2016;;69;131.16;
22;1;07.05.2016;;97;131.16;
22;1;08.05.2016;;75;131.16;
22;1;09.05.2016;;57;131.16;
22;1;10.05.2016;;72;131.16;
22;1;11.05.2016;;132;131.16;
22;1;12.05.2016;;151;131.16;
22;1;13.05.2016;;75;128.98;
22;1;14.05.2016;;110;128.98;
22;1;15.05.2016;;82;128.98;
22;1;16.05.2016;;88;128.98;
22;1;17.05.2016;1;85;128.98;119.6
22;1;18.05.2016;1;170;128.98;119.6
22;1;19.05.2016;1;264;128.98;119.6
22;1;20.05.2016;1;82;128.98;119.6
22;1;21.05.2016;1;160;128.98;119.6
22;1;22.05.2016;1;101;128.98;119.6
