data/retail_2products.csv
Store_id;SKU_id;Date;Promo;Demand;Regular_Price;Promo_Price
23;1;01.01.2015;;13;163.78;
23;1;02.01.2015;;28;163.78;
23;1;03.01.2015;;57;163.78;
23;1;04.01.2015;;69;163.78;
23;1;05.01.2015;;91;163.78;
23;1;06.01.2015;;104;163.78;
23;1;07.01.2015;;75;163.78;
23;1;08.01.2015;;148;163.78;
23;1;09.01.2015;;151;163.78;
23;1;10.01.2015;;163;163.78;
23;1;11.01.2015;;85;163.78;
23;1;12.01.2015;;107;163.78;
23;1;13.01.2015;;145;163.78;
23;1;14.01.2015;;176;168.4;
23;1;15.01.2015;;145;168.4;
23;1;16.01.2015;;126;168.4;
23;1;17.01.2015;;151;168.4;
23;1;18.01.2015;;198;168.4;
23;1;19.01.2015;;101;168.4;
23;1;20.01.2015;;107;168.4;
23;1;21.01.2015;;135;168.4;
23;1;22.01.2015;;119;168.4;
23;1;23.01.2015;;135;160.24;
23;1;24.01.2015;;110;160.24;
23;1;25.01.2015;;88;160.24;
23;1;26.01.2015;;104;160.24;
23;1;27.01.2015;;132;160.24;
23;1;28.01.2015;;182;146.92;
23;1;29.01.2015;;195;146.92;
23;1;30.01.2015;;173;146.92;
23;1;31.01.2015;;126;146.92;
23;1;01.02.2015;;145;146.92;
23;1;02.02.2015;;126;146.92;
23;1;03.02.2015;;192;146.92;
23;1;04.02.2015;;217;146.92;
23;1;05.02.2015;;163;146.92;
23;1;06.02.2015;;176;146.92;
23;1;07.02.2015;;179;146.92;
23;1;08.02.2015;;317;146.92;
23;1;09.02.2015;;129;146.92;
23;1;10.02.2015;;210;146.92;
23;1;11.02.2015;;251;146.92;
23;1;12.02.2015;;110;146.92;
23;1;13.02.2015;;170;149.37;
23;1;14.02.2015;;163;149.37;
23;1;15.02.2015;;101;149.37;
23;1;16.02.2015;;258;149.37;
23;1;17.02.2015;1;434;149.37;143.8
23;1;18.02.2015;1;261;149.37;135.64
23;1;19.02.2015;1;625;149.37;135.64
23;1;20.02.2015;1;795;149.37;135.64
23;1;21.02.2015;1;613;149.37;135.64
23;1;22.02.2015;1;349;149.37;135.64
23;1;23.02.2015;1;280;149.37;135.64
23;1;24.02.2015;;201;149.37;
23;1;25.02.2015;;145;149.37;
23;1;26.02.2015;;229;149.37;
23;1;27.02.2015;;229;143.93;
23;1;28.02.2015;;204;143.93;
23;1;01.03.2015;;232;143.93;
23;1;02.03.2015;;185;143.93;
23;1;03.03.2015;1;456;143.93;138.36
23;1;04.03.2015;1;314;143.93;135.64
23;1;05.03.2015;1;245;138.5;135.64
23;1;06.03.2015;1;207;138.5;135.64
23;1;07.03.2015;1;368;138.5;135.64
23;1;08.03.2015;1;220;138.5;135.64
23;1;09.03.2015;;176;140.67;
23;1;10.03.2015;;280;140.67;
23;1;11.03.2015;;170;140.67;
23;1;12.03.2015;;229;140.67;
23;1;13.03.2015;;157;140.67;
23;1;14.03.2015;;232;140.67;
23;1;15.03.2015;;204;140.67;
23;1;16.03.2015;;138;140.67;
23;1;17.03.2015;1;792;140.67;127.49
23;1;18.03.2015;1;1203;140.67;127.49
23;1;19.03.2015;1;760;140.67;127.49
23;1;20.03.2015;1;773;140.67;127.49
23;1;21.03.2015;1;741;140.67;127.49
23;1;22.03.2015;1;842;140.67;127.49
23;1;23.03.2015;1;528;140.67;127.49
23;1;24.03.2015;;151;140.67;
23;1;25.03.2015;;302;140.67;
23;1;26.03.2015;;298;131.97;
23;1;27.03.2015;;267;131.97;
23;1;28.03.2015;;276;131.97;
23;1;29.03.2015;;339;131.97;
23;1;30.03.2015;;217;131.97;
23;1;31.03.2015;;236;131.97;
23;1;01.04.2015;;192;133.33;
23;1;02.04.2015;;173;133.33;
23;1;03.04.2015;;179;133.33;
23;1;04.04.2015;;264;133.33;
23;1;05.04.2015;;207;133.33;
23;1;06.04.2015;;195;133.33;
23;1;07.04.2015;1;974;133.33;119.33
23;1;08.04.2015;1;760;133.33;119.33
23;1;09.04.2015;1;971;133.33;119.33
23;1;10.04.2015;1;537;133.33;119.33
23;1;11.04.2015;1;550;133.33;119.33
23;1;12.04.2015;1;336;133.33;119.33
23;1;13.04.2015;1;386;133.33;119.33
23;1;14.04.2015;;138;130.34;
23;1;15.04.2015;;157;130.34;
23;1;16.04.2015;;251;130.34;
23;1;17.04.2015;;135;138.5;
23;1;18.04.2015;;188;138.5;
23;1;19.04.2015;;160;138.5;
23;1;20.04.2015;;119;138.5;
23;1;21.04.2015;;94;138.5;
23;1;22.04.2015;;119;128.98;
23;1;23.04.2015;;132;128.98;
23;1;24.04.2015;;135;128.98;
23;1;25.04.2015;;101;128.98;
23;1;26.04.2015;;154;128.98;
23;1;27.04.2015;;192;128.98;
23;1;28.04.2015;;119;128.98;
23;1;29.04.2015;;110;131.7;
23;1;30.04.2015;;198;131.7;
23;1;01.05.2015;;141;131.7;
23;1;02.05.2015;;148;131.7;
23;1;03.05.2015;;101;131.7;
23;1;04.05.2015;;188;131.7;
23;1;05.05.2015;;173;131.7;
23;1;06.05.2015;;132;131.7;
23;1;07.05.2015;;157;131.7;
23;1;08.05.2015;;229;131.7;
23;1;09.05.2015;;116;131.7;
23;1;10.05.2015;;63;131.7;
23;1;11.05.2015;;107;131.7;
23;1;12.05.2015;;135;131.7;
23;1;13.05.2015;;157;131.7;
23;1;14.05.2015;;94;131.7;
23;1;15.05.2015;;138;131.7;
23;1;16.05.2015;;163;131.7;
23;1;17.05.2015;;160;131.7;
23;1;18.05.2015;;138;131.7;
23;1;19.05.2015;1;377;131.7;119.33
23;1;20.05.2015;1;672;131.7;119.33
23;1;21.05.2015;1;456;131.7;119.33
23;1;22.05.2015;1;317;131.7;119.33
23;1;23.05.2015;1;314;131.7;119.33
23;1;24.05.2015;1;223;131.7;119.33
23;1;25.05.2015;1;236;131.7;119.33
23;1;26.05.2015;;145;131.7;
23;1;27.05.2015;;94;129.25;
23;1;28.05.2015;;104;129.25;
23;1;29.05.2015;;113;129.25;
23;1;30.05.2015;;72;129.25;
23;1;31.05.2015;;101;129.25;
23;1;01.06.2015;;132;129.25;
23;1;02.06.2015;;126;129.25;
23;1;03.06.2015;;119;129.25;
23;1;04.06.2015;;107;129.25;
23;1;05.06.2015;;88;129.25;
23;1;06.06.2015;;107;131.7;
23;1;07.06.2015;;129;131.7;
23;1;08.06.2015;;110;131.7;
23;1;09.06.2015;1;452;131.7;119.33
23;1;10.06.2015;1;550;131.7;119.33
23;1;11.06.2015;1;503;131.7;119.33
23;1;12.06.2015;1;465;131.7;119.33
23;1;13.06.2015;1;305;131.7;119.33
23;1;14.06.2015;1;207;131.7;119.33
23;1;15.06.2015;1;333;131.7;119.33
23;1;16.06.2015;;151;131.7;
23;1;17.06.2015;;138;131.7;
23;1;18.06.2015;;201;128.17;
23;1;19.06.2015;;126;128.17;
23;1;20.06.2015;;101;128.17;
23;1;21.06.2015;;129;128.17;
23;1;22.06.2015;;107;128.17;
23;1;23.06.2015;;179;128.17;
23;1;24.06.2015;;154;128.17;
23;1;25.06.2015;;204;128.17;
23;1;26.06.2015;;192;128.17;
23;1;27.06.2015;;182;128.17;
23;1;28.06.2015;;242;130.34;
23;1;29.06.2015;;123;130.34;
23;1;30.06.2015;1;283;130.34;119.33
23;1;01.07.2015;1;478;130.34;119.33
23;1;02.07.2015;1;258;130.34;119.33
23;1;03.07.2015;1;251;130.34;119.33
23;1;04.07.2015;1;308;130.34;119.33
23;1;05.07.2015;1;267;130.34;119.33
23;1;06.07.2015;1;283;130.34;119.33
23;1;07.07.2015;;135;130.34;
23;1;08.07.2015;;151;130.34;
23;1;09.07.2015;;176;121.64;
23;1;10.07.2015;;298;121.64;
23;1;11.07.2015;;182;123.55;
23;1;12.07.2015;;217;123.55;
23;1;13.07.2015;;188;123.55;
23;1;14.07.2015;;232;123.55;
23;1;15.07.2015;;339;125.45;
23;1;16.07.2015;;298;125.45;
23;1;17.07.2015;;292;125.45;
23;1;18.07.2015;;430;127.62;
23;1;19.07.2015;;273;127.62;
23;1;20.07.2015;;390;127.62;
23;1;21.07.2015;;452;127.62;
23;1;22.07.2015;;273;127.62;
23;1;23.07.2015;;468;127.62;
23;1;24.07.2015;;415;127.62;
23;1;25.07.2015;;500;127.62;
23;1;26.07.2015;;251;130.07;
23;1;27.07.2015;;368;130.07;
23;1;28.07.2015;1;562;130.07;124.77
23;1;29.07.2015;1;462;130.07;124.77
23;1;30.07.2015;1;789;130.07;124.77
23;1;31.07.2015;1;886;130.07;124.77
23;1;01.08.2015;1;474;130.07;124.77
23;1;02.08.2015;1;556;130.07;124.77
23;1;03.08.2015;1;679;130.07;124.77
23;1;04.08.2015;;220;138.5;
23;1;05.08.2015;;188;138.5;
23;1;06.08.2015;;198;138.5;
23;1;07.08.2015;;248;138.5;
23;1;08.08.2015;;179;141.21;
23;1;09.08.2015;;229;141.21;
23;1;10.08.2015;;232;141.21;
23;1;11.08.2015;;308;141.21;
23;1;12.08.2015;;239;142.85;
23;1;13.08.2015;;242;142.85;
23;1;14.08.2015;;251;142.85;
23;1;15.08.2015;;210;142.85;
23;1;16.08.2015;;276;142.85;
23;1;17.08.2015;;364;142.85;
23;1;18.08.2015;;220;142.85;
23;1;19.08.2015;;220;142.85;
23;1;20.08.2015;;207;142.85;
23;1;21.08.2015;;154;142.85;
23;1;22.08.2015;;226;142.85;
23;1;23.08.2015;;327;142.85;
23;1;24.08.2015;;254;142.85;
23;1;25.08.2015;;273;142.85;
23;1;26.08.2015;;264;142.85;
23;1;27.08.2015;;280;137.68;
23;1;28.08.2015;;402;137.68;
23;1;29.08.2015;;223;137.68;
23;1;30.08.2015;;223;137.68;
23;1;31.08.2015;;355;137.68;
23;1;01.09.2015;;132;137.68;
23;1;02.09.2015;;320;135.78;
23;1;03.09.2015;;214;135.78;
23;1;04.09.2015;;273;135.78;
23;1;05.09.2015;;280;133.6;
23;1;06.09.2015;;333;133.6;
23;1;07.09.2015;;355;133.6;
23;1;08.09.2015;;254;133.6;
23;1;09.09.2015;;298;135.51;
23;1;10.09.2015;;236;135.51;
23;1;11.09.2015;;276;135.51;
23;1;12.09.2015;;245;135.51;
23;1;13.09.2015;;179;135.51;
23;1;14.09.2015;;220;135.51;
23;1;15.09.2015;;160;135.51;
23;1;16.09.2015;;185;138.5;
23;1;17.09.2015;;195;138.5;
23;1;18.09.2015;;145;138.5;
23;1;19.09.2015;;160;138.5;
23;1;20.09.2015;;188;138.5;
23;1;21.09.2015;;160;138.5;
23;1;22.09.2015;;195;138.5;
23;1;23.09.2015;;176;141.21;
23;1;24.09.2015;;148;141.21;
23;1;25.09.2015;;138;141.21;
23;1;26.09.2015;;145;141.21;
23;1;27.09.2015;;167;141.21;
23;1;28.09.2015;;173;141.21;
23;1;29.09.2015;;148;141.21;
23;1;30.09.2015;;132;141.21;
23;1;01.10.2015;;163;141.21;
23;1;02.10.2015;;129;141.21;
23;1;03.10.2015;;176;141.21;
23;1;04.10.2015;;157;141.21;
23;1;05.10.2015;;126;141.21;
23;1;06.10.2015;1;226;141.21;132.92
23;1;07.10.2015;1;258;141.21;130.21
23;1;08.10.2015;1;361;141.11;130.21
23;1;09.10.2015;1;440;141.21;130.21
23;1;10.10.2015;1;261;141.21;130.21
23;1;11.10.2015;1;245;141.21;130.21
23;1;12.10.2015;1;276;141.21;130.21
23;1;13.10.2015;;138;141.21;
23;1;14.10.2015;;126;141.21;
23;1;15.10.2015;;132;142.57;
23;1;16.10.2015;;148;142.57;
23;1;17.10.2015;;107;142.57;
23;1;18.10.2015;;138;142.57;
23;1;19.10.2015;;135;142.57;
23;1;20.10.2015;;113;142.57;
23;1;21.10.2015;;289;130.34;
23;1;22.10.2015;;232;130.34;
23;1;23.10.2015;;176;130.34;
23;1;24.10.2015;;198;130.34;
23;1;25.10.2015;;254;130.34;
23;1;26.10.2015;;273;130.34;
23;1;27.10.2015;1;638;130.34;122.32
23;1;28.10.2015;1;594;130.34;124.77
23;1;29.10.2015;1;336;130.34;124.77
23;1;30.10.2015;1;276;130.34;124.77
23;1;31.10.2015;1;355;130.34;124.77
23;1;01.11.2015;1;311;130.34;124.77
23;1;02.11.2015;1;481;130.34;124.77
23;1;03.11.2015;;160;130.34;
23;1;04.11.2015;;97;134.69;
23;1;05.11.2015;;97;134.69;
23;1;06.11.2015;;119;134.69;
23;1;07.11.2015;;132;134.69;
23;1;08.11.2015;;107;134.69;
23;1;09.11.2015;;104;134.69;
23;1;10.11.2015;;138;134.69;
23;1;11.11.2015;;123;130.34;
23;1;12.11.2015;;201;130.34;
23;1;13.11.2015;;173;130.34;
23;1;14.11.2015;;170;130.34;
23;1;15.11.2015;;145;130.34;
23;1;16.11.2015;;242;130.34;
23;1;17.11.2015;;160;130.34;
23;1;18.11.2015;;160;130.34;
23;1;19.11.2015;;148;130.34;
23;1;20.11.2015;;148;130.34;
23;1;21.11.2015;;170;130.34;
23;1;22.11.2015;;119;130.34;
23;1;23.11.2015;;135;130.34;
23;1;24.11.2015;1;1954;130.34;116.61
23;1;25.11.2015;1;1803;130.34;116.61
23;1;26.11.2015;1;1923;130.34;116.61
23;1;27.11.2015;1;1018;130.34;116.61
23;1;28.11.2015;1;688;130.34;116.61
23;1;29.11.2015;1;917;130.34;116.61
23;1;30.11.2015;1;990;130.34;116.61
23;1;01.12.2015;;123;130.34;
23;1;02.12.2015;;192;130.34;
23;1;03.12.2015;;129;130.34;
23;1;04.12.2015;;94;130.34;
23;1;05.12.2015;1;399;130.34;116.61
23;1;06.12.2015;1;496;130.34;116.61
23;1;07.12.2015;1;141;130.34;116.61
23;1;08.12.2015;;145;130.34;
23;1;09.12.2015;;167;130.34;
23;1;10.12.2015;;163;130.34;
23;1;11.12.2015;;116;130.34;
23;1;12.12.2015;;163;130.34;
23;1;13.12.2015;;116;130.34;
23;1;14.12.2015;;145;130.34;
23;1;15.12.2015;;138;130.34;
23;1;16.12.2015;;176;130.34;
23;1;17.12.2015;;129;130.34;
23;1;18.12.2015;;198;130.34;
23;1;19.12.2015;;135;130.34;
23;1;20.12.2015;;145;130.34;
23;1;21.12.2015;;113;130.34;
23;1;22.12.2015;;141;130.34;
23;1;23.12.2015;;116;130.34;
23;1;24.12.2015;;107;126.54;
23;1;25.12.2015;;160;126.54;
23;1;26.12.2015;;207;126.54;
23;1;27.12.2015;;195;126.54;
23;1;28.12.2015;;141;126.54;
23;1;29.12.2015;;242;126.54;
23;1;30.12.2015;;167;126.54;
23;1;31.12.2015;;101;126.54;
23;1;01.01.2016;;38;126.54;
23;1;02.01.2016;;88;126.54;
23;1;03.01.2016;;101;126.54;
23;1;04.01.2016;;192;126.54;
23;1;05.01.2016;;170;126.54;
23;1;06.01.2016;;201;126.54;
23;1;07.01.2016;;135;126.54;
23;1;08.01.2016;;126;126.54;
23;1;09.01.2016;;132;126.54;
23;1;10.01.2016;;154;126.54;
23;1;11.01.2016;;176;126.54;
23;1;12.01.2016;;173;126.54;
23;1;13.01.2016;;217;126.54;
23;1;14.01.2016;;170;126.54;
23;1;15.01.2016;;289;126.54;
23;1;16.01.2016;;232;126.54;
23;1;17.01.2016;;236;126.54;
23;1;18.01.2016;;226;126.54;
23;1;19.01.2016;;141;126.54;
23;1;20.01.2016;;214;126.54;
23;1;21.01.2016;;245;127.9;
23;1;22.01.2016;;267;127.9;
23;1;23.01.2016;;179;127.9;
23;1;24.01.2016;;239;127.9;
23;1;25.01.2016;;210;127.9;
23;1;26.01.2016;;138;127.9;
23;1;27.01.2016;;151;127.9;
23;1;28.01.2016;;170;127.9;
23;1;29.01.2016;;129;127.9;
23;1;30.01.2016;;151;127.9;
23;1;31.01.2016;;138;127.9;
23;1;01.02.2016;;176;130.34;
23;1;02.02.2016;;273;130.34;
23;1;03.02.2016;;173;130.34;
23;1;04.02.2016;;145;133.06;
23;1;05.02.2016;;390;133.06;
23;1;06.02.2016;;289;133.06;
23;1;07.02.2016;;157;141.76;
23;1;08.02.2016;;167;141.76;
23;1;09.02.2016;1;220;141.76;130.75
23;1;10.02.2016;1;223;141.76;130.75
23;1;11.02.2016;1;292;141.76;130.75
23;1;12.02.2016;1;317;141.76;130.75
23;1;13.02.2016;1;210;141.76;130.75
23;1;14.02.2016;1;188;141.76;130.75
23;1;15.02.2016;1;349;141.76;130.75
23;1;16.02.2016;1;289;141.76;130.75
23;1;17.02.2016;1;195;141.76;130.75
23;1;18.02.2016;;176;141.76;
23;1;19.02.2016;;123;141.76;
23;1;20.02.2016;;119;141.76;
23;1;21.02.2016;;113;141.76;
23;1;22.02.2016;;207;141.76;
23;1;23.02.2016;;135;141.76;
23;1;24.02.2016;;126;141.76;
23;1;25.02.2016;;135;141.76;
23;1;26.02.2016;;151;141.76;
23;1;27.02.2016;;173;141.76;
23;1;28.02.2016;;101;141.76;
23;1;29.02.2016;;151;141.76;
23;1;01.03.2016;;107;141.76;
23;1;02.03.2016;;119;141.76;
23;1;03.03.2016;;145;141.76;
23;1;04.03.2016;;138;141.76;
23;1;05.03.2016;;160;141.21;
23;1;06.03.2016;;173;141.21;
23;1;07.03.2016;;135;141.21;
23;1;08.03.2016;1;182;141.21;132.92
23;1;09.03.2016;1;522;141.21;132.92
23;1;10.03.2016;1;465;141.21;132.92
23;1;11.03.2016;1;364;141.21;132.92
23;1;12.03.2016;1;408;141.21;132.92
23;1;13.03.2016;1;251;141.21;132.92
23;1;14.03.2016;1;449;141.21;132.92
23;1;15.03.2016;1;594;141.21;130.21
23;1;16.03.2016;1;738;141.21;130.21
23;1;17.03.2016;1;616;141.21;130.21
23;1;18.03.2016;1;500;141.21;130.21
23;1;19.03.2016;1;719;141.21;130.21
23;1;20.03.2016;1;188;141.21;130.21
23;1;21.03.2016;;123;141.21;
23;1;22.03.2016;;126;141.21;
23;1;23.03.2016;;173;141.21;
23;1;24.03.2016;;217;141.21;
23;1;25.03.2016;;198;141.21;
23;1;26.03.2016;;113;141.21;
23;1;27.03.2016;;151;141.21;
23;1;28.03.2016;;116;141.21;
23;1;29.03.2016;;88;141.21;
23;1;30.03.2016;;94;141.21;
23;1;31.03.2016;;110;141.21;
23;1;01.04.2016;;123;141.21;
23;1;02.04.2016;;107;141.21;
23;1;03.04.2016;;82;141.21;
23;1;04.04.2016;;107;141.21;
23;1;05.04.2016;;119;141.21;
23;1;06.04.2016;;116;141.21;
23;1;07.04.2016;;195;141.21;
23;1;08.04.2016;;132;141.21;
23;1;09.04.2016;;135;141.21;
23;1;10.04.2016;;261;141.21;
23;1;11.04.2016;;113;141.21;
23;1;12.04.2016;;110;141.21;
23;1;13.04.2016;;72;141.21;
23;1;14.04.2016;;113;135.78;
23;1;15.04.2016;;145;135.78;
23;1;16.04.2016;;126;135.78;
23;1;17.04.2016;;198;135.78;
23;1;18.04.2016;;167;135.78;
23;1;19.04.2016;1;220;135.78;122.32
23;1;20.04.2016;1;804;135.78;122.32
23;1;21.04.2016;1;609;135.78;122.32
23;1;22.04.2016;1;908;135.78;122.32
23;1;23.04.2016;1;500;135.78;122.32
23;1;24.04.2016;1;471;135.78;122.32
23;1;25.04.2016;1;308;135.78;122.32
23;1;26.04.2016;;223;135.78;
23;1;27.04.2016;;220;135.78;
23;1;28.04.2016;;179;135.78;
23;1;29.04.2016;;226;131.16;
23;1;30.04.2016;;135;131.16;
23;1;01.05.2016;;82;131.16;
23;1;02.05.2016;;69;131.16;
23;1;03.05.2016;;79;131.16;
23;1;04.05.2016;;88;131.16;
23;1;05.05.2016;;126;131.16;
23;1;06.05.2016;;154;131.16;
23;1;07.05.2016;;97;131.16;
23;1;08.05.2016;;110;131.16;
23;1;09.05.2016;;88;131.16;
23;1;10.05.2016;;176;131.16;
23;1;11.05.2016;;110;131.16;
23;1;12.05.2016;;135;131.16;
23;1;13.05.2016;;160;128.98;
23;1;14.05.2016;;148;128.98;
23;1;15.05.2016;;132;128.98;
23;1;16.05.2016;;173;128.98;
23;1;17.05.2016;1;594;128.98;119.6
23;1;18.05.2016;1;905;128.98;119.6
23;1;19.05.2016;1;1052;128.98;119.6
23;1;20.05.2016;1;767;128.98;119.6
23;1;21.05.2016;1;418;128.98;119.6
23;1;22.05.2016;1;320;128.98;119.6
