data/retail_2products.csv
Store_id;SKU_id;Date;Promo;Demand;Regular_Price;Promo_Price
24;1;01.01.2015;;31;163.78;
24;1;02.01.2015;;63;163.78;
24;1;03.01.2015;;50;163.78;
24;1;04.01.2015;;63;163.78;
24;1;05.01.2015;;85;163.78;
24;1;06.01.2015;;97;163.78;
24;1;07.01.2015;;94;163.78;
24;1;08.01.2015;;75;163.78;
24;1;09.01.2015;;97;163.78;
24;1;10.01.2015;;135;163.78;
24;1;11.01.2015;;116;163.78;
24;1;12.01.2015;;107;163.78;
24;1;13.01.2015;;283;163.78;
24;1;14.01.2015;;167;168.4;
24;1;15.01.2015;;182;168.4;
24;1;16.01.2015;;163;168.4;
24;1;17.01.2015;;192;168.4;
24;1;18.01.2015;;126;168.4;
24;1;19.01.2015;;138;168.4;
24;1;20.01.2015;;123;168.4;
24;1;21.01.2015;;97;168.4;
24;1;22.01.2015;;110;168.4;
24;1;23.01.2015;;138;160.24;
24;1;24.01.2015;;163;160.24;
24;1;25.01.2015;;188;160.24;
24;1;26.01.2015;;119;160.24;
24;1;27.01.2015;;163;160.24;
24;1;28.01.2015;;295;146.92;
24;1;29.01.2015;;289;146.92;
24;1;30.01.2015;;383;146.92;
24;1;31.01.2015;;185;146.92;
24;1;01.02.2015;;371;146.92;
24;1;02.02.2015;;440;146.92;
24;1;03.02.2015;;295;146.92;
24;1;04.02.2015;;289;146.92;
24;1;05.02.2015;;295;146.92;
24;1;06.02.2015;;390;146.92;
24;1;07.02.2015;;327;146.92;
24;1;08.02.2015;;289;146.92;
24;1;09.02.2015;;424;146.92;
24;1;10.02.2015;;402;146.92;
24;1;11.02.2015;;415;146.92;
24;1;12.02.2015;;399;146.92;
24;1;13.02.2015;;358;149.37;
24;1;14.02.2015;;283;149.37;
24;1;15.02.2015;;311;149.37;
24;1;16.02.2015;;302;149.37;
24;1;17.02.2015;1;707;149.37;143.8
24;1;18.02.2015;1;763;149.37;135.64
24;1;19.02.2015;1;1414;149.37;135.64
24;1;20.02.2015;1;1992;149.37;135.64
24;1;21.02.2015;1;930;149.37;135.64
24;1;22.02.2015;1;691;149.37;135.64
24;1;23.02.2015;1;726;149.37;135.64
24;1;24.02.2015;;207;149.37;
24;1;25.02.2015;;198;149.37;
24;1;26.02.2015;;248;149.37;
24;1;27.02.2015;;192;143.93;
24;1;28.02.2015;;456;143.93;
24;1;01.03.2015;;418;143.93;
24;1;02.03.2015;;443;143.93;
24;1;03.03.2015;1;355;143.93;138.36
24;1;04.03.2015;1;418;143.93;135.64
24;1;05.03.2015;1;936;138.5;135.64
24;1;06.03.2015;1;955;138.5;135.64
24;1;07.03.2015;1;776;138.5;135.64
24;1;08.03.2015;1;330;138.5;135.64
24;1;09.03.2015;;320;140.67;
24;1;10.03.2015;;148;140.67;
24;1;11.03.2015;;324;140.67;
24;1;12.03.2015;;258;140.67;
24;1;13.03.2015;;415;140.67;
24;1;14.03.2015;;440;140.67;
24;1;15.03.2015;;276;140.67;
24;1;16.03.2015;;324;140.67;
24;1;17.03.2015;1;6692;140.67;127.49
24;1;18.03.2015;1;2944;140.67;127.49
24;1;19.03.2015;1;1370;140.67;127.49
24;1;20.03.2015;1;1269;140.67;127.49
24;1;21.03.2015;1;1125;140.67;127.49
24;1;22.03.2015;1;1059;140.67;127.49
24;1;23.03.2015;1;104;140.67;127.49
24;1;24.03.2015;;333;140.67;
24;1;25.03.2015;;283;140.67;
24;1;26.03.2015;;371;131.97;
24;1;27.03.2015;;302;131.97;
24;1;28.03.2015;;289;131.97;
24;1;29.03.2015;;415;131.97;
24;1;30.03.2015;;408;131.97;
24;1;31.03.2015;;317;131.97;
24;1;01.04.2015;;390;133.33;
24;1;02.04.2015;;342;133.33;
24;1;03.04.2015;;248;133.33;
24;1;04.04.2015;;236;133.33;
24;1;05.04.2015;;317;133.33;
24;1;06.04.2015;;236;133.33;
24;1;07.04.2015;1;3107;133.33;119.33
24;1;08.04.2015;1;2758;133.33;119.33
24;1;09.04.2015;1;151;133.33;119.33
24;1;10.04.2015;1;1275;133.33;119.33
24;1;11.04.2015;1;1210;133.33;119.33
24;1;12.04.2015;1;1153;133.33;119.33
24;1;13.04.2015;1;1128;133.33;119.33
24;1;14.04.2015;;160;130.34;
24;1;15.04.2015;;371;130.34;
24;1;16.04.2015;;427;130.34;
24;1;17.04.2015;;327;138.5;
24;1;18.04.2015;;188;138.5;
24;1;19.04.2015;;286;138.5;
24;1;20.04.2015;;195;138.5;
24;1;21.04.2015;;157;138.5;
24;1;22.04.2015;;358;128.98;
24;1;23.04.2015;;336;128.98;
24;1;24.04.2015;;402;128.98;
24;1;25.04.2015;;424;128.98;
24;1;26.04.2015;;320;128.98;
24;1;27.04.2015;;311;128.98;
24;1;28.04.2015;;327;128.98;
24;1;29.04.2015;;399;131.7;
24;1;30.04.2015;;355;131.7;
24;1;01.05.2015;;182;131.7;
24;1;02.05.2015;;226;131.7;
24;1;03.05.2015;;289;131.7;
24;1;04.05.2015;;232;131.7;
24;1;05.05.2015;;232;131.7;
24;1;06.05.2015;;239;131.7;
24;1;07.05.2015;;207;131.7;
24;1;08.05.2015;;236;131.7;
24;1;09.05.2015;;239;131.7;
24;1;10.05.2015;;160;131.7;
24;1;11.05.2015;;261;131.7;
24;1;12.05.2015;;330;131.7;
24;1;13.05.2015;;364;131.7;
24;1;14.05.2015;;217;131.7;
24;1;15.05.2015;;314;131.7;
24;1;16.05.2015;;229;131.7;
24;1;17.05.2015;;254;131.7;
24;1;18.05.2015;;405;131.7;
24;1;19.05.2015;1;3292;131.7;119.33
24;1;20.05.2015;1;1850;131.7;119.33
24;1;21.05.2015;1;1926;131.7;119.33
24;1;22.05.2015;1;1307;131.7;119.33
24;1;23.05.2015;1;1037;131.7;119.33
24;1;24.05.2015;1;697;131.7;119.33
24;1;25.05.2015;1;701;131.7;119.33
24;1;26.05.2015;;396;131.7;
24;1;27.05.2015;;91;129.25;
24;1;28.05.2015;;123;129.25;
24;1;29.05.2015;;198;129.25;
24;1;30.05.2015;;135;129.25;
24;1;31.05.2015;;167;129.25;
24;1;01.06.2015;;214;129.25;
24;1;02.06.2015;;179;129.25;
24;1;03.06.2015;;201;129.25;
24;1;04.06.2015;;141;129.25;
24;1;05.06.2015;;192;129.25;
24;1;06.06.2015;;113;131.7;
24;1;07.06.2015;;145;131.7;
24;1;08.06.2015;;248;131.7;
24;1;09.06.2015;1;767;131.7;119.33
24;1;10.06.2015;1;845;131.7;119.33
24;1;11.06.2015;1;836;131.7;119.33
24;1;12.06.2015;1;833;131.7;119.33
24;1;13.06.2015;1;833;131.7;119.33
24;1;14.06.2015;1;833;131.7;119.33
24;1;15.06.2015;1;833;131.7;119.33
24;1;16.06.2015;;182;131.7;
24;1;17.06.2015;;182;131.7;
24;1;18.06.2015;;182;128.17;
24;1;19.06.2015;;182;128.17;
24;1;20.06.2015;;182;128.17;
24;1;21.06.2015;;182;128.17;
24;1;22.06.2015;;182;128.17;
24;1;23.06.2015;;182;128.17;
24;1;24.06.2015;;182;128.17;
24;1;25.06.2015;;182;128.17;
24;1;26.06.2015;;556;128.17;
24;1;27.06.2015;;468;128.17;
24;1;28.06.2015;;657;130.34;
24;1;29.06.2015;;543;130.34;
24;1;30.06.2015;1;1062;130.34;119.33
24;1;01.07.2015;1;1112;130.34;119.33
24;1;02.07.2015;1;1288;130.34;119.33
24;1;03.07.2015;1;1253;130.34;119.33
24;1;04.07.2015;1;569;130.34;119.33
24;1;05.07.2015;1;421;130.34;119.33
24;1;06.07.2015;1;333;130.34;119.33
24;1;07.07.2015;;223;130.34;
24;1;08.07.2015;;198;130.34;
24;1;09.07.2015;;726;121.64;
24;1;10.07.2015;;562;121.64;
24;1;11.07.2015;;622;123.55;
24;1;12.07.2015;;383;123.55;
24;1;13.07.2015;;506;123.55;
24;1;14.07.2015;;650;123.55;
24;1;15.07.2015;;452;125.45;
24;1;16.07.2015;;474;125.45;
24;1;17.07.2015;;314;125.45;
24;1;18.07.2015;;415;127.62;
24;1;19.07.2015;;569;127.62;
24;1;20.07.2015;;1018;127.62;
24;1;21.07.2015;;719;127.62;
24;1;22.07.2015;;829;127.62;
24;1;23.07.2015;;1100;127.62;
24;1;24.07.2015;;650;127.62;
24;1;25.07.2015;;540;127.62;
24;1;26.07.2015;;1103;130.07;
24;1;27.07.2015;;1147;130.07;
24;1;28.07.2015;1;1436;130.07;124.77
24;1;29.07.2015;1;1206;130.07;124.77
24;1;30.07.2015;1;1458;130.07;124.77
24;1;31.07.2015;1;1166;130.07;124.77
24;1;01.08.2015;1;779;130.07;124.77
24;1;02.08.2015;1;1310;130.07;124.77
24;1;03.08.2015;1;1784;130.07;124.77
24;1;04.08.2015;;456;138.5;
24;1;05.08.2015;;254;138.5;
24;1;06.08.2015;;437;138.5;
24;1;07.08.2015;;449;138.5;
24;1;08.08.2015;;320;141.21;
24;1;09.08.2015;;327;141.21;
24;1;10.08.2015;;336;141.21;
24;1;11.08.2015;;393;141.21;
24;1;12.08.2015;;421;142.85;
24;1;13.08.2015;;342;142.85;
24;1;14.08.2015;;377;142.85;
24;1;15.08.2015;;346;142.85;
24;1;16.08.2015;;364;142.85;
24;1;17.08.2015;;440;142.85;
24;1;18.08.2015;;383;142.85;
24;1;19.08.2015;;452;142.85;
24;1;20.08.2015;;587;142.85;
24;1;21.08.2015;;490;142.85;
24;1;22.08.2015;;251;142.85;
24;1;23.08.2015;;804;142.85;
24;1;24.08.2015;;452;142.85;
24;1;25.08.2015;;484;142.85;
24;1;26.08.2015;;509;142.85;
24;1;27.08.2015;;506;137.68;
24;1;28.08.2015;;704;137.68;
24;1;29.08.2015;;600;137.68;
24;1;30.08.2015;;562;137.68;
24;1;31.08.2015;;543;137.68;
24;1;01.09.2015;;553;137.68;
24;1;02.09.2015;;653;135.78;
24;1;03.09.2015;;594;135.78;
24;1;04.09.2015;;807;135.78;
24;1;05.09.2015;;540;133.6;
24;1;06.09.2015;;368;133.6;
24;1;07.09.2015;;694;133.6;
24;1;08.09.2015;;798;133.6;
24;1;09.09.2015;;606;135.51;
24;1;10.09.2015;;792;135.51;
24;1;11.09.2015;;811;135.51;
24;1;12.09.2015;;754;135.51;
24;1;13.09.2015;;726;135.51;
24;1;14.09.2015;;578;135.51;
24;1;15.09.2015;;663;135.51;
24;1;16.09.2015;;484;138.5;
24;1;17.09.2015;;386;138.5;
24;1;18.09.2015;;254;138.5;
24;1;19.09.2015;;286;138.5;
24;1;20.09.2015;;314;138.5;
24;1;21.09.2015;;503;138.5;
24;1;22.09.2015;;371;138.5;
24;1;23.09.2015;;408;141.21;
24;1;24.09.2015;;358;141.21;
24;1;25.09.2015;;386;141.21;
24;1;26.09.2015;;254;141.21;
24;1;27.09.2015;;371;141.21;
24;1;28.09.2015;;471;141.21;
24;1;29.09.2015;;349;141.21;
24;1;30.09.2015;;283;141.21;
24;1;01.10.2015;;286;141.21;
24;1;02.10.2015;;258;141.21;
24;1;03.10.2015;;226;141.21;
24;1;04.10.2015;;242;141.21;
24;1;05.10.2015;;264;141.21;
24;1;06.10.2015;1;1288;141.21;132.92
24;1;07.10.2015;1;855;141.21;130.21
24;1;08.10.2015;1;1241;141.11;130.21
24;1;09.10.2015;1;1213;141.21;130.21
24;1;10.10.2015;1;1232;141.21;130.21
24;1;11.10.2015;1;751;141.21;130.21
24;1;12.10.2015;1;562;141.21;130.21
24;1;13.10.2015;;254;141.21;
24;1;14.10.2015;;276;141.21;
24;1;15.10.2015;;167;142.57;
24;1;16.10.2015;;176;142.57;
24;1;17.10.2015;;286;142.57;
24;1;18.10.2015;;176;142.57;
24;1;19.10.2015;;198;142.57;
24;1;20.10.2015;;217;142.57;
24;1;21.10.2015;;1002;130.34;
24;1;22.10.2015;;961;130.34;
24;1;23.10.2015;;660;130.34;
24;1;24.10.2015;;500;130.34;
24;1;25.10.2015;;537;130.34;
24;1;26.10.2015;;669;130.34;
24;1;27.10.2015;1;3814;130.34;122.32
24;1;28.10.2015;1;3192;130.34;124.77
24;1;29.10.2015;1;644;130.34;124.77
24;1;30.10.2015;1;1062;130.34;124.77
24;1;31.10.2015;1;1012;130.34;124.77
24;1;01.11.2015;1;980;130.34;124.77
24;1;02.11.2015;1;914;130.34;124.77
24;1;03.11.2015;;393;130.34;
24;1;04.11.2015;;248;134.69;
24;1;05.11.2015;;188;134.69;
24;1;06.11.2015;;273;134.69;
24;1;07.11.2015;;314;134.69;
24;1;08.11.2015;;286;134.69;
24;1;09.11.2015;;258;134.69;
24;1;10.11.2015;;427;134.69;
24;1;11.11.2015;;352;130.34;
24;1;12.11.2015;;484;130.34;
24;1;13.11.2015;;462;130.34;
24;1;14.11.2015;;383;130.34;
24;1;15.11.2015;;368;130.34;
24;1;16.11.2015;;393;130.34;
24;1;17.11.2015;;314;130.34;
24;1;18.11.2015;;283;130.34;
24;1;19.11.2015;;283;130.34;
24;1;20.11.2015;;188;130.34;
24;1;21.11.2015;;258;130.34;
24;1;22.11.2015;;251;130.34;
24;1;23.11.2015;;248;130.34;
24;1;24.11.2015;1;6868;130.34;116.61
24;1;25.11.2015;1;1678;130.34;116.61
24;1;26.11.2015;1;1590;130.34;116.61
24;1;27.11.2015;1;3663;130.34;116.61
24;1;28.11.2015;1;4973;130.34;116.61
24;1;29.11.2015;1;4254;130.34;116.61
24;1;30.11.2015;1;4829;130.34;116.61
24;1;01.12.2015;;163;130.34;
24;1;02.12.2015;;182;130.34;
24;1;03.12.2015;;141;130.34;
24;1;04.12.2015;;286;130.34;
24;1;05.12.2015;1;920;130.34;116.61
24;1;06.12.2015;1;1360;130.34;116.61
24;1;07.12.2015;1;1612;130.34;116.61
24;1;08.12.2015;;160;130.34;
24;1;09.12.2015;;195;130.34;
24;1;10.12.2015;;298;130.34;
24;1;11.12.2015;;314;130.34;
24;1;12.12.2015;;110;130.34;
24;1;13.12.2015;;201;130.34;
24;1;14.12.2015;;57;130.34;
24;1;15.12.2015;;163;130.34;
24;1;16.12.2015;;311;130.34;
24;1;17.12.2015;;254;130.34;
24;1;18.12.2015;;261;130.34;
24;1;19.12.2015;;258;130.34;
24;1;20.12.2015;;317;130.34;
24;1;21.12.2015;;254;130.34;
24;1;22.12.2015;;280;130.34;
24;1;23.12.2015;;298;130.34;
24;1;24.12.2015;;330;126.54;
24;1;25.12.2015;;440;126.54;
24;1;26.12.2015;;471;126.54;
24;1;27.12.2015;;352;126.54;
24;1;28.12.2015;;358;126.54;
24;1;29.12.2015;;358;126.54;
24;1;30.12.2015;;361;126.54;
24;1;31.12.2015;;386;126.54;
24;1;01.01.2016;;66;126.54;
24;1;02.01.2016;;258;126.54;
24;1;03.01.2016;;248;126.54;
24;1;04.01.2016;;405;126.54;
24;1;05.01.2016;;358;126.54;
24;1;06.01.2016;;393;126.54;
24;1;07.01.2016;;349;126.54;
24;1;08.01.2016;;374;126.54;
24;1;09.01.2016;;443;126.54;
24;1;10.01.2016;;402;126.54;
24;1;11.01.2016;;738;126.54;
24;1;12.01.2016;;707;126.54;
24;1;13.01.2016;;543;126.54;
24;1;14.01.2016;;471;126.54;
24;1;15.01.2016;;518;126.54;
24;1;16.01.2016;;3478;126.54;
24;1;17.01.2016;;738;126.54;
24;1;18.01.2016;;562;126.54;
24;1;19.01.2016;;811;126.54;
24;1;20.01.2016;;1043;126.54;
24;1;21.01.2016;;770;127.9;
24;1;22.01.2016;;578;127.9;
24;1;23.01.2016;;465;127.9;
24;1;24.01.2016;;609;127.9;
24;1;25.01.2016;;496;127.9;
24;1;26.01.2016;;518;127.9;
24;1;27.01.2016;;587;127.9;
24;1;28.01.2016;;547;127.9;
24;1;29.01.2016;;496;127.9;
24;1;30.01.2016;;547;127.9;
24;1;31.01.2016;;628;127.9;
24;1;01.02.2016;;478;130.34;
24;1;02.02.2016;;380;130.34;
24;1;03.02.2016;;421;130.34;
24;1;04.02.2016;;336;133.06;
24;1;05.02.2016;;314;133.06;
24;1;06.02.2016;;295;133.06;
24;1;07.02.2016;;336;141.76;
24;1;08.02.2016;;254;141.76;
24;1;09.02.2016;1;936;141.76;130.75
24;1;10.02.2016;1;754;141.76;130.75
24;1;11.02.2016;1;933;141.76;130.75
24;1;12.02.2016;1;883;141.76;130.75
24;1;13.02.2016;1;776;141.76;130.75
24;1;14.02.2016;1;804;141.76;130.75
24;1;15.02.2016;1;848;141.76;130.75
24;1;16.02.2016;1;606;141.76;130.75
24;1;17.02.2016;1;697;141.76;130.75
24;1;18.02.2016;;226;141.76;
24;1;19.02.2016;;317;141.76;
24;1;20.02.2016;;258;141.76;
24;1;21.02.2016;;280;141.76;
24;1;22.02.2016;;1747;141.76;
24;1;23.02.2016;;1718;141.76;
24;1;24.02.2016;;1904;141.76;
24;1;25.02.2016;;2099;141.76;
24;1;26.02.2016;;1395;141.76;
24;1;27.02.2016;;1549;141.76;
24;1;28.02.2016;;141;141.76;
24;1;29.02.2016;;88;141.76;
24;1;01.03.2016;;836;141.76;
24;1;02.03.2016;;167;141.76;
24;1;03.03.2016;;226;141.76;
24;1;04.03.2016;;320;141.76;
24;1;05.03.2016;;251;141.21;
24;1;06.03.2016;;251;141.21;
24;1;07.03.2016;;226;141.21;
24;1;08.03.2016;1;522;141.21;132.92
24;1;09.03.2016;1;701;141.21;132.92
24;1;10.03.2016;1;1213;141.21;132.92
24;1;11.03.2016;1;886;141.21;132.92
24;1;12.03.2016;1;811;141.21;132.92
24;1;13.03.2016;1;581;141.21;132.92
24;1;14.03.2016;1;556;141.21;132.92
24;1;15.03.2016;1;996;141.21;130.21
24;1;16.03.2016;1;823;141.21;130.21
24;1;17.03.2016;1;886;141.21;130.21
24;1;18.03.2016;1;1052;141.21;130.21
24;1;19.03.2016;1;1197;141.21;130.21
24;1;20.03.2016;1;305;141.21;130.21
24;1;21.03.2016;;280;141.21;
24;1;22.03.2016;;214;141.21;
24;1;23.03.2016;;283;141.21;
24;1;24.03.2016;;273;141.21;
24;1;25.03.2016;;258;141.21;
24;1;26.03.2016;;320;141.21;
24;1;27.03.2016;;245;141.21;
24;1;28.03.2016;;242;141.21;
24;1;29.03.2016;;258;141.21;
24;1;30.03.2016;;261;141.21;
24;1;31.03.2016;;261;141.21;
24;1;01.04.2016;;201;141.21;
24;1;02.04.2016;;267;141.21;
24;1;03.04.2016;;220;141.21;
24;1;04.04.2016;;276;141.21;
24;1;05.04.2016;;358;141.21;
24;1;06.04.2016;;276;141.21;
24;1;07.04.2016;;280;141.21;
24;1;08.04.2016;;283;141.21;
24;1;09.04.2016;;358;141.21;
24;1;10.04.2016;;292;141.21;
24;1;11.04.2016;;459;141.21;
24;1;12.04.2016;;355;141.21;
24;1;13.04.2016;;273;141.21;
24;1;14.04.2016;;459;135.78;
24;1;15.04.2016;;719;135.78;
24;1;16.04.2016;;565;135.78;
24;1;17.04.2016;;471;135.78;
24;1;18.04.2016;;525;135.78;
24;1;19.04.2016;1;8724;135.78;122.32
24;1;20.04.2016;1;1341;135.78;122.32
24;1;21.04.2016;1;1294;135.78;122.32
24;1;22.04.2016;1;556;135.78;122.32
24;1;23.04.2016;1;1184;135.78;122.32
24;1;24.04.2016;1;1184;135.78;122.32
24;1;25.04.2016;1;1184;135.78;122.32
24;1;26.04.2016;;258;135.78;
24;1;27.04.2016;;386;135.78;
24;1;28.04.2016;;412;135.78;
24;1;29.04.2016;;390;131.16;
24;1;30.04.2016;;474;131.16;
24;1;01.05.2016;;418;131.16;
24;1;02.05.2016;;201;131.16;
24;1;03.05.2016;;188;131.16;
24;1;04.05.2016;;298;131.16;
24;1;05.05.2016;;276;131.16;
24;1;06.05.2016;;283;131.16;
24;1;07.05.2016;;214;131.16;
24;1;08.05.2016;;201;131.16;
24;1;09.05.2016;;229;131.16;
24;1;10.05.2016;;298;131.16;
24;1;11.05.2016;;434;131.16;
24;1;12.05.2016;;446;131.16;
24;1;13.05.2016;;434;128.98;
24;1;14.05.2016;;402;128.98;
24;1;15.05.2016;;616;128.98;
24;1;16.05.2016;;613;128.98;
24;1;17.05.2016;1;2906;128.98;119.6
24;1;18.05.2016;1;4439;128.98;119.6
24;1;19.05.2016;1;1153;128.98;119.6
24;1;20.05.2016;1;1395;128.98;119.6
24;1;21.05.2016;1;1624;128.98;119.6
24;1;22.05.2016;1;1565;128.98;119.6
