data/retail_2products.csv
Store_id;SKU_id;Date;Promo;Demand;Regular_Price;Promo_Price
25;1;01.01.2015;;3;163.78;
25;1;02.01.2015;;22;163.78;
25;1;03.01.2015;;25;163.78;
25;1;04.01.2015;;16;163.78;
25;1;05.01.2015;;69;163.78;
25;1;06.01.2015;;31;163.78;
25;1;07.01.2015;;25;163.78;
25;1;08.01.2015;;38;163.78;
25;1;09.01.2015;;31;163.78;
25;1;10.01.2015;;82;163.78;
25;1;11.01.2015;;44;163.78;
25;1;12.01.2015;;38;163.78;
25;1;13.01.2015;;19;163.78;
25;1;14.01.2015;;41;168.4;
25;1;15.01.2015;;41;168.4;
25;1;16.01.2015;;53;168.4;
25;1;17.01.2015;;72;168.4;
25;1;18.01.2015;;44;168.4;
25;1;19.01.2015;;44;168.4;
25;1;20.01.2015;;63;168.4;
25;1;21.01.2015;;44;168.4;
25;1;22.01.2015;;41;168.4;
25;1;23.01.2015;;63;160.24;
25;1;24.01.2015;;38;160.24;
25;1;25.01.2015;;41;160.24;
25;1;26.01.2015;;28;160.24;
25;1;27.01.2015;;53;160.24;
25;1;28.01.2015;;226;146.92;
25;1;29.01.2015;;53;146.92;
25;1;30.01.2015;;132;146.92;
25;1;31.01.2015;;75;146.92;
25;1;01.02.2015;;85;146.92;
25;1;02.02.2015;;53;146.92;
25;1;03.02.2015;;110;146.92;
25;1;04.02.2015;;204;146.92;
25;1;05.02.2015;;101;146.92;
25;1;06.02.2015;;148;146.92;
25;1;07.02.2015;;88;146.92;
25;1;08.02.2015;;151;146.92;
25;1;09.02.2015;;47;146.92;
25;1;10.02.2015;;148;146.92;
25;1;11.02.2015;;141;146.92;
25;1;12.02.2015;;63;146.92;
25;1;13.02.2015;;167;149.37;
25;1;14.02.2015;;85;149.37;
25;1;15.02.2015;;107;149.37;
25;1;16.02.2015;;129;149.37;
25;1;17.02.2015;1;232;149.37;143.8
25;1;18.02.2015;1;308;149.37;135.64
25;1;19.02.2015;1;371;149.37;135.64
25;1;20.02.2015;1;701;149.37;135.64
25;1;21.02.2015;1;522;149.37;135.64
25;1;22.02.2015;1;320;149.37;135.64
25;1;23.02.2015;1;160;149.37;135.64
25;1;24.02.2015;;160;149.37;
25;1;25.02.2015;;79;149.37;
25;1;26.02.2015;;116;149.37;
25;1;27.02.2015;;75;143.93;
25;1;28.02.2015;;91;143.93;
25;1;01.03.2015;;251;143.93;
25;1;02.03.2015;;264;143.93;
25;1;03.03.2015;1;192;143.93;138.36
25;1;04.03.2015;1;280;143.93;135.64
25;1;05.03.2015;1;459;138.5;135.64
25;1;06.03.2015;1;688;138.5;135.64
25;1;07.03.2015;1;349;138.5;135.64
25;1;08.03.2015;1;88;138.5;135.64
25;1;09.03.2015;;135;140.67;
25;1;10.03.2015;;182;140.67;
25;1;11.03.2015;;173;140.67;
25;1;12.03.2015;;167;140.67;
25;1;13.03.2015;;154;140.67;
25;1;14.03.2015;;123;140.67;
25;1;15.03.2015;;185;140.67;
25;1;16.03.2015;;129;140.67;
25;1;17.03.2015;1;1602;140.67;127.49
25;1;18.03.2015;1;814;140.67;127.49
25;1;19.03.2015;1;949;140.67;127.49
25;1;20.03.2015;1;814;140.67;127.49
25;1;21.03.2015;1;553;140.67;127.49
25;1;22.03.2015;1;311;140.67;127.49
25;1;23.03.2015;1;176;140.67;127.49
25;1;24.03.2015;;176;140.67;
25;1;25.03.2015;;53;140.67;
25;1;26.03.2015;;104;131.97;
25;1;27.03.2015;;163;131.97;
25;1;28.03.2015;;176;131.97;
25;1;29.03.2015;;151;131.97;
25;1;30.03.2015;;157;131.97;
25;1;31.03.2015;;129;131.97;
25;1;01.04.2015;;79;133.33;
25;1;02.04.2015;;141;133.33;
25;1;03.04.2015;;126;133.33;
25;1;04.04.2015;;119;133.33;
25;1;05.04.2015;;214;133.33;
25;1;06.04.2015;;110;133.33;
25;1;07.04.2015;1;1250;133.33;119.33
25;1;08.04.2015;1;506;133.33;119.33
25;1;09.04.2015;1;550;133.33;119.33
25;1;10.04.2015;1;559;133.33;119.33
25;1;11.04.2015;1;408;133.33;119.33
25;1;12.04.2015;1;613;133.33;119.33
25;1;13.04.2015;1;606;133.33;119.33
25;1;14.04.2015;;44;130.34;
25;1;15.04.2015;;138;130.34;
25;1;16.04.2015;;163;130.34;
25;1;17.04.2015;;72;138.5;
25;1;18.04.2015;;116;138.5;
25;1;19.04.2015;;72;138.5;
25;1;20.04.2015;;91;138.5;
25;1;21.04.2015;;31;138.5;
25;1;22.04.2015;;107;128.98;
25;1;23.04.2015;;94;128.98;
25;1;24.04.2015;;163;128.98;
25;1;25.04.2015;;154;128.98;
25;1;26.04.2015;;88;128.98;
25;1;27.04.2015;;107;128.98;
25;1;28.04.2015;;138;128.98;
25;1;29.04.2015;;88;131.7;
25;1;30.04.2015;;97;131.7;
25;1;01.05.2015;;53;131.7;
25;1;02.05.2015;;82;131.7;
25;1;03.05.2015;;72;131.7;
25;1;04.05.2015;;60;131.7;
25;1;05.05.2015;;82;131.7;
25;1;06.05.2015;;50;131.7;
25;1;07.05.2015;;113;131.7;
25;1;08.05.2015;;101;131.7;
25;1;09.05.2015;;35;131.7;
25;1;10.05.2015;;91;131.7;
25;1;11.05.2015;;72;131.7;
25;1;12.05.2015;;141;131.7;
25;1;13.05.2015;;101;131.7;
25;1;14.05.2015;;88;131.7;
25;1;15.05.2015;;66;131.7;
25;1;16.05.2015;;75;131.7;
25;1;17.05.2015;;91;131.7;
25;1;18.05.2015;;104;131.7;
25;1;19.05.2015;1;380;131.7;119.33
25;1;20.05.2015;1;427;131.7;119.33
25;1;21.05.2015;1;547;131.7;119.33
25;1;22.05.2015;1;487;131.7;119.33
25;1;23.05.2015;1;377;131.7;119.33
25;1;24.05.2015;1;440;131.7;119.33
25;1;25.05.2015;1;349;131.7;119.33
25;1;26.05.2015;;107;131.7;
25;1;27.05.2015;;201;129.25;
25;1;28.05.2015;;38;129.25;
25;1;29.05.2015;;85;129.25;
25;1;30.05.2015;;148;129.25;
25;1;31.05.2015;;72;129.25;
25;1;01.06.2015;;85;129.25;
25;1;02.06.2015;;66;129.25;
25;1;03.06.2015;;129;129.25;
25;1;04.06.2015;;226;129.25;
25;1;05.06.2015;;123;129.25;
25;1;06.06.2015;;97;131.7;
25;1;07.06.2015;;66;131.7;
25;1;08.06.2015;;94;131.7;
25;1;09.06.2015;1;465;131.7;119.33
25;1;10.06.2015;1;377;131.7;119.33
25;1;11.06.2015;1;760;131.7;119.33
25;1;12.06.2015;1;264;131.7;119.33
25;1;13.06.2015;1;283;131.7;119.33
25;1;14.06.2015;1;242;131.7;119.33
25;1;15.06.2015;1;330;131.7;119.33
25;1;16.06.2015;;148;131.7;
25;1;17.06.2015;;66;131.7;
25;1;18.06.2015;;41;128.17;
25;1;19.06.2015;;123;128.17;
25;1;20.06.2015;;82;128.17;
25;1;21.06.2015;;88;128.17;
25;1;22.06.2015;;116;128.17;
25;1;23.06.2015;;101;128.17;
25;1;24.06.2015;;129;128.17;
25;1;25.06.2015;;132;128.17;
25;1;26.06.2015;;88;128.17;
25;1;27.06.2015;;110;128.17;
25;1;28.06.2015;;123;130.34;
25;1;29.06.2015;;123;130.34;
25;1;30.06.2015;1;430;130.34;119.33
25;1;01.07.2015;1;437;130.34;119.33
25;1;02.07.2015;1;745;130.34;119.33
25;1;03.07.2015;1;324;130.34;119.33
25;1;04.07.2015;1;754;130.34;119.33
25;1;05.07.2015;1;427;130.34;119.33
25;1;06.07.2015;1;528;130.34;119.33
25;1;07.07.2015;;163;130.34;
25;1;08.07.2015;;148;130.34;
25;1;09.07.2015;;204;121.64;
25;1;10.07.2015;;270;121.64;
25;1;11.07.2015;;254;123.55;
25;1;12.07.2015;;220;123.55;
25;1;13.07.2015;;163;123.55;
25;1;14.07.2015;;324;123.55;
25;1;15.07.2015;;371;125.45;
25;1;16.07.2015;;719;125.45;
25;1;17.07.2015;;490;125.45;
25;1;18.07.2015;;305;127.62;
25;1;19.07.2015;;408;127.62;
25;1;20.07.2015;;543;127.62;
25;1;21.07.2015;;427;127.62;
25;1;22.07.2015;;471;127.62;
25;1;23.07.2015;;314;127.62;
25;1;24.07.2015;;920;127.62;
25;1;25.07.2015;;933;127.62;
25;1;26.07.2015;;795;130.07;
25;1;27.07.2015;;675;130.07;
25;1;28.07.2015;1;983;130.07;124.77
25;1;29.07.2015;1;1659;130.07;124.77
25;1;30.07.2015;1;946;130.07;124.77
25;1;31.07.2015;1;961;130.07;124.77
25;1;01.08.2015;1;1125;130.07;124.77
25;1;02.08.2015;1;691;130.07;124.77
25;1;03.08.2015;1;72;130.07;124.77
25;1;04.08.2015;;421;138.5;
25;1;05.08.2015;;292;138.5;
25;1;06.08.2015;;402;138.5;
25;1;07.08.2015;;286;138.5;
25;1;08.08.2015;;437;141.21;
25;1;09.08.2015;;182;141.21;
25;1;10.08.2015;;192;141.21;
25;1;11.08.2015;;254;141.21;
25;1;12.08.2015;;314;142.85;
25;1;13.08.2015;;123;142.85;
25;1;14.08.2015;;286;142.85;
25;1;15.08.2015;;223;142.85;
25;1;16.08.2015;;179;142.85;
25;1;17.08.2015;;129;142.85;
25;1;18.08.2015;;264;142.85;
25;1;19.08.2015;;210;142.85;
25;1;20.08.2015;;135;142.85;
25;1;21.08.2015;;141;142.85;
25;1;22.08.2015;;179;142.85;
25;1;23.08.2015;;361;142.85;
25;1;24.08.2015;;160;142.85;
25;1;25.08.2015;;289;142.85;
25;1;26.08.2015;;210;142.85;
25;1;27.08.2015;;273;137.68;
25;1;28.08.2015;;160;137.68;
25;1;29.08.2015;;314;137.68;
25;1;30.08.2015;;355;137.68;
25;1;31.08.2015;;188;137.68;
25;1;01.09.2015;;138;137.68;
25;1;02.09.2015;;280;135.78;
25;1;03.09.2015;;292;135.78;
25;1;04.09.2015;;383;135.78;
25;1;05.09.2015;;330;133.6;
25;1;06.09.2015;;107;133.6;
25;1;07.09.2015;;195;133.6;
25;1;08.09.2015;;311;133.6;
25;1;09.09.2015;;245;135.51;
25;1;10.09.2015;;415;135.51;
25;1;11.09.2015;;298;135.51;
25;1;12.09.2015;;141;135.51;
25;1;13.09.2015;;188;135.51;
25;1;14.09.2015;;167;135.51;
25;1;15.09.2015;;251;135.51;
25;1;16.09.2015;;254;138.5;
25;1;17.09.2015;;232;138.5;
25;1;18.09.2015;;245;138.5;
25;1;19.09.2015;;116;138.5;
25;1;20.09.2015;;145;138.5;
25;1;21.09.2015;;138;138.5;
25;1;22.09.2015;;254;138.5;
25;1;23.09.2015;;163;141.21;
25;1;24.09.2015;;160;141.21;
25;1;25.09.2015;;138;141.21;
25;1;26.09.2015;;151;141.21;
25;1;27.09.2015;;160;141.21;
25;1;28.09.2015;;85;141.21;
25;1;29.09.2015;;148;141.21;
25;1;30.09.2015;;163;141.21;
25;1;01.10.2015;;88;141.21;
25;1;02.10.2015;;160;141.21;
25;1;03.10.2015;;167;141.21;
25;1;04.10.2015;;91;141.21;
25;1;05.10.2015;;141;141.21;
25;1;06.10.2015;1;267;141.21;132.92
25;1;07.10.2015;1;270;141.21;130.21
25;1;08.10.2015;1;361;141.11;130.21
25;1;09.10.2015;1;201;141.21;130.21
25;1;10.10.2015;1;314;141.21;130.21
25;1;11.10.2015;1;490;141.21;130.21
25;1;12.10.2015;1;553;141.21;130.21
25;1;13.10.2015;;69;141.21;
25;1;14.10.2015;;88;141.21;
25;1;15.10.2015;;88;142.57;
25;1;16.10.2015;;85;142.57;
25;1;17.10.2015;;53;142.57;
25;1;18.10.2015;;50;142.57;
25;1;19.10.2015;;47;142.57;
25;1;20.10.2015;;66;142.57;
25;1;21.10.2015;;264;130.34;
25;1;22.10.2015;;148;130.34;
25;1;23.10.2015;;167;130.34;
25;1;24.10.2015;;97;130.34;
25;1;25.10.2015;;138;130.34;
25;1;26.10.2015;;160;130.34;
25;1;27.10.2015;1;283;130.34;122.32
25;1;28.10.2015;1;622;130.34;124.77
25;1;29.10.2015;1;528;130.34;124.77
25;1;30.10.2015;1;198;130.34;124.77
25;1;31.10.2015;1;141;130.34;124.77
25;1;01.11.2015;1;220;130.34;124.77
25;1;02.11.2015;1;286;130.34;124.77
25;1;03.11.2015;;110;130.34;
25;1;04.11.2015;;110;134.69;
25;1;05.11.2015;;110;134.69;
25;1;06.11.2015;;110;134.69;
25;1;07.11.2015;;110;134.69;
25;1;08.11.2015;;110;134.69;
25;1;09.11.2015;;110;134.69;
25;1;10.11.2015;;110;134.69;
25;1;11.11.2015;;110;130.34;
25;1;12.11.2015;;110;130.34;
25;1;13.11.2015;;110;130.34;
25;1;14.11.2015;;110;130.34;
25;1;15.11.2015;;110;130.34;
25;1;16.11.2015;;110;130.34;
25;1;17.11.2015;;110;130.34;
25;1;18.11.2015;;110;130.34;
25;1;19.11.2015;;110;130.34;
25;1;20.11.2015;;280;130.34;
25;1;21.11.2015;;154;130.34;
25;1;22.11.2015;;346;130.34;
25;1;23.11.2015;;151;130.34;
25;1;24.11.2015;1;1480;130.34;116.61
25;1;25.11.2015;1;1536;130.34;116.61
25;1;26.11.2015;1;2014;130.34;116.61
25;1;27.11.2015;1;1203;130.34;116.61
25;1;28.11.2015;1;603;130.34;116.61
25;1;29.11.2015;1;669;130.34;116.61
25;1;30.11.2015;1;924;130.34;116.61
25;1;01.12.2015;;176;130.34;
25;1;02.12.2015;;85;130.34;
25;1;03.12.2015;;88;130.34;
25;1;04.12.2015;;270;130.34;
25;1;05.12.2015;1;760;130.34;116.61
25;1;06.12.2015;1;1128;130.34;116.61
25;1;07.12.2015;1;1034;130.34;116.61
25;1;08.12.2015;;145;130.34;
25;1;09.12.2015;;72;130.34;
25;1;10.12.2015;;119;130.34;
25;1;11.12.2015;;94;130.34;
25;1;12.12.2015;;94;130.34;
25;1;13.12.2015;;167;130.34;
25;1;14.12.2015;;69;130.34;
25;1;15.12.2015;;176;130.34;
25;1;16.12.2015;;63;130.34;
25;1;17.12.2015;;75;130.34;
25;1;18.12.2015;;123;130.34;
25;1;19.12.2015;;60;130.34;
25;1;20.12.2015;;94;130.34;
25;1;21.12.2015;;88;130.34;
25;1;22.12.2015;;50;130.34;
25;1;23.12.2015;;113;130.34;
25;1;24.12.2015;;188;126.54;
25;1;25.12.2015;;160;126.54;
25;1;26.12.2015;;141;126.54;
25;1;27.12.2015;;119;126.54;
25;1;28.12.2015;;94;126.54;
25;1;29.12.2015;;94;126.54;
25;1;30.12.2015;;72;126.54;
25;1;31.12.2015;;207;126.54;
25;1;01.01.2016;;22;126.54;
25;1;02.01.2016;;38;126.54;
25;1;03.01.2016;;138;126.54;
25;1;04.01.2016;;148;126.54;
25;1;05.01.2016;;72;126.54;
25;1;06.01.2016;;110;126.54;
25;1;07.01.2016;;47;126.54;
25;1;08.01.2016;;163;126.54;
25;1;09.01.2016;;123;126.54;
25;1;10.01.2016;;79;126.54;
25;1;11.01.2016;;91;126.54;
25;1;12.01.2016;;141;126.54;
25;1;13.01.2016;;179;126.54;
25;1;14.01.2016;;179;126.54;
25;1;15.01.2016;;167;126.54;
25;1;16.01.2016;;173;126.54;
25;1;17.01.2016;;119;126.54;
25;1;18.01.2016;;327;126.54;
25;1;19.01.2016;;97;126.54;
25;1;20.01.2016;;126;126.54;
25;1;21.01.2016;;107;127.9;
25;1;22.01.2016;;223;127.9;
25;1;23.01.2016;;163;127.9;
25;1;24.01.2016;;179;127.9;
25;1;25.01.2016;;154;127.9;
25;1;26.01.2016;;132;127.9;
25;1;27.01.2016;;110;127.9;
25;1;28.01.2016;;107;127.9;
25;1;29.01.2016;;132;127.9;
25;1;30.01.2016;;167;127.9;
25;1;31.01.2016;;160;127.9;
25;1;01.02.2016;;145;130.34;
25;1;02.02.2016;;349;130.34;
25;1;03.02.2016;;91;130.34;
25;1;04.02.2016;;201;133.06;
25;1;05.02.2016;;113;133.06;
25;1;06.02.2016;;204;133.06;
25;1;07.02.2016;;104;141.76;
25;1;08.02.2016;;75;141.76;
25;1;09.02.2016;1;327;141.76;130.75
25;1;10.02.2016;1;550;141.76;130.75
25;1;11.02.2016;1;355;141.76;130.75
25;1;12.02.2016;1;534;141.76;130.75
25;1;13.02.2016;1;251;141.76;130.75
25;1;14.02.2016;1;465;141.76;130.75
25;1;15.02.2016;1;349;141.76;130.75
25;1;16.02.2016;1;248;141.76;130.75
25;1;17.02.2016;1;261;141.76;130.75
25;1;18.02.2016;;217;141.76;
25;1;19.02.2016;;123;141.76;
25;1;20.02.2016;;63;141.76;
25;1;21.02.2016;;126;141.76;
25;1;22.02.2016;;116;141.76;
25;1;23.02.2016;;53;141.76;
25;1;24.02.2016;;57;141.76;
25;1;25.02.2016;;97;141.76;
25;1;26.02.2016;;63;141.76;
25;1;27.02.2016;;148;141.76;
25;1;28.02.2016;;72;141.76;
25;1;29.02.2016;;148;141.76;
25;1;01.03.2016;;69;141.76;
25;1;02.03.2016;;110;141.76;
25;1;03.03.2016;;79;141.76;
25;1;04.03.2016;;204;141.76;
25;1;05.03.2016;;210;141.21;
25;1;06.03.2016;;113;141.21;
25;1;07.03.2016;;148;141.21;
25;1;08.03.2016;1;179;141.21;132.92
25;1;09.03.2016;1;399;141.21;132.92
25;1;10.03.2016;1;452;141.21;132.92
25;1;11.03.2016;1;842;141.21;132.92
25;1;12.03.2016;1;446;141.21;132.92
25;1;13.03.2016;1;292;141.21;132.92
25;1;14.03.2016;1;559;141.21;132.92
25;1;15.03.2016;1;603;141.21;130.21
25;1;16.03.2016;1;430;141.21;130.21
25;1;17.03.2016;1;352;141.21;130.21
25;1;18.03.2016;1;986;141.21;130.21
25;1;19.03.2016;1;565;141.21;130.21
25;1;20.03.2016;;82;141.21;
25;1;21.03.2016;;82;141.21;
25;1;22.03.2016;;50;141.21;
25;1;23.03.2016;;57;141.21;
25;1;24.03.2016;;66;141.21;
25;1;25.03.2016;;88;141.21;
25;1;26.03.2016;;69;141.21;
25;1;27.03.2016;;157;141.21;
25;1;28.03.2016;;53;141.21;
25;1;29.03.2016;;119;141.21;
25;1;30.03.2016;;53;141.21;
25;1;31.03.2016;;66;141.21;
25;1;01.04.2016;;94;141.21;
25;1;02.04.2016;;82;141.21;
25;1;03.04.2016;;88;141.21;
25;1;04.04.2016;;91;141.21;
25;1;05.04.2016;;123;141.21;
25;1;06.04.2016;;94;141.21;
25;1;07.04.2016;;101;141.21;
25;1;08.04.2016;;173;141.21;
25;1;09.04.2016;;72;141.21;
25;1;10.04.2016;;57;141.21;
25;1;11.04.2016;;97;141.21;
25;1;12.04.2016;;60;141.21;
25;1;13.04.2016;;119;141.21;
25;1;14.04.2016;;60;135.78;
25;1;15.04.2016;;157;135.78;
25;1;16.04.2016;;324;135.78;
25;1;17.04.2016;;141;135.78;
25;1;18.04.2016;;69;135.78;
25;1;19.04.2016;1;625;135.78;122.32
25;1;20.04.2016;1;795;135.78;122.32
25;1;21.04.2016;1;1200;135.78;122.32
25;1;22.04.2016;1;606;135.78;122.32
25;1;23.04.2016;1;506;135.78;122.32
25;1;24.04.2016;1;657;135.78;122.32
25;1;25.04.2016;1;462;135.78;122.32
25;1;26.04.2016;;123;135.78;
25;1;27.04.2016;;47;135.78;
25;1;28.04.2016;;188;135.78;
25;1;29.04.2016;;107;131.16;
25;1;30.04.2016;;151;131.16;
25;1;01.05.2016;;35;131.16;
25;1;02.05.2016;;35;131.16;
25;1;03.05.2016;;38;131.16;
25;1;04.05.2016;;123;131.16;
25;1;05.05.2016;;88;131.16;
25;1;06.05.2016;;66;131.16;
25;1;07.05.2016;;113;131.16;
25;1;08.05.2016;;236;131.16;
25;1;09.05.2016;;63;131.16;
25;1;10.05.2016;;75;131.16;
25;1;11.05.2016;;57;131.16;
25;1;12.05.2016;;72;131.16;
25;1;13.05.2016;;129;128.98;
25;1;14.05.2016;;79;128.98;
25;1;15.05.2016;;160;128.98;
25;1;16.05.2016;;167;128.98;
25;1;17.05.2016;1;506;128.98;119.6
25;1;18.05.2016;1;760;128.98;119.6
25;1;19.05.2016;1;864;128.98;119.6
25;1;20.05.2016;1;597;128.98;119.6
25;1;21.05.2016;1;606;128.98;119.6
25;1;22.05.2016;1;393;128.98;119.6
