data/retail_2products.csv
Store_id;SKU_id;Date;Promo;Demand;Regular_Price;Promo_Price
26;1;01.01.2015;;13;163.78;
26;1;02.01.2015;;25;163.78;
26;1;03.01.2015;;75;163.78;
26;1;04.01.2015;;148;163.78;
26;1;05.01.2015;;123;163.78;
26;1;06.01.2015;;148;163.78;
26;1;07.01.2015;;157;163.78;
26;1;08.01.2015;;157;163.78;
26;1;09.01.2015;;132;163.78;
26;1;10.01.2015;;75;163.78;
26;1;11.01.2015;;138;163.78;
26;1;12.01.2015;;113;163.78;
26;1;13.01.2015;;113;163.78;
26;1;14.01.2015;;113;168.4;
26;1;15.01.2015;;113;168.4;
26;1;16.01.2015;;113;168.4;
26;1;17.01.2015;;113;168.4;
26;1;18.01.2015;;113;168.4;
26;1;19.01.2015;;113;168.4;
26;1;20.01.2015;;113;168.4;
26;1;21.01.2015;;113;168.4;
26;1;22.01.2015;;113;168.4;
26;1;23.01.2015;;113;160.24;
26;1;24.01.2015;;113;160.24;
26;1;25.01.2015;;113;160.24;
26;1;26.01.2015;;113;160.24;
26;1;27.01.2015;;113;160.24;
26;1;28.01.2015;;113;146.92;
26;1;29.01.2015;;113;146.92;
26;1;30.01.2015;;833;146.92;
26;1;31.01.2015;;647;146.92;
26;1;01.02.2015;;471;146.92;
26;1;02.02.2015;;364;146.92;
26;1;03.02.2015;;386;146.92;
26;1;04.02.2015;;581;146.92;
26;1;05.02.2015;;396;146.92;
26;1;06.02.2015;;471;146.92;
26;1;07.02.2015;;578;146.92;
26;1;08.02.2015;;399;146.92;
26;1;09.02.2015;;289;146.92;
26;1;10.02.2015;;443;146.92;
26;1;11.02.2015;;377;146.92;
26;1;12.02.2015;;377;146.92;
26;1;13.02.2015;;386;149.37;
26;1;14.02.2015;;540;149.37;
26;1;15.02.2015;;506;149.37;
26;1;16.02.2015;;534;149.37;
26;1;17.02.2015;1;961;149.37;143.8
26;1;18.02.2015;1;757;149.37;135.64
26;1;19.02.2015;1;1568;149.37;135.64
26;1;20.02.2015;1;2375;149.37;135.64
26;1;21.02.2015;1;1250;149.37;135.64
26;1;22.02.2015;1;465;149.37;135.64
26;1;23.02.2015;1;955;149.37;135.64
26;1;24.02.2015;;430;149.37;
26;1;25.02.2015;;245;149.37;
26;1;26.02.2015;;251;149.37;
26;1;27.02.2015;;390;143.93;
26;1;28.02.2015;;493;143.93;
26;1;01.03.2015;;631;143.93;
26;1;02.03.2015;;459;143.93;
26;1;03.03.2015;1;543;143.93;138.36
26;1;04.03.2015;1;688;143.93;135.64
26;1;05.03.2015;1;804;138.5;135.64
26;1;06.03.2015;1;273;138.5;135.64
26;1;07.03.2015;1;920;138.5;135.64
26;1;08.03.2015;1;468;138.5;135.64
26;1;09.03.2015;;349;140.67;
26;1;10.03.2015;;478;140.67;
26;1;11.03.2015;;358;140.67;
26;1;12.03.2015;;474;140.67;
26;1;13.03.2015;;553;140.67;
26;1;14.03.2015;;848;140.67;
26;1;15.03.2015;;446;140.67;
26;1;16.03.2015;;364;140.67;
26;1;17.03.2015;1;2127;140.67;127.49
26;1;18.03.2015;1;2912;140.67;127.49
26;1;19.03.2015;1;2337;140.67;127.49
26;1;20.03.2015;1;2224;140.67;127.49
26;1;21.03.2015;1;883;140.67;127.49
26;1;22.03.2015;1;1932;140.67;127.49
26;1;23.03.2015;1;801;140.67;127.49
26;1;24.03.2015;;368;140.67;
26;1;25.03.2015;;242;140.67;
26;1;26.03.2015;;349;131.97;
26;1;27.03.2015;;418;131.97;
26;1;28.03.2015;;644;131.97;
26;1;29.03.2015;;660;131.97;
26;1;30.03.2015;;553;131.97;
26;1;31.03.2015;;543;131.97;
26;1;01.04.2015;;377;133.33;
26;1;02.04.2015;;452;133.33;
26;1;03.04.2015;;434;133.33;
26;1;04.04.2015;;726;133.33;
26;1;05.04.2015;;522;133.33;
26;1;06.04.2015;;606;133.33;
26;1;07.04.2015;1;3883;133.33;119.33
26;1;08.04.2015;1;4860;133.33;119.33
26;1;09.04.2015;1;2837;133.33;119.33
26;1;10.04.2015;1;1737;133.33;119.33
26;1;11.04.2015;1;2183;133.33;119.33
26;1;12.04.2015;1;1059;133.33;119.33
26;1;13.04.2015;1;1194;133.33;119.33
26;1;14.04.2015;;481;130.34;
26;1;15.04.2015;;459;130.34;
26;1;16.04.2015;;474;130.34;
26;1;17.04.2015;;295;138.5;
26;1;18.04.2015;;324;138.5;
26;1;19.04.2015;;210;138.5;
26;1;20.04.2015;;223;138.5;
26;1;21.04.2015;;267;138.5;
26;1;22.04.2015;;408;128.98;
26;1;23.04.2015;;361;128.98;
26;1;24.04.2015;;418;128.98;
26;1;25.04.2015;;408;128.98;
26;1;26.04.2015;;427;128.98;
26;1;27.04.2015;;258;128.98;
26;1;28.04.2015;;418;128.98;
26;1;29.04.2015;;248;131.7;
26;1;30.04.2015;;383;131.7;
26;1;01.05.2015;;364;131.7;
26;1;02.05.2015;;236;131.7;
26;1;03.05.2015;;223;131.7;
26;1;04.05.2015;;286;131.7;
26;1;05.05.2015;;402;131.7;
26;1;06.05.2015;;446;131.7;
26;1;07.05.2015;;264;131.7;
26;1;08.05.2015;;402;131.7;
26;1;09.05.2015;;254;131.7;
26;1;10.05.2015;;223;131.7;
26;1;11.05.2015;;383;131.7;
26;1;12.05.2015;;311;131.7;
26;1;13.05.2015;;311;131.7;
26;1;14.05.2015;;339;131.7;
26;1;15.05.2015;;493;131.7;
26;1;16.05.2015;;767;131.7;
26;1;17.05.2015;;622;131.7;
26;1;18.05.2015;;496;131.7;
26;1;19.05.2015;1;1850;131.7;119.33
26;1;20.05.2015;1;1612;131.7;119.33
26;1;21.05.2015;1;1693;131.7;119.33
26;1;22.05.2015;1;1367;131.7;119.33
26;1;23.05.2015;1;1313;131.7;119.33
26;1;24.05.2015;1;1310;131.7;119.33
26;1;25.05.2015;1;1244;131.7;119.33
26;1;26.05.2015;;292;131.7;
26;1;27.05.2015;;170;129.25;
26;1;28.05.2015;;229;129.25;
26;1;29.05.2015;;320;129.25;
26;1;30.05.2015;;361;129.25;
26;1;31.05.2015;;207;129.25;
26;1;01.06.2015;;339;129.25;
26;1;02.06.2015;;220;129.25;
26;1;03.06.2015;;292;129.25;
26;1;04.06.2015;;380;129.25;
26;1;05.06.2015;;518;129.25;
26;1;06.06.2015;;745;131.7;
26;1;07.06.2015;;311;131.7;
26;1;08.06.2015;;396;131.7;
26;1;09.06.2015;1;1467;131.7;119.33
26;1;10.06.2015;1;2240;131.7;119.33
26;1;11.06.2015;1;1455;131.7;119.33
26;1;12.06.2015;1;1131;131.7;119.33
26;1;13.06.2015;1;983;131.7;119.33
26;1;14.06.2015;1;748;131.7;119.33
26;1;15.06.2015;1;745;131.7;119.33
26;1;16.06.2015;;540;131.7;
26;1;17.06.2015;;292;131.7;
26;1;18.06.2015;;446;128.17;
26;1;19.06.2015;;490;128.17;
26;1;20.06.2015;;751;128.17;
26;1;21.06.2015;;308;128.17;
26;1;22.06.2015;;591;128.17;
26;1;23.06.2015;;371;128.17;
26;1;24.06.2015;;515;128.17;
26;1;25.06.2015;;273;128.17;
26;1;26.06.2015;;537;128.17;
26;1;27.06.2015;;688;128.17;
26;1;28.06.2015;;465;130.34;
26;1;29.06.2015;;493;130.34;
26;1;30.06.2015;1;1379;130.34;119.33
26;1;01.07.2015;1;2180;130.34;119.33
26;1;02.07.2015;1;1404;130.34;119.33
26;1;03.07.2015;1;1426;130.34;119.33
26;1;04.07.2015;1;229;130.34;119.33
26;1;05.07.2015;1;1188;130.34;119.33
26;1;06.07.2015;1;1100;130.34;119.33
26;1;07.07.2015;;452;130.34;
26;1;08.07.2015;;361;130.34;
26;1;09.07.2015;;484;121.64;
26;1;10.07.2015;;543;121.64;
26;1;11.07.2015;;408;123.55;
26;1;12.07.2015;;525;123.55;
26;1;13.07.2015;;763;123.55;
26;1;14.07.2015;;804;123.55;
26;1;15.07.2015;;817;125.45;
26;1;16.07.2015;;820;125.45;
26;1;17.07.2015;;861;125.45;
26;1;18.07.2015;;952;125.45;
26;1;19.07.2015;;578;127.62;
26;1;20.07.2015;;682;127.62;
26;1;21.07.2015;;883;127.62;
26;1;22.07.2015;;1194;127.62;
26;1;23.07.2015;;1068;127.62;
26;1;24.07.2015;;773;127.62;
26;1;25.07.2015;;531;127.62;
26;1;26.07.2015;;767;130.07;
26;1;27.07.2015;;1078;130.07;
26;1;28.07.2015;1;2306;130.07;124.77
26;1;29.07.2015;1;2614;130.07;124.77
26;1;30.07.2015;1;1577;130.07;124.77
26;1;31.07.2015;1;1486;130.07;124.77
26;1;01.08.2015;1;1395;130.07;124.77
26;1;02.08.2015;1;1200;130.07;124.77
26;1;03.08.2015;1;1147;130.07;124.77
26;1;04.08.2015;;223;138.5;
26;1;05.08.2015;;330;138.5;
26;1;06.08.2015;;236;138.5;
26;1;07.08.2015;;311;138.5;
26;1;08.08.2015;;327;141.21;
26;1;09.08.2015;;242;141.21;
26;1;10.08.2015;;217;141.21;
26;1;11.08.2015;;264;141.21;
26;1;12.08.2015;;396;142.85;
26;1;13.08.2015;;336;142.85;
26;1;14.08.2015;;481;142.85;
26;1;15.08.2015;;452;142.85;
26;1;16.08.2015;;452;142.85;
26;1;17.08.2015;;418;142.85;
26;1;18.08.2015;;500;142.85;
26;1;19.08.2015;;320;142.85;
26;1;20.08.2015;;251;142.85;
26;1;21.08.2015;;242;142.85;
26;1;22.08.2015;;289;142.85;
26;1;23.08.2015;;333;142.85;
26;1;24.08.2015;;324;142.85;
26;1;25.08.2015;;503;142.85;
26;1;26.08.2015;;339;142.85;
26;1;27.08.2015;;349;137.68;
26;1;28.08.2015;;474;137.68;
26;1;29.08.2015;;452;137.68;
26;1;30.08.2015;;496;137.68;
26;1;31.08.2015;;534;137.68;
26;1;01.09.2015;;408;137.68;
26;1;02.09.2015;;437;135.78;
26;1;03.09.2015;;679;135.78;
26;1;04.09.2015;;493;135.78;
26;1;05.09.2015;;264;133.6;
26;1;06.09.2015;;421;133.6;
26;1;07.09.2015;;330;133.6;
26;1;08.09.2015;;587;133.6;
26;1;09.09.2015;;694;135.51;
26;1;10.09.2015;;760;135.51;
26;1;11.09.2015;;848;135.51;
26;1;12.09.2015;;550;135.51;
26;1;13.09.2015;;644;135.51;
26;1;14.09.2015;;490;135.51;
26;1;15.09.2015;;701;135.51;
26;1;16.09.2015;;518;138.5;
26;1;17.09.2015;;465;138.5;
26;1;18.09.2015;;509;138.5;
26;1;19.09.2015;;779;138.5;
26;1;20.09.2015;;500;138.5;
26;1;21.09.2015;;509;138.5;
26;1;22.09.2015;;635;138.5;
26;1;23.09.2015;;368;141.21;
26;1;24.09.2015;;339;141.21;
26;1;25.09.2015;;349;141.21;
26;1;26.09.2015;;393;141.21;
26;1;27.09.2015;;427;141.21;
26;1;28.09.2015;;179;141.21;
26;1;29.09.2015;;273;141.21;
26;1;30.09.2015;;295;141.21;
26;1;01.10.2015;;185;141.21;
26;1;02.10.2015;;242;141.21;
26;1;03.10.2015;;459;141.21;
26;1;04.10.2015;;286;141.21;
26;1;05.10.2015;;148;141.21;
26;1;06.10.2015;1;880;141.21;132.92
26;1;07.10.2015;1;647;141.21;130.21
26;1;08.10.2015;1;679;141.11;130.21
26;1;09.10.2015;1;584;141.21;130.21
26;1;10.10.2015;1;858;141.21;130.21
26;1;11.10.2015;1;569;141.21;130.21
26;1;12.10.2015;1;603;141.21;130.21
26;1;13.10.2015;;242;141.21;
26;1;14.10.2015;;176;141.21;
26;1;15.10.2015;;179;142.57;
26;1;16.10.2015;;289;142.57;
26;1;17.10.2015;;236;142.57;
26;1;18.10.2015;;280;142.57;
26;1;19.10.2015;;223;142.57;
26;1;20.10.2015;;254;142.57;
26;1;21.10.2015;;163;130.34;
26;1;22.10.2015;;188;130.34;
26;1;23.10.2015;;261;130.34;
26;1;24.10.2015;;242;130.34;
26;1;25.10.2015;;726;130.34;
26;1;26.10.2015;;512;130.34;
26;1;27.10.2015;1;1483;130.34;122.32
26;1;28.10.2015;1;1225;130.34;122.32
26;1;29.10.2015;1;1084;130.34;122.32
26;1;30.10.2015;1;1200;130.34;122.32
26;1;31.10.2015;1;1232;130.34;122.32
26;1;01.11.2015;1;908;130.34;122.32
26;1;02.11.2015;1;635;130.34;122.32
26;1;03.11.2015;;361;130.34;
26;1;04.11.2015;;267;134.69;
26;1;05.11.2015;;201;134.69;
26;1;06.11.2015;;408;134.69;
26;1;07.11.2015;;198;134.69;
26;1;08.11.2015;;232;134.69;
26;1;09.11.2015;;204;134.69;
26;1;10.11.2015;;270;134.69;
26;1;11.11.2015;;327;130.34;
26;1;12.11.2015;;456;130.34;
26;1;13.11.2015;;484;130.34;
26;1;14.11.2015;;361;130.34;
26;1;15.11.2015;;399;130.34;
26;1;16.11.2015;;298;130.34;
26;1;17.11.2015;;302;130.34;
26;1;18.11.2015;;355;130.34;
26;1;19.11.2015;;462;130.34;
26;1;20.11.2015;;506;130.34;
26;1;21.11.2015;;320;130.34;
26;1;22.11.2015;;339;130.34;
26;1;23.11.2015;;424;130.34;
26;1;24.11.2015;1;3679;130.34;116.61
26;1;25.11.2015;1;3933;130.34;116.61
26;1;26.11.2015;1;2733;130.34;116.61
26;1;27.11.2015;1;1445;130.34;116.61
26;1;28.11.2015;1;2400;130.34;116.61
26;1;29.11.2015;1;2161;130.34;116.61
26;1;30.11.2015;1;2224;130.34;116.61
26;1;01.12.2015;;377;130.34;
26;1;02.12.2015;;374;130.34;
26;1;03.12.2015;;254;130.34;
26;1;04.12.2015;;210;130.34;
26;1;05.12.2015;1;1502;130.34;116.61
26;1;06.12.2015;1;2221;130.34;116.61
26;1;07.12.2015;1;2014;130.34;116.61
26;1;08.12.2015;;214;130.34;
26;1;09.12.2015;;251;130.34;
26;1;10.12.2015;;232;130.34;
26;1;11.12.2015;;167;130.34;
26;1;12.12.2015;;283;130.34;
26;1;13.12.2015;;248;130.34;
26;1;14.12.2015;;214;130.34;
26;1;15.12.2015;;192;130.34;
26;1;16.12.2015;;314;130.34;
26;1;17.12.2015;;236;130.34;
26;1;18.12.2015;;547;130.34;
26;1;19.12.2015;;371;130.34;
26;1;20.12.2015;;320;130.34;
26;1;21.12.2015;;273;130.34;
26;1;22.12.2015;;273;130.34;
26;1;23.12.2015;;320;130.34;
26;1;24.12.2015;;245;126.54;
26;1;25.12.2015;;364;126.54;
26;1;26.12.2015;;283;126.54;
26;1;27.12.2015;;289;126.54;
26;1;28.12.2015;;302;126.54;
26;1;29.12.2015;;302;126.54;
26;1;30.12.2015;;553;126.54;
26;1;31.12.2015;;500;126.54;
26;1;01.01.2016;;22;126.54;
26;1;02.01.2016;;163;126.54;
26;1;03.01.2016;;308;126.54;
26;1;04.01.2016;;251;126.54;
26;1;05.01.2016;;267;126.54;
26;1;06.01.2016;;456;126.54;
26;1;07.01.2016;;154;126.54;
26;1;08.01.2016;;336;126.54;
26;1;09.01.2016;;452;126.54;
26;1;10.01.2016;;496;126.54;
26;1;11.01.2016;;468;126.54;
26;1;12.01.2016;;691;126.54;
26;1;13.01.2016;;478;126.54;
26;1;14.01.2016;;437;126.54;
26;1;15.01.2016;;635;126.54;
26;1;16.01.2016;;663;126.54;
26;1;17.01.2016;;811;126.54;
26;1;18.01.2016;;657;126.54;
26;1;19.01.2016;;487;126.54;
26;1;20.01.2016;;650;126.54;
26;1;21.01.2016;;553;127.9;
26;1;22.01.2016;;515;127.9;
26;1;23.01.2016;;1005;127.9;
26;1;24.01.2016;;782;127.9;
26;1;25.01.2016;;820;127.9;
26;1;26.01.2016;;685;127.9;
26;1;27.01.2016;;496;127.9;
26;1;28.01.2016;;964;127.9;
26;1;29.01.2016;;798;127.9;
26;1;30.01.2016;;616;127.9;
26;1;31.01.2016;;393;127.9;
26;1;01.02.2016;;377;130.34;
26;1;02.02.2016;;801;130.34;
26;1;03.02.2016;;383;130.34;
26;1;04.02.2016;;983;133.06;
26;1;05.02.2016;;836;133.06;
26;1;06.02.2016;;434;133.06;
26;1;07.02.2016;;311;141.76;
26;1;08.02.2016;;308;141.76;
26;1;09.02.2016;1;1169;141.76;130.75
26;1;10.02.2016;1;1068;141.76;130.75
26;1;11.02.2016;1;1153;141.76;130.75
26;1;12.02.2016;1;917;141.76;130.75
26;1;13.02.2016;1;1439;141.76;130.75
26;1;14.02.2016;1;949;141.76;130.75
26;1;15.02.2016;1;1533;141.76;130.75
26;1;16.02.2016;1;886;141.76;130.75
26;1;17.02.2016;1;789;141.76;130.75
26;1;18.02.2016;;201;141.76;
26;1;19.02.2016;;443;141.76;
26;1;20.02.2016;;446;141.76;
26;1;21.02.2016;;358;141.76;
26;1;22.02.2016;;377;141.76;
26;1;23.02.2016;;163;141.76;
26;1;24.02.2016;;264;141.76;
26;1;25.02.2016;;320;141.76;
26;1;26.02.2016;;251;141.76;
26;1;27.02.2016;;562;141.76;
26;1;28.02.2016;;405;141.76;
26;1;29.02.2016;;226;141.76;
26;1;01.03.2016;;214;141.76;
26;1;02.03.2016;;254;141.76;
26;1;03.03.2016;;229;141.76;
26;1;04.03.2016;;361;141.76;
26;1;05.03.2016;;289;141.21;
26;1;06.03.2016;;383;141.21;
26;1;07.03.2016;;302;141.21;
26;1;08.03.2016;1;478;141.21;132.92
26;1;09.03.2016;1;883;141.21;132.92
26;1;10.03.2016;1;1056;141.21;132.92
26;1;11.03.2016;1;1156;141.21;132.92
26;1;12.03.2016;1;952;141.21;132.92
26;1;13.03.2016;1;694;141.21;132.92
26;1;14.03.2016;1;789;141.21;132.92
26;1;15.03.2016;1;1791;141.21;130.21
26;1;16.03.2016;1;1483;141.21;130.21
26;1;17.03.2016;1;1282;141.21;130.21
26;1;18.03.2016;1;1043;141.21;130.21
26;1;19.03.2016;1;1188;141.21;130.21
26;1;20.03.2016;1;346;141.21;130.21
26;1;21.03.2016;;311;141.21;
26;1;22.03.2016;;273;141.21;
26;1;23.03.2016;;336;141.21;
26;1;24.03.2016;;302;141.21;
26;1;25.03.2016;;358;141.21;
26;1;26.03.2016;;267;141.21;
26;1;27.03.2016;;358;141.21;
26;1;28.03.2016;;302;141.21;
26;1;29.03.2016;;232;141.21;
26;1;30.03.2016;;192;141.21;
26;1;31.03.2016;;185;141.21;
26;1;01.04.2016;;182;141.21;
26;1;02.04.2016;;232;141.21;
26;1;03.04.2016;;245;141.21;
26;1;04.04.2016;;280;141.21;
26;1;05.04.2016;;267;141.21;
26;1;06.04.2016;;160;141.21;
26;1;07.04.2016;;232;141.21;
26;1;08.04.2016;;352;141.21;
26;1;09.04.2016;;298;141.21;
26;1;10.04.2016;;185;141.21;
26;1;11.04.2016;;154;141.21;
26;1;12.04.2016;;226;141.21;
26;1;13.04.2016;;229;141.21;
26;1;14.04.2016;;311;135.78;
26;1;15.04.2016;;405;135.78;
26;1;16.04.2016;;421;135.78;
26;1;17.04.2016;;324;135.78;
26;1;18.04.2016;;393;135.78;
26;1;19.04.2016;1;1784;135.78;122.32
26;1;20.04.2016;1;2375;135.78;122.32
26;1;21.04.2016;1;2130;135.78;122.32
26;1;22.04.2016;1;1508;135.78;122.32
26;1;23.04.2016;1;993;135.78;122.32
26;1;24.04.2016;1;129;135.78;122.32
26;1;25.04.2016;1;836;135.78;122.32
26;1;26.04.2016;;176;135.78;
26;1;27.04.2016;;402;135.78;
26;1;28.04.2016;;437;135.78;
26;1;29.04.2016;;418;131.16;
26;1;30.04.2016;;396;131.16;
26;1;01.05.2016;;113;131.16;
26;1;02.05.2016;;132;131.16;
26;1;03.05.2016;;185;131.16;
26;1;04.05.2016;;214;131.16;
26;1;05.05.2016;;261;131.16;
26;1;06.05.2016;;427;131.16;
26;1;07.05.2016;;239;131.16;
26;1;08.05.2016;;242;131.16;
26;1;09.05.2016;;157;131.16;
26;1;10.05.2016;;283;131.16;
26;1;11.05.2016;;170;131.16;
26;1;12.05.2016;;342;131.16;
26;1;13.05.2016;;710;128.98;
26;1;14.05.2016;;405;128.98;
26;1;15.05.2016;;547;128.98;
26;1;16.05.2016;;317;128.98;
26;1;17.05.2016;1;1210;128.98;119.6
26;1;18.05.2016;1;1247;128.98;119.6
26;1;19.05.2016;1;1363;128.98;119.6
26;1;20.05.2016;1;1527;128.98;119.6
26;1;21.05.2016;1;1118;128.98;119.6
26;1;22.05.2016;1;889;128.98;119.6
