data/retail_2products.csv
Store_id;SKU_id;Date;Promo;Demand;Regular_Price;Promo_Price
27;1;01.01.2015;;16;163.78;
27;1;02.01.2015;;19;163.78;
27;1;03.01.2015;;16;163.78;
27;1;04.01.2015;;60;163.78;
27;1;05.01.2015;;19;163.78;
27;1;06.01.2015;;85;163.78;
27;1;07.01.2015;;25;163.78;
27;1;08.01.2015;;75;163.78;
27;1;09.01.2015;;53;163.78;
27;1;10.01.2015;;44;163.78;
27;1;11.01.2015;;19;163.78;
27;1;12.01.2015;;50;163.78;
27;1;13.01.2015;;66;163.78;
27;1;14.01.2015;;38;168.4;
27;1;15.01.2015;;38;168.4;
27;1;16.01.2015;;19;168.4;
27;1;17.01.2015;;50;168.4;
27;1;18.01.2015;;41;168.4;
27;1;19.01.2015;;38;168.4;
27;1;20.01.2015;;53;168.4;
27;1;21.01.2015;;60;168.4;
27;1;22.01.2015;;22;168.4;
27;1;23.01.2015;;72;160.24;
27;1;24.01.2015;;72;160.24;
27;1;25.01.2015;;47;160.24;
27;1;26.01.2015;;60;160.24;
27;1;27.01.2015;;22;160.24;
27;1;28.01.2015;;179;146.92;
27;1;29.01.2015;;91;146.92;
27;1;30.01.2015;;119;146.92;
27;1;31.01.2015;;85;146.92;
27;1;01.02.2015;;132;146.92;
27;1;02.02.2015;;110;146.92;
27;1;03.02.2015;;151;146.92;
27;1;04.02.2015;;176;146.92;
27;1;05.02.2015;;141;146.92;
27;1;06.02.2015;;201;146.92;
27;1;07.02.2015;;188;146.92;
27;1;08.02.2015;;135;146.92;
27;1;09.02.2015;;138;146.92;
27;1;10.02.2015;;145;146.92;
27;1;11.02.2015;;126;146.92;
27;1;12.02.2015;;79;146.92;
27;1;13.02.2015;;113;149.37;
27;1;14.02.2015;;126;149.37;
27;1;15.02.2015;;66;149.37;
27;1;16.02.2015;;101;149.37;
27;1;17.02.2015;1;198;149.37;143.8
27;1;18.02.2015;1;503;149.37;135.64
27;1;19.02.2015;1;682;149.37;135.64
27;1;20.02.2015;1;540;149.37;135.64
27;1;21.02.2015;1;559;149.37;135.64
27;1;22.02.2015;1;242;149.37;135.64
27;1;23.02.2015;1;280;149.37;135.64
27;1;24.02.2015;;69;149.37;
27;1;25.02.2015;;113;149.37;
27;1;26.02.2015;;69;149.37;
27;1;27.02.2015;;91;143.93;
27;1;28.02.2015;;204;143.93;
27;1;01.03.2015;;107;143.93;
27;1;02.03.2015;;167;143.93;
27;1;03.03.2015;1;311;143.93;138.36
27;1;04.03.2015;1;424;143.93;135.64
27;1;05.03.2015;1;456;138.5;135.64
27;1;06.03.2015;1;675;138.5;135.64
27;1;07.03.2015;1;543;138.5;135.64
27;1;08.03.2015;1;113;138.5;135.64
27;1;09.03.2015;;167;140.67;
27;1;10.03.2015;;119;140.67;
27;1;11.03.2015;;69;140.67;
27;1;12.03.2015;;113;140.67;
27;1;13.03.2015;;138;140.67;
27;1;14.03.2015;;141;140.67;
27;1;15.03.2015;;239;140.67;
27;1;16.03.2015;;135;140.67;
27;1;17.03.2015;1;1285;140.67;127.49
27;1;18.03.2015;1;1750;140.67;127.49
27;1;19.03.2015;1;902;140.67;127.49
27;1;20.03.2015;1;462;140.67;127.49
27;1;21.03.2015;1;572;140.67;127.49
27;1;22.03.2015;1;88;140.67;127.49
27;1;23.03.2015;1;141;140.67;127.49
27;1;24.03.2015;;349;140.67;
27;1;25.03.2015;;63;140.67;
27;1;26.03.2015;;201;131.97;
27;1;27.03.2015;;204;131.97;
27;1;28.03.2015;;258;131.97;
27;1;29.03.2015;;88;131.97;
27;1;30.03.2015;;188;131.97;
27;1;31.03.2015;;210;131.97;
27;1;01.04.2015;;236;133.33;
27;1;02.04.2015;;148;133.33;
27;1;03.04.2015;;292;133.33;
27;1;04.04.2015;;151;133.33;
27;1;05.04.2015;;148;133.33;
27;1;06.04.2015;;336;133.33;
27;1;07.04.2015;1;1401;133.33;119.33
27;1;08.04.2015;1;1275;133.33;119.33
27;1;09.04.2015;1;949;133.33;119.33
27;1;10.04.2015;1;754;133.33;119.33
27;1;11.04.2015;1;456;133.33;119.33
27;1;12.04.2015;1;685;133.33;119.33
27;1;13.04.2015;1;679;133.33;119.33
27;1;14.04.2015;;53;130.34;
27;1;15.04.2015;;94;130.34;
27;1;16.04.2015;;75;130.34;
27;1;17.04.2015;;104;138.5;
27;1;18.04.2015;;63;138.5;
27;1;19.04.2015;;107;138.5;
27;1;20.04.2015;;72;138.5;
27;1;21.04.2015;;47;138.5;
27;1;22.04.2015;;47;128.98;
27;1;23.04.2015;;94;128.98;
27;1;24.04.2015;;163;128.98;
27;1;25.04.2015;;82;128.98;
27;1;26.04.2015;;107;128.98;
27;1;27.04.2015;;113;128.98;
27;1;28.04.2015;;75;128.98;
27;1;29.04.2015;;57;131.7;
27;1;30.04.2015;;38;131.7;
27;1;01.05.2015;;50;131.7;
27;1;02.05.2015;;75;131.7;
